09-14 10:00:58.013   542  2999 E android.hardware.camera.provider-V1-service: garyVCam [guessYuvLayout:1114]:VCam guessYuvLayout: fmt=0x22 -> NV12
09-14 10:00:58.037   542  3053 E android.hardware.camera.provider-V1-service: garyVCam [save_frame:917]:VCam save_frame: slot ready 1920x1080 NV12 stamp=1757815258037200
09-14 10:00:58.037   542  3053 E android.hardware.camera.provider-V1-service: garyVCam [save_frame:924]:VCam save_frame: -
09-14 10:00:58.037   542  2999 E android.hardware.camera.provider-V1-service: garyVCam [copyPreparedYuvToStreamBuffer:1195]:VCam copyPreparedYuvToStreamBuffer: + yuvLen=3110400 layout=NV12 overrideStride=0
09-14 10:00:58.037   542  2999 E android.hardware.camera.provider-V1-service: garyVCam [estimateStrideFromSize:1145]:VCam estimateStrideFromSize: bestSize(6504) < minPacked(3110400), fallback stride=w(1920)
09-14 10:00:58.037   542  2999 E android.hardware.camera.provider-V1-service: garyVCam [copyPreparedYuvToStreamBuffer:1259]:copyYuv: cannot fit even with stride down, need=3110400 best=6504
09-14 10:00:58.037   542  2999 E android.hardware.camera.provider-V1-service: garyVCam [VCam_CopyLatestTo:1589]:VCam_CopyLatestTo: copy failed -7
09-14 10:00:58.037   542  2999 E RKISP2OutputFrameWorker: VCam InjectVirtualIfNeeded: stream 1920x1080 fmt=0x22 -> ret=-7
09-14 10:00:58.037   542  2999 E android.hardware.camera.provider-V1-service: garyVCam [VCam_Tick:1611]:VCam_Tick: fallback=0 desired=1 state=E_VIRTUAL_RUNNING lastFrameUs=1757815258002112 lastPingUs=1757815255861439 outputs=1
09-14 10:00:58.037   542  3053 E android.hardware.camera.provider-V1-service: garyVCam [client_thread_func:952]:client 42[0]> header cmdFlag=0 cmd=0 p1=1920 p2=1080 p3=19 p4=3110400 p5=1920 p6=1080
09-14 10:00:58.043   542  3053 E android.hardware.camera.provider-V1-service: garyVCam [save_frame:829]:VCam save_frame: + width=1920 height=1080 fmt=19 len=3110400 yStride=1920 ySlice=1080 desired=1 state=E_VIRTUAL_RUNNING outputs=1
09-14 10:00:58.045   542  3053 E android.hardware.camera.provider-V1-service: garyVCam [save_frame:881]:VCam save_frame: updated lastFrameUs=1757815258045809
09-14 10:00:58.045   542  3053 E android.hardware.camera.provider-V1-service: garyVCam [rga_data_convert_transform:256]:VCam rga_data_convert_transform: enter
09-14 10:00:58.045   542  3053 E android.hardware.camera.provider-V1-service: garyVCam [rga_data_convert:214]:VCam rga_data_convert: 1920x1080 I420 -> 1920x1080 NV12 rot=0 flipH=0 flipV=0
09-14 10:00:58.046   542  3053 E android.hardware.camera.provider-V1-service: garyVCam [build_transform_flags:200]:VCam build_transform_flags: rot=0 flipH=0 flipV=0 -> tf=0x0
09-14 10:00:58.047   542  3053 E android.hardware.camera.provider-V1-service: garyVCam [rga_data_convert:236]:VCam rga_data_convert: improcess path usage=0x0
09-14 10:00:58.047   542  2999 E android.hardware.camera.provider-V1-service: garyVCam [guessYuvLayout:1114]:VCam guessYuvLayout: fmt=0x22 -> NV12
09-14 10:00:58.049   542  3053 E android.hardware.camera.provider-V1-service: garyVCam [rga_data_convert:248]:VCam rga_data_convert: success
09-14 10:00:58.049   542  3053 E android.hardware.camera.provider-V1-service: garyVCam [rga_data_convert_transform:260]:VCam rga_data_convert_transform: exit ok=1
09-14 10:00:58.049   542  3053 E android.hardware.camera.provider-V1-service: garyVCam [applyEffectsAll:787]:VCam applyEffectsAll: mask=0x9 fmt=NV12 w=1920 h=1080
09-14 10:00:58.080   542  3053 E android.hardware.camera.provider-V1-service: garyVCam [save_frame:917]:VCam save_frame: slot ready 1920x1080 NV12 stamp=1757815258080261
09-14 10:00:58.080   542  3053 E android.hardware.camera.provider-V1-service: garyVCam [save_frame:924]:VCam save_frame: -
09-14 10:00:58.080   542  2999 E android.hardware.camera.provider-V1-service: garyVCam [copyPreparedYuvToStreamBuffer:1195]:VCam copyPreparedYuvToStreamBuffer: + yuvLen=3110400 layout=NV12 overrideStride=0
09-14 10:00:58.080   542  2999 E android.hardware.camera.provider-V1-service: garyVCam [estimateStrideFromSize:1145]:VCam estimateStrideFromSize: bestSize(6504) < minPacked(3110400), fallback stride=w(1920)
09-14 10:00:58.080   542  2999 E android.hardware.camera.provider-V1-service: garyVCam [copyPreparedYuvToStreamBuffer:1259]:copyYuv: cannot fit even with stride down, need=3110400 best=6504
09-14 10:00:58.080   542  2999 E android.hardware.camera.provider-V1-service: garyVCam [VCam_CopyLatestTo:1589]:VCam_CopyLatestTo: copy failed -7
09-14 10:00:58.080   542  2999 E RKISP2OutputFrameWorker: VCam InjectVirtualIfNeeded: stream 1920x1080 fmt=0x22 -> ret=-7
09-14 10:00:58.080   542  2999 E android.hardware.camera.provider-V1-service: garyVCam [VCam_Tick:1611]:VCam_Tick: fallback=0 desired=1 state=E_VIRTUAL_RUNNING lastFrameUs=1757815258045809 lastPingUs=1757815255861439 outputs=1
09-14 10:00:58.080   542  3053 E android.hardware.camera.provider-V1-service: garyVCam [client_thread_func:952]:client 42[0]> header cmdFlag=0 cmd=0 p1=1920 p2=1080 p3=19 p4=3110400 p5=1920 p6=1080
09-14 10:00:58.082   542  2999 E android.hardware.camera.provider-V1-service: garyVCam [guessYuvLayout:1114]:VCam guessYuvLayout: fmt=0x22 -> NV12
09-14 10:00:58.082   542  2999 E android.hardware.camera.provider-V1-service: garyVCam [copyPreparedYuvToStreamBuffer:1195]:VCam copyPreparedYuvToStreamBuffer: + yuvLen=3110400 layout=NV12 overrideStride=0
09-14 10:00:58.082   542  2999 E android.hardware.camera.provider-V1-service: garyVCam [copyPreparedYuvToStreamBuffer:1232]:copyYuv: no valid fd in buffer_handle
09-14 10:00:58.082   542  2999 E android.hardware.camera.provider-V1-service: garyVCam [VCam_CopyLatestTo:1589]:VCam_CopyLatestTo: copy failed -4
09-14 10:00:58.082   542  2999 E RKISP2OutputFrameWorker: VCam InjectVirtualIfNeeded: stream 1920x1080 fmt=0x22 -> ret=-4
09-14 10:00:58.082   542  2999 E android.hardware.camera.provider-V1-service: garyVCam [VCam_Tick:1611]:VCam_Tick: fallback=0 desired=1 state=E_VIRTUAL_RUNNING lastFrameUs=1757815258045809 lastPingUs=1757815255861439 outputs=1
09-14 10:00:58.087   542  3053 E android.hardware.camera.provider-V1-service: garyVCam [save_frame:829]:VCam save_frame: + width=1920 height=1080 fmt=19 len=3110400 yStride=1920 ySlice=1080 desired=1 state=E_VIRTUAL_RUNNING outputs=1
09-14 10:00:58.088   542  3053 E android.hardware.camera.provider-V1-service: garyVCam [save_frame:881]:VCam save_frame: updated lastFrameUs=1757815258088902
09-14 10:00:58.088   542  3053 E android.hardware.camera.provider-V1-service: garyVCam [rga_data_convert_transform:256]:VCam rga_data_convert_transform: enter
09-14 10:00:58.089   542  3053 E android.hardware.camera.provider-V1-service: garyVCam [rga_data_convert:214]:VCam rga_data_convert: 1920x1080 I420 -> 1920x1080 NV12 rot=0 flipH=0 flipV=0
09-14 10:00:58.089   542  3053 E android.hardware.camera.provider-V1-service: garyVCam [build_transform_flags:200]:VCam build_transform_flags: rot=0 flipH=0 flipV=0 -> tf=0x0
09-14 10:00:58.089   542  3053 E android.hardware.camera.provider-V1-service: garyVCam [rga_data_convert:236]:VCam rga_data_convert: improcess path usage=0x0
09-14 10:00:58.093   542  3053 E android.hardware.camera.provider-V1-service: garyVCam [rga_data_convert:248]:VCam rga_data_convert: success
09-14 10:00:58.093   542  3053 E android.hardware.camera.provider-V1-service: garyVCam [rga_data_convert_transform:260]:VCam rga_data_convert_transform: exit ok=1
09-14 10:00:58.093   542  3053 E android.hardware.camera.provider-V1-service: garyVCam [applyEffectsAll:787]:VCam applyEffectsAll: mask=0x9 fmt=NV12 w=1920 h=1080
09-14 10:00:58.113   542  2999 E android.hardware.camera.provider-V1-service: garyVCam [guessYuvLayout:1114]:VCam guessYuvLayout: fmt=0x22 -> NV12
09-14 10:00:58.128   542  3053 E android.hardware.camera.provider-V1-service: garyVCam [save_frame:917]:VCam save_frame: slot ready 1920x1080 NV12 stamp=1757815258128209
09-14 10:00:58.128   542  3053 E android.hardware.camera.provider-V1-service: garyVCam [save_frame:924]:VCam save_frame: -
09-14 10:00:58.128   542  2999 E android.hardware.camera.provider-V1-service: garyVCam [copyPreparedYuvToStreamBuffer:1195]:VCam copyPreparedYuvToStreamBuffer: + yuvLen=3110400 layout=NV12 overrideStride=0
09-14 10:00:58.128   542  2999 E android.hardware.camera.provider-V1-service: garyVCam [estimateStrideFromSize:1145]:VCam estimateStrideFromSize: bestSize(6504) < minPacked(3110400), fallback stride=w(1920)
09-14 10:00:58.128   542  2999 E android.hardware.camera.provider-V1-service: garyVCam [copyPreparedYuvToStreamBuffer:1259]:copyYuv: cannot fit even with stride down, need=3110400 best=6504
09-14 10:00:58.128   542  2999 E android.hardware.camera.provider-V1-service: garyVCam [VCam_CopyLatestTo:1589]:VCam_CopyLatestTo: copy failed -7
09-14 10:00:58.128   542  2999 E RKISP2OutputFrameWorker: VCam InjectVirtualIfNeeded: stream 1920x1080 fmt=0x22 -> ret=-7
09-14 10:00:58.128   542  2999 E android.hardware.camera.provider-V1-service: garyVCam [VCam_Tick:1611]:VCam_Tick: fallback=0 desired=1 state=E_VIRTUAL_RUNNING lastFrameUs=1757815258088902 lastPingUs=1757815255861439 outputs=1
09-14 10:00:58.128   542  3053 E android.hardware.camera.provider-V1-service: garyVCam [client_thread_func:952]:client 42[0]> header cmdFlag=0 cmd=0 p1=1920 p2=1080 p3=19 p4=3110400 p5=1920 p6=1080
09-14 10:00:58.134   542  3053 E android.hardware.camera.provider-V1-service: garyVCam [save_frame:829]:VCam save_frame: + width=1920 height=1080 fmt=19 len=3110400 yStride=1920 ySlice=1080 desired=1 state=E_VIRTUAL_RUNNING outputs=1
09-14 10:00:58.136   542  3053 E android.hardware.camera.provider-V1-service: garyVCam [save_frame:881]:VCam save_frame: updated lastFrameUs=1757815258135991
09-14 10:00:58.136   542  3053 E android.hardware.camera.provider-V1-service: garyVCam [rga_data_convert_transform:256]:VCam rga_data_convert_transform: enter
09-14 10:00:58.136   542  3053 E android.hardware.camera.provider-V1-service: garyVCam [rga_data_convert:214]:VCam rga_data_convert: 1920x1080 I420 -> 1920x1080 NV12 rot=0 flipH=0 flipV=0
09-14 10:00:58.137   542  3053 E android.hardware.camera.provider-V1-service: garyVCam [build_transform_flags:200]:VCam build_transform_flags: rot=0 flipH=0 flipV=0 -> tf=0x0
09-14 10:00:58.137   542  3053 E android.hardware.camera.provider-V1-service: garyVCam [rga_data_convert:236]:VCam rga_data_convert: improcess path usage=0x0
09-14 10:00:58.140   542  3053 E android.hardware.camera.provider-V1-service: garyVCam [rga_data_convert:248]:VCam rga_data_convert: success
09-14 10:00:58.140   542  3053 E android.hardware.camera.provider-V1-service: garyVCam [rga_data_convert_transform:260]:VCam rga_data_convert_transform: exit ok=1
09-14 10:00:58.140   542  3053 E android.hardware.camera.provider-V1-service: garyVCam [applyEffectsAll:787]:VCam applyEffectsAll: mask=0x9 fmt=NV12 w=1920 h=1080
09-14 10:00:58.146   542  2999 E android.hardware.camera.provider-V1-service: garyVCam [guessYuvLayout:1114]:VCam guessYuvLayout: fmt=0x22 -> NV12
09-14 10:00:58.171   542  3053 E android.hardware.camera.provider-V1-service: garyVCam [save_frame:917]:VCam save_frame: slot ready 1920x1080 NV12 stamp=1757815258171600
09-14 10:00:58.171   542  3053 E android.hardware.camera.provider-V1-service: garyVCam [save_frame:924]:VCam save_frame: -
09-14 10:00:58.171   542  2999 E android.hardware.camera.provider-V1-service: garyVCam [copyPreparedYuvToStreamBuffer:1195]:VCam copyPreparedYuvToStreamBuffer: + yuvLen=3110400 layout=NV12 overrideStride=0
09-14 10:00:58.171   542  2999 E android.hardware.camera.provider-V1-service: garyVCam [estimateStrideFromSize:1145]:VCam estimateStrideFromSize: bestSize(6504) < minPacked(3110400), fallback stride=w(1920)
09-14 10:00:58.171   542  2999 E android.hardware.camera.provider-V1-service: garyVCam [copyPreparedYuvToStreamBuffer:1259]:copyYuv: cannot fit even with stride down, need=3110400 best=6504
09-14 10:00:58.171   542  2999 E android.hardware.camera.provider-V1-service: garyVCam [VCam_CopyLatestTo:1589]:VCam_CopyLatestTo: copy failed -7
09-14 10:00:58.171   542  2999 E RKISP2OutputFrameWorker: VCam InjectVirtualIfNeeded: stream 1920x1080 fmt=0x22 -> ret=-7
09-14 10:00:58.171   542  2999 E android.hardware.camera.provider-V1-service: garyVCam [VCam_Tick:1611]:VCam_Tick: fallback=0 desired=1 state=E_VIRTUAL_RUNNING lastFrameUs=1757815258135991 lastPingUs=1757815255861439 outputs=1
09-14 10:00:58.172   542  3053 E android.hardware.camera.provider-V1-service: garyVCam [client_thread_func:952]:client 42[0]> header cmdFlag=0 cmd=0 p1=1920 p2=1080 p3=19 p4=3110400 p5=1920 p6=1080
09-14 10:00:58.179   542  3053 E android.hardware.camera.provider-V1-service: garyVCam [save_frame:829]:VCam save_frame: + width=1920 height=1080 fmt=19 len=3110400 yStride=1920 ySlice=1080 desired=1 state=E_VIRTUAL_RUNNING outputs=1
09-14 10:00:58.180   542  2999 E android.hardware.camera.provider-V1-service: garyVCam [guessYuvLayout:1114]:VCam guessYuvLayout: fmt=0x22 -> NV12
09-14 10:00:58.180   542  2999 E android.hardware.camera.provider-V1-service: garyVCam [copyPreparedYuvToStreamBuffer:1195]:VCam copyPreparedYuvToStreamBuffer: + yuvLen=3110400 layout=NV12 overrideStride=0
09-14 10:00:58.180   542  3053 E android.hardware.camera.provider-V1-service: garyVCam [save_frame:881]:VCam save_frame: updated lastFrameUs=1757815258180987
09-14 10:00:58.181   542  2999 E android.hardware.camera.provider-V1-service: garyVCam [estimateStrideFromSize:1145]:VCam estimateStrideFromSize: bestSize(6504) < minPacked(3110400), fallback stride=w(1920)
09-14 10:00:58.181   542  2999 E android.hardware.camera.provider-V1-service: garyVCam [copyPreparedYuvToStreamBuffer:1259]:copyYuv: cannot fit even with stride down, need=3110400 best=6504
09-14 10:00:58.181   542  2999 E android.hardware.camera.provider-V1-service: garyVCam [VCam_CopyLatestTo:1589]:VCam_CopyLatestTo: copy failed -7
09-14 10:00:58.181   542  2999 E RKISP2OutputFrameWorker: VCam InjectVirtualIfNeeded: stream 1920x1080 fmt=0x22 -> ret=-7
09-14 10:00:58.181   542  2999 E android.hardware.camera.provider-V1-service: garyVCam [VCam_Tick:1611]:VCam_Tick: fallback=0 desired=1 state=E_VIRTUAL_RUNNING lastFrameUs=1757815258180987 lastPingUs=1757815255861439 outputs=1
09-14 10:00:58.181   542  3053 E android.hardware.camera.provider-V1-service: garyVCam [rga_data_convert_transform:256]:VCam rga_data_convert_transform: enter
09-14 10:00:58.181   542  3053 E android.hardware.camera.provider-V1-service: garyVCam [rga_data_convert:214]:VCam rga_data_convert: 1920x1080 I420 -> 1920x1080 NV12 rot=0 flipH=0 flipV=0
09-14 10:00:58.182   542  3053 E android.hardware.camera.provider-V1-service: garyVCam [build_transform_flags:200]:VCam build_transform_flags: rot=0 flipH=0 flipV=0 -> tf=0x0
09-14 10:00:58.182   542  3053 E android.hardware.camera.provider-V1-service: garyVCam [rga_data_convert:236]:VCam rga_data_convert: improcess path usage=0x0
09-14 10:00:58.185   542  3053 E android.hardware.camera.provider-V1-service: garyVCam [rga_data_convert:248]:VCam rga_data_convert: success
09-14 10:00:58.185   542  3053 E android.hardware.camera.provider-V1-service: garyVCam [rga_data_convert_transform:260]:VCam rga_data_convert_transform: exit ok=1
09-14 10:00:58.185   542  3053 E android.hardware.camera.provider-V1-service: garyVCam [applyEffectsAll:787]:VCam applyEffectsAll: mask=0x9 fmt=NV12 w=1920 h=1080
09-14 10:00:58.213   542  2999 E android.hardware.camera.provider-V1-service: garyVCam [guessYuvLayout:1114]:VCam guessYuvLayout: fmt=0x22 -> NV12
09-14 10:00:58.215   542  3053 E android.hardware.camera.provider-V1-service: garyVCam [save_frame:917]:VCam save_frame: slot ready 1920x1080 NV12 stamp=1757815258215952
09-14 10:00:58.216   542  3053 E android.hardware.camera.provider-V1-service: garyVCam [save_frame:924]:VCam save_frame: -
09-14 10:00:58.216   542  2999 E android.hardware.camera.provider-V1-service: garyVCam [copyPreparedYuvToStreamBuffer:1195]:VCam copyPreparedYuvToStreamBuffer: + yuvLen=3110400 layout=NV12 overrideStride=0
09-14 10:00:58.216   542  2999 E android.hardware.camera.provider-V1-service: garyVCam [estimateStrideFromSize:1145]:VCam estimateStrideFromSize: bestSize(6504) < minPacked(3110400), fallback stride=w(1920)
09-14 10:00:58.216   542  2999 E android.hardware.camera.provider-V1-service: garyVCam [copyPreparedYuvToStreamBuffer:1259]:copyYuv: cannot fit even with stride down, need=3110400 best=6504
09-14 10:00:58.216   542  2999 E android.hardware.camera.provider-V1-service: garyVCam [VCam_CopyLatestTo:1589]:VCam_CopyLatestTo: copy failed -7
09-14 10:00:58.216   542  2999 E RKISP2OutputFrameWorker: VCam InjectVirtualIfNeeded: stream 1920x1080 fmt=0x22 -> ret=-7
09-14 10:00:58.216   542  2999 E android.hardware.camera.provider-V1-service: garyVCam [VCam_Tick:1611]:VCam_Tick: fallback=0 desired=1 state=E_VIRTUAL_RUNNING lastFrameUs=1757815258180987 lastPingUs=1757815255861439 outputs=1
09-14 10:00:58.216   542  3053 E android.hardware.camera.provider-V1-service: garyVCam [client_thread_func:952]:client 42[0]> header cmdFlag=0 cmd=0 p1=1920 p2=1080 p3=19 p4=3110400 p5=1920 p6=1080
09-14 10:00:58.220   542  3053 E android.hardware.camera.provider-V1-service: garyVCam [save_frame:829]:VCam save_frame: + width=1920 height=1080 fmt=19 len=3110400 yStride=1920 ySlice=1080 desired=1 state=E_VIRTUAL_RUNNING outputs=1
09-14 10:00:58.221   542  3053 E android.hardware.camera.provider-V1-service: garyVCam [save_frame:881]:VCam save_frame: updated lastFrameUs=1757815258221899
09-14 10:00:58.221   542  3053 E android.hardware.camera.provider-V1-service: garyVCam [rga_data_convert_transform:256]:VCam rga_data_convert_transform: enter
09-14 10:00:58.221   542  3053 E android.hardware.camera.provider-V1-service: garyVCam [rga_data_convert:214]:VCam rga_data_convert: 1920x1080 I420 -> 1920x1080 NV12 rot=0 flipH=0 flipV=0
09-14 10:00:58.222   542  3053 E android.hardware.camera.provider-V1-service: garyVCam [build_transform_flags:200]:VCam build_transform_flags: rot=0 flipH=0 flipV=0 -> tf=0x0
09-14 10:00:58.222   542  3053 E android.hardware.camera.provider-V1-service: garyVCam [rga_data_convert:236]:VCam rga_data_convert: improcess path usage=0x0
09-14 10:00:58.225   542  3053 E android.hardware.camera.provider-V1-service: garyVCam [rga_data_convert:248]:VCam rga_data_convert: success
09-14 10:00:58.225   542  3053 E android.hardware.camera.provider-V1-service: garyVCam [rga_data_convert_transform:260]:VCam rga_data_convert_transform: exit ok=1
09-14 10:00:58.225   542  3053 E android.hardware.camera.provider-V1-service: garyVCam [applyEffectsAll:787]:VCam applyEffectsAll: mask=0x9 fmt=NV12 w=1920 h=1080
09-14 10:00:58.246   542  2999 E android.hardware.camera.provider-V1-service: garyVCam [guessYuvLayout:1114]:VCam guessYuvLayout: fmt=0x22 -> NV12
09-14 10:00:58.260   542  3053 E android.hardware.camera.provider-V1-service: garyVCam [save_frame:917]:VCam save_frame: slot ready 1920x1080 NV12 stamp=1757815258260098
09-14 10:00:58.260   542  3053 E android.hardware.camera.provider-V1-service: garyVCam [save_frame:924]:VCam save_frame: -
09-14 10:00:58.260   542  2999 E android.hardware.camera.provider-V1-service: garyVCam [copyPreparedYuvToStreamBuffer:1195]:VCam copyPreparedYuvToStreamBuffer: + yuvLen=3110400 layout=NV12 overrideStride=0
09-14 10:00:58.260   542  2999 E android.hardware.camera.provider-V1-service: garyVCam [estimateStrideFromSize:1145]:VCam estimateStrideFromSize: bestSize(6504) < minPacked(3110400), fallback stride=w(1920)
09-14 10:00:58.260   542  2999 E android.hardware.camera.provider-V1-service: garyVCam [copyPreparedYuvToStreamBuffer:1259]:copyYuv: cannot fit even with stride down, need=3110400 best=6504
09-14 10:00:58.260   542  2999 E android.hardware.camera.provider-V1-service: garyVCam [VCam_CopyLatestTo:1589]:VCam_CopyLatestTo: copy failed -7
09-14 10:00:58.260   542  2999 E RKISP2OutputFrameWorker: VCam InjectVirtualIfNeeded: stream 1920x1080 fmt=0x22 -> ret=-7
09-14 10:00:58.260   542  2999 E android.hardware.camera.provider-V1-service: garyVCam [VCam_Tick:1611]:VCam_Tick: fallback=0 desired=1 state=E_VIRTUAL_RUNNING lastFrameUs=1757815258221899 lastPingUs=1757815255861439 outputs=1
09-14 10:00:58.260   542  3053 E android.hardware.camera.provider-V1-service: garyVCam [client_thread_func:952]:client 42[0]> header cmdFlag=0 cmd=0 p1=1920 p2=1080 p3=19 p4=3110400 p5=1920 p6=1080
09-14 10:00:58.268   542  3053 E android.hardware.camera.provider-V1-service: garyVCam [save_frame:829]:VCam save_frame: + width=1920 height=1080 fmt=19 len=3110400 yStride=1920 ySlice=1080 desired=1 state=E_VIRTUAL_RUNNING outputs=1
09-14 10:00:58.270   542  3053 E android.hardware.camera.provider-V1-service: garyVCam [save_frame:881]:VCam save_frame: updated lastFrameUs=1757815258270075
09-14 10:00:58.270   542  3053 E android.hardware.camera.provider-V1-service: garyVCam [rga_data_convert_transform:256]:VCam rga_data_convert_transform: enter
09-14 10:00:58.270   542  3053 E android.hardware.camera.provider-V1-service: garyVCam [rga_data_convert:214]:VCam rga_data_convert: 1920x1080 I420 -> 1920x1080 NV12 rot=0 flipH=0 flipV=0
09-14 10:00:58.271   542  3053 E android.hardware.camera.provider-V1-service: garyVCam [build_transform_flags:200]:VCam build_transform_flags: rot=0 flipH=0 flipV=0 -> tf=0x0
09-14 10:00:58.271   542  3053 E android.hardware.camera.provider-V1-service: garyVCam [rga_data_convert:236]:VCam rga_data_convert: improcess path usage=0x0
09-14 10:00:58.275   542  3053 E android.hardware.camera.provider-V1-service: garyVCam [rga_data_convert:248]:VCam rga_data_convert: success
09-14 10:00:58.275   542  3053 E android.hardware.camera.provider-V1-service: garyVCam [rga_data_convert_transform:260]:VCam rga_data_convert_transform: exit ok=1
09-14 10:00:58.275   542  3053 E android.hardware.camera.provider-V1-service: garyVCam [applyEffectsAll:787]:VCam applyEffectsAll: mask=0x9 fmt=NV12 w=1920 h=1080
09-14 10:00:58.280   542  2999 E android.hardware.camera.provider-V1-service: garyVCam [guessYuvLayout:1114]:VCam guessYuvLayout: fmt=0x22 -> NV12
09-14 10:00:58.306   542  3053 E android.hardware.camera.provider-V1-service: garyVCam [save_frame:917]:VCam save_frame: slot ready 1920x1080 NV12 stamp=1757815258306413
09-14 10:00:58.306   542  3053 E android.hardware.camera.provider-V1-service: garyVCam [save_frame:924]:VCam save_frame: -
09-14 10:00:58.306   542  2999 E android.hardware.camera.provider-V1-service: garyVCam [copyPreparedYuvToStreamBuffer:1195]:VCam copyPreparedYuvToStreamBuffer: + yuvLen=3110400 layout=NV12 overrideStride=0
09-14 10:00:58.306   542  2999 E android.hardware.camera.provider-V1-service: garyVCam [estimateStrideFromSize:1145]:VCam estimateStrideFromSize: bestSize(6504) < minPacked(3110400), fallback stride=w(1920)
09-14 10:00:58.306   542  2999 E android.hardware.camera.provider-V1-service: garyVCam [copyPreparedYuvToStreamBuffer:1259]:copyYuv: cannot fit even with stride down, need=3110400 best=6504
09-14 10:00:58.306   542  2999 E android.hardware.camera.provider-V1-service: garyVCam [VCam_CopyLatestTo:1589]:VCam_CopyLatestTo: copy failed -7
09-14 10:00:58.306   542  2999 E RKISP2OutputFrameWorker: VCam InjectVirtualIfNeeded: stream 1920x1080 fmt=0x22 -> ret=-7
09-14 10:00:58.306   542  2999 E android.hardware.camera.provider-V1-service: garyVCam [VCam_Tick:1611]:VCam_Tick: fallback=0 desired=1 state=E_VIRTUAL_RUNNING lastFrameUs=1757815258270075 lastPingUs=1757815255861439 outputs=1
09-14 10:00:58.307   542  3053 E android.hardware.camera.provider-V1-service: garyVCam [client_thread_func:952]:client 42[0]> header cmdFlag=0 cmd=0 p1=1920 p2=1080 p3=19 p4=3110400 p5=1920 p6=1080
09-14 10:00:58.312   542  3053 E android.hardware.camera.provider-V1-service: garyVCam [save_frame:829]:VCam save_frame: + width=1920 height=1080 fmt=19 len=3110400 yStride=1920 ySlice=1080 desired=1 state=E_VIRTUAL_RUNNING outputs=1
09-14 10:00:58.313   542  2999 E android.hardware.camera.provider-V1-service: garyVCam [guessYuvLayout:1114]:VCam guessYuvLayout: fmt=0x22 -> NV12
09-14 10:00:58.313   542  2999 E android.hardware.camera.provider-V1-service: garyVCam [copyPreparedYuvToStreamBuffer:1195]:VCam copyPreparedYuvToStreamBuffer: + yuvLen=3110400 layout=NV12 overrideStride=0
09-14 10:00:58.313   542  2999 E android.hardware.camera.provider-V1-service: garyVCam [estimateStrideFromSize:1145]:VCam estimateStrideFromSize: bestSize(6504) < minPacked(3110400), fallback stride=w(1920)
09-14 10:00:58.313   542  2999 E android.hardware.camera.provider-V1-service: garyVCam [copyPreparedYuvToStreamBuffer:1259]:copyYuv: cannot fit even with stride down, need=3110400 best=6504
09-14 10:00:58.313   542  2999 E android.hardware.camera.provider-V1-service: garyVCam [VCam_CopyLatestTo:1589]:VCam_CopyLatestTo: copy failed -7
09-14 10:00:58.313   542  2999 E RKISP2OutputFrameWorker: VCam InjectVirtualIfNeeded: stream 1920x1080 fmt=0x22 -> ret=-7
09-14 10:00:58.313   542  2999 E android.hardware.camera.provider-V1-service: garyVCam [VCam_Tick:1611]:VCam_Tick: fallback=0 desired=1 state=E_VIRTUAL_RUNNING lastFrameUs=1757815258270075 lastPingUs=1757815255861439 outputs=1
09-14 10:00:58.313   542  3053 E android.hardware.camera.provider-V1-service: garyVCam [save_frame:881]:VCam save_frame: updated lastFrameUs=1757815258313806
09-14 10:00:58.313   542  3053 E android.hardware.camera.provider-V1-service: garyVCam [rga_data_convert_transform:256]:VCam rga_data_convert_transform: enter
09-14 10:00:58.313   542  3053 E android.hardware.camera.provider-V1-service: garyVCam [rga_data_convert:214]:VCam rga_data_convert: 1920x1080 I420 -> 1920x1080 NV12 rot=0 flipH=0 flipV=0
09-14 10:00:58.315   542  3053 E android.hardware.camera.provider-V1-service: garyVCam [build_transform_flags:200]:VCam build_transform_flags: rot=0 flipH=0 flipV=0 -> tf=0x0
09-14 10:00:58.315   542  3053 E android.hardware.camera.provider-V1-service: garyVCam [rga_data_convert:236]:VCam rga_data_convert: improcess path usage=0x0
09-14 10:00:58.318   542  3053 E android.hardware.camera.provider-V1-service: garyVCam [rga_data_convert:248]:VCam rga_data_convert: success
09-14 10:00:58.318   542  3053 E android.hardware.camera.provider-V1-service: garyVCam [rga_data_convert_transform:260]:VCam rga_data_convert_transform: exit ok=1
09-14 10:00:58.318   542  3053 E android.hardware.camera.provider-V1-service: garyVCam [applyEffectsAll:787]:VCam applyEffectsAll: mask=0x9 fmt=NV12 w=1920 h=1080
09-14 10:00:58.346   542  2999 E android.hardware.camera.provider-V1-service: garyVCam [guessYuvLayout:1114]:VCam guessYuvLayout: fmt=0x22 -> NV12
09-14 10:00:58.352   542  3053 E android.hardware.camera.provider-V1-service: garyVCam [save_frame:917]:VCam save_frame: slot ready 1920x1080 NV12 stamp=1757815258352875
09-14 10:00:58.352   542  3053 E android.hardware.camera.provider-V1-service: garyVCam [save_frame:924]:VCam save_frame: -
09-14 10:00:58.353   542  2999 E android.hardware.camera.provider-V1-service: garyVCam [copyPreparedYuvToStreamBuffer:1195]:VCam copyPreparedYuvToStreamBuffer: + yuvLen=3110400 layout=NV12 overrideStride=0
09-14 10:00:58.353   542  2999 E android.hardware.camera.provider-V1-service: garyVCam [estimateStrideFromSize:1145]:VCam estimateStrideFromSize: bestSize(6504) < minPacked(3110400), fallback stride=w(1920)
09-14 10:00:58.353   542  2999 E android.hardware.camera.provider-V1-service: garyVCam [copyPreparedYuvToStreamBuffer:1259]:copyYuv: cannot fit even with stride down, need=3110400 best=6504
09-14 10:00:58.353   542  2999 E android.hardware.camera.provider-V1-service: garyVCam [VCam_CopyLatestTo:1589]:VCam_CopyLatestTo: copy failed -7
09-14 10:00:58.353   542  2999 E RKISP2OutputFrameWorker: VCam InjectVirtualIfNeeded: stream 1920x1080 fmt=0x22 -> ret=-7
09-14 10:00:58.353   542  2999 E android.hardware.camera.provider-V1-service: garyVCam [VCam_Tick:1611]:VCam_Tick: fallback=0 desired=1 state=E_VIRTUAL_RUNNING lastFrameUs=1757815258313806 lastPingUs=1757815255861439 outputs=1
09-14 10:00:58.353   542  3053 E android.hardware.camera.provider-V1-service: garyVCam [client_thread_func:952]:client 42[0]> header cmdFlag=0 cmd=0 p1=1920 p2=1080 p3=19 p4=3110400 p5=1920 p6=1080
09-14 10:00:58.357   542  3053 E android.hardware.camera.provider-V1-service: garyVCam [save_frame:829]:VCam save_frame: + width=1920 height=1080 fmt=19 len=3110400 yStride=1920 ySlice=1080 desired=1 state=E_VIRTUAL_RUNNING outputs=1
09-14 10:00:58.359   542  3053 E android.hardware.camera.provider-V1-service: garyVCam [save_frame:881]:VCam save_frame: updated lastFrameUs=1757815258359354
09-14 10:00:58.359   542  3053 E android.hardware.camera.provider-V1-service: garyVCam [rga_data_convert_transform:256]:VCam rga_data_convert_transform: enter
09-14 10:00:58.359   542  3053 E android.hardware.camera.provider-V1-service: garyVCam [rga_data_convert:214]:VCam rga_data_convert: 1920x1080 I420 -> 1920x1080 NV12 rot=0 flipH=0 flipV=0
09-14 10:00:58.360   542  3053 E android.hardware.camera.provider-V1-service: garyVCam [build_transform_flags:200]:VCam build_transform_flags: rot=0 flipH=0 flipV=0 -> tf=0x0
09-14 10:00:58.360   542  3053 E android.hardware.camera.provider-V1-service: garyVCam [rga_data_convert:236]:VCam rga_data_convert: improcess path usage=0x0
09-14 10:00:58.363   542  3053 E android.hardware.camera.provider-V1-service: garyVCam [rga_data_convert:248]:VCam rga_data_convert: success
09-14 10:00:58.363   542  3053 E android.hardware.camera.provider-V1-service: garyVCam [rga_data_convert_transform:260]:VCam rga_data_convert_transform: exit ok=1
09-14 10:00:58.363   542  3053 E android.hardware.camera.provider-V1-service: garyVCam [applyEffectsAll:787]:VCam applyEffectsAll: mask=0x9 fmt=NV12 w=1920 h=1080
09-14 10:00:58.380   542  2999 E android.hardware.camera.provider-V1-service: garyVCam [guessYuvLayout:1114]:VCam guessYuvLayout: fmt=0x22 -> NV12
09-14 10:00:58.395   542  3053 E android.hardware.camera.provider-V1-service: garyVCam [save_frame:917]:VCam save_frame: slot ready 1920x1080 NV12 stamp=1757815258395081
09-14 10:00:58.395   542  3053 E android.hardware.camera.provider-V1-service: garyVCam [save_frame:924]:VCam save_frame: -
09-14 10:00:58.395   542  2999 E android.hardware.camera.provider-V1-service: garyVCam [copyPreparedYuvToStreamBuffer:1195]:VCam copyPreparedYuvToStreamBuffer: + yuvLen=3110400 layout=NV12 overrideStride=0
09-14 10:00:58.395   542  2999 E android.hardware.camera.provider-V1-service: garyVCam [estimateStrideFromSize:1145]:VCam estimateStrideFromSize: bestSize(6504) < minPacked(3110400), fallback stride=w(1920)
09-14 10:00:58.395   542  2999 E android.hardware.camera.provider-V1-service: garyVCam [copyPreparedYuvToStreamBuffer:1259]:copyYuv: cannot fit even with stride down, need=3110400 best=6504
09-14 10:00:58.395   542  2999 E android.hardware.camera.provider-V1-service: garyVCam [VCam_CopyLatestTo:1589]:VCam_CopyLatestTo: copy failed -7
09-14 10:00:58.395   542  2999 E RKISP2OutputFrameWorker: VCam InjectVirtualIfNeeded: stream 1920x1080 fmt=0x22 -> ret=-7
09-14 10:00:58.395   542  2999 E android.hardware.camera.provider-V1-service: garyVCam [VCam_Tick:1611]:VCam_Tick: fallback=0 desired=1 state=E_VIRTUAL_RUNNING lastFrameUs=1757815258359354 lastPingUs=1757815255861439 outputs=1
09-14 10:00:58.395   542  3053 E android.hardware.camera.provider-V1-service: garyVCam [client_thread_func:952]:client 42[0]> header cmdFlag=1 cmd=5 p1=0 p2=0 p3=0 p4=0 p5=0 p6=0
09-14 10:00:58.395   542  3053 E android.hardware.camera.provider-V1-service: garyVCam [client_thread_func:960]:client 42[0]> ping lastPingUs=1757815258395976
09-14 10:00:58.396   542  3053 E android.hardware.camera.provider-V1-service: garyVCam [client_thread_func:952]:client 42[0]> header cmdFlag=0 cmd=0 p1=1920 p2=1080 p3=19 p4=3110400 p5=1920 p6=1080
09-14 10:00:58.401   542  3053 E android.hardware.camera.provider-V1-service: garyVCam [save_frame:829]:VCam save_frame: + width=1920 height=1080 fmt=19 len=3110400 yStride=1920 ySlice=1080 desired=1 state=E_VIRTUAL_RUNNING outputs=1
09-14 10:00:58.403   542  3053 E android.hardware.camera.provider-V1-service: garyVCam [save_frame:881]:VCam save_frame: updated lastFrameUs=1757815258403765
09-14 10:00:58.403   542  3053 E android.hardware.camera.provider-V1-service: garyVCam [rga_data_convert_transform:256]:VCam rga_data_convert_transform: enter
09-14 10:00:58.403   542  3053 E android.hardware.camera.provider-V1-service: garyVCam [rga_data_convert:214]:VCam rga_data_convert: 1920x1080 I420 -> 1920x1080 NV12 rot=0 flipH=0 flipV=0
09-14 10:00:58.405   542  3053 E android.hardware.camera.provider-V1-service: garyVCam [build_transform_flags:200]:VCam build_transform_flags: rot=0 flipH=0 flipV=0 -> tf=0x0
09-14 10:00:58.405   542  3053 E android.hardware.camera.provider-V1-service: garyVCam [rga_data_convert:236]:VCam rga_data_convert: improcess path usage=0x0
09-14 10:00:58.408   542  3053 E android.hardware.camera.provider-V1-service: garyVCam [rga_data_convert:248]:VCam rga_data_convert: success
09-14 10:00:58.408   542  3053 E android.hardware.camera.provider-V1-service: garyVCam [rga_data_convert_transform:260]:VCam rga_data_convert_transform: exit ok=1
09-14 10:00:58.408   542  3053 E android.hardware.camera.provider-V1-service: garyVCam [applyEffectsAll:787]:VCam applyEffectsAll: mask=0x9 fmt=NV12 w=1920 h=1080
09-14 10:00:58.413   542  2999 E android.hardware.camera.provider-V1-service: garyVCam [guessYuvLayout:1114]:VCam guessYuvLayout: fmt=0x22 -> NV12
09-14 10:00:58.439   542  3053 E android.hardware.camera.provider-V1-service: garyVCam [save_frame:917]:VCam save_frame: slot ready 1920x1080 NV12 stamp=1757815258439028
09-14 10:00:58.439   542  3053 E android.hardware.camera.provider-V1-service: garyVCam [save_frame:924]:VCam save_frame: -
09-14 10:00:58.439   542  2999 E android.hardware.camera.provider-V1-service: garyVCam [copyPreparedYuvToStreamBuffer:1195]:VCam copyPreparedYuvToStreamBuffer: + yuvLen=3110400 layout=NV12 overrideStride=0
09-14 10:00:58.439   542  2999 E android.hardware.camera.provider-V1-service: garyVCam [estimateStrideFromSize:1145]:VCam estimateStrideFromSize: bestSize(6504) < minPacked(3110400), fallback stride=w(1920)
09-14 10:00:58.439   542  2999 E android.hardware.camera.provider-V1-service: garyVCam [copyPreparedYuvToStreamBuffer:1259]:copyYuv: cannot fit even with stride down, need=3110400 best=6504
09-14 10:00:58.439   542  2999 E android.hardware.camera.provider-V1-service: garyVCam [VCam_CopyLatestTo:1589]:VCam_CopyLatestTo: copy failed -7
09-14 10:00:58.439   542  2999 E RKISP2OutputFrameWorker: VCam InjectVirtualIfNeeded: stream 1920x1080 fmt=0x22 -> ret=-7
09-14 10:00:58.439   542  2999 E android.hardware.camera.provider-V1-service: garyVCam [VCam_Tick:1611]:VCam_Tick: fallback=0 desired=1 state=E_VIRTUAL_RUNNING lastFrameUs=1757815258403765 lastPingUs=1757815258395976 outputs=1
09-14 10:00:58.439   542  3053 E android.hardware.camera.provider-V1-service: garyVCam [client_thread_func:952]:client 42[0]> header cmdFlag=0 cmd=0 p1=1920 p2=1080 p3=19 p4=3110400 p5=1920 p6=1080
09-14 10:00:58.444   542  3053 E android.hardware.camera.provider-V1-service: garyVCam [save_frame:829]:VCam save_frame: + width=1920 height=1080 fmt=19 len=3110400 yStride=1920 ySlice=1080 desired=1 state=E_VIRTUAL_RUNNING outputs=1
09-14 10:00:58.446   542  3053 E android.hardware.camera.provider-V1-service: garyVCam [save_frame:881]:VCam save_frame: updated lastFrameUs=1757815258446054
09-14 10:00:58.446   542  3053 E android.hardware.camera.provider-V1-service: garyVCam [rga_data_convert_transform:256]:VCam rga_data_convert_transform: enter
09-14 10:00:58.446   542  3053 E android.hardware.camera.provider-V1-service: garyVCam [rga_data_convert:214]:VCam rga_data_convert: 1920x1080 I420 -> 1920x1080 NV12 rot=0 flipH=0 flipV=0
09-14 10:00:58.447   542  3053 E android.hardware.camera.provider-V1-service: garyVCam [build_transform_flags:200]:VCam build_transform_flags: rot=0 flipH=0 flipV=0 -> tf=0x0
09-14 10:00:58.447   542  3053 E android.hardware.camera.provider-V1-service: garyVCam [rga_data_convert:236]:VCam rga_data_convert: improcess path usage=0x0
09-14 10:00:58.447   542  2999 E android.hardware.camera.provider-V1-service: garyVCam [guessYuvLayout:1114]:VCam guessYuvLayout: fmt=0x22 -> NV12
09-14 10:00:58.449   542  3053 E android.hardware.camera.provider-V1-service: garyVCam [rga_data_convert:248]:VCam rga_data_convert: success
09-14 10:00:58.449   542  3053 E android.hardware.camera.provider-V1-service: garyVCam [rga_data_convert_transform:260]:VCam rga_data_convert_transform: exit ok=1
09-14 10:00:58.449   542  3053 E android.hardware.camera.provider-V1-service: garyVCam [applyEffectsAll:787]:VCam applyEffectsAll: mask=0x9 fmt=NV12 w=1920 h=1080
09-14 10:00:58.480   542  3053 E android.hardware.camera.provider-V1-service: garyVCam [save_frame:917]:VCam save_frame: slot ready 1920x1080 NV12 stamp=1757815258480221
09-14 10:00:58.480   542  3053 E android.hardware.camera.provider-V1-service: garyVCam [save_frame:924]:VCam save_frame: -
09-14 10:00:58.480   542  2999 E android.hardware.camera.provider-V1-service: garyVCam [copyPreparedYuvToStreamBuffer:1195]:VCam copyPreparedYuvToStreamBuffer: + yuvLen=3110400 layout=NV12 overrideStride=0
09-14 10:00:58.480   542  2999 E android.hardware.camera.provider-V1-service: garyVCam [estimateStrideFromSize:1145]:VCam estimateStrideFromSize: bestSize(6504) < minPacked(3110400), fallback stride=w(1920)
09-14 10:00:58.480   542  2999 E android.hardware.camera.provider-V1-service: garyVCam [copyPreparedYuvToStreamBuffer:1259]:copyYuv: cannot fit even with stride down, need=3110400 best=6504
09-14 10:00:58.480   542  2999 E android.hardware.camera.provider-V1-service: garyVCam [VCam_CopyLatestTo:1589]:VCam_CopyLatestTo: copy failed -7
09-14 10:00:58.480   542  2999 E RKISP2OutputFrameWorker: VCam InjectVirtualIfNeeded: stream 1920x1080 fmt=0x22 -> ret=-7
09-14 10:00:58.480   542  2999 E android.hardware.camera.provider-V1-service: garyVCam [VCam_Tick:1611]:VCam_Tick: fallback=0 desired=1 state=E_VIRTUAL_RUNNING lastFrameUs=1757815258446054 lastPingUs=1757815258395976 outputs=1
09-14 10:00:58.480   542  3053 E android.hardware.camera.provider-V1-service: garyVCam [client_thread_func:952]:client 42[0]> header cmdFlag=0 cmd=0 p1=1920 p2=1080 p3=19 p4=3110400 p5=1920 p6=1080
09-14 10:00:58.481   542  2999 E android.hardware.camera.provider-V1-service: garyVCam [guessYuvLayout:1114]:VCam guessYuvLayout: fmt=0x22 -> NV12
09-14 10:00:58.481   542  2999 E android.hardware.camera.provider-V1-service: garyVCam [copyPreparedYuvToStreamBuffer:1195]:VCam copyPreparedYuvToStreamBuffer: + yuvLen=3110400 layout=NV12 overrideStride=0
09-14 10:00:58.481   542  2999 E android.hardware.camera.provider-V1-service: garyVCam [estimateStrideFromSize:1145]:VCam estimateStrideFromSize: bestSize(6504) < minPacked(3110400), fallback stride=w(1920)
09-14 10:00:58.481   542  2999 E android.hardware.camera.provider-V1-service: garyVCam [copyPreparedYuvToStreamBuffer:1259]:copyYuv: cannot fit even with stride down, need=3110400 best=6504
09-14 10:00:58.481   542  2999 E android.hardware.camera.provider-V1-service: garyVCam [VCam_CopyLatestTo:1589]:VCam_CopyLatestTo: copy failed -7
09-14 10:00:58.481   542  2999 E RKISP2OutputFrameWorker: VCam InjectVirtualIfNeeded: stream 1920x1080 fmt=0x22 -> ret=-7
09-14 10:00:58.481   542  2999 E android.hardware.camera.provider-V1-service: garyVCam [VCam_Tick:1611]:VCam_Tick: fallback=0 desired=1 state=E_VIRTUAL_RUNNING lastFrameUs=1757815258446054 lastPingUs=1757815258395976 outputs=1
09-14 10:00:58.486   542  3053 E android.hardware.camera.provider-V1-service: garyVCam [save_frame:829]:VCam save_frame: + width=1920 height=1080 fmt=19 len=3110400 yStride=1920 ySlice=1080 desired=1 state=E_VIRTUAL_RUNNING outputs=1
09-14 10:00:58.487   542  3053 E android.hardware.camera.provider-V1-service: garyVCam [save_frame:881]:VCam save_frame: updated lastFrameUs=1757815258487456
09-14 10:00:58.487   542  3053 E android.hardware.camera.provider-V1-service: garyVCam [rga_data_convert_transform:256]:VCam rga_data_convert_transform: enter
09-14 10:00:58.487   542  3053 E android.hardware.camera.provider-V1-service: garyVCam [rga_data_convert:214]:VCam rga_data_convert: 1920x1080 I420 -> 1920x1080 NV12 rot=0 flipH=0 flipV=0
09-14 10:00:58.488   542  3053 E android.hardware.camera.provider-V1-service: garyVCam [build_transform_flags:200]:VCam build_transform_flags: rot=0 flipH=0 flipV=0 -> tf=0x0
09-14 10:00:58.488   542  3053 E android.hardware.camera.provider-V1-service: garyVCam [rga_data_convert:236]:VCam rga_data_convert: improcess path usage=0x0
09-14 10:00:58.491   542  3053 E android.hardware.camera.provider-V1-service: garyVCam [rga_data_convert:248]:VCam rga_data_convert: success
09-14 10:00:58.491   542  3053 E android.hardware.camera.provider-V1-service: garyVCam [rga_data_convert_transform:260]:VCam rga_data_convert_transform: exit ok=1
09-14 10:00:58.491   542  3053 E android.hardware.camera.provider-V1-service: garyVCam [applyEffectsAll:787]:VCam applyEffectsAll: mask=0x9 fmt=NV12 w=1920 h=1080
09-14 10:00:58.513   542  2999 E android.hardware.camera.provider-V1-service: garyVCam [guessYuvLayout:1114]:VCam guessYuvLayout: fmt=0x22 -> NV12
09-14 10:00:58.522   542  3053 E android.hardware.camera.provider-V1-service: garyVCam [save_frame:917]:VCam save_frame: slot ready 1920x1080 NV12 stamp=1757815258522146
09-14 10:00:58.522   542  3053 E android.hardware.camera.provider-V1-service: garyVCam [save_frame:924]:VCam save_frame: -
09-14 10:00:58.522   542  2999 E android.hardware.camera.provider-V1-service: garyVCam [copyPreparedYuvToStreamBuffer:1195]:VCam copyPreparedYuvToStreamBuffer: + yuvLen=3110400 layout=NV12 overrideStride=0
09-14 10:00:58.522   542  2999 E android.hardware.camera.provider-V1-service: garyVCam [estimateStrideFromSize:1145]:VCam estimateStrideFromSize: bestSize(6504) < minPacked(3110400), fallback stride=w(1920)
09-14 10:00:58.522   542  2999 E android.hardware.camera.provider-V1-service: garyVCam [copyPreparedYuvToStreamBuffer:1259]:copyYuv: cannot fit even with stride down, need=3110400 best=6504
09-14 10:00:58.522   542  2999 E android.hardware.camera.provider-V1-service: garyVCam [VCam_CopyLatestTo:1589]:VCam_CopyLatestTo: copy failed -7
09-14 10:00:58.522   542  2999 E RKISP2OutputFrameWorker: VCam InjectVirtualIfNeeded: stream 1920x1080 fmt=0x22 -> ret=-7
09-14 10:00:58.522   542  2999 E android.hardware.camera.provider-V1-service: garyVCam [VCam_Tick:1611]:VCam_Tick: fallback=0 desired=1 state=E_VIRTUAL_RUNNING lastFrameUs=1757815258487456 lastPingUs=1757815258395976 outputs=1
09-14 10:00:58.522   542  3053 E android.hardware.camera.provider-V1-service: garyVCam [client_thread_func:952]:client 42[0]> header cmdFlag=0 cmd=0 p1=1920 p2=1080 p3=19 p4=3110400 p5=1920 p6=1080
09-14 10:00:58.529   542  3053 E android.hardware.camera.provider-V1-service: garyVCam [save_frame:829]:VCam save_frame: + width=1920 height=1080 fmt=19 len=3110400 yStride=1920 ySlice=1080 desired=1 state=E_VIRTUAL_RUNNING outputs=1
09-14 10:00:58.531   542  3053 E android.hardware.camera.provider-V1-service: garyVCam [save_frame:881]:VCam save_frame: updated lastFrameUs=1757815258531045
09-14 10:00:58.531   542  3053 E android.hardware.camera.provider-V1-service: garyVCam [rga_data_convert_transform:256]:VCam rga_data_convert_transform: enter
09-14 10:00:58.531   542  3053 E android.hardware.camera.provider-V1-service: garyVCam [rga_data_convert:214]:VCam rga_data_convert: 1920x1080 I420 -> 1920x1080 NV12 rot=0 flipH=0 flipV=0
09-14 10:00:58.532   542  3053 E android.hardware.camera.provider-V1-service: garyVCam [build_transform_flags:200]:VCam build_transform_flags: rot=0 flipH=0 flipV=0 -> tf=0x0
09-14 10:00:58.532   542  3053 E android.hardware.camera.provider-V1-service: garyVCam [rga_data_convert:236]:VCam rga_data_convert: improcess path usage=0x0
09-14 10:00:58.536   542  3053 E android.hardware.camera.provider-V1-service: garyVCam [rga_data_convert:248]:VCam rga_data_convert: success
09-14 10:00:58.536   542  3053 E android.hardware.camera.provider-V1-service: garyVCam [rga_data_convert_transform:260]:VCam rga_data_convert_transform: exit ok=1
09-14 10:00:58.536   542  3053 E android.hardware.camera.provider-V1-service: garyVCam [applyEffectsAll:787]:VCam applyEffectsAll: mask=0x9 fmt=NV12 w=1920 h=1080
09-14 10:00:58.546   542  2999 E android.hardware.camera.provider-V1-service: garyVCam [guessYuvLayout:1114]:VCam guessYuvLayout: fmt=0x22 -> NV12
09-14 10:00:58.567   542  3053 E android.hardware.camera.provider-V1-service: garyVCam [save_frame:917]:VCam save_frame: slot ready 1920x1080 NV12 stamp=1757815258567642
09-14 10:00:58.567   542  3053 E android.hardware.camera.provider-V1-service: garyVCam [save_frame:924]:VCam save_frame: -
09-14 10:00:58.567   542  2999 E android.hardware.camera.provider-V1-service: garyVCam [copyPreparedYuvToStreamBuffer:1195]:VCam copyPreparedYuvToStreamBuffer: + yuvLen=3110400 layout=NV12 overrideStride=0
09-14 10:00:58.567   542  2999 E android.hardware.camera.provider-V1-service: garyVCam [estimateStrideFromSize:1145]:VCam estimateStrideFromSize: bestSize(6504) < minPacked(3110400), fallback stride=w(1920)
09-14 10:00:58.567   542  2999 E android.hardware.camera.provider-V1-service: garyVCam [copyPreparedYuvToStreamBuffer:1259]:copyYuv: cannot fit even with stride down, need=3110400 best=6504
09-14 10:00:58.568   542  2999 E android.hardware.camera.provider-V1-service: garyVCam [VCam_CopyLatestTo:1589]:VCam_CopyLatestTo: copy failed -7
09-14 10:00:58.568   542  2999 E RKISP2OutputFrameWorker: VCam InjectVirtualIfNeeded: stream 1920x1080 fmt=0x22 -> ret=-7
09-14 10:00:58.568   542  2999 E android.hardware.camera.provider-V1-service: garyVCam [VCam_Tick:1611]:VCam_Tick: fallback=0 desired=1 state=E_VIRTUAL_RUNNING lastFrameUs=1757815258531045 lastPingUs=1757815258395976 outputs=1
09-14 10:00:58.568   542  3053 E android.hardware.camera.provider-V1-service: garyVCam [client_thread_func:952]:client 42[0]> header cmdFlag=0 cmd=0 p1=1920 p2=1080 p3=19 p4=3110400 p5=1920 p6=1080
09-14 10:00:58.574   542  3053 E android.hardware.camera.provider-V1-service: garyVCam [save_frame:829]:VCam save_frame: + width=1920 height=1080 fmt=19 len=3110400 yStride=1920 ySlice=1080 desired=1 state=E_VIRTUAL_RUNNING outputs=1
09-14 10:00:58.576   542  3053 E android.hardware.camera.provider-V1-service: garyVCam [save_frame:881]:VCam save_frame: updated lastFrameUs=1757815258576287
09-14 10:00:58.576   542  3053 E android.hardware.camera.provider-V1-service: garyVCam [rga_data_convert_transform:256]:VCam rga_data_convert_transform: enter
09-14 10:00:58.576   542  3053 E android.hardware.camera.provider-V1-service: garyVCam [rga_data_convert:214]:VCam rga_data_convert: 1920x1080 I420 -> 1920x1080 NV12 rot=0 flipH=0 flipV=0
09-14 10:00:58.577   542  3053 E android.hardware.camera.provider-V1-service: garyVCam [build_transform_flags:200]:VCam build_transform_flags: rot=0 flipH=0 flipV=0 -> tf=0x0
09-14 10:00:58.577   542  3053 E android.hardware.camera.provider-V1-service: garyVCam [rga_data_convert:236]:VCam rga_data_convert: improcess path usage=0x0
09-14 10:00:58.580   542  2999 E android.hardware.camera.provider-V1-service: garyVCam [guessYuvLayout:1114]:VCam guessYuvLayout: fmt=0x22 -> NV12
09-14 10:00:58.580   542  3053 E android.hardware.camera.provider-V1-service: garyVCam [rga_data_convert:248]:VCam rga_data_convert: success
09-14 10:00:58.580   542  3053 E android.hardware.camera.provider-V1-service: garyVCam [rga_data_convert_transform:260]:VCam rga_data_convert_transform: exit ok=1
09-14 10:00:58.580   542  3053 E android.hardware.camera.provider-V1-service: garyVCam [applyEffectsAll:787]:VCam applyEffectsAll: mask=0x9 fmt=NV12 w=1920 h=1080
09-14 10:00:58.611   542  3053 E android.hardware.camera.provider-V1-service: garyVCam [save_frame:917]:VCam save_frame: slot ready 1920x1080 NV12 stamp=1757815258611370
09-14 10:00:58.611   542  3053 E android.hardware.camera.provider-V1-service: garyVCam [save_frame:924]:VCam save_frame: -
09-14 10:00:58.611   542  2999 E android.hardware.camera.provider-V1-service: garyVCam [copyPreparedYuvToStreamBuffer:1195]:VCam copyPreparedYuvToStreamBuffer: + yuvLen=3110400 layout=NV12 overrideStride=0
09-14 10:00:58.611   542  2999 E android.hardware.camera.provider-V1-service: garyVCam [estimateStrideFromSize:1145]:VCam estimateStrideFromSize: bestSize(6504) < minPacked(3110400), fallback stride=w(1920)
09-14 10:00:58.611   542  2999 E android.hardware.camera.provider-V1-service: garyVCam [copyPreparedYuvToStreamBuffer:1259]:copyYuv: cannot fit even with stride down, need=3110400 best=6504
09-14 10:00:58.611   542  2999 E android.hardware.camera.provider-V1-service: garyVCam [VCam_CopyLatestTo:1589]:VCam_CopyLatestTo: copy failed -7
09-14 10:00:58.611   542  2999 E RKISP2OutputFrameWorker: VCam InjectVirtualIfNeeded: stream 1920x1080 fmt=0x22 -> ret=-7
09-14 10:00:58.611   542  2999 E android.hardware.camera.provider-V1-service: garyVCam [VCam_Tick:1611]:VCam_Tick: fallback=0 desired=1 state=E_VIRTUAL_RUNNING lastFrameUs=1757815258576287 lastPingUs=1757815258395976 outputs=1
09-14 10:00:58.612   542  3053 E android.hardware.camera.provider-V1-service: garyVCam [client_thread_func:952]:client 42[0]> header cmdFlag=0 cmd=0 p1=1920 p2=1080 p3=19 p4=3110400 p5=1920 p6=1080
09-14 10:00:58.613   542  2999 E android.hardware.camera.provider-V1-service: garyVCam [guessYuvLayout:1114]:VCam guessYuvLayout: fmt=0x22 -> NV12
09-14 10:00:58.613   542  2999 E android.hardware.camera.provider-V1-service: garyVCam [copyPreparedYuvToStreamBuffer:1195]:VCam copyPreparedYuvToStreamBuffer: + yuvLen=3110400 layout=NV12 overrideStride=0
09-14 10:00:58.614   542  2999 E android.hardware.camera.provider-V1-service: garyVCam [copyPreparedYuvToStreamBuffer:1232]:copyYuv: no valid fd in buffer_handle
