09-14 10:00:59.232   542  2999 E android.hardware.camera.provider-V1-service: garyVCam [copyPreparedYuvToStreamBuffer:1195]:VCam copyPreparedYuvToStreamBuffer: + yuvLen=3110400 layout=NV12 overrideStride=0
09-14 10:00:59.232   542  2999 E android.hardware.camera.provider-V1-service: garyVCam [estimateStrideFromSize:1145]:VCam estimateStrideFromSize: bestSize(6504) < minPacked(3110400), fallback stride=w(1920)
09-14 10:00:59.232   542  2999 E android.hardware.camera.provider-V1-service: garyVCam [copyPreparedYuvToStreamBuffer:1259]:copyYuv: cannot fit even with stride down, need=3110400 best=6504
09-14 10:00:59.232   542  2999 E android.hardware.camera.provider-V1-service: garyVCam [VCam_CopyLatestTo:1589]:VCam_CopyLatestTo: copy failed -7
09-14 10:00:59.232   542  2999 E RKISP2OutputFrameWorker: VCam InjectVirtualIfNeeded: stream 1920x1080 fmt=0x22 -> ret=-7
09-14 10:00:59.232   542  2999 E android.hardware.camera.provider-V1-service: garyVCam [VCam_Tick:1611]:VCam_Tick: fallback=0 desired=1 state=E_VIRTUAL_RUNNING lastFrameUs=1757815259197447 lastPingUs=1757815258718242 outputs=1
09-14 10:00:59.233   542  3053 E android.hardware.camera.provider-V1-service: garyVCam [client_thread_func:952]:client 42[0]> header cmdFlag=0 cmd=0 p1=1920 p2=1080 p3=19 p4=3110400 p5=1920 p6=1080
09-14 10:00:59.239   542  3053 E android.hardware.camera.provider-V1-service: garyVCam [save_frame:829]:VCam save_frame: + width=1920 height=1080 fmt=19 len=3110400 yStride=1920 ySlice=1080 desired=1 state=E_VIRTUAL_RUNNING outputs=1
09-14 10:00:59.242   542  3053 E android.hardware.camera.provider-V1-service: garyVCam [save_frame:881]:VCam save_frame: updated lastFrameUs=1757815259241990
09-14 10:00:59.242   542  3053 E android.hardware.camera.provider-V1-service: garyVCam [rga_data_convert_transform:256]:VCam rga_data_convert_transform: enter
09-14 10:00:59.242   542  3053 E android.hardware.camera.provider-V1-service: garyVCam [rga_data_convert:214]:VCam rga_data_convert: 1920x1080 I420 -> 1920x1080 NV12 rot=0 flipH=0 flipV=0
09-14 10:00:59.243   542  3053 E android.hardware.camera.provider-V1-service: garyVCam [build_transform_flags:200]:VCam build_transform_flags: rot=0 flipH=0 flipV=0 -> tf=0x0
09-14 10:00:59.243   542  3053 E android.hardware.camera.provider-V1-service: garyVCam [rga_data_convert:236]:VCam rga_data_convert: improcess path usage=0x0
09-14 10:00:59.246   542  2999 E android.hardware.camera.provider-V1-service: garyVCam [guessYuvLayout:1114]:VCam guessYuvLayout: fmt=0x22 -> NV12
09-14 10:00:59.248   542  3053 E android.hardware.camera.provider-V1-service: garyVCam [rga_data_convert:248]:VCam rga_data_convert: success
09-14 10:00:59.248   542  3053 E android.hardware.camera.provider-V1-service: garyVCam [rga_data_convert_transform:260]:VCam rga_data_convert_transform: exit ok=1
09-14 10:00:59.248   542  3053 E android.hardware.camera.provider-V1-service: garyVCam [applyEffectsAll:787]:VCam applyEffectsAll: mask=0x9 fmt=NV12 w=1920 h=1080
09-14 10:00:59.279   542  3053 E android.hardware.camera.provider-V1-service: garyVCam [save_frame:917]:VCam save_frame: slot ready 1920x1080 NV12 stamp=1757815259279496
09-14 10:00:59.279   542  3053 E android.hardware.camera.provider-V1-service: garyVCam [save_frame:924]:VCam save_frame: -
09-14 10:00:59.279   542  2999 E android.hardware.camera.provider-V1-service: garyVCam [copyPreparedYuvToStreamBuffer:1195]:VCam copyPreparedYuvToStreamBuffer: + yuvLen=3110400 layout=NV12 overrideStride=0
09-14 10:00:59.279   542  2999 E android.hardware.camera.provider-V1-service: garyVCam [estimateStrideFromSize:1145]:VCam estimateStrideFromSize: bestSize(6504) < minPacked(3110400), fallback stride=w(1920)
09-14 10:00:59.279   542  2999 E android.hardware.camera.provider-V1-service: garyVCam [copyPreparedYuvToStreamBuffer:1259]:copyYuv: cannot fit even with stride down, need=3110400 best=6504
09-14 10:00:59.279   542  2999 E android.hardware.camera.provider-V1-service: garyVCam [VCam_CopyLatestTo:1589]:VCam_CopyLatestTo: copy failed -7
09-14 10:00:59.279   542  2999 E RKISP2OutputFrameWorker: VCam InjectVirtualIfNeeded: stream 1920x1080 fmt=0x22 -> ret=-7
09-14 10:00:59.279   542  2999 E android.hardware.camera.provider-V1-service: garyVCam [VCam_Tick:1611]:VCam_Tick: fallback=0 desired=1 state=E_VIRTUAL_RUNNING lastFrameUs=1757815259241990 lastPingUs=1757815258718242 outputs=1
09-14 10:00:59.280   542  3053 E android.hardware.camera.provider-V1-service: garyVCam [client_thread_func:952]:client 42[0]> header cmdFlag=0 cmd=0 p1=1920 p2=1080 p3=19 p4=3110400 p5=1920 p6=1080
09-14 10:00:59.280   542  2999 E android.hardware.camera.provider-V1-service: garyVCam [guessYuvLayout:1114]:VCam guessYuvLayout: fmt=0x22 -> NV12
09-14 10:00:59.280   542  2999 E android.hardware.camera.provider-V1-service: garyVCam [copyPreparedYuvToStreamBuffer:1195]:VCam copyPreparedYuvToStreamBuffer: + yuvLen=3110400 layout=NV12 overrideStride=0
09-14 10:00:59.280   542  2999 E android.hardware.camera.provider-V1-service: garyVCam [copyPreparedYuvToStreamBuffer:1232]:copyYuv: no valid fd in buffer_handle
09-14 10:00:59.280   542  2999 E android.hardware.camera.provider-V1-service: garyVCam [VCam_CopyLatestTo:1589]:VCam_CopyLatestTo: copy failed -4
09-14 10:00:59.280   542  2999 E RKISP2OutputFrameWorker: VCam InjectVirtualIfNeeded: stream 1920x1080 fmt=0x22 -> ret=-4
09-14 10:00:59.280   542  2999 E android.hardware.camera.provider-V1-service: garyVCam [VCam_Tick:1611]:VCam_Tick: fallback=0 desired=1 state=E_VIRTUAL_RUNNING lastFrameUs=1757815259241990 lastPingUs=1757815258718242 outputs=1
09-14 10:00:59.284   542  3053 E android.hardware.camera.provider-V1-service: garyVCam [save_frame:829]:VCam save_frame: + width=1920 height=1080 fmt=19 len=3110400 yStride=1920 ySlice=1080 desired=1 state=E_VIRTUAL_RUNNING outputs=1
09-14 10:00:59.286   542  3053 E android.hardware.camera.provider-V1-service: garyVCam [save_frame:881]:VCam save_frame: updated lastFrameUs=1757815259286026
09-14 10:00:59.286   542  3053 E android.hardware.camera.provider-V1-service: garyVCam [rga_data_convert_transform:256]:VCam rga_data_convert_transform: enter
09-14 10:00:59.286   542  3053 E android.hardware.camera.provider-V1-service: garyVCam [rga_data_convert:214]:VCam rga_data_convert: 1920x1080 I420 -> 1920x1080 NV12 rot=0 flipH=0 flipV=0
09-14 10:00:59.286   542  3053 E android.hardware.camera.provider-V1-service: garyVCam [build_transform_flags:200]:VCam build_transform_flags: rot=0 flipH=0 flipV=0 -> tf=0x0
09-14 10:00:59.286   542  3053 E android.hardware.camera.provider-V1-service: garyVCam [rga_data_convert:236]:VCam rga_data_convert: improcess path usage=0x0
09-14 10:00:59.289   542  3053 E android.hardware.camera.provider-V1-service: garyVCam [rga_data_convert:248]:VCam rga_data_convert: success
09-14 10:00:59.289   542  3053 E android.hardware.camera.provider-V1-service: garyVCam [rga_data_convert_transform:260]:VCam rga_data_convert_transform: exit ok=1
09-14 10:00:59.289   542  3053 E android.hardware.camera.provider-V1-service: garyVCam [applyEffectsAll:787]:VCam applyEffectsAll: mask=0x9 fmt=NV12 w=1920 h=1080
09-14 10:00:59.313   542  2999 E android.hardware.camera.provider-V1-service: garyVCam [guessYuvLayout:1114]:VCam guessYuvLayout: fmt=0x22 -> NV12
09-14 10:00:59.320   542  3053 E android.hardware.camera.provider-V1-service: garyVCam [save_frame:917]:VCam save_frame: slot ready 1920x1080 NV12 stamp=1757815259320433
09-14 10:00:59.320   542  3053 E android.hardware.camera.provider-V1-service: garyVCam [save_frame:924]:VCam save_frame: -
09-14 10:00:59.320   542  2999 E android.hardware.camera.provider-V1-service: garyVCam [copyPreparedYuvToStreamBuffer:1195]:VCam copyPreparedYuvToStreamBuffer: + yuvLen=3110400 layout=NV12 overrideStride=0
09-14 10:00:59.320   542  2999 E android.hardware.camera.provider-V1-service: garyVCam [estimateStrideFromSize:1145]:VCam estimateStrideFromSize: bestSize(6504) < minPacked(3110400), fallback stride=w(1920)
09-14 10:00:59.320   542  2999 E android.hardware.camera.provider-V1-service: garyVCam [copyPreparedYuvToStreamBuffer:1259]:copyYuv: cannot fit even with stride down, need=3110400 best=6504
09-14 10:00:59.320   542  2999 E android.hardware.camera.provider-V1-service: garyVCam [VCam_CopyLatestTo:1589]:VCam_CopyLatestTo: copy failed -7
09-14 10:00:59.320   542  2999 E RKISP2OutputFrameWorker: VCam InjectVirtualIfNeeded: stream 1920x1080 fmt=0x22 -> ret=-7
09-14 10:00:59.320   542  2999 E android.hardware.camera.provider-V1-service: garyVCam [VCam_Tick:1611]:VCam_Tick: fallback=0 desired=1 state=E_VIRTUAL_RUNNING lastFrameUs=1757815259286026 lastPingUs=1757815258718242 outputs=1
09-14 10:00:59.321   542  3053 E android.hardware.camera.provider-V1-service: garyVCam [client_thread_func:952]:client 42[0]> header cmdFlag=0 cmd=0 p1=1920 p2=1080 p3=19 p4=3110400 p5=1920 p6=1080
09-14 10:00:59.326   542  3053 E android.hardware.camera.provider-V1-service: garyVCam [save_frame:829]:VCam save_frame: + width=1920 height=1080 fmt=19 len=3110400 yStride=1920 ySlice=1080 desired=1 state=E_VIRTUAL_RUNNING outputs=1
09-14 10:00:59.328   542  3053 E android.hardware.camera.provider-V1-service: garyVCam [save_frame:881]:VCam save_frame: updated lastFrameUs=1757815259327988
09-14 10:00:59.328   542  3053 E android.hardware.camera.provider-V1-service: garyVCam [rga_data_convert_transform:256]:VCam rga_data_convert_transform: enter
09-14 10:00:59.328   542  3053 E android.hardware.camera.provider-V1-service: garyVCam [rga_data_convert:214]:VCam rga_data_convert: 1920x1080 I420 -> 1920x1080 NV12 rot=0 flipH=0 flipV=0
09-14 10:00:59.329   542  3053 E android.hardware.camera.provider-V1-service: garyVCam [build_transform_flags:200]:VCam build_transform_flags: rot=0 flipH=0 flipV=0 -> tf=0x0
09-14 10:00:59.329   542  3053 E android.hardware.camera.provider-V1-service: garyVCam [rga_data_convert:236]:VCam rga_data_convert: improcess path usage=0x0
09-14 10:00:59.332   542  3053 E android.hardware.camera.provider-V1-service: garyVCam [rga_data_convert:248]:VCam rga_data_convert: success
09-14 10:00:59.332   542  3053 E android.hardware.camera.provider-V1-service: garyVCam [rga_data_convert_transform:260]:VCam rga_data_convert_transform: exit ok=1
09-14 10:00:59.332   542  3053 E android.hardware.camera.provider-V1-service: garyVCam [applyEffectsAll:787]:VCam applyEffectsAll: mask=0x9 fmt=NV12 w=1920 h=1080
09-14 10:00:59.346   542  2999 E android.hardware.camera.provider-V1-service: garyVCam [guessYuvLayout:1114]:VCam guessYuvLayout: fmt=0x22 -> NV12
09-14 10:00:59.363   542  3053 E android.hardware.camera.provider-V1-service: garyVCam [save_frame:917]:VCam save_frame: slot ready 1920x1080 NV12 stamp=1757815259363592
09-14 10:00:59.363   542  3053 E android.hardware.camera.provider-V1-service: garyVCam [save_frame:924]:VCam save_frame: -
09-14 10:00:59.363   542  2999 E android.hardware.camera.provider-V1-service: garyVCam [copyPreparedYuvToStreamBuffer:1195]:VCam copyPreparedYuvToStreamBuffer: + yuvLen=3110400 layout=NV12 overrideStride=0
09-14 10:00:59.363   542  2999 E android.hardware.camera.provider-V1-service: garyVCam [estimateStrideFromSize:1145]:VCam estimateStrideFromSize: bestSize(6504) < minPacked(3110400), fallback stride=w(1920)
09-14 10:00:59.363   542  2999 E android.hardware.camera.provider-V1-service: garyVCam [copyPreparedYuvToStreamBuffer:1259]:copyYuv: cannot fit even with stride down, need=3110400 best=6504
09-14 10:00:59.363   542  2999 E android.hardware.camera.provider-V1-service: garyVCam [VCam_CopyLatestTo:1589]:VCam_CopyLatestTo: copy failed -7
09-14 10:00:59.363   542  2999 E RKISP2OutputFrameWorker: VCam InjectVirtualIfNeeded: stream 1920x1080 fmt=0x22 -> ret=-7
09-14 10:00:59.363   542  2999 E android.hardware.camera.provider-V1-service: garyVCam [VCam_Tick:1611]:VCam_Tick: fallback=0 desired=1 state=E_VIRTUAL_RUNNING lastFrameUs=1757815259327988 lastPingUs=1757815258718242 outputs=1
09-14 10:00:59.364   542  3053 E android.hardware.camera.provider-V1-service: garyVCam [client_thread_func:952]:client 42[0]> header cmdFlag=0 cmd=0 p1=1920 p2=1080 p3=19 p4=3110400 p5=1920 p6=1080
09-14 10:00:59.370   542  3053 E android.hardware.camera.provider-V1-service: garyVCam [save_frame:829]:VCam save_frame: + width=1920 height=1080 fmt=19 len=3110400 yStride=1920 ySlice=1080 desired=1 state=E_VIRTUAL_RUNNING outputs=1
09-14 10:00:59.373   542  3053 E android.hardware.camera.provider-V1-service: garyVCam [save_frame:881]:VCam save_frame: updated lastFrameUs=1757815259373071
09-14 10:00:59.373   542  3053 E android.hardware.camera.provider-V1-service: garyVCam [rga_data_convert_transform:256]:VCam rga_data_convert_transform: enter
09-14 10:00:59.373   542  3053 E android.hardware.camera.provider-V1-service: garyVCam [rga_data_convert:214]:VCam rga_data_convert: 1920x1080 I420 -> 1920x1080 NV12 rot=0 flipH=0 flipV=0
09-14 10:00:59.374   542  3053 E android.hardware.camera.provider-V1-service: garyVCam [build_transform_flags:200]:VCam build_transform_flags: rot=0 flipH=0 flipV=0 -> tf=0x0
09-14 10:00:59.374   542  3053 E android.hardware.camera.provider-V1-service: garyVCam [rga_data_convert:236]:VCam rga_data_convert: improcess path usage=0x0
09-14 10:00:59.377   542  3053 E android.hardware.camera.provider-V1-service: garyVCam [rga_data_convert:248]:VCam rga_data_convert: success
09-14 10:00:59.377   542  3053 E android.hardware.camera.provider-V1-service: garyVCam [rga_data_convert_transform:260]:VCam rga_data_convert_transform: exit ok=1
09-14 10:00:59.377   542  3053 E android.hardware.camera.provider-V1-service: garyVCam [applyEffectsAll:787]:VCam applyEffectsAll: mask=0x9 fmt=NV12 w=1920 h=1080
09-14 10:00:59.380   542  2999 E android.hardware.camera.provider-V1-service: garyVCam [guessYuvLayout:1114]:VCam guessYuvLayout: fmt=0x22 -> NV12
09-14 10:00:59.407   542  3053 E android.hardware.camera.provider-V1-service: garyVCam [save_frame:917]:VCam save_frame: slot ready 1920x1080 NV12 stamp=1757815259407936
09-14 10:00:59.408   542  3053 E android.hardware.camera.provider-V1-service: garyVCam [save_frame:924]:VCam save_frame: -
09-14 10:00:59.408   542  2999 E android.hardware.camera.provider-V1-service: garyVCam [copyPreparedYuvToStreamBuffer:1195]:VCam copyPreparedYuvToStreamBuffer: + yuvLen=3110400 layout=NV12 overrideStride=0
09-14 10:00:59.408   542  2999 E android.hardware.camera.provider-V1-service: garyVCam [estimateStrideFromSize:1145]:VCam estimateStrideFromSize: bestSize(6504) < minPacked(3110400), fallback stride=w(1920)
09-14 10:00:59.408   542  2999 E android.hardware.camera.provider-V1-service: garyVCam [copyPreparedYuvToStreamBuffer:1259]:copyYuv: cannot fit even with stride down, need=3110400 best=6504
09-14 10:00:59.408   542  2999 E android.hardware.camera.provider-V1-service: garyVCam [VCam_CopyLatestTo:1589]:VCam_CopyLatestTo: copy failed -7
09-14 10:00:59.408   542  2999 E RKISP2OutputFrameWorker: VCam InjectVirtualIfNeeded: stream 1920x1080 fmt=0x22 -> ret=-7
09-14 10:00:59.408   542  2999 E android.hardware.camera.provider-V1-service: garyVCam [VCam_Tick:1611]:VCam_Tick: fallback=0 desired=1 state=E_VIRTUAL_RUNNING lastFrameUs=1757815259373071 lastPingUs=1757815258718242 outputs=1
09-14 10:00:59.408   542  3053 E android.hardware.camera.provider-V1-service: garyVCam [client_thread_func:952]:client 42[0]> header cmdFlag=0 cmd=0 p1=1920 p2=1080 p3=19 p4=3110400 p5=1920 p6=1080
09-14 10:00:59.413   542  2999 E android.hardware.camera.provider-V1-service: garyVCam [guessYuvLayout:1114]:VCam guessYuvLayout: fmt=0x22 -> NV12
09-14 10:00:59.413   542  2999 E android.hardware.camera.provider-V1-service: garyVCam [copyPreparedYuvToStreamBuffer:1195]:VCam copyPreparedYuvToStreamBuffer: + yuvLen=3110400 layout=NV12 overrideStride=0
09-14 10:00:59.413   542  2999 E android.hardware.camera.provider-V1-service: garyVCam [estimateStrideFromSize:1145]:VCam estimateStrideFromSize: bestSize(6504) < minPacked(3110400), fallback stride=w(1920)
09-14 10:00:59.413   542  2999 E android.hardware.camera.provider-V1-service: garyVCam [copyPreparedYuvToStreamBuffer:1259]:copyYuv: cannot fit even with stride down, need=3110400 best=6504
09-14 10:00:59.413   542  2999 E android.hardware.camera.provider-V1-service: garyVCam [VCam_CopyLatestTo:1589]:VCam_CopyLatestTo: copy failed -7
09-14 10:00:59.413   542  2999 E RKISP2OutputFrameWorker: VCam InjectVirtualIfNeeded: stream 1920x1080 fmt=0x22 -> ret=-7
09-14 10:00:59.413   542  2999 E android.hardware.camera.provider-V1-service: garyVCam [VCam_Tick:1611]:VCam_Tick: fallback=0 desired=1 state=E_VIRTUAL_RUNNING lastFrameUs=1757815259373071 lastPingUs=1757815258718242 outputs=1
09-14 10:00:59.413   542  3053 E android.hardware.camera.provider-V1-service: garyVCam [save_frame:829]:VCam save_frame: + width=1920 height=1080 fmt=19 len=3110400 yStride=1920 ySlice=1080 desired=1 state=E_VIRTUAL_RUNNING outputs=1
09-14 10:00:59.415   542  3053 E android.hardware.camera.provider-V1-service: garyVCam [save_frame:881]:VCam save_frame: updated lastFrameUs=1757815259415388
09-14 10:00:59.415   542  3053 E android.hardware.camera.provider-V1-service: garyVCam [rga_data_convert_transform:256]:VCam rga_data_convert_transform: enter
09-14 10:00:59.415   542  3053 E android.hardware.camera.provider-V1-service: garyVCam [rga_data_convert:214]:VCam rga_data_convert: 1920x1080 I420 -> 1920x1080 NV12 rot=0 flipH=0 flipV=0
09-14 10:00:59.416   542  3053 E android.hardware.camera.provider-V1-service: garyVCam [build_transform_flags:200]:VCam build_transform_flags: rot=0 flipH=0 flipV=0 -> tf=0x0
09-14 10:00:59.416   542  3053 E android.hardware.camera.provider-V1-service: garyVCam [rga_data_convert:236]:VCam rga_data_convert: improcess path usage=0x0
09-14 10:00:59.418   542  3053 E android.hardware.camera.provider-V1-service: garyVCam [rga_data_convert:248]:VCam rga_data_convert: success
09-14 10:00:59.418   542  3053 E android.hardware.camera.provider-V1-service: garyVCam [rga_data_convert_transform:260]:VCam rga_data_convert_transform: exit ok=1
09-14 10:00:59.418   542  3053 E android.hardware.camera.provider-V1-service: garyVCam [applyEffectsAll:787]:VCam applyEffectsAll: mask=0x9 fmt=NV12 w=1920 h=1080
09-14 10:00:59.446   542  2999 E android.hardware.camera.provider-V1-service: garyVCam [guessYuvLayout:1114]:VCam guessYuvLayout: fmt=0x22 -> NV12
09-14 10:00:59.450   542  3053 E android.hardware.camera.provider-V1-service: garyVCam [save_frame:917]:VCam save_frame: slot ready 1920x1080 NV12 stamp=1757815259450473
09-14 10:00:59.450   542  3053 E android.hardware.camera.provider-V1-service: garyVCam [save_frame:924]:VCam save_frame: -
09-14 10:00:59.450   542  2999 E android.hardware.camera.provider-V1-service: garyVCam [copyPreparedYuvToStreamBuffer:1195]:VCam copyPreparedYuvToStreamBuffer: + yuvLen=3110400 layout=NV12 overrideStride=0
09-14 10:00:59.450   542  2999 E android.hardware.camera.provider-V1-service: garyVCam [estimateStrideFromSize:1145]:VCam estimateStrideFromSize: bestSize(6504) < minPacked(3110400), fallback stride=w(1920)
09-14 10:00:59.450   542  2999 E android.hardware.camera.provider-V1-service: garyVCam [copyPreparedYuvToStreamBuffer:1259]:copyYuv: cannot fit even with stride down, need=3110400 best=6504
09-14 10:00:59.450   542  2999 E android.hardware.camera.provider-V1-service: garyVCam [VCam_CopyLatestTo:1589]:VCam_CopyLatestTo: copy failed -7
09-14 10:00:59.450   542  2999 E RKISP2OutputFrameWorker: VCam InjectVirtualIfNeeded: stream 1920x1080 fmt=0x22 -> ret=-7
09-14 10:00:59.450   542  2999 E android.hardware.camera.provider-V1-service: garyVCam [VCam_Tick:1611]:VCam_Tick: fallback=0 desired=1 state=E_VIRTUAL_RUNNING lastFrameUs=1757815259415388 lastPingUs=1757815258718242 outputs=1
09-14 10:00:59.451   542  3053 E android.hardware.camera.provider-V1-service: garyVCam [client_thread_func:952]:client 42[0]> header cmdFlag=0 cmd=0 p1=1920 p2=1080 p3=19 p4=3110400 p5=1920 p6=1080
09-14 10:00:59.455   542  3053 E android.hardware.camera.provider-V1-service: garyVCam [save_frame:829]:VCam save_frame: + width=1920 height=1080 fmt=19 len=3110400 yStride=1920 ySlice=1080 desired=1 state=E_VIRTUAL_RUNNING outputs=1
09-14 10:00:59.456   542  3053 E android.hardware.camera.provider-V1-service: garyVCam [save_frame:881]:VCam save_frame: updated lastFrameUs=1757815259456425
09-14 10:00:59.456   542  3053 E android.hardware.camera.provider-V1-service: garyVCam [rga_data_convert_transform:256]:VCam rga_data_convert_transform: enter
09-14 10:00:59.456   542  3053 E android.hardware.camera.provider-V1-service: garyVCam [rga_data_convert:214]:VCam rga_data_convert: 1920x1080 I420 -> 1920x1080 NV12 rot=0 flipH=0 flipV=0
09-14 10:00:59.457   542  3053 E android.hardware.camera.provider-V1-service: garyVCam [build_transform_flags:200]:VCam build_transform_flags: rot=0 flipH=0 flipV=0 -> tf=0x0
09-14 10:00:59.457   542  3053 E android.hardware.camera.provider-V1-service: garyVCam [rga_data_convert:236]:VCam rga_data_convert: improcess path usage=0x0
09-14 10:00:59.459   542  3053 E android.hardware.camera.provider-V1-service: garyVCam [rga_data_convert:248]:VCam rga_data_convert: success
09-14 10:00:59.459   542  3053 E android.hardware.camera.provider-V1-service: garyVCam [rga_data_convert_transform:260]:VCam rga_data_convert_transform: exit ok=1
09-14 10:00:59.459   542  3053 E android.hardware.camera.provider-V1-service: garyVCam [applyEffectsAll:787]:VCam applyEffectsAll: mask=0x9 fmt=NV12 w=1920 h=1080
09-14 10:00:59.479   542  2999 E android.hardware.camera.provider-V1-service: garyVCam [guessYuvLayout:1114]:VCam guessYuvLayout: fmt=0x22 -> NV12
09-14 10:00:59.490   542  3053 E android.hardware.camera.provider-V1-service: garyVCam [save_frame:917]:VCam save_frame: slot ready 1920x1080 NV12 stamp=1757815259490380
09-14 10:00:59.490   542  3053 E android.hardware.camera.provider-V1-service: garyVCam [save_frame:924]:VCam save_frame: -
09-14 10:00:59.490   542  2999 E android.hardware.camera.provider-V1-service: garyVCam [copyPreparedYuvToStreamBuffer:1195]:VCam copyPreparedYuvToStreamBuffer: + yuvLen=3110400 layout=NV12 overrideStride=0
09-14 10:00:59.490   542  2999 E android.hardware.camera.provider-V1-service: garyVCam [estimateStrideFromSize:1145]:VCam estimateStrideFromSize: bestSize(6504) < minPacked(3110400), fallback stride=w(1920)
09-14 10:00:59.490   542  2999 E android.hardware.camera.provider-V1-service: garyVCam [copyPreparedYuvToStreamBuffer:1259]:copyYuv: cannot fit even with stride down, need=3110400 best=6504
09-14 10:00:59.490   542  2999 E android.hardware.camera.provider-V1-service: garyVCam [VCam_CopyLatestTo:1589]:VCam_CopyLatestTo: copy failed -7
09-14 10:00:59.490   542  2999 E RKISP2OutputFrameWorker: VCam InjectVirtualIfNeeded: stream 1920x1080 fmt=0x22 -> ret=-7
09-14 10:00:59.490   542  2999 E android.hardware.camera.provider-V1-service: garyVCam [VCam_Tick:1611]:VCam_Tick: fallback=0 desired=1 state=E_VIRTUAL_RUNNING lastFrameUs=1757815259456425 lastPingUs=1757815258718242 outputs=1
09-14 10:00:59.491   542  3053 E android.hardware.camera.provider-V1-service: garyVCam [client_thread_func:952]:client 42[0]> header cmdFlag=0 cmd=0 p1=1920 p2=1080 p3=19 p4=3110400 p5=1920 p6=1080
09-14 10:00:59.497   542  3053 E android.hardware.camera.provider-V1-service: garyVCam [save_frame:829]:VCam save_frame: + width=1920 height=1080 fmt=19 len=3110400 yStride=1920 ySlice=1080 desired=1 state=E_VIRTUAL_RUNNING outputs=1
09-14 10:00:59.499   542  3053 E android.hardware.camera.provider-V1-service: garyVCam [save_frame:881]:VCam save_frame: updated lastFrameUs=1757815259499226
09-14 10:00:59.499   542  3053 E android.hardware.camera.provider-V1-service: garyVCam [rga_data_convert_transform:256]:VCam rga_data_convert_transform: enter
09-14 10:00:59.499   542  3053 E android.hardware.camera.provider-V1-service: garyVCam [rga_data_convert:214]:VCam rga_data_convert: 1920x1080 I420 -> 1920x1080 NV12 rot=0 flipH=0 flipV=0
09-14 10:00:59.500   542  3053 E android.hardware.camera.provider-V1-service: garyVCam [build_transform_flags:200]:VCam build_transform_flags: rot=0 flipH=0 flipV=0 -> tf=0x0
09-14 10:00:59.500   542  3053 E android.hardware.camera.provider-V1-service: garyVCam [rga_data_convert:236]:VCam rga_data_convert: improcess path usage=0x0
09-14 10:00:59.505   542  3053 E android.hardware.camera.provider-V1-service: garyVCam [rga_data_convert:248]:VCam rga_data_convert: success
09-14 10:00:59.505   542  3053 E android.hardware.camera.provider-V1-service: garyVCam [rga_data_convert_transform:260]:VCam rga_data_convert_transform: exit ok=1
09-14 10:00:59.505   542  3053 E android.hardware.camera.provider-V1-service: garyVCam [applyEffectsAll:787]:VCam applyEffectsAll: mask=0x9 fmt=NV12 w=1920 h=1080
09-14 10:00:59.513   542  2999 E android.hardware.camera.provider-V1-service: garyVCam [guessYuvLayout:1114]:VCam guessYuvLayout: fmt=0x22 -> NV12
09-14 10:00:59.535   542  3053 E android.hardware.camera.provider-V1-service: garyVCam [save_frame:924]:VCam save_frame: -
09-14 10:00:59.536   542  2999 E android.hardware.camera.provider-V1-service: garyVCam [copyPreparedYuvToStreamBuffer:1195]:VCam copyPreparedYuvToStreamBuffer: + yuvLen=3110400 layout=NV12 overrideStride=0
09-14 10:00:59.536   542  2999 E android.hardware.camera.provider-V1-service: garyVCam [estimateStrideFromSize:1145]:VCam estimateStrideFromSize: bestSize(6504) < minPacked(3110400), fallback stride=w(1920)
09-14 10:00:59.536   542  2999 E android.hardware.camera.provider-V1-service: garyVCam [copyPreparedYuvToStreamBuffer:1259]:copyYuv: cannot fit even with stride down, need=3110400 best=6504
09-14 10:00:59.536   542  2999 E android.hardware.camera.provider-V1-service: garyVCam [VCam_CopyLatestTo:1589]:VCam_CopyLatestTo: copy failed -7
09-14 10:00:59.536   542  2999 E RKISP2OutputFrameWorker: VCam InjectVirtualIfNeeded: stream 1920x1080 fmt=0x22 -> ret=-7
09-14 10:00:59.536   542  2999 E android.hardware.camera.provider-V1-service: garyVCam [VCam_Tick:1611]:VCam_Tick: fallback=0 desired=1 state=E_VIRTUAL_RUNNING lastFrameUs=1757815259499226 lastPingUs=1757815258718242 outputs=1
09-14 10:00:59.536   542  3053 E android.hardware.camera.provider-V1-service: garyVCam [client_thread_func:952]:client 42[0]> header cmdFlag=0 cmd=0 p1=1920 p2=1080 p3=19 p4=3110400 p5=1920 p6=1080
09-14 10:00:59.543   542  3053 E android.hardware.camera.provider-V1-service: garyVCam [save_frame:829]:VCam save_frame: + width=1920 height=1080 fmt=19 len=3110400 yStride=1920 ySlice=1080 desired=1 state=E_VIRTUAL_RUNNING outputs=1
09-14 10:00:59.545   542  3053 E android.hardware.camera.provider-V1-service: garyVCam [rga_data_convert_transform:256]:VCam rga_data_convert_transform: enter
09-14 10:00:59.545   542  3053 E android.hardware.camera.provider-V1-service: garyVCam [rga_data_convert:214]:VCam rga_data_convert: 1920x1080 I420 -> 1920x1080 NV12 rot=0 flipH=0 flipV=0
09-14 10:00:59.546   542  3053 E android.hardware.camera.provider-V1-service: garyVCam [build_transform_flags:200]:VCam build_transform_flags: rot=0 flipH=0 flipV=0 -> tf=0x0
09-14 10:00:59.546   542  3053 E android.hardware.camera.provider-V1-service: garyVCam [rga_data_convert:236]:VCam rga_data_convert: improcess path usage=0x0
09-14 10:00:59.546   542  2999 E android.hardware.camera.provider-V1-service: garyVCam [guessYuvLayout:1114]:VCam guessYuvLayout: fmt=0x22 -> NV12
09-14 10:00:59.548   542  3053 E android.hardware.camera.provider-V1-service: garyVCam [rga_data_convert:248]:VCam rga_data_convert: success
09-14 10:00:59.548   542  3053 E android.hardware.camera.provider-V1-service: garyVCam [rga_data_convert_transform:260]:VCam rga_data_convert_transform: exit ok=1
09-14 10:00:59.548   542  3053 E android.hardware.camera.provider-V1-service: garyVCam [applyEffectsAll:787]:VCam applyEffectsAll: mask=0x9 fmt=NV12 w=1920 h=1080
09-14 10:00:59.579   542  3053 E android.hardware.camera.provider-V1-service: garyVCam [save_frame:924]:VCam save_frame: -
09-14 10:00:59.579   542  2999 E android.hardware.camera.provider-V1-service: garyVCam [copyPreparedYuvToStreamBuffer:1195]:VCam copyPreparedYuvToStreamBuffer: + yuvLen=3110400 layout=NV12 overrideStride=0
09-14 10:00:59.579   542  2999 E android.hardware.camera.provider-V1-service: garyVCam [estimateStrideFromSize:1145]:VCam estimateStrideFromSize: bestSize(6504) < minPacked(3110400), fallback stride=w(1920)
09-14 10:00:59.579   542  2999 E android.hardware.camera.provider-V1-service: garyVCam [copyPreparedYuvToStreamBuffer:1259]:copyYuv: cannot fit even with stride down, need=3110400 best=6504
09-14 10:00:59.579   542  2999 E android.hardware.camera.provider-V1-service: garyVCam [VCam_CopyLatestTo:1589]:VCam_CopyLatestTo: copy failed -7
09-14 10:00:59.579   542  2999 E RKISP2OutputFrameWorker: VCam InjectVirtualIfNeeded: stream 1920x1080 fmt=0x22 -> ret=-7
09-14 10:00:59.580   542  3053 E android.hardware.camera.provider-V1-service: garyVCam [client_thread_func:952]:client 42[0]> header cmdFlag=0 cmd=0 p1=1920 p2=1080 p3=19 p4=3110400 p5=1920 p6=1080
09-14 10:00:59.580   542  2999 E android.hardware.camera.provider-V1-service: garyVCam [guessYuvLayout:1114]:VCam guessYuvLayout: fmt=0x22 -> NV12
09-14 10:00:59.580   542  2999 E android.hardware.camera.provider-V1-service: garyVCam [copyPreparedYuvToStreamBuffer:1195]:VCam copyPreparedYuvToStreamBuffer: + yuvLen=3110400 layout=NV12 overrideStride=0
09-14 10:00:59.580   542  2999 E android.hardware.camera.provider-V1-service: garyVCam [estimateStrideFromSize:1145]:VCam estimateStrideFromSize: bestSize(6504) < minPacked(3110400), fallback stride=w(1920)
09-14 10:00:59.580   542  2999 E android.hardware.camera.provider-V1-service: garyVCam [copyPreparedYuvToStreamBuffer:1259]:copyYuv: cannot fit even with stride down, need=3110400 best=6504
09-14 10:00:59.580   542  2999 E android.hardware.camera.provider-V1-service: garyVCam [VCam_CopyLatestTo:1589]:VCam_CopyLatestTo: copy failed -7
09-14 10:00:59.580   542  2999 E RKISP2OutputFrameWorker: VCam InjectVirtualIfNeeded: stream 1920x1080 fmt=0x22 -> ret=-7
09-14 10:00:59.587   542  3053 E android.hardware.camera.provider-V1-service: garyVCam [save_frame:829]:VCam save_frame: + width=1920 height=1080 fmt=19 len=3110400 yStride=1920 ySlice=1080 desired=1 state=E_VIRTUAL_RUNNING outputs=1
09-14 10:00:59.588   542  3053 E android.hardware.camera.provider-V1-service: garyVCam [rga_data_convert_transform:256]:VCam rga_data_convert_transform: enter
09-14 10:00:59.588   542  3053 E android.hardware.camera.provider-V1-service: garyVCam [rga_data_convert:214]:VCam rga_data_convert: 1920x1080 I420 -> 1920x1080 NV12 rot=0 flipH=0 flipV=0
09-14 10:00:59.589   542  3053 E android.hardware.camera.provider-V1-service: garyVCam [build_transform_flags:200]:VCam build_transform_flags: rot=0 flipH=0 flipV=0 -> tf=0x0
09-14 10:00:59.589   542  3053 E android.hardware.camera.provider-V1-service: garyVCam [rga_data_convert:236]:VCam rga_data_convert: improcess path usage=0x0
09-14 10:00:59.592   542  3053 E android.hardware.camera.provider-V1-service: garyVCam [rga_data_convert:248]:VCam rga_data_convert: success
09-14 10:00:59.592   542  3053 E android.hardware.camera.provider-V1-service: garyVCam [rga_data_convert_transform:260]:VCam rga_data_convert_transform: exit ok=1
09-14 10:00:59.592   542  3053 E android.hardware.camera.provider-V1-service: garyVCam [applyEffectsAll:787]:VCam applyEffectsAll: mask=0x9 fmt=NV12 w=1920 h=1080
09-14 10:00:59.613   542  2999 E android.hardware.camera.provider-V1-service: garyVCam [guessYuvLayout:1114]:VCam guessYuvLayout: fmt=0x22 -> NV12
09-14 10:00:59.623   542  3053 E android.hardware.camera.provider-V1-service: garyVCam [save_frame:917]:VCam save_frame: slot ready 1920x1080 NV12 stamp=1757815259623847
09-14 10:00:59.623   542  3053 E android.hardware.camera.provider-V1-service: garyVCam [save_frame:924]:VCam save_frame: -
09-14 10:00:59.623   542  2999 E android.hardware.camera.provider-V1-service: garyVCam [copyPreparedYuvToStreamBuffer:1195]:VCam copyPreparedYuvToStreamBuffer: + yuvLen=3110400 layout=NV12 overrideStride=0
09-14 10:00:59.624   542  2999 E android.hardware.camera.provider-V1-service: garyVCam [estimateStrideFromSize:1145]:VCam estimateStrideFromSize: bestSize(6504) < minPacked(3110400), fallback stride=w(1920)
09-14 10:00:59.624   542  2999 E android.hardware.camera.provider-V1-service: garyVCam [copyPreparedYuvToStreamBuffer:1259]:copyYuv: cannot fit even with stride down, need=3110400 best=6504
09-14 10:00:59.624   542  2999 E android.hardware.camera.provider-V1-service: garyVCam [VCam_CopyLatestTo:1589]:VCam_CopyLatestTo: copy failed -7
09-14 10:00:59.624   542  2999 E RKISP2OutputFrameWorker: VCam InjectVirtualIfNeeded: stream 1920x1080 fmt=0x22 -> ret=-7
09-14 10:00:59.624   542  3053 E android.hardware.camera.provider-V1-service: garyVCam [client_thread_func:952]:client 42[0]> header cmdFlag=0 cmd=0 p1=1920 p2=1080 p3=19 p4=3110400 p5=1920 p6=1080
09-14 10:00:59.629   542  3053 E android.hardware.camera.provider-V1-service: garyVCam [save_frame:829]:VCam save_frame: + width=1920 height=1080 fmt=19 len=3110400 yStride=1920 ySlice=1080 desired=1 state=E_VIRTUAL_RUNNING outputs=1
09-14 10:00:59.632   542  3053 E android.hardware.camera.provider-V1-service: garyVCam [save_frame:881]:VCam save_frame: updated lastFrameUs=1757815259632025
09-14 10:00:59.632   542  3053 E android.hardware.camera.provider-V1-service: garyVCam [rga_data_convert_transform:256]:VCam rga_data_convert_transform: enter
09-14 10:00:59.632   542  3053 E android.hardware.camera.provider-V1-service: garyVCam [rga_data_convert:214]:VCam rga_data_convert: 1920x1080 I420 -> 1920x1080 NV12 rot=0 flipH=0 flipV=0
09-14 10:00:59.634   542  3053 E android.hardware.camera.provider-V1-service: garyVCam [build_transform_flags:200]:VCam build_transform_flags: rot=0 flipH=0 flipV=0 -> tf=0x0
09-14 10:00:59.635   542  3053 E android.hardware.camera.provider-V1-service: garyVCam [rga_data_convert:236]:VCam rga_data_convert: improcess path usage=0x0
09-14 10:00:59.637   542  3053 E android.hardware.camera.provider-V1-service: garyVCam [rga_data_convert:248]:VCam rga_data_convert: success
09-14 10:00:59.637   542  3053 E android.hardware.camera.provider-V1-service: garyVCam [rga_data_convert_transform:260]:VCam rga_data_convert_transform: exit ok=1
09-14 10:00:59.637   542  3053 E android.hardware.camera.provider-V1-service: garyVCam [applyEffectsAll:787]:VCam applyEffectsAll: mask=0x9 fmt=NV12 w=1920 h=1080
09-14 10:00:59.647   542  2999 E android.hardware.camera.provider-V1-service: garyVCam [guessYuvLayout:1114]:VCam guessYuvLayout: fmt=0x22 -> NV12
09-14 10:00:59.669   542  3053 E android.hardware.camera.provider-V1-service: garyVCam [save_frame:917]:VCam save_frame: slot ready 1920x1080 NV12 stamp=1757815259669047
09-14 10:00:59.669   542  3053 E android.hardware.camera.provider-V1-service: garyVCam [save_frame:924]:VCam save_frame: -
09-14 10:00:59.669   542  2999 E android.hardware.camera.provider-V1-service: garyVCam [copyPreparedYuvToStreamBuffer:1195]:VCam copyPreparedYuvToStreamBuffer: + yuvLen=3110400 layout=NV12 overrideStride=0
09-14 10:00:59.669   542  2999 E android.hardware.camera.provider-V1-service: garyVCam [estimateStrideFromSize:1145]:VCam estimateStrideFromSize: bestSize(6504) < minPacked(3110400), fallback stride=w(1920)
09-14 10:00:59.669   542  2999 E android.hardware.camera.provider-V1-service: garyVCam [copyPreparedYuvToStreamBuffer:1259]:copyYuv: cannot fit even with stride down, need=3110400 best=6504
09-14 10:00:59.669   542  2999 E android.hardware.camera.provider-V1-service: garyVCam [VCam_CopyLatestTo:1589]:VCam_CopyLatestTo: copy failed -7
09-14 10:00:59.669   542  2999 E RKISP2OutputFrameWorker: VCam InjectVirtualIfNeeded: stream 1920x1080 fmt=0x22 -> ret=-7
09-14 10:00:59.669   542  2999 E android.hardware.camera.provider-V1-service: garyVCam [VCam_Tick:1611]:VCam_Tick: fallback=0 desired=1 state=E_VIRTUAL_RUNNING lastFrameUs=1757815259632025 lastPingUs=1757815258718242 outputs=1
09-14 10:00:59.669   542  3053 E android.hardware.camera.provider-V1-service: garyVCam [client_thread_func:952]:client 42[0]> header cmdFlag=0 cmd=0 p1=1920 p2=1080 p3=19 p4=3110400 p5=1920 p6=1080
09-14 10:00:59.674   542  3053 E android.hardware.camera.provider-V1-service: garyVCam [save_frame:829]:VCam save_frame: + width=1920 height=1080 fmt=19 len=3110400 yStride=1920 ySlice=1080 desired=1 state=E_VIRTUAL_RUNNING outputs=1
09-14 10:00:59.676   542  3053 E android.hardware.camera.provider-V1-service: garyVCam [save_frame:881]:VCam save_frame: updated lastFrameUs=1757815259676464
09-14 10:00:59.676   542  3053 E android.hardware.camera.provider-V1-service: garyVCam [rga_data_convert_transform:256]:VCam rga_data_convert_transform: enter
09-14 10:00:59.676   542  3053 E android.hardware.camera.provider-V1-service: garyVCam [rga_data_convert:214]:VCam rga_data_convert: 1920x1080 I420 -> 1920x1080 NV12 rot=0 flipH=0 flipV=0
09-14 10:00:59.677   542  3053 E android.hardware.camera.provider-V1-service: garyVCam [build_transform_flags:200]:VCam build_transform_flags: rot=0 flipH=0 flipV=0 -> tf=0x0
09-14 10:00:59.677   542  3053 E android.hardware.camera.provider-V1-service: garyVCam [rga_data_convert:236]:VCam rga_data_convert: improcess path usage=0x0
09-14 10:00:59.679   542  2999 E android.hardware.camera.provider-V1-service: garyVCam [guessYuvLayout:1114]:VCam guessYuvLayout: fmt=0x22 -> NV12
09-14 10:00:59.680   542  3053 E android.hardware.camera.provider-V1-service: garyVCam [rga_data_convert:248]:VCam rga_data_convert: success
09-14 10:00:59.680   542  3053 E android.hardware.camera.provider-V1-service: garyVCam [rga_data_convert_transform:260]:VCam rga_data_convert_transform: exit ok=1
09-14 10:00:59.680   542  3053 E android.hardware.camera.provider-V1-service: garyVCam [applyEffectsAll:787]:VCam applyEffectsAll: mask=0x9 fmt=NV12 w=1920 h=1080
09-14 10:00:59.710   542  3053 E android.hardware.camera.provider-V1-service: garyVCam [save_frame:917]:VCam save_frame: slot ready 1920x1080 NV12 stamp=1757815259710561
09-14 10:00:59.710   542  3053 E android.hardware.camera.provider-V1-service: garyVCam [save_frame:924]:VCam save_frame: -
09-14 10:00:59.710   542  2999 E android.hardware.camera.provider-V1-service: garyVCam [copyPreparedYuvToStreamBuffer:1195]:VCam copyPreparedYuvToStreamBuffer: + yuvLen=3110400 layout=NV12 overrideStride=0
09-14 10:00:59.710   542  2999 E android.hardware.camera.provider-V1-service: garyVCam [estimateStrideFromSize:1145]:VCam estimateStrideFromSize: bestSize(6504) < minPacked(3110400), fallback stride=w(1920)
09-14 10:00:59.710   542  2999 E android.hardware.camera.provider-V1-service: garyVCam [copyPreparedYuvToStreamBuffer:1259]:copyYuv: cannot fit even with stride down, need=3110400 best=6504
09-14 10:00:59.710   542  2999 E android.hardware.camera.provider-V1-service: garyVCam [VCam_CopyLatestTo:1589]:VCam_CopyLatestTo: copy failed -7
09-14 10:00:59.710   542  2999 E RKISP2OutputFrameWorker: VCam InjectVirtualIfNeeded: stream 1920x1080 fmt=0x22 -> ret=-7
09-14 10:00:59.710   542  2999 E android.hardware.camera.provider-V1-service: garyVCam [VCam_Tick:1611]:VCam_Tick: fallback=0 desired=1 state=E_VIRTUAL_RUNNING lastFrameUs=1757815259676464 lastPingUs=1757815258718242 outputs=1
09-14 10:00:59.711   542  3053 E android.hardware.camera.provider-V1-service: garyVCam [client_thread_func:952]:client 42[0]> header cmdFlag=0 cmd=0 p1=1920 p2=1080 p3=19 p4=3110400 p5=1920 p6=1080
09-14 10:00:59.713   542  2999 E android.hardware.camera.provider-V1-service: garyVCam [guessYuvLayout:1114]:VCam guessYuvLayout: fmt=0x22 -> NV12
09-14 10:00:59.713   542  2999 E android.hardware.camera.provider-V1-service: garyVCam [copyPreparedYuvToStreamBuffer:1195]:VCam copyPreparedYuvToStreamBuffer: + yuvLen=3110400 layout=NV12 overrideStride=0
09-14 10:00:59.713   542  2999 E android.hardware.camera.provider-V1-service: garyVCam [copyPreparedYuvToStreamBuffer:1232]:copyYuv: no valid fd in buffer_handle
09-14 10:00:59.713   542  2999 E android.hardware.camera.provider-V1-service: garyVCam [VCam_CopyLatestTo:1589]:VCam_CopyLatestTo: copy failed -4
09-14 10:00:59.713   542  2999 E RKISP2OutputFrameWorker: VCam InjectVirtualIfNeeded: stream 1920x1080 fmt=0x22 -> ret=-4
09-14 10:00:59.713   542  2999 E android.hardware.camera.provider-V1-service: garyVCam [VCam_Tick:1611]:VCam_Tick: fallback=0 desired=1 state=E_VIRTUAL_RUNNING lastFrameUs=1757815259676464 lastPingUs=1757815258718242 outputs=1
09-14 10:00:59.717   542  3053 E android.hardware.camera.provider-V1-service: garyVCam [save_frame:829]:VCam save_frame: + width=1920 height=1080 fmt=19 len=3110400 yStride=1920 ySlice=1080 desired=1 state=E_VIRTUAL_RUNNING outputs=1
09-14 10:00:59.718   542  3053 E android.hardware.camera.provider-V1-service: garyVCam [save_frame:881]:VCam save_frame: updated lastFrameUs=1757815259718709
09-14 10:00:59.718   542  3053 E android.hardware.camera.provider-V1-service: garyVCam [rga_data_convert_transform:256]:VCam rga_data_convert_transform: enter
09-14 10:00:59.718   542  3053 E android.hardware.camera.provider-V1-service: garyVCam [rga_data_convert:214]:VCam rga_data_convert: 1920x1080 I420 -> 1920x1080 NV12 rot=0 flipH=0 flipV=0
09-14 10:00:59.719   542  3053 E android.hardware.camera.provider-V1-service: garyVCam [build_transform_flags:200]:VCam build_transform_flags: rot=0 flipH=0 flipV=0 -> tf=0x0
09-14 10:00:59.719   542  3053 E android.hardware.camera.provider-V1-service: garyVCam [rga_data_convert:236]:VCam rga_data_convert: improcess path usage=0x0
09-14 10:00:59.722   542  3053 E android.hardware.camera.provider-V1-service: garyVCam [rga_data_convert:248]:VCam rga_data_convert: success
09-14 10:00:59.722   542  3053 E android.hardware.camera.provider-V1-service: garyVCam [rga_data_convert_transform:260]:VCam rga_data_convert_transform: exit ok=1
09-14 10:00:59.722   542  3053 E android.hardware.camera.provider-V1-service: garyVCam [applyEffectsAll:787]:VCam applyEffectsAll: mask=0x9 fmt=NV12 w=1920 h=1080
09-14 10:00:59.746   542  2999 E android.hardware.camera.provider-V1-service: garyVCam [guessYuvLayout:1114]:VCam guessYuvLayout: fmt=0x22 -> NV12
09-14 10:00:59.754   542  3053 E android.hardware.camera.provider-V1-service: garyVCam [save_frame:917]:VCam save_frame: slot ready 1920x1080 NV12 stamp=1757815259754268
09-14 10:00:59.754   542  3053 E android.hardware.camera.provider-V1-service: garyVCam [save_frame:924]:VCam save_frame: -
09-14 10:00:59.754   542  2999 E android.hardware.camera.provider-V1-service: garyVCam [copyPreparedYuvToStreamBuffer:1195]:VCam copyPreparedYuvToStreamBuffer: + yuvLen=3110400 layout=NV12 overrideStride=0
09-14 10:00:59.754   542  2999 E android.hardware.camera.provider-V1-service: garyVCam [estimateStrideFromSize:1145]:VCam estimateStrideFromSize: bestSize(6504) < minPacked(3110400), fallback stride=w(1920)
09-14 10:00:59.754   542  2999 E android.hardware.camera.provider-V1-service: garyVCam [copyPreparedYuvToStreamBuffer:1259]:copyYuv: cannot fit even with stride down, need=3110400 best=6504
09-14 10:00:59.754   542  2999 E android.hardware.camera.provider-V1-service: garyVCam [VCam_CopyLatestTo:1589]:VCam_CopyLatestTo: copy failed -7
09-14 10:00:59.754   542  2999 E RKISP2OutputFrameWorker: VCam InjectVirtualIfNeeded: stream 1920x1080 fmt=0x22 -> ret=-7
09-14 10:00:59.754   542  2999 E android.hardware.camera.provider-V1-service: garyVCam [VCam_Tick:1611]:VCam_Tick: fallback=0 desired=1 state=E_VIRTUAL_RUNNING lastFrameUs=1757815259718709 lastPingUs=1757815258718242 outputs=1
09-14 10:00:59.754   542  3053 E android.hardware.camera.provider-V1-service: garyVCam [client_thread_func:952]:client 42[0]> header cmdFlag=0 cmd=0 p1=1920 p2=1080 p3=19 p4=3110400 p5=1920 p6=1080
09-14 10:00:59.759   542  3053 E android.hardware.camera.provider-V1-service: garyVCam [save_frame:829]:VCam save_frame: + width=1920 height=1080 fmt=19 len=3110400 yStride=1920 ySlice=1080 desired=1 state=E_VIRTUAL_RUNNING outputs=1
09-14 10:00:59.761   542  3053 E android.hardware.camera.provider-V1-service: garyVCam [save_frame:881]:VCam save_frame: updated lastFrameUs=1757815259761722
09-14 10:00:59.761   542  3053 E android.hardware.camera.provider-V1-service: garyVCam [rga_data_convert_transform:256]:VCam rga_data_convert_transform: enter
09-14 10:00:59.761   542  3053 E android.hardware.camera.provider-V1-service: garyVCam [rga_data_convert:214]:VCam rga_data_convert: 1920x1080 I420 -> 1920x1080 NV12 rot=0 flipH=0 flipV=0
09-14 10:00:59.763   542  3053 E android.hardware.camera.provider-V1-service: garyVCam [build_transform_flags:200]:VCam build_transform_flags: rot=0 flipH=0 flipV=0 -> tf=0x0
09-14 10:00:59.763   542  3053 E android.hardware.camera.provider-V1-service: garyVCam [rga_data_convert:236]:VCam rga_data_convert: improcess path usage=0x0
09-14 10:00:59.767   542  3053 E android.hardware.camera.provider-V1-service: garyVCam [rga_data_convert:248]:VCam rga_data_convert: success
09-14 10:00:59.767   542  3053 E android.hardware.camera.provider-V1-service: garyVCam [rga_data_convert_transform:260]:VCam rga_data_convert_transform: exit ok=1
09-14 10:00:59.767   542  3053 E android.hardware.camera.provider-V1-service: garyVCam [applyEffectsAll:787]:VCam applyEffectsAll: mask=0x9 fmt=NV12 w=1920 h=1080
09-14 10:00:59.779   542  2999 E android.hardware.camera.provider-V1-service: garyVCam [guessYuvLayout:1114]:VCam guessYuvLayout: fmt=0x22 -> NV12
09-14 10:00:59.797   542  3053 E android.hardware.camera.provider-V1-service: garyVCam [save_frame:917]:VCam save_frame: slot ready 1920x1080 NV12 stamp=1757815259797900
09-14 10:00:59.798   542  3053 E android.hardware.camera.provider-V1-service: garyVCam [save_frame:924]:VCam save_frame: -
09-14 10:00:59.798   542  2999 E android.hardware.camera.provider-V1-service: garyVCam [copyPreparedYuvToStreamBuffer:1195]:VCam copyPreparedYuvToStreamBuffer: + yuvLen=3110400 layout=NV12 overrideStride=0
09-14 10:00:59.798   542  2999 E android.hardware.camera.provider-V1-service: garyVCam [estimateStrideFromSize:1145]:VCam estimateStrideFromSize: bestSize(6504) < minPacked(3110400), fallback stride=w(1920)
09-14 10:00:59.798   542  2999 E android.hardware.camera.provider-V1-service: garyVCam [copyPreparedYuvToStreamBuffer:1259]:copyYuv: cannot fit even with stride down, need=3110400 best=6504
09-14 10:00:59.798   542  2999 E android.hardware.camera.provider-V1-service: garyVCam [VCam_CopyLatestTo:1589]:VCam_CopyLatestTo: copy failed -7
09-14 10:00:59.798   542  2999 E RKISP2OutputFrameWorker: VCam InjectVirtualIfNeeded: stream 1920x1080 fmt=0x22 -> ret=-7
09-14 10:00:59.798   542  2999 E android.hardware.camera.provider-V1-service: garyVCam [VCam_Tick:1611]:VCam_Tick: fallback=0 desired=1 state=E_VIRTUAL_RUNNING lastFrameUs=1757815259761722 lastPingUs=1757815258718242 outputs=1
09-14 10:00:59.799   542  3053 E android.hardware.camera.provider-V1-service: garyVCam [client_thread_func:952]:client 42[0]> header cmdFlag=0 cmd=0 p1=1920 p2=1080 p3=19 p4=3110400 p5=1920 p6=1080
09-14 10:00:59.804   542  3053 E android.hardware.camera.provider-V1-service: garyVCam [save_frame:829]:VCam save_frame: + width=1920 height=1080 fmt=19 len=3110400 yStride=1920 ySlice=1080 desired=1 state=E_VIRTUAL_RUNNING outputs=1
09-14 10:00:59.805   542  3053 E android.hardware.camera.provider-V1-service: garyVCam [save_frame:881]:VCam save_frame: updated lastFrameUs=1757815259805939
09-14 10:00:59.806   542  3053 E android.hardware.camera.provider-V1-service: garyVCam [rga_data_convert_transform:256]:VCam rga_data_convert_transform: enter
09-14 10:00:59.806   542  3053 E android.hardware.camera.provider-V1-service: garyVCam [rga_data_convert:214]:VCam rga_data_convert: 1920x1080 I420 -> 1920x1080 NV12 rot=0 flipH=0 flipV=0
09-14 10:00:59.807   542  3053 E android.hardware.camera.provider-V1-service: garyVCam [build_transform_flags:200]:VCam build_transform_flags: rot=0 flipH=0 flipV=0 -> tf=0x0
09-14 10:00:59.807   542  3053 E android.hardware.camera.provider-V1-service: garyVCam [rga_data_convert:236]:VCam rga_data_convert: improcess path usage=0x0
09-14 10:00:59.810   542  3053 E android.hardware.camera.provider-V1-service: garyVCam [rga_data_convert:248]:VCam rga_data_convert: success
09-14 10:00:59.810   542  3053 E android.hardware.camera.provider-V1-service: garyVCam [rga_data_convert_transform:260]:VCam rga_data_convert_transform: exit ok=1
09-14 10:00:59.810   542  3053 E android.hardware.camera.provider-V1-service: garyVCam [applyEffectsAll:787]:VCam applyEffectsAll: mask=0x9 fmt=NV12 w=1920 h=1080
09-14 10:00:59.813   542  2999 E android.hardware.camera.provider-V1-service: garyVCam [guessYuvLayout:1114]:VCam guessYuvLayout: fmt=0x22 -> NV12
09-14 10:00:59.840   542  3053 E android.hardware.camera.provider-V1-service: garyVCam [save_frame:917]:VCam save_frame: slot ready 1920x1080 NV12 stamp=1757815259840816
09-14 10:00:59.840   542  3053 E android.hardware.camera.provider-V1-service: garyVCam [save_frame:924]:VCam save_frame: -
09-14 10:00:59.840   542  2999 E android.hardware.camera.provider-V1-service: garyVCam [copyPreparedYuvToStreamBuffer:1195]:VCam copyPreparedYuvToStreamBuffer: + yuvLen=3110400 layout=NV12 overrideStride=0
09-14 10:00:59.841   542  2999 E android.hardware.camera.provider-V1-service: garyVCam [estimateStrideFromSize:1145]:VCam estimateStrideFromSize: bestSize(6504) < minPacked(3110400), fallback stride=w(1920)
09-14 10:00:59.841   542  2999 E android.hardware.camera.provider-V1-service: garyVCam [copyPreparedYuvToStreamBuffer:1259]:copyYuv: cannot fit even with stride down, need=3110400 best=6504
09-14 10:00:59.841   542  2999 E android.hardware.camera.provider-V1-service: garyVCam [VCam_CopyLatestTo:1589]:VCam_CopyLatestTo: copy failed -7
09-14 10:00:59.841   542  2999 E RKISP2OutputFrameWorker: VCam InjectVirtualIfNeeded: stream 1920x1080 fmt=0x22 -> ret=-7
