09-14 10:00:56.823   542  2999 E android.hardware.camera.provider-V1-service: garyVCam [VCam_CopyLatestTo:1589]:VCam_CopyLatestTo: copy failed -7
09-14 10:00:56.823   542  2999 E RKISP2OutputFrameWorker: VCam InjectVirtualIfNeeded: stream 1920x1080 fmt=0x22 -> ret=-7
09-14 10:00:56.823   542  2999 E android.hardware.camera.provider-V1-service: garyVCam [VCam_Tick:1611]:VCam_Tick: fallback=0 desired=1 state=E_VIRTUAL_RUNNING lastFrameUs=1757815256786945 lastPingUs=1757815255861439 outputs=1
09-14 10:00:56.823   542  3053 E android.hardware.camera.provider-V1-service: garyVCam [client_thread_func:952]:client 42[0]> header cmdFlag=0 cmd=0 p1=1920 p2=1080 p3=19 p4=3110400 p5=1920 p6=1080
09-14 10:00:56.828   542  3053 E android.hardware.camera.provider-V1-service: garyVCam [save_frame:829]:VCam save_frame: + width=1920 height=1080 fmt=19 len=3110400 yStride=1920 ySlice=1080 desired=1 state=E_VIRTUAL_RUNNING outputs=1
09-14 10:00:56.830   542  3053 E android.hardware.camera.provider-V1-service: garyVCam [save_frame:881]:VCam save_frame: updated lastFrameUs=1757815256830072
09-14 10:00:56.830   542  3053 E android.hardware.camera.provider-V1-service: garyVCam [rga_data_convert_transform:256]:VCam rga_data_convert_transform: enter
09-14 10:00:56.830   542  3053 E android.hardware.camera.provider-V1-service: garyVCam [rga_data_convert:214]:VCam rga_data_convert: 1920x1080 I420 -> 1920x1080 NV12 rot=0 flipH=0 flipV=0
09-14 10:00:56.831   542  3053 E android.hardware.camera.provider-V1-service: garyVCam [build_transform_flags:200]:VCam build_transform_flags: rot=0 flipH=0 flipV=0 -> tf=0x0
09-14 10:00:56.831   542  3053 E android.hardware.camera.provider-V1-service: garyVCam [rga_data_convert:236]:VCam rga_data_convert: improcess path usage=0x0
09-14 10:00:56.834   542  3053 E android.hardware.camera.provider-V1-service: garyVCam [rga_data_convert:248]:VCam rga_data_convert: success
09-14 10:00:56.834   542  3053 E android.hardware.camera.provider-V1-service: garyVCam [rga_data_convert_transform:260]:VCam rga_data_convert_transform: exit ok=1
09-14 10:00:56.834   542  3053 E android.hardware.camera.provider-V1-service: garyVCam [applyEffectsAll:787]:VCam applyEffectsAll: mask=0x9 fmt=NV12 w=1920 h=1080
09-14 10:00:56.846   542  2999 E android.hardware.camera.provider-V1-service: garyVCam [guessYuvLayout:1114]:VCam guessYuvLayout: fmt=0x22 -> NV12
09-14 10:00:56.864   542  3053 E android.hardware.camera.provider-V1-service: garyVCam [save_frame:917]:VCam save_frame: slot ready 1920x1080 NV12 stamp=1757815256864772
09-14 10:00:56.864   542  3053 E android.hardware.camera.provider-V1-service: garyVCam [save_frame:924]:VCam save_frame: -
09-14 10:00:56.864   542  2999 E android.hardware.camera.provider-V1-service: garyVCam [copyPreparedYuvToStreamBuffer:1195]:VCam copyPreparedYuvToStreamBuffer: + yuvLen=3110400 layout=NV12 overrideStride=0
09-14 10:00:56.865   542  2999 E android.hardware.camera.provider-V1-service: garyVCam [estimateStrideFromSize:1145]:VCam estimateStrideFromSize: bestSize(6504) < minPacked(3110400), fallback stride=w(1920)
09-14 10:00:56.865   542  2999 E android.hardware.camera.provider-V1-service: garyVCam [copyPreparedYuvToStreamBuffer:1259]:copyYuv: cannot fit even with stride down, need=3110400 best=6504
09-14 10:00:56.865   542  2999 E android.hardware.camera.provider-V1-service: garyVCam [VCam_CopyLatestTo:1589]:VCam_CopyLatestTo: copy failed -7
09-14 10:00:56.865   542  2999 E RKISP2OutputFrameWorker: VCam InjectVirtualIfNeeded: stream 1920x1080 fmt=0x22 -> ret=-7
09-14 10:00:56.865   542  2999 E android.hardware.camera.provider-V1-service: garyVCam [VCam_Tick:1611]:VCam_Tick: fallback=0 desired=1 state=E_VIRTUAL_RUNNING lastFrameUs=1757815256830072 lastPingUs=1757815255861439 outputs=1
09-14 10:00:56.865   542  3053 E android.hardware.camera.provider-V1-service: garyVCam [client_thread_func:952]:client 42[0]> header cmdFlag=0 cmd=0 p1=1920 p2=1080 p3=19 p4=3110400 p5=1920 p6=1080
09-14 10:00:56.870   542  3053 E android.hardware.camera.provider-V1-service: garyVCam [save_frame:829]:VCam save_frame: + width=1920 height=1080 fmt=19 len=3110400 yStride=1920 ySlice=1080 desired=1 state=E_VIRTUAL_RUNNING outputs=1
09-14 10:00:56.872   542  3053 E android.hardware.camera.provider-V1-service: garyVCam [save_frame:881]:VCam save_frame: updated lastFrameUs=1757815256872061
09-14 10:00:56.872   542  3053 E android.hardware.camera.provider-V1-service: garyVCam [rga_data_convert_transform:256]:VCam rga_data_convert_transform: enter
09-14 10:00:56.872   542  3053 E android.hardware.camera.provider-V1-service: garyVCam [rga_data_convert:214]:VCam rga_data_convert: 1920x1080 I420 -> 1920x1080 NV12 rot=0 flipH=0 flipV=0
09-14 10:00:56.873   542  3053 E android.hardware.camera.provider-V1-service: garyVCam [build_transform_flags:200]:VCam build_transform_flags: rot=0 flipH=0 flipV=0 -> tf=0x0
09-14 10:00:56.873   542  3053 E android.hardware.camera.provider-V1-service: garyVCam [rga_data_convert:236]:VCam rga_data_convert: improcess path usage=0x0
09-14 10:00:56.876   542  3053 E android.hardware.camera.provider-V1-service: garyVCam [rga_data_convert:248]:VCam rga_data_convert: success
09-14 10:00:56.876   542  3053 E android.hardware.camera.provider-V1-service: garyVCam [rga_data_convert_transform:260]:VCam rga_data_convert_transform: exit ok=1
09-14 10:00:56.876   542  3053 E android.hardware.camera.provider-V1-service: garyVCam [applyEffectsAll:787]:VCam applyEffectsAll: mask=0x9 fmt=NV12 w=1920 h=1080
09-14 10:00:56.880   542  2999 E android.hardware.camera.provider-V1-service: garyVCam [guessYuvLayout:1114]:VCam guessYuvLayout: fmt=0x22 -> NV12
09-14 10:00:56.907   542  3053 E android.hardware.camera.provider-V1-service: garyVCam [save_frame:917]:VCam save_frame: slot ready 1920x1080 NV12 stamp=1757815256907070
09-14 10:00:56.907   542  3053 E android.hardware.camera.provider-V1-service: garyVCam [save_frame:924]:VCam save_frame: -
09-14 10:00:56.907   542  2999 E android.hardware.camera.provider-V1-service: garyVCam [copyPreparedYuvToStreamBuffer:1195]:VCam copyPreparedYuvToStreamBuffer: + yuvLen=3110400 layout=NV12 overrideStride=0
09-14 10:00:56.907   542  2999 E android.hardware.camera.provider-V1-service: garyVCam [estimateStrideFromSize:1145]:VCam estimateStrideFromSize: bestSize(6504) < minPacked(3110400), fallback stride=w(1920)
09-14 10:00:56.907   542  2999 E android.hardware.camera.provider-V1-service: garyVCam [copyPreparedYuvToStreamBuffer:1259]:copyYuv: cannot fit even with stride down, need=3110400 best=6504
09-14 10:00:56.907   542  2999 E android.hardware.camera.provider-V1-service: garyVCam [VCam_CopyLatestTo:1589]:VCam_CopyLatestTo: copy failed -7
09-14 10:00:56.907   542  2999 E RKISP2OutputFrameWorker: VCam InjectVirtualIfNeeded: stream 1920x1080 fmt=0x22 -> ret=-7
09-14 10:00:56.907   542  2999 E android.hardware.camera.provider-V1-service: garyVCam [VCam_Tick:1611]:VCam_Tick: fallback=0 desired=1 state=E_VIRTUAL_RUNNING lastFrameUs=1757815256872061 lastPingUs=1757815255861439 outputs=1
09-14 10:00:56.907   542  3053 E android.hardware.camera.provider-V1-service: garyVCam [client_thread_func:952]:client 42[0]> header cmdFlag=0 cmd=0 p1=1920 p2=1080 p3=19 p4=3110400 p5=1920 p6=1080
09-14 10:00:56.914   542  2999 E android.hardware.camera.provider-V1-service: garyVCam [guessYuvLayout:1114]:VCam guessYuvLayout: fmt=0x22 -> NV12
09-14 10:00:56.914   542  2999 E android.hardware.camera.provider-V1-service: garyVCam [copyPreparedYuvToStreamBuffer:1195]:VCam copyPreparedYuvToStreamBuffer: + yuvLen=3110400 layout=NV12 overrideStride=0
09-14 10:00:56.914   542  2999 E android.hardware.camera.provider-V1-service: garyVCam [estimateStrideFromSize:1145]:VCam estimateStrideFromSize: bestSize(6504) < minPacked(3110400), fallback stride=w(1920)
09-14 10:00:56.914   542  2999 E android.hardware.camera.provider-V1-service: garyVCam [copyPreparedYuvToStreamBuffer:1259]:copyYuv: cannot fit even with stride down, need=3110400 best=6504
09-14 10:00:56.914   542  2999 E android.hardware.camera.provider-V1-service: garyVCam [VCam_CopyLatestTo:1589]:VCam_CopyLatestTo: copy failed -7
09-14 10:00:56.914   542  2999 E RKISP2OutputFrameWorker: VCam InjectVirtualIfNeeded: stream 1920x1080 fmt=0x22 -> ret=-7
09-14 10:00:56.914   542  2999 E android.hardware.camera.provider-V1-service: garyVCam [VCam_Tick:1611]:VCam_Tick: fallback=0 desired=1 state=E_VIRTUAL_RUNNING lastFrameUs=1757815256872061 lastPingUs=1757815255861439 outputs=1
09-14 10:00:56.914   542  3053 E android.hardware.camera.provider-V1-service: garyVCam [save_frame:829]:VCam save_frame: + width=1920 height=1080 fmt=19 len=3110400 yStride=1920 ySlice=1080 desired=1 state=E_VIRTUAL_RUNNING outputs=1
09-14 10:00:56.915   542  3053 E android.hardware.camera.provider-V1-service: garyVCam [save_frame:881]:VCam save_frame: updated lastFrameUs=1757815256915927
09-14 10:00:56.916   542  3053 E android.hardware.camera.provider-V1-service: garyVCam [rga_data_convert_transform:256]:VCam rga_data_convert_transform: enter
09-14 10:00:56.916   542  3053 E android.hardware.camera.provider-V1-service: garyVCam [rga_data_convert:214]:VCam rga_data_convert: 1920x1080 I420 -> 1920x1080 NV12 rot=0 flipH=0 flipV=0
09-14 10:00:56.917   542  3053 E android.hardware.camera.provider-V1-service: garyVCam [build_transform_flags:200]:VCam build_transform_flags: rot=0 flipH=0 flipV=0 -> tf=0x0
09-14 10:00:56.917   542  3053 E android.hardware.camera.provider-V1-service: garyVCam [rga_data_convert:236]:VCam rga_data_convert: improcess path usage=0x0
09-14 10:00:56.920   542  3053 E android.hardware.camera.provider-V1-service: garyVCam [rga_data_convert:248]:VCam rga_data_convert: success
09-14 10:00:56.920   542  3053 E android.hardware.camera.provider-V1-service: garyVCam [rga_data_convert_transform:260]:VCam rga_data_convert_transform: exit ok=1
09-14 10:00:56.920   542  3053 E android.hardware.camera.provider-V1-service: garyVCam [applyEffectsAll:787]:VCam applyEffectsAll: mask=0x9 fmt=NV12 w=1920 h=1080
09-14 10:00:56.946   542  2999 E android.hardware.camera.provider-V1-service: garyVCam [guessYuvLayout:1114]:VCam guessYuvLayout: fmt=0x22 -> NV12
09-14 10:00:56.951   542  3053 E android.hardware.camera.provider-V1-service: garyVCam [save_frame:917]:VCam save_frame: slot ready 1920x1080 NV12 stamp=1757815256951159
09-14 10:00:56.951   542  3053 E android.hardware.camera.provider-V1-service: garyVCam [save_frame:924]:VCam save_frame: -
09-14 10:00:56.951   542  2999 E android.hardware.camera.provider-V1-service: garyVCam [copyPreparedYuvToStreamBuffer:1195]:VCam copyPreparedYuvToStreamBuffer: + yuvLen=3110400 layout=NV12 overrideStride=0
09-14 10:00:56.951   542  2999 E android.hardware.camera.provider-V1-service: garyVCam [estimateStrideFromSize:1145]:VCam estimateStrideFromSize: bestSize(6504) < minPacked(3110400), fallback stride=w(1920)
09-14 10:00:56.951   542  2999 E android.hardware.camera.provider-V1-service: garyVCam [copyPreparedYuvToStreamBuffer:1259]:copyYuv: cannot fit even with stride down, need=3110400 best=6504
09-14 10:00:56.951   542  2999 E android.hardware.camera.provider-V1-service: garyVCam [VCam_CopyLatestTo:1589]:VCam_CopyLatestTo: copy failed -7
09-14 10:00:56.951   542  2999 E RKISP2OutputFrameWorker: VCam InjectVirtualIfNeeded: stream 1920x1080 fmt=0x22 -> ret=-7
09-14 10:00:56.951   542  2999 E android.hardware.camera.provider-V1-service: garyVCam [VCam_Tick:1611]:VCam_Tick: fallback=0 desired=1 state=E_VIRTUAL_RUNNING lastFrameUs=1757815256915927 lastPingUs=1757815255861439 outputs=1
09-14 10:00:56.951   542  3053 E android.hardware.camera.provider-V1-service: garyVCam [client_thread_func:952]:client 42[0]> header cmdFlag=0 cmd=0 p1=1920 p2=1080 p3=19 p4=3110400 p5=1920 p6=1080
09-14 10:00:56.955   542  3053 E android.hardware.camera.provider-V1-service: garyVCam [save_frame:829]:VCam save_frame: + width=1920 height=1080 fmt=19 len=3110400 yStride=1920 ySlice=1080 desired=1 state=E_VIRTUAL_RUNNING outputs=1
09-14 10:00:56.956   542  3053 E android.hardware.camera.provider-V1-service: garyVCam [save_frame:881]:VCam save_frame: updated lastFrameUs=1757815256956434
09-14 10:00:56.956   542  3053 E android.hardware.camera.provider-V1-service: garyVCam [rga_data_convert_transform:256]:VCam rga_data_convert_transform: enter
09-14 10:00:56.956   542  3053 E android.hardware.camera.provider-V1-service: garyVCam [rga_data_convert:214]:VCam rga_data_convert: 1920x1080 I420 -> 1920x1080 NV12 rot=0 flipH=0 flipV=0
09-14 10:00:56.957   542  3053 E android.hardware.camera.provider-V1-service: garyVCam [build_transform_flags:200]:VCam build_transform_flags: rot=0 flipH=0 flipV=0 -> tf=0x0
09-14 10:00:56.957   542  3053 E android.hardware.camera.provider-V1-service: garyVCam [rga_data_convert:236]:VCam rga_data_convert: improcess path usage=0x0
09-14 10:00:56.959   542  3053 E android.hardware.camera.provider-V1-service: garyVCam [rga_data_convert:248]:VCam rga_data_convert: success
09-14 10:00:56.959   542  3053 E android.hardware.camera.provider-V1-service: garyVCam [rga_data_convert_transform:260]:VCam rga_data_convert_transform: exit ok=1
09-14 10:00:56.959   542  3053 E android.hardware.camera.provider-V1-service: garyVCam [applyEffectsAll:787]:VCam applyEffectsAll: mask=0x9 fmt=NV12 w=1920 h=1080
09-14 10:00:56.979   542  2999 E android.hardware.camera.provider-V1-service: garyVCam [guessYuvLayout:1114]:VCam guessYuvLayout: fmt=0x22 -> NV12
09-14 10:00:56.990   542  3053 E android.hardware.camera.provider-V1-service: garyVCam [save_frame:917]:VCam save_frame: slot ready 1920x1080 NV12 stamp=1757815256990389
09-14 10:00:56.990   542  3053 E android.hardware.camera.provider-V1-service: garyVCam [save_frame:924]:VCam save_frame: -
09-14 10:00:56.990   542  2999 E android.hardware.camera.provider-V1-service: garyVCam [copyPreparedYuvToStreamBuffer:1195]:VCam copyPreparedYuvToStreamBuffer: + yuvLen=3110400 layout=NV12 overrideStride=0
09-14 10:00:56.990   542  2999 E android.hardware.camera.provider-V1-service: garyVCam [estimateStrideFromSize:1145]:VCam estimateStrideFromSize: bestSize(6504) < minPacked(3110400), fallback stride=w(1920)
09-14 10:00:56.990   542  2999 E android.hardware.camera.provider-V1-service: garyVCam [copyPreparedYuvToStreamBuffer:1259]:copyYuv: cannot fit even with stride down, need=3110400 best=6504
09-14 10:00:56.990   542  2999 E android.hardware.camera.provider-V1-service: garyVCam [VCam_CopyLatestTo:1589]:VCam_CopyLatestTo: copy failed -7
09-14 10:00:56.990   542  2999 E RKISP2OutputFrameWorker: VCam InjectVirtualIfNeeded: stream 1920x1080 fmt=0x22 -> ret=-7
09-14 10:00:56.990   542  2999 E android.hardware.camera.provider-V1-service: garyVCam [VCam_Tick:1611]:VCam_Tick: fallback=0 desired=1 state=E_VIRTUAL_RUNNING lastFrameUs=1757815256956434 lastPingUs=1757815255861439 outputs=1
09-14 10:00:56.991   542  3053 E android.hardware.camera.provider-V1-service: garyVCam [client_thread_func:952]:client 42[0]> header cmdFlag=0 cmd=0 p1=1920 p2=1080 p3=19 p4=3110400 p5=1920 p6=1080
09-14 10:00:56.996   542  3053 E android.hardware.camera.provider-V1-service: garyVCam [save_frame:829]:VCam save_frame: + width=1920 height=1080 fmt=19 len=3110400 yStride=1920 ySlice=1080 desired=1 state=E_VIRTUAL_RUNNING outputs=1
09-14 10:00:56.997   542  3053 E android.hardware.camera.provider-V1-service: garyVCam [save_frame:881]:VCam save_frame: updated lastFrameUs=1757815256997777
09-14 10:00:56.997   542  3053 E android.hardware.camera.provider-V1-service: garyVCam [rga_data_convert_transform:256]:VCam rga_data_convert_transform: enter
09-14 10:00:56.997   542  3053 E android.hardware.camera.provider-V1-service: garyVCam [rga_data_convert:214]:VCam rga_data_convert: 1920x1080 I420 -> 1920x1080 NV12 rot=0 flipH=0 flipV=0
09-14 10:00:56.998   542  3053 E android.hardware.camera.provider-V1-service: garyVCam [build_transform_flags:200]:VCam build_transform_flags: rot=0 flipH=0 flipV=0 -> tf=0x0
09-14 10:00:56.998   542  3053 E android.hardware.camera.provider-V1-service: garyVCam [rga_data_convert:236]:VCam rga_data_convert: improcess path usage=0x0
09-14 10:00:57.001   542  3053 E android.hardware.camera.provider-V1-service: garyVCam [rga_data_convert:248]:VCam rga_data_convert: success
09-14 10:00:57.001   542  3053 E android.hardware.camera.provider-V1-service: garyVCam [rga_data_convert_transform:260]:VCam rga_data_convert_transform: exit ok=1
09-14 10:00:57.001   542  3053 E android.hardware.camera.provider-V1-service: garyVCam [applyEffectsAll:787]:VCam applyEffectsAll: mask=0x9 fmt=NV12 w=1920 h=1080
09-14 10:00:57.013   542  2999 E android.hardware.camera.provider-V1-service: garyVCam [guessYuvLayout:1114]:VCam guessYuvLayout: fmt=0x22 -> NV12
09-14 10:00:57.032   542  3053 E android.hardware.camera.provider-V1-service: garyVCam [save_frame:917]:VCam save_frame: slot ready 1920x1080 NV12 stamp=1757815257032234
09-14 10:00:57.032   542  3053 E android.hardware.camera.provider-V1-service: garyVCam [save_frame:924]:VCam save_frame: -
09-14 10:00:57.032   542  2999 E android.hardware.camera.provider-V1-service: garyVCam [copyPreparedYuvToStreamBuffer:1195]:VCam copyPreparedYuvToStreamBuffer: + yuvLen=3110400 layout=NV12 overrideStride=0
09-14 10:00:57.032   542  2999 E android.hardware.camera.provider-V1-service: garyVCam [estimateStrideFromSize:1145]:VCam estimateStrideFromSize: bestSize(6504) < minPacked(3110400), fallback stride=w(1920)
09-14 10:00:57.032   542  2999 E android.hardware.camera.provider-V1-service: garyVCam [copyPreparedYuvToStreamBuffer:1259]:copyYuv: cannot fit even with stride down, need=3110400 best=6504
09-14 10:00:57.032   542  2999 E android.hardware.camera.provider-V1-service: garyVCam [VCam_CopyLatestTo:1589]:VCam_CopyLatestTo: copy failed -7
09-14 10:00:57.032   542  2999 E RKISP2OutputFrameWorker: VCam InjectVirtualIfNeeded: stream 1920x1080 fmt=0x22 -> ret=-7
09-14 10:00:57.032   542  2999 E android.hardware.camera.provider-V1-service: garyVCam [VCam_Tick:1611]:VCam_Tick: fallback=0 desired=1 state=E_VIRTUAL_RUNNING lastFrameUs=1757815256997777 lastPingUs=1757815255861439 outputs=1
09-14 10:00:57.032   542  3053 E android.hardware.camera.provider-V1-service: garyVCam [client_thread_func:952]:client 42[0]> header cmdFlag=0 cmd=0 p1=1920 p2=1080 p3=19 p4=3110400 p5=1920 p6=1080
09-14 10:00:57.038   542  3053 E android.hardware.camera.provider-V1-service: garyVCam [save_frame:829]:VCam save_frame: + width=1920 height=1080 fmt=19 len=3110400 yStride=1920 ySlice=1080 desired=1 state=E_VIRTUAL_RUNNING outputs=1
09-14 10:00:57.039   542  3053 E android.hardware.camera.provider-V1-service: garyVCam [save_frame:881]:VCam save_frame: updated lastFrameUs=1757815257039934
09-14 10:00:57.040   542  3053 E android.hardware.camera.provider-V1-service: garyVCam [rga_data_convert_transform:256]:VCam rga_data_convert_transform: enter
09-14 10:00:57.040   542  3053 E android.hardware.camera.provider-V1-service: garyVCam [rga_data_convert:214]:VCam rga_data_convert: 1920x1080 I420 -> 1920x1080 NV12 rot=0 flipH=0 flipV=0
09-14 10:00:57.041   542  3053 E android.hardware.camera.provider-V1-service: garyVCam [build_transform_flags:200]:VCam build_transform_flags: rot=0 flipH=0 flipV=0 -> tf=0x0
09-14 10:00:57.041   542  3053 E android.hardware.camera.provider-V1-service: garyVCam [rga_data_convert:236]:VCam rga_data_convert: improcess path usage=0x0
09-14 10:00:57.043   542  3053 E android.hardware.camera.provider-V1-service: garyVCam [rga_data_convert:248]:VCam rga_data_convert: success
09-14 10:00:57.044   542  3053 E android.hardware.camera.provider-V1-service: garyVCam [rga_data_convert_transform:260]:VCam rga_data_convert_transform: exit ok=1
09-14 10:00:57.044   542  3053 E android.hardware.camera.provider-V1-service: garyVCam [applyEffectsAll:787]:VCam applyEffectsAll: mask=0x9 fmt=NV12 w=1920 h=1080
09-14 10:00:57.046   542  2999 E android.hardware.camera.provider-V1-service: garyVCam [guessYuvLayout:1114]:VCam guessYuvLayout: fmt=0x22 -> NV12
09-14 10:00:57.074   542  3053 E android.hardware.camera.provider-V1-service: garyVCam [save_frame:917]:VCam save_frame: slot ready 1920x1080 NV12 stamp=1757815257074659
09-14 10:00:57.074   542  3053 E android.hardware.camera.provider-V1-service: garyVCam [save_frame:924]:VCam save_frame: -
09-14 10:00:57.074   542  2999 E android.hardware.camera.provider-V1-service: garyVCam [copyPreparedYuvToStreamBuffer:1195]:VCam copyPreparedYuvToStreamBuffer: + yuvLen=3110400 layout=NV12 overrideStride=0
09-14 10:00:57.074   542  2999 E android.hardware.camera.provider-V1-service: garyVCam [estimateStrideFromSize:1145]:VCam estimateStrideFromSize: bestSize(6504) < minPacked(3110400), fallback stride=w(1920)
09-14 10:00:57.074   542  2999 E android.hardware.camera.provider-V1-service: garyVCam [copyPreparedYuvToStreamBuffer:1259]:copyYuv: cannot fit even with stride down, need=3110400 best=6504
09-14 10:00:57.074   542  2999 E android.hardware.camera.provider-V1-service: garyVCam [VCam_CopyLatestTo:1589]:VCam_CopyLatestTo: copy failed -7
09-14 10:00:57.074   542  2999 E RKISP2OutputFrameWorker: VCam InjectVirtualIfNeeded: stream 1920x1080 fmt=0x22 -> ret=-7
09-14 10:00:57.074   542  2999 E android.hardware.camera.provider-V1-service: garyVCam [VCam_Tick:1611]:VCam_Tick: fallback=0 desired=1 state=E_VIRTUAL_RUNNING lastFrameUs=1757815257039934 lastPingUs=1757815255861439 outputs=1
09-14 10:00:57.075   542  3053 E android.hardware.camera.provider-V1-service: garyVCam [client_thread_func:952]:client 42[0]> header cmdFlag=0 cmd=0 p1=1920 p2=1080 p3=19 p4=3110400 p5=1920 p6=1080
09-14 10:00:57.080   542  3053 E android.hardware.camera.provider-V1-service: garyVCam [save_frame:829]:VCam save_frame: + width=1920 height=1080 fmt=19 len=3110400 yStride=1920 ySlice=1080 desired=1 state=E_VIRTUAL_RUNNING outputs=1
09-14 10:00:57.081   542  2999 E android.hardware.camera.provider-V1-service: garyVCam [guessYuvLayout:1114]:VCam guessYuvLayout: fmt=0x22 -> NV12
09-14 10:00:57.081   542  2999 E android.hardware.camera.provider-V1-service: garyVCam [copyPreparedYuvToStreamBuffer:1195]:VCam copyPreparedYuvToStreamBuffer: + yuvLen=3110400 layout=NV12 overrideStride=0
09-14 10:00:57.081   542  2999 E android.hardware.camera.provider-V1-service: garyVCam [estimateStrideFromSize:1145]:VCam estimateStrideFromSize: bestSize(6504) < minPacked(3110400), fallback stride=w(1920)
09-14 10:00:57.081   542  2999 E android.hardware.camera.provider-V1-service: garyVCam [copyPreparedYuvToStreamBuffer:1259]:copyYuv: cannot fit even with stride down, need=3110400 best=6504
09-14 10:00:57.081   542  2999 E android.hardware.camera.provider-V1-service: garyVCam [VCam_CopyLatestTo:1589]:VCam_CopyLatestTo: copy failed -7
09-14 10:00:57.081   542  2999 E RKISP2OutputFrameWorker: VCam InjectVirtualIfNeeded: stream 1920x1080 fmt=0x22 -> ret=-7
09-14 10:00:57.081   542  2999 E android.hardware.camera.provider-V1-service: garyVCam [VCam_Tick:1611]:VCam_Tick: fallback=0 desired=1 state=E_VIRTUAL_RUNNING lastFrameUs=1757815257039934 lastPingUs=1757815255861439 outputs=1
09-14 10:00:57.081   542  3053 E android.hardware.camera.provider-V1-service: garyVCam [save_frame:881]:VCam save_frame: updated lastFrameUs=1757815257081947
09-14 10:00:57.082   542  3053 E android.hardware.camera.provider-V1-service: garyVCam [rga_data_convert_transform:256]:VCam rga_data_convert_transform: enter
09-14 10:00:57.082   542  3053 E android.hardware.camera.provider-V1-service: garyVCam [rga_data_convert:214]:VCam rga_data_convert: 1920x1080 I420 -> 1920x1080 NV12 rot=0 flipH=0 flipV=0
09-14 10:00:57.082   542  3053 E android.hardware.camera.provider-V1-service: garyVCam [build_transform_flags:200]:VCam build_transform_flags: rot=0 flipH=0 flipV=0 -> tf=0x0
09-14 10:00:57.082   542  3053 E android.hardware.camera.provider-V1-service: garyVCam [rga_data_convert:236]:VCam rga_data_convert: improcess path usage=0x0
09-14 10:00:57.085   542  3053 E android.hardware.camera.provider-V1-service: garyVCam [rga_data_convert:248]:VCam rga_data_convert: success
09-14 10:00:57.085   542  3053 E android.hardware.camera.provider-V1-service: garyVCam [rga_data_convert_transform:260]:VCam rga_data_convert_transform: exit ok=1
09-14 10:00:57.085   542  3053 E android.hardware.camera.provider-V1-service: garyVCam [applyEffectsAll:787]:VCam applyEffectsAll: mask=0x9 fmt=NV12 w=1920 h=1080
09-14 10:00:57.113   542  2999 E android.hardware.camera.provider-V1-service: garyVCam [guessYuvLayout:1114]:VCam guessYuvLayout: fmt=0x22 -> NV12
09-14 10:00:57.116   542  3053 E android.hardware.camera.provider-V1-service: garyVCam [save_frame:917]:VCam save_frame: slot ready 1920x1080 NV12 stamp=1757815257116799
09-14 10:00:57.116   542  3053 E android.hardware.camera.provider-V1-service: garyVCam [save_frame:924]:VCam save_frame: -
09-14 10:00:57.116   542  2999 E android.hardware.camera.provider-V1-service: garyVCam [copyPreparedYuvToStreamBuffer:1195]:VCam copyPreparedYuvToStreamBuffer: + yuvLen=3110400 layout=NV12 overrideStride=0
09-14 10:00:57.117   542  2999 E android.hardware.camera.provider-V1-service: garyVCam [estimateStrideFromSize:1145]:VCam estimateStrideFromSize: bestSize(6504) < minPacked(3110400), fallback stride=w(1920)
09-14 10:00:57.117   542  2999 E android.hardware.camera.provider-V1-service: garyVCam [copyPreparedYuvToStreamBuffer:1259]:copyYuv: cannot fit even with stride down, need=3110400 best=6504
09-14 10:00:57.117   542  2999 E android.hardware.camera.provider-V1-service: garyVCam [VCam_CopyLatestTo:1589]:VCam_CopyLatestTo: copy failed -7
09-14 10:00:57.117   542  2999 E RKISP2OutputFrameWorker: VCam InjectVirtualIfNeeded: stream 1920x1080 fmt=0x22 -> ret=-7
09-14 10:00:57.117   542  2999 E android.hardware.camera.provider-V1-service: garyVCam [VCam_Tick:1611]:VCam_Tick: fallback=0 desired=1 state=E_VIRTUAL_RUNNING lastFrameUs=1757815257081947 lastPingUs=1757815255861439 outputs=1
09-14 10:00:57.117   542  3053 E android.hardware.camera.provider-V1-service: garyVCam [client_thread_func:952]:client 42[0]> header cmdFlag=0 cmd=0 p1=1920 p2=1080 p3=19 p4=3110400 p5=1920 p6=1080
09-14 10:00:57.121   542  3053 E android.hardware.camera.provider-V1-service: garyVCam [save_frame:829]:VCam save_frame: + width=1920 height=1080 fmt=19 len=3110400 yStride=1920 ySlice=1080 desired=1 state=E_VIRTUAL_RUNNING outputs=1
09-14 10:00:57.122   542  3053 E android.hardware.camera.provider-V1-service: garyVCam [save_frame:881]:VCam save_frame: updated lastFrameUs=1757815257122437
09-14 10:00:57.122   542  3053 E android.hardware.camera.provider-V1-service: garyVCam [rga_data_convert_transform:256]:VCam rga_data_convert_transform: enter
09-14 10:00:57.122   542  3053 E android.hardware.camera.provider-V1-service: garyVCam [rga_data_convert:214]:VCam rga_data_convert: 1920x1080 I420 -> 1920x1080 NV12 rot=0 flipH=0 flipV=0
09-14 10:00:57.123   542  3053 E android.hardware.camera.provider-V1-service: garyVCam [build_transform_flags:200]:VCam build_transform_flags: rot=0 flipH=0 flipV=0 -> tf=0x0
09-14 10:00:57.123   542  3053 E android.hardware.camera.provider-V1-service: garyVCam [rga_data_convert:236]:VCam rga_data_convert: improcess path usage=0x0
09-14 10:00:57.126   542  3053 E android.hardware.camera.provider-V1-service: garyVCam [rga_data_convert:248]:VCam rga_data_convert: success
09-14 10:00:57.126   542  3053 E android.hardware.camera.provider-V1-service: garyVCam [rga_data_convert_transform:260]:VCam rga_data_convert_transform: exit ok=1
09-14 10:00:57.126   542  3053 E android.hardware.camera.provider-V1-service: garyVCam [applyEffectsAll:787]:VCam applyEffectsAll: mask=0x9 fmt=NV12 w=1920 h=1080
09-14 10:00:57.146   542  2999 E android.hardware.camera.provider-V1-service: garyVCam [guessYuvLayout:1114]:VCam guessYuvLayout: fmt=0x22 -> NV12
09-14 10:00:57.159   542  3053 E android.hardware.camera.provider-V1-service: garyVCam [save_frame:917]:VCam save_frame: slot ready 1920x1080 NV12 stamp=1757815257159726
09-14 10:00:57.159   542  3053 E android.hardware.camera.provider-V1-service: garyVCam [save_frame:924]:VCam save_frame: -
09-14 10:00:57.159   542  2999 E android.hardware.camera.provider-V1-service: garyVCam [copyPreparedYuvToStreamBuffer:1195]:VCam copyPreparedYuvToStreamBuffer: + yuvLen=3110400 layout=NV12 overrideStride=0
09-14 10:00:57.160   542  2999 E android.hardware.camera.provider-V1-service: garyVCam [estimateStrideFromSize:1145]:VCam estimateStrideFromSize: bestSize(6504) < minPacked(3110400), fallback stride=w(1920)
09-14 10:00:57.160   542  2999 E android.hardware.camera.provider-V1-service: garyVCam [copyPreparedYuvToStreamBuffer:1259]:copyYuv: cannot fit even with stride down, need=3110400 best=6504
09-14 10:00:57.160   542  2999 E android.hardware.camera.provider-V1-service: garyVCam [VCam_CopyLatestTo:1589]:VCam_CopyLatestTo: copy failed -7
09-14 10:00:57.160   542  2999 E RKISP2OutputFrameWorker: VCam InjectVirtualIfNeeded: stream 1920x1080 fmt=0x22 -> ret=-7
09-14 10:00:57.160   542  2999 E android.hardware.camera.provider-V1-service: garyVCam [VCam_Tick:1611]:VCam_Tick: fallback=0 desired=1 state=E_VIRTUAL_RUNNING lastFrameUs=1757815257122437 lastPingUs=1757815255861439 outputs=1
09-14 10:00:57.160   542  3053 E android.hardware.camera.provider-V1-service: garyVCam [client_thread_func:952]:client 42[0]> header cmdFlag=0 cmd=0 p1=1920 p2=1080 p3=19 p4=3110400 p5=1920 p6=1080
09-14 10:00:57.165   542  3053 E android.hardware.camera.provider-V1-service: garyVCam [save_frame:829]:VCam save_frame: + width=1920 height=1080 fmt=19 len=3110400 yStride=1920 ySlice=1080 desired=1 state=E_VIRTUAL_RUNNING outputs=1
09-14 10:00:57.166   542  3053 E android.hardware.camera.provider-V1-service: garyVCam [save_frame:881]:VCam save_frame: updated lastFrameUs=1757815257166637
09-14 10:00:57.166   542  3053 E android.hardware.camera.provider-V1-service: garyVCam [rga_data_convert_transform:256]:VCam rga_data_convert_transform: enter
09-14 10:00:57.166   542  3053 E android.hardware.camera.provider-V1-service: garyVCam [rga_data_convert:214]:VCam rga_data_convert: 1920x1080 I420 -> 1920x1080 NV12 rot=0 flipH=0 flipV=0
09-14 10:00:57.167   542  3053 E android.hardware.camera.provider-V1-service: garyVCam [build_transform_flags:200]:VCam build_transform_flags: rot=0 flipH=0 flipV=0 -> tf=0x0
09-14 10:00:57.167   542  3053 E android.hardware.camera.provider-V1-service: garyVCam [rga_data_convert:236]:VCam rga_data_convert: improcess path usage=0x0
09-14 10:00:57.170   542  3053 E android.hardware.camera.provider-V1-service: garyVCam [rga_data_convert:248]:VCam rga_data_convert: success
09-14 10:00:57.170   542  3053 E android.hardware.camera.provider-V1-service: garyVCam [rga_data_convert_transform:260]:VCam rga_data_convert_transform: exit ok=1
09-14 10:00:57.170   542  3053 E android.hardware.camera.provider-V1-service: garyVCam [applyEffectsAll:787]:VCam applyEffectsAll: mask=0x9 fmt=NV12 w=1920 h=1080
09-14 10:00:57.180   542  2999 E android.hardware.camera.provider-V1-service: garyVCam [guessYuvLayout:1114]:VCam guessYuvLayout: fmt=0x22 -> NV12
09-14 10:00:57.202   542  3053 E android.hardware.camera.provider-V1-service: garyVCam [save_frame:917]:VCam save_frame: slot ready 1920x1080 NV12 stamp=1757815257202796
09-14 10:00:57.202   542  3053 E android.hardware.camera.provider-V1-service: garyVCam [save_frame:924]:VCam save_frame: -
09-14 10:00:57.202   542  2999 E android.hardware.camera.provider-V1-service: garyVCam [copyPreparedYuvToStreamBuffer:1195]:VCam copyPreparedYuvToStreamBuffer: + yuvLen=3110400 layout=NV12 overrideStride=0
09-14 10:00:57.203   542  2999 E android.hardware.camera.provider-V1-service: garyVCam [estimateStrideFromSize:1145]:VCam estimateStrideFromSize: bestSize(6504) < minPacked(3110400), fallback stride=w(1920)
09-14 10:00:57.203   542  2999 E android.hardware.camera.provider-V1-service: garyVCam [copyPreparedYuvToStreamBuffer:1259]:copyYuv: cannot fit even with stride down, need=3110400 best=6504
09-14 10:00:57.203   542  2999 E android.hardware.camera.provider-V1-service: garyVCam [VCam_CopyLatestTo:1589]:VCam_CopyLatestTo: copy failed -7
09-14 10:00:57.203   542  2999 E RKISP2OutputFrameWorker: VCam InjectVirtualIfNeeded: stream 1920x1080 fmt=0x22 -> ret=-7
09-14 10:00:57.203   542  2999 E android.hardware.camera.provider-V1-service: garyVCam [VCam_Tick:1611]:VCam_Tick: fallback=0 desired=1 state=E_VIRTUAL_RUNNING lastFrameUs=1757815257166637 lastPingUs=1757815255861439 outputs=1
09-14 10:00:57.203   542  3053 E android.hardware.camera.provider-V1-service: garyVCam [client_thread_func:952]:client 42[0]> header cmdFlag=0 cmd=0 p1=1920 p2=1080 p3=19 p4=3110400 p5=1920 p6=1080
09-14 10:00:57.208   542  3053 E android.hardware.camera.provider-V1-service: garyVCam [save_frame:829]:VCam save_frame: + width=1920 height=1080 fmt=19 len=3110400 yStride=1920 ySlice=1080 desired=1 state=E_VIRTUAL_RUNNING outputs=1
09-14 10:00:57.210   542  3053 E android.hardware.camera.provider-V1-service: garyVCam [save_frame:881]:VCam save_frame: updated lastFrameUs=1757815257210477
09-14 10:00:57.210   542  3053 E android.hardware.camera.provider-V1-service: garyVCam [rga_data_convert_transform:256]:VCam rga_data_convert_transform: enter
09-14 10:00:57.210   542  3053 E android.hardware.camera.provider-V1-service: garyVCam [rga_data_convert:214]:VCam rga_data_convert: 1920x1080 I420 -> 1920x1080 NV12 rot=0 flipH=0 flipV=0
09-14 10:00:57.211   542  3053 E android.hardware.camera.provider-V1-service: garyVCam [build_transform_flags:200]:VCam build_transform_flags: rot=0 flipH=0 flipV=0 -> tf=0x0
09-14 10:00:57.211   542  3053 E android.hardware.camera.provider-V1-service: garyVCam [rga_data_convert:236]:VCam rga_data_convert: improcess path usage=0x0
09-14 10:00:57.213   542  2999 E android.hardware.camera.provider-V1-service: garyVCam [guessYuvLayout:1114]:VCam guessYuvLayout: fmt=0x22 -> NV12
09-14 10:00:57.214   542  3053 E android.hardware.camera.provider-V1-service: garyVCam [rga_data_convert:248]:VCam rga_data_convert: success
09-14 10:00:57.214   542  3053 E android.hardware.camera.provider-V1-service: garyVCam [rga_data_convert_transform:260]:VCam rga_data_convert_transform: exit ok=1
09-14 10:00:57.214   542  3053 E android.hardware.camera.provider-V1-service: garyVCam [applyEffectsAll:787]:VCam applyEffectsAll: mask=0x9 fmt=NV12 w=1920 h=1080
09-14 10:00:57.247   542  3053 E android.hardware.camera.provider-V1-service: garyVCam [save_frame:917]:VCam save_frame: slot ready 1920x1080 NV12 stamp=1757815257247875
09-14 10:00:57.247   542  3053 E android.hardware.camera.provider-V1-service: garyVCam [save_frame:924]:VCam save_frame: -
09-14 10:00:57.248   542  2999 E android.hardware.camera.provider-V1-service: garyVCam [copyPreparedYuvToStreamBuffer:1195]:VCam copyPreparedYuvToStreamBuffer: + yuvLen=3110400 layout=NV12 overrideStride=0
09-14 10:00:57.248   542  2999 E android.hardware.camera.provider-V1-service: garyVCam [estimateStrideFromSize:1145]:VCam estimateStrideFromSize: bestSize(6504) < minPacked(3110400), fallback stride=w(1920)
09-14 10:00:57.248   542  2999 E android.hardware.camera.provider-V1-service: garyVCam [copyPreparedYuvToStreamBuffer:1259]:copyYuv: cannot fit even with stride down, need=3110400 best=6504
09-14 10:00:57.248   542  2999 E android.hardware.camera.provider-V1-service: garyVCam [VCam_CopyLatestTo:1589]:VCam_CopyLatestTo: copy failed -7
09-14 10:00:57.248   542  2999 E RKISP2OutputFrameWorker: VCam InjectVirtualIfNeeded: stream 1920x1080 fmt=0x22 -> ret=-7
09-14 10:00:57.248   542  2999 E android.hardware.camera.provider-V1-service: garyVCam [VCam_Tick:1611]:VCam_Tick: fallback=0 desired=1 state=E_VIRTUAL_RUNNING lastFrameUs=1757815257210477 lastPingUs=1757815255861439 outputs=1
09-14 10:00:57.248   542  3053 E android.hardware.camera.provider-V1-service: garyVCam [client_thread_func:952]:client 42[0]> header cmdFlag=0 cmd=0 p1=1920 p2=1080 p3=19 p4=3110400 p5=1920 p6=1080
09-14 10:00:57.248   542  2999 E android.hardware.camera.provider-V1-service: garyVCam [guessYuvLayout:1114]:VCam guessYuvLayout: fmt=0x22 -> NV12
09-14 10:00:57.248   542  2999 E android.hardware.camera.provider-V1-service: garyVCam [copyPreparedYuvToStreamBuffer:1195]:VCam copyPreparedYuvToStreamBuffer: + yuvLen=3110400 layout=NV12 overrideStride=0
09-14 10:00:57.249   542  2999 E android.hardware.camera.provider-V1-service: garyVCam [estimateStrideFromSize:1145]:VCam estimateStrideFromSize: bestSize(6504) < minPacked(3110400), fallback stride=w(1920)
09-14 10:00:57.249   542  2999 E android.hardware.camera.provider-V1-service: garyVCam [copyPreparedYuvToStreamBuffer:1259]:copyYuv: cannot fit even with stride down, need=3110400 best=6504
09-14 10:00:57.249   542  2999 E android.hardware.camera.provider-V1-service: garyVCam [VCam_CopyLatestTo:1589]:VCam_CopyLatestTo: copy failed -7
09-14 10:00:57.249   542  2999 E RKISP2OutputFrameWorker: VCam InjectVirtualIfNeeded: stream 1920x1080 fmt=0x22 -> ret=-7
09-14 10:00:57.249   542  2999 E android.hardware.camera.provider-V1-service: garyVCam [VCam_Tick:1611]:VCam_Tick: fallback=0 desired=1 state=E_VIRTUAL_RUNNING lastFrameUs=1757815257210477 lastPingUs=1757815255861439 outputs=1
09-14 10:00:57.255   542  3053 E android.hardware.camera.provider-V1-service: garyVCam [save_frame:829]:VCam save_frame: + width=1920 height=1080 fmt=19 len=3110400 yStride=1920 ySlice=1080 desired=1 state=E_VIRTUAL_RUNNING outputs=1
09-14 10:00:57.256   542  3053 E android.hardware.camera.provider-V1-service: garyVCam [save_frame:881]:VCam save_frame: updated lastFrameUs=1757815257256176
09-14 10:00:57.256   542  3053 E android.hardware.camera.provider-V1-service: garyVCam [rga_data_convert_transform:256]:VCam rga_data_convert_transform: enter
09-14 10:00:57.256   542  3053 E android.hardware.camera.provider-V1-service: garyVCam [rga_data_convert:214]:VCam rga_data_convert: 1920x1080 I420 -> 1920x1080 NV12 rot=0 flipH=0 flipV=0
09-14 10:00:57.257   542  3053 E android.hardware.camera.provider-V1-service: garyVCam [build_transform_flags:200]:VCam build_transform_flags: rot=0 flipH=0 flipV=0 -> tf=0x0
09-14 10:00:57.257   542  3053 E android.hardware.camera.provider-V1-service: garyVCam [rga_data_convert:236]:VCam rga_data_convert: improcess path usage=0x0
09-14 10:00:57.260   542  3053 E android.hardware.camera.provider-V1-service: garyVCam [rga_data_convert:248]:VCam rga_data_convert: success
09-14 10:00:57.260   542  3053 E android.hardware.camera.provider-V1-service: garyVCam [rga_data_convert_transform:260]:VCam rga_data_convert_transform: exit ok=1
09-14 10:00:57.260   542  3053 E android.hardware.camera.provider-V1-service: garyVCam [applyEffectsAll:787]:VCam applyEffectsAll: mask=0x9 fmt=NV12 w=1920 h=1080
09-14 10:00:57.279   542  2999 E android.hardware.camera.provider-V1-service: garyVCam [guessYuvLayout:1114]:VCam guessYuvLayout: fmt=0x22 -> NV12
09-14 10:00:57.293   542  3053 E android.hardware.camera.provider-V1-service: garyVCam [save_frame:917]:VCam save_frame: slot ready 1920x1080 NV12 stamp=1757815257293562
09-14 10:00:57.293   542  3053 E android.hardware.camera.provider-V1-service: garyVCam [save_frame:924]:VCam save_frame: -
09-14 10:00:57.293   542  2999 E android.hardware.camera.provider-V1-service: garyVCam [copyPreparedYuvToStreamBuffer:1195]:VCam copyPreparedYuvToStreamBuffer: + yuvLen=3110400 layout=NV12 overrideStride=0
09-14 10:00:57.293   542  2999 E android.hardware.camera.provider-V1-service: garyVCam [estimateStrideFromSize:1145]:VCam estimateStrideFromSize: bestSize(6504) < minPacked(3110400), fallback stride=w(1920)
09-14 10:00:57.293   542  2999 E android.hardware.camera.provider-V1-service: garyVCam [copyPreparedYuvToStreamBuffer:1259]:copyYuv: cannot fit even with stride down, need=3110400 best=6504
09-14 10:00:57.293   542  2999 E android.hardware.camera.provider-V1-service: garyVCam [VCam_CopyLatestTo:1589]:VCam_CopyLatestTo: copy failed -7
09-14 10:00:57.293   542  2999 E RKISP2OutputFrameWorker: VCam InjectVirtualIfNeeded: stream 1920x1080 fmt=0x22 -> ret=-7
09-14 10:00:57.293   542  2999 E android.hardware.camera.provider-V1-service: garyVCam [VCam_Tick:1611]:VCam_Tick: fallback=0 desired=1 state=E_VIRTUAL_RUNNING lastFrameUs=1757815257256176 lastPingUs=1757815255861439 outputs=1
09-14 10:00:57.294   542  3053 E android.hardware.camera.provider-V1-service: garyVCam [client_thread_func:952]:client 42[0]> header cmdFlag=0 cmd=0 p1=1920 p2=1080 p3=19 p4=3110400 p5=1920 p6=1080
09-14 10:00:57.299   542  3053 E android.hardware.camera.provider-V1-service: garyVCam [save_frame:829]:VCam save_frame: + width=1920 height=1080 fmt=19 len=3110400 yStride=1920 ySlice=1080 desired=1 state=E_VIRTUAL_RUNNING outputs=1
09-14 10:00:57.301   542  3053 E android.hardware.camera.provider-V1-service: garyVCam [save_frame:881]:VCam save_frame: updated lastFrameUs=1757815257301117
09-14 10:00:57.301   542  3053 E android.hardware.camera.provider-V1-service: garyVCam [rga_data_convert_transform:256]:VCam rga_data_convert_transform: enter
09-14 10:00:57.301   542  3053 E android.hardware.camera.provider-V1-service: garyVCam [rga_data_convert:214]:VCam rga_data_convert: 1920x1080 I420 -> 1920x1080 NV12 rot=0 flipH=0 flipV=0
09-14 10:00:57.302   542  3053 E android.hardware.camera.provider-V1-service: garyVCam [build_transform_flags:200]:VCam build_transform_flags: rot=0 flipH=0 flipV=0 -> tf=0x0
09-14 10:00:57.302   542  3053 E android.hardware.camera.provider-V1-service: garyVCam [rga_data_convert:236]:VCam rga_data_convert: improcess path usage=0x0
09-14 10:00:57.306   542  3053 E android.hardware.camera.provider-V1-service: garyVCam [rga_data_convert:248]:VCam rga_data_convert: success
09-14 10:00:57.306   542  3053 E android.hardware.camera.provider-V1-service: garyVCam [rga_data_convert_transform:260]:VCam rga_data_convert_transform: exit ok=1
09-14 10:00:57.306   542  3053 E android.hardware.camera.provider-V1-service: garyVCam [applyEffectsAll:787]:VCam applyEffectsAll: mask=0x9 fmt=NV12 w=1920 h=1080
09-14 10:00:57.313   542  2999 E android.hardware.camera.provider-V1-service: garyVCam [guessYuvLayout:1114]:VCam guessYuvLayout: fmt=0x22 -> NV12
09-14 10:00:57.337   542  3053 E android.hardware.camera.provider-V1-service: garyVCam [save_frame:917]:VCam save_frame: slot ready 1920x1080 NV12 stamp=1757815257337170
09-14 10:00:57.337   542  3053 E android.hardware.camera.provider-V1-service: garyVCam [save_frame:924]:VCam save_frame: -
09-14 10:00:57.337   542  2999 E android.hardware.camera.provider-V1-service: garyVCam [copyPreparedYuvToStreamBuffer:1195]:VCam copyPreparedYuvToStreamBuffer: + yuvLen=3110400 layout=NV12 overrideStride=0
09-14 10:00:57.337   542  2999 E android.hardware.camera.provider-V1-service: garyVCam [estimateStrideFromSize:1145]:VCam estimateStrideFromSize: bestSize(6504) < minPacked(3110400), fallback stride=w(1920)
09-14 10:00:57.337   542  2999 E android.hardware.camera.provider-V1-service: garyVCam [copyPreparedYuvToStreamBuffer:1259]:copyYuv: cannot fit even with stride down, need=3110400 best=6504
09-14 10:00:57.337   542  2999 E android.hardware.camera.provider-V1-service: garyVCam [VCam_CopyLatestTo:1589]:VCam_CopyLatestTo: copy failed -7
09-14 10:00:57.337   542  2999 E RKISP2OutputFrameWorker: VCam InjectVirtualIfNeeded: stream 1920x1080 fmt=0x22 -> ret=-7
09-14 10:00:57.337   542  2999 E android.hardware.camera.provider-V1-service: garyVCam [VCam_Tick:1611]:VCam_Tick: fallback=0 desired=1 state=E_VIRTUAL_RUNNING lastFrameUs=1757815257301117 lastPingUs=1757815255861439 outputs=1
09-14 10:00:57.338   542  3053 E android.hardware.camera.provider-V1-service: garyVCam [client_thread_func:952]:client 42[0]> header cmdFlag=0 cmd=0 p1=1920 p2=1080 p3=19 p4=3110400 p5=1920 p6=1080
09-14 10:00:57.344   542  3053 E android.hardware.camera.provider-V1-service: garyVCam [save_frame:829]:VCam save_frame: + width=1920 height=1080 fmt=19 len=3110400 yStride=1920 ySlice=1080 desired=1 state=E_VIRTUAL_RUNNING outputs=1
09-14 10:00:57.345   542  3053 E android.hardware.camera.provider-V1-service: garyVCam [save_frame:881]:VCam save_frame: updated lastFrameUs=1757815257345802
09-14 10:00:57.345   542  3053 E android.hardware.camera.provider-V1-service: garyVCam [rga_data_convert_transform:256]:VCam rga_data_convert_transform: enter
09-14 10:00:57.345   542  3053 E android.hardware.camera.provider-V1-service: garyVCam [rga_data_convert:214]:VCam rga_data_convert: 1920x1080 I420 -> 1920x1080 NV12 rot=0 flipH=0 flipV=0
09-14 10:00:57.346   542  3053 E android.hardware.camera.provider-V1-service: garyVCam [build_transform_flags:200]:VCam build_transform_flags: rot=0 flipH=0 flipV=0 -> tf=0x0
09-14 10:00:57.346   542  3053 E android.hardware.camera.provider-V1-service: garyVCam [rga_data_convert:236]:VCam rga_data_convert: improcess path usage=0x0
09-14 10:00:57.347   542  2999 E android.hardware.camera.provider-V1-service: garyVCam [guessYuvLayout:1114]:VCam guessYuvLayout: fmt=0x22 -> NV12
09-14 10:00:57.349   542  3053 E android.hardware.camera.provider-V1-service: garyVCam [rga_data_convert:248]:VCam rga_data_convert: success
09-14 10:00:57.349   542  3053 E android.hardware.camera.provider-V1-service: garyVCam [rga_data_convert_transform:260]:VCam rga_data_convert_transform: exit ok=1
09-14 10:00:57.349   542  3053 E android.hardware.camera.provider-V1-service: garyVCam [applyEffectsAll:787]:VCam applyEffectsAll: mask=0x9 fmt=NV12 w=1920 h=1080
09-14 10:00:57.380   542  3053 E android.hardware.camera.provider-V1-service: garyVCam [save_frame:917]:VCam save_frame: slot ready 1920x1080 NV12 stamp=1757815257380032
09-14 10:00:57.380   542  3053 E android.hardware.camera.provider-V1-service: garyVCam [save_frame:924]:VCam save_frame: -
09-14 10:00:57.380   542  2999 E android.hardware.camera.provider-V1-service: garyVCam [copyPreparedYuvToStreamBuffer:1195]:VCam copyPreparedYuvToStreamBuffer: + yuvLen=3110400 layout=NV12 overrideStride=0
09-14 10:00:57.380   542  2999 E android.hardware.camera.provider-V1-service: garyVCam [estimateStrideFromSize:1145]:VCam estimateStrideFromSize: bestSize(6504) < minPacked(3110400), fallback stride=w(1920)
09-14 10:00:57.380   542  2999 E android.hardware.camera.provider-V1-service: garyVCam [copyPreparedYuvToStreamBuffer:1259]:copyYuv: cannot fit even with stride down, need=3110400 best=6504
09-14 10:00:57.380   542  2999 E android.hardware.camera.provider-V1-service: garyVCam [VCam_CopyLatestTo:1589]:VCam_CopyLatestTo: copy failed -7
09-14 10:00:57.380   542  2999 E RKISP2OutputFrameWorker: VCam InjectVirtualIfNeeded: stream 1920x1080 fmt=0x22 -> ret=-7
09-14 10:00:57.380   542  2999 E android.hardware.camera.provider-V1-service: garyVCam [VCam_Tick:1611]:VCam_Tick: fallback=0 desired=1 state=E_VIRTUAL_RUNNING lastFrameUs=1757815257345802 lastPingUs=1757815255861439 outputs=1
09-14 10:00:57.380   542  3053 E android.hardware.camera.provider-V1-service: garyVCam [client_thread_func:952]:client 42[0]> header cmdFlag=0 cmd=0 p1=1920 p2=1080 p3=19 p4=3110400 p5=1920 p6=1080
09-14 10:00:57.381   542  2999 E android.hardware.camera.provider-V1-service: garyVCam [guessYuvLayout:1114]:VCam guessYuvLayout: fmt=0x22 -> NV12
09-14 10:00:57.381   542  2999 E android.hardware.camera.provider-V1-service: garyVCam [copyPreparedYuvToStreamBuffer:1195]:VCam copyPreparedYuvToStreamBuffer: + yuvLen=3110400 layout=NV12 overrideStride=0
09-14 10:00:57.381   542  2999 E android.hardware.camera.provider-V1-service: garyVCam [estimateStrideFromSize:1145]:VCam estimateStrideFromSize: bestSize(6504) < minPacked(3110400), fallback stride=w(1920)
09-14 10:00:57.381   542  2999 E android.hardware.camera.provider-V1-service: garyVCam [copyPreparedYuvToStreamBuffer:1259]:copyYuv: cannot fit even with stride down, need=3110400 best=6504
09-14 10:00:57.381   542  2999 E android.hardware.camera.provider-V1-service: garyVCam [VCam_CopyLatestTo:1589]:VCam_CopyLatestTo: copy failed -7
09-14 10:00:57.381   542  2999 E RKISP2OutputFrameWorker: VCam InjectVirtualIfNeeded: stream 1920x1080 fmt=0x22 -> ret=-7
09-14 10:00:57.381   542  2999 E android.hardware.camera.provider-V1-service: garyVCam [VCam_Tick:1611]:VCam_Tick: fallback=0 desired=1 state=E_VIRTUAL_RUNNING lastFrameUs=1757815257345802 lastPingUs=1757815255861439 outputs=1
09-14 10:00:57.386   542  3053 E android.hardware.camera.provider-V1-service: garyVCam [save_frame:829]:VCam save_frame: + width=1920 height=1080 fmt=19 len=3110400 yStride=1920 ySlice=1080 desired=1 state=E_VIRTUAL_RUNNING outputs=1
09-14 10:00:57.387   542  3053 E android.hardware.camera.provider-V1-service: garyVCam [save_frame:881]:VCam save_frame: updated lastFrameUs=1757815257387915
09-14 10:00:57.387   542  3053 E android.hardware.camera.provider-V1-service: garyVCam [rga_data_convert_transform:256]:VCam rga_data_convert_transform: enter
09-14 10:00:57.388   542  3053 E android.hardware.camera.provider-V1-service: garyVCam [rga_data_convert:214]:VCam rga_data_convert: 1920x1080 I420 -> 1920x1080 NV12 rot=0 flipH=0 flipV=0
09-14 10:00:57.389   542  3053 E android.hardware.camera.provider-V1-service: garyVCam [build_transform_flags:200]:VCam build_transform_flags: rot=0 flipH=0 flipV=0 -> tf=0x0
09-14 10:00:57.389   542  3053 E android.hardware.camera.provider-V1-service: garyVCam [rga_data_convert:236]:VCam rga_data_convert: improcess path usage=0x0
09-14 10:00:57.392   542  3053 E android.hardware.camera.provider-V1-service: garyVCam [rga_data_convert:248]:VCam rga_data_convert: success
09-14 10:00:57.392   542  3053 E android.hardware.camera.provider-V1-service: garyVCam [rga_data_convert_transform:260]:VCam rga_data_convert_transform: exit ok=1
09-14 10:00:57.392   542  3053 E android.hardware.camera.provider-V1-service: garyVCam [applyEffectsAll:787]:VCam applyEffectsAll: mask=0x9 fmt=NV12 w=1920 h=1080
09-14 10:00:57.413   542  2999 E android.hardware.camera.provider-V1-service: garyVCam [guessYuvLayout:1114]:VCam guessYuvLayout: fmt=0x22 -> NV12
