09-14 10:00:56.219   542  2999 E android.hardware.camera.provider-V1-service: garyVCam [VCam_Tick:1611]:VCam_Tick: fallback=0 desired=1 state=E_VIRTUAL_RUNNING lastFrameUs=1757815256181972 lastPingUs=1757815255861439 outputs=1
09-14 10:00:56.226   542  3053 E android.hardware.camera.provider-V1-service: garyVCam [save_frame:829]:VCam save_frame: + width=1920 height=1080 fmt=19 len=3110400 yStride=1920 ySlice=1080 desired=1 state=E_VIRTUAL_RUNNING outputs=1
09-14 10:00:56.227   542  3053 E android.hardware.camera.provider-V1-service: garyVCam [save_frame:881]:VCam save_frame: updated lastFrameUs=1757815256227827
09-14 10:00:56.227   542  3053 E android.hardware.camera.provider-V1-service: garyVCam [rga_data_convert_transform:256]:VCam rga_data_convert_transform: enter
09-14 10:00:56.227   542  3053 E android.hardware.camera.provider-V1-service: garyVCam [rga_data_convert:214]:VCam rga_data_convert: 1920x1080 I420 -> 1920x1080 NV12 rot=0 flipH=0 flipV=0
09-14 10:00:56.228   542  3053 E android.hardware.camera.provider-V1-service: garyVCam [build_transform_flags:200]:VCam build_transform_flags: rot=0 flipH=0 flipV=0 -> tf=0x0
09-14 10:00:56.228   542  3053 E android.hardware.camera.provider-V1-service: garyVCam [rga_data_convert:236]:VCam rga_data_convert: improcess path usage=0x0
09-14 10:00:56.231   542  3053 E android.hardware.camera.provider-V1-service: garyVCam [rga_data_convert:248]:VCam rga_data_convert: success
09-14 10:00:56.231   542  3053 E android.hardware.camera.provider-V1-service: garyVCam [rga_data_convert_transform:260]:VCam rga_data_convert_transform: exit ok=1
09-14 10:00:56.231   542  3053 E android.hardware.camera.provider-V1-service: garyVCam [applyEffectsAll:787]:VCam applyEffectsAll: mask=0x9 fmt=NV12 w=1920 h=1080
09-14 10:00:56.246   542  2999 E android.hardware.camera.provider-V1-service: garyVCam [guessYuvLayout:1114]:VCam guessYuvLayout: fmt=0x22 -> NV12
09-14 10:00:56.262   542  3053 E android.hardware.camera.provider-V1-service: garyVCam [save_frame:917]:VCam save_frame: slot ready 1920x1080 NV12 stamp=1757815256262700
09-14 10:00:56.262   542  3053 E android.hardware.camera.provider-V1-service: garyVCam [save_frame:924]:VCam save_frame: -
09-14 10:00:56.262   542  2999 E android.hardware.camera.provider-V1-service: garyVCam [copyPreparedYuvToStreamBuffer:1195]:VCam copyPreparedYuvToStreamBuffer: + yuvLen=3110400 layout=NV12 overrideStride=0
09-14 10:00:56.262   542  2999 E android.hardware.camera.provider-V1-service: garyVCam [estimateStrideFromSize:1145]:VCam estimateStrideFromSize: bestSize(6504) < minPacked(3110400), fallback stride=w(1920)
09-14 10:00:56.263   542  2999 E android.hardware.camera.provider-V1-service: garyVCam [copyPreparedYuvToStreamBuffer:1259]:copyYuv: cannot fit even with stride down, need=3110400 best=6504
09-14 10:00:56.263   542  2999 E android.hardware.camera.provider-V1-service: garyVCam [VCam_CopyLatestTo:1589]:VCam_CopyLatestTo: copy failed -7
09-14 10:00:56.263   542  2999 E RKISP2OutputFrameWorker: VCam InjectVirtualIfNeeded: stream 1920x1080 fmt=0x22 -> ret=-7
09-14 10:00:56.263   542  2999 E android.hardware.camera.provider-V1-service: garyVCam [VCam_Tick:1611]:VCam_Tick: fallback=0 desired=1 state=E_VIRTUAL_RUNNING lastFrameUs=1757815256227827 lastPingUs=1757815255861439 outputs=1
09-14 10:00:56.263   542  3053 E android.hardware.camera.provider-V1-service: garyVCam [client_thread_func:952]:client 42[0]> header cmdFlag=0 cmd=0 p1=1920 p2=1080 p3=19 p4=3110400 p5=1920 p6=1080
09-14 10:00:56.270   542  3053 E android.hardware.camera.provider-V1-service: garyVCam [save_frame:829]:VCam save_frame: + width=1920 height=1080 fmt=19 len=3110400 yStride=1920 ySlice=1080 desired=1 state=E_VIRTUAL_RUNNING outputs=1
09-14 10:00:56.271   542  3053 E android.hardware.camera.provider-V1-service: garyVCam [save_frame:881]:VCam save_frame: updated lastFrameUs=1757815256271708
09-14 10:00:56.271   542  3053 E android.hardware.camera.provider-V1-service: garyVCam [rga_data_convert_transform:256]:VCam rga_data_convert_transform: enter
09-14 10:00:56.271   542  3053 E android.hardware.camera.provider-V1-service: garyVCam [rga_data_convert:214]:VCam rga_data_convert: 1920x1080 I420 -> 1920x1080 NV12 rot=0 flipH=0 flipV=0
09-14 10:00:56.272   542  3053 E android.hardware.camera.provider-V1-service: garyVCam [build_transform_flags:200]:VCam build_transform_flags: rot=0 flipH=0 flipV=0 -> tf=0x0
09-14 10:00:56.272   542  3053 E android.hardware.camera.provider-V1-service: garyVCam [rga_data_convert:236]:VCam rga_data_convert: improcess path usage=0x0
09-14 10:00:56.275   542  3053 E android.hardware.camera.provider-V1-service: garyVCam [rga_data_convert:248]:VCam rga_data_convert: success
09-14 10:00:56.275   542  3053 E android.hardware.camera.provider-V1-service: garyVCam [rga_data_convert_transform:260]:VCam rga_data_convert_transform: exit ok=1
09-14 10:00:56.275   542  3053 E android.hardware.camera.provider-V1-service: garyVCam [applyEffectsAll:787]:VCam applyEffectsAll: mask=0x9 fmt=NV12 w=1920 h=1080
09-14 10:00:56.280   542  2999 E android.hardware.camera.provider-V1-service: garyVCam [guessYuvLayout:1114]:VCam guessYuvLayout: fmt=0x22 -> NV12
09-14 10:00:56.307   542  3053 E android.hardware.camera.provider-V1-service: garyVCam [save_frame:917]:VCam save_frame: slot ready 1920x1080 NV12 stamp=1757815256307103
09-14 10:00:56.307   542  3053 E android.hardware.camera.provider-V1-service: garyVCam [save_frame:924]:VCam save_frame: -
09-14 10:00:56.307   542  2999 E android.hardware.camera.provider-V1-service: garyVCam [copyPreparedYuvToStreamBuffer:1195]:VCam copyPreparedYuvToStreamBuffer: + yuvLen=3110400 layout=NV12 overrideStride=0
09-14 10:00:56.307   542  2999 E android.hardware.camera.provider-V1-service: garyVCam [estimateStrideFromSize:1145]:VCam estimateStrideFromSize: bestSize(6504) < minPacked(3110400), fallback stride=w(1920)
09-14 10:00:56.307   542  2999 E android.hardware.camera.provider-V1-service: garyVCam [copyPreparedYuvToStreamBuffer:1259]:copyYuv: cannot fit even with stride down, need=3110400 best=6504
09-14 10:00:56.307   542  2999 E android.hardware.camera.provider-V1-service: garyVCam [VCam_CopyLatestTo:1589]:VCam_CopyLatestTo: copy failed -7
09-14 10:00:56.307   542  2999 E RKISP2OutputFrameWorker: VCam InjectVirtualIfNeeded: stream 1920x1080 fmt=0x22 -> ret=-7
09-14 10:00:56.307   542  2999 E android.hardware.camera.provider-V1-service: garyVCam [VCam_Tick:1611]:VCam_Tick: fallback=0 desired=1 state=E_VIRTUAL_RUNNING lastFrameUs=1757815256271708 lastPingUs=1757815255861439 outputs=1
09-14 10:00:56.307   542  3053 E android.hardware.camera.provider-V1-service: garyVCam [client_thread_func:952]:client 42[0]> header cmdFlag=0 cmd=0 p1=1920 p2=1080 p3=19 p4=3110400 p5=1920 p6=1080
09-14 10:00:56.314   542  2999 E android.hardware.camera.provider-V1-service: garyVCam [guessYuvLayout:1114]:VCam guessYuvLayout: fmt=0x22 -> NV12
09-14 10:00:56.314   542  3053 E android.hardware.camera.provider-V1-service: garyVCam [save_frame:829]:VCam save_frame: + width=1920 height=1080 fmt=19 len=3110400 yStride=1920 ySlice=1080 desired=1 state=E_VIRTUAL_RUNNING outputs=1
09-14 10:00:56.314   542  2999 E android.hardware.camera.provider-V1-service: garyVCam [copyPreparedYuvToStreamBuffer:1195]:VCam copyPreparedYuvToStreamBuffer: + yuvLen=3110400 layout=NV12 overrideStride=0
09-14 10:00:56.314   542  2999 E android.hardware.camera.provider-V1-service: garyVCam [estimateStrideFromSize:1145]:VCam estimateStrideFromSize: bestSize(6504) < minPacked(3110400), fallback stride=w(1920)
09-14 10:00:56.314   542  2999 E android.hardware.camera.provider-V1-service: garyVCam [copyPreparedYuvToStreamBuffer:1259]:copyYuv: cannot fit even with stride down, need=3110400 best=6504
09-14 10:00:56.314   542  2999 E android.hardware.camera.provider-V1-service: garyVCam [VCam_CopyLatestTo:1589]:VCam_CopyLatestTo: copy failed -7
09-14 10:00:56.314   542  2999 E RKISP2OutputFrameWorker: VCam InjectVirtualIfNeeded: stream 1920x1080 fmt=0x22 -> ret=-7
09-14 10:00:56.314   542  2999 E android.hardware.camera.provider-V1-service: garyVCam [VCam_Tick:1611]:VCam_Tick: fallback=0 desired=1 state=E_VIRTUAL_RUNNING lastFrameUs=1757815256271708 lastPingUs=1757815255861439 outputs=1
09-14 10:00:56.315   542  3053 E android.hardware.camera.provider-V1-service: garyVCam [save_frame:881]:VCam save_frame: updated lastFrameUs=1757815256315505
09-14 10:00:56.315   542  3053 E android.hardware.camera.provider-V1-service: garyVCam [rga_data_convert_transform:256]:VCam rga_data_convert_transform: enter
09-14 10:00:56.315   542  3053 E android.hardware.camera.provider-V1-service: garyVCam [rga_data_convert:214]:VCam rga_data_convert: 1920x1080 I420 -> 1920x1080 NV12 rot=0 flipH=0 flipV=0
09-14 10:00:56.316   542  3053 E android.hardware.camera.provider-V1-service: garyVCam [build_transform_flags:200]:VCam build_transform_flags: rot=0 flipH=0 flipV=0 -> tf=0x0
09-14 10:00:56.316   542  3053 E android.hardware.camera.provider-V1-service: garyVCam [rga_data_convert:236]:VCam rga_data_convert: improcess path usage=0x0
09-14 10:00:56.319   542  3053 E android.hardware.camera.provider-V1-service: garyVCam [rga_data_convert:248]:VCam rga_data_convert: success
09-14 10:00:56.319   542  3053 E android.hardware.camera.provider-V1-service: garyVCam [rga_data_convert_transform:260]:VCam rga_data_convert_transform: exit ok=1
09-14 10:00:56.319   542  3053 E android.hardware.camera.provider-V1-service: garyVCam [applyEffectsAll:787]:VCam applyEffectsAll: mask=0x9 fmt=NV12 w=1920 h=1080
09-14 10:00:56.346   542  2999 E android.hardware.camera.provider-V1-service: garyVCam [guessYuvLayout:1114]:VCam guessYuvLayout: fmt=0x22 -> NV12
09-14 10:00:56.351   542  3053 E android.hardware.camera.provider-V1-service: garyVCam [save_frame:917]:VCam save_frame: slot ready 1920x1080 NV12 stamp=1757815256351907
09-14 10:00:56.351   542  3053 E android.hardware.camera.provider-V1-service: garyVCam [save_frame:924]:VCam save_frame: -
09-14 10:00:56.351   542  2999 E android.hardware.camera.provider-V1-service: garyVCam [copyPreparedYuvToStreamBuffer:1195]:VCam copyPreparedYuvToStreamBuffer: + yuvLen=3110400 layout=NV12 overrideStride=0
09-14 10:00:56.352   542  2999 E android.hardware.camera.provider-V1-service: garyVCam [estimateStrideFromSize:1145]:VCam estimateStrideFromSize: bestSize(6504) < minPacked(3110400), fallback stride=w(1920)
09-14 10:00:56.352   542  2999 E android.hardware.camera.provider-V1-service: garyVCam [copyPreparedYuvToStreamBuffer:1259]:copyYuv: cannot fit even with stride down, need=3110400 best=6504
09-14 10:00:56.352   542  2999 E android.hardware.camera.provider-V1-service: garyVCam [VCam_CopyLatestTo:1589]:VCam_CopyLatestTo: copy failed -7
09-14 10:00:56.352   542  2999 E RKISP2OutputFrameWorker: VCam InjectVirtualIfNeeded: stream 1920x1080 fmt=0x22 -> ret=-7
09-14 10:00:56.352   542  2999 E android.hardware.camera.provider-V1-service: garyVCam [VCam_Tick:1611]:VCam_Tick: fallback=0 desired=1 state=E_VIRTUAL_RUNNING lastFrameUs=1757815256315505 lastPingUs=1757815255861439 outputs=1
09-14 10:00:56.352   542  3053 E android.hardware.camera.provider-V1-service: garyVCam [client_thread_func:952]:client 42[0]> header cmdFlag=0 cmd=0 p1=1920 p2=1080 p3=19 p4=3110400 p5=1920 p6=1080
09-14 10:00:56.356   542  3053 E android.hardware.camera.provider-V1-service: garyVCam [save_frame:829]:VCam save_frame: + width=1920 height=1080 fmt=19 len=3110400 yStride=1920 ySlice=1080 desired=1 state=E_VIRTUAL_RUNNING outputs=1
09-14 10:00:56.357   542  3053 E android.hardware.camera.provider-V1-service: garyVCam [save_frame:881]:VCam save_frame: updated lastFrameUs=1757815256357582
09-14 10:00:56.357   542  3053 E android.hardware.camera.provider-V1-service: garyVCam [rga_data_convert_transform:256]:VCam rga_data_convert_transform: enter
09-14 10:00:56.357   542  3053 E android.hardware.camera.provider-V1-service: garyVCam [rga_data_convert:214]:VCam rga_data_convert: 1920x1080 I420 -> 1920x1080 NV12 rot=0 flipH=0 flipV=0
09-14 10:00:56.358   542  3053 E android.hardware.camera.provider-V1-service: garyVCam [build_transform_flags:200]:VCam build_transform_flags: rot=0 flipH=0 flipV=0 -> tf=0x0
09-14 10:00:56.358   542  3053 E android.hardware.camera.provider-V1-service: garyVCam [rga_data_convert:236]:VCam rga_data_convert: improcess path usage=0x0
09-14 10:00:56.361   542  3053 E android.hardware.camera.provider-V1-service: garyVCam [rga_data_convert:248]:VCam rga_data_convert: success
09-14 10:00:56.361   542  3053 E android.hardware.camera.provider-V1-service: garyVCam [rga_data_convert_transform:260]:VCam rga_data_convert_transform: exit ok=1
09-14 10:00:56.361   542  3053 E android.hardware.camera.provider-V1-service: garyVCam [applyEffectsAll:787]:VCam applyEffectsAll: mask=0x9 fmt=NV12 w=1920 h=1080
09-14 10:00:56.380   542  2999 E android.hardware.camera.provider-V1-service: garyVCam [guessYuvLayout:1114]:VCam guessYuvLayout: fmt=0x22 -> NV12
09-14 10:00:56.392   542  3053 E android.hardware.camera.provider-V1-service: garyVCam [save_frame:917]:VCam save_frame: slot ready 1920x1080 NV12 stamp=1757815256392100
09-14 10:00:56.392   542  3053 E android.hardware.camera.provider-V1-service: garyVCam [save_frame:924]:VCam save_frame: -
09-14 10:00:56.392   542  2999 E android.hardware.camera.provider-V1-service: garyVCam [copyPreparedYuvToStreamBuffer:1195]:VCam copyPreparedYuvToStreamBuffer: + yuvLen=3110400 layout=NV12 overrideStride=0
09-14 10:00:56.392   542  2999 E android.hardware.camera.provider-V1-service: garyVCam [estimateStrideFromSize:1145]:VCam estimateStrideFromSize: bestSize(6504) < minPacked(3110400), fallback stride=w(1920)
09-14 10:00:56.392   542  2999 E android.hardware.camera.provider-V1-service: garyVCam [copyPreparedYuvToStreamBuffer:1259]:copyYuv: cannot fit even with stride down, need=3110400 best=6504
09-14 10:00:56.392   542  2999 E android.hardware.camera.provider-V1-service: garyVCam [VCam_CopyLatestTo:1589]:VCam_CopyLatestTo: copy failed -7
09-14 10:00:56.392   542  2999 E RKISP2OutputFrameWorker: VCam InjectVirtualIfNeeded: stream 1920x1080 fmt=0x22 -> ret=-7
09-14 10:00:56.392   542  2999 E android.hardware.camera.provider-V1-service: garyVCam [VCam_Tick:1611]:VCam_Tick: fallback=0 desired=1 state=E_VIRTUAL_RUNNING lastFrameUs=1757815256357582 lastPingUs=1757815255861439 outputs=1
09-14 10:00:56.392   542  3053 E android.hardware.camera.provider-V1-service: garyVCam [client_thread_func:952]:client 42[0]> header cmdFlag=0 cmd=0 p1=1920 p2=1080 p3=19 p4=3110400 p5=1920 p6=1080
09-14 10:00:56.397   542  3053 E android.hardware.camera.provider-V1-service: garyVCam [save_frame:829]:VCam save_frame: + width=1920 height=1080 fmt=19 len=3110400 yStride=1920 ySlice=1080 desired=1 state=E_VIRTUAL_RUNNING outputs=1
09-14 10:00:56.399   542  3053 E android.hardware.camera.provider-V1-service: garyVCam [save_frame:881]:VCam save_frame: updated lastFrameUs=1757815256399362
09-14 10:00:56.399   542  3053 E android.hardware.camera.provider-V1-service: garyVCam [rga_data_convert_transform:256]:VCam rga_data_convert_transform: enter
09-14 10:00:56.399   542  3053 E android.hardware.camera.provider-V1-service: garyVCam [rga_data_convert:214]:VCam rga_data_convert: 1920x1080 I420 -> 1920x1080 NV12 rot=0 flipH=0 flipV=0
09-14 10:00:56.400   542  3053 E android.hardware.camera.provider-V1-service: garyVCam [build_transform_flags:200]:VCam build_transform_flags: rot=0 flipH=0 flipV=0 -> tf=0x0
09-14 10:00:56.400   542  3053 E android.hardware.camera.provider-V1-service: garyVCam [rga_data_convert:236]:VCam rga_data_convert: improcess path usage=0x0
09-14 10:00:56.403   542  3053 E android.hardware.camera.provider-V1-service: garyVCam [rga_data_convert:248]:VCam rga_data_convert: success
09-14 10:00:56.403   542  3053 E android.hardware.camera.provider-V1-service: garyVCam [rga_data_convert_transform:260]:VCam rga_data_convert_transform: exit ok=1
09-14 10:00:56.403   542  3053 E android.hardware.camera.provider-V1-service: garyVCam [applyEffectsAll:787]:VCam applyEffectsAll: mask=0x9 fmt=NV12 w=1920 h=1080
09-14 10:00:56.412   542  2999 E android.hardware.camera.provider-V1-service: garyVCam [guessYuvLayout:1114]:VCam guessYuvLayout: fmt=0x22 -> NV12
09-14 10:00:56.434   542  3053 E android.hardware.camera.provider-V1-service: garyVCam [save_frame:917]:VCam save_frame: slot ready 1920x1080 NV12 stamp=1757815256434187
09-14 10:00:56.434   542  3053 E android.hardware.camera.provider-V1-service: garyVCam [save_frame:924]:VCam save_frame: -
09-14 10:00:56.434   542  2999 E android.hardware.camera.provider-V1-service: garyVCam [copyPreparedYuvToStreamBuffer:1195]:VCam copyPreparedYuvToStreamBuffer: + yuvLen=3110400 layout=NV12 overrideStride=0
09-14 10:00:56.434   542  2999 E android.hardware.camera.provider-V1-service: garyVCam [estimateStrideFromSize:1145]:VCam estimateStrideFromSize: bestSize(6504) < minPacked(3110400), fallback stride=w(1920)
09-14 10:00:56.434   542  2999 E android.hardware.camera.provider-V1-service: garyVCam [copyPreparedYuvToStreamBuffer:1259]:copyYuv: cannot fit even with stride down, need=3110400 best=6504
09-14 10:00:56.434   542  2999 E android.hardware.camera.provider-V1-service: garyVCam [VCam_CopyLatestTo:1589]:VCam_CopyLatestTo: copy failed -7
09-14 10:00:56.434   542  2999 E RKISP2OutputFrameWorker: VCam InjectVirtualIfNeeded: stream 1920x1080 fmt=0x22 -> ret=-7
09-14 10:00:56.434   542  2999 E android.hardware.camera.provider-V1-service: garyVCam [VCam_Tick:1611]:VCam_Tick: fallback=0 desired=1 state=E_VIRTUAL_RUNNING lastFrameUs=1757815256399362 lastPingUs=1757815255861439 outputs=1
09-14 10:00:56.434   542  3053 E android.hardware.camera.provider-V1-service: garyVCam [client_thread_func:952]:client 42[0]> header cmdFlag=0 cmd=0 p1=1920 p2=1080 p3=19 p4=3110400 p5=1920 p6=1080
09-14 10:00:56.440   542  3053 E android.hardware.camera.provider-V1-service: garyVCam [save_frame:829]:VCam save_frame: + width=1920 height=1080 fmt=19 len=3110400 yStride=1920 ySlice=1080 desired=1 state=E_VIRTUAL_RUNNING outputs=1
09-14 10:00:56.442   542  3053 E android.hardware.camera.provider-V1-service: garyVCam [save_frame:881]:VCam save_frame: updated lastFrameUs=1757815256442787
09-14 10:00:56.442   542  3053 E android.hardware.camera.provider-V1-service: garyVCam [rga_data_convert_transform:256]:VCam rga_data_convert_transform: enter
09-14 10:00:56.442   542  3053 E android.hardware.camera.provider-V1-service: garyVCam [rga_data_convert:214]:VCam rga_data_convert: 1920x1080 I420 -> 1920x1080 NV12 rot=0 flipH=0 flipV=0
09-14 10:00:56.444   542  3053 E android.hardware.camera.provider-V1-service: garyVCam [build_transform_flags:200]:VCam build_transform_flags: rot=0 flipH=0 flipV=0 -> tf=0x0
09-14 10:00:56.444   542  3053 E android.hardware.camera.provider-V1-service: garyVCam [rga_data_convert:236]:VCam rga_data_convert: improcess path usage=0x0
09-14 10:00:56.446   542  2999 E android.hardware.camera.provider-V1-service: garyVCam [guessYuvLayout:1114]:VCam guessYuvLayout: fmt=0x22 -> NV12
09-14 10:00:56.448   542  3053 E android.hardware.camera.provider-V1-service: garyVCam [rga_data_convert:248]:VCam rga_data_convert: success
09-14 10:00:56.448   542  3053 E android.hardware.camera.provider-V1-service: garyVCam [rga_data_convert_transform:260]:VCam rga_data_convert_transform: exit ok=1
09-14 10:00:56.448   542  3053 E android.hardware.camera.provider-V1-service: garyVCam [applyEffectsAll:787]:VCam applyEffectsAll: mask=0x9 fmt=NV12 w=1920 h=1080
09-14 10:00:56.478   542  3053 E android.hardware.camera.provider-V1-service: garyVCam [save_frame:917]:VCam save_frame: slot ready 1920x1080 NV12 stamp=1757815256478751
09-14 10:00:56.478   542  3053 E android.hardware.camera.provider-V1-service: garyVCam [save_frame:924]:VCam save_frame: -
09-14 10:00:56.478   542  2999 E android.hardware.camera.provider-V1-service: garyVCam [copyPreparedYuvToStreamBuffer:1195]:VCam copyPreparedYuvToStreamBuffer: + yuvLen=3110400 layout=NV12 overrideStride=0
09-14 10:00:56.479   542  2999 E android.hardware.camera.provider-V1-service: garyVCam [estimateStrideFromSize:1145]:VCam estimateStrideFromSize: bestSize(6504) < minPacked(3110400), fallback stride=w(1920)
09-14 10:00:56.479   542  2999 E android.hardware.camera.provider-V1-service: garyVCam [copyPreparedYuvToStreamBuffer:1259]:copyYuv: cannot fit even with stride down, need=3110400 best=6504
09-14 10:00:56.479   542  2999 E android.hardware.camera.provider-V1-service: garyVCam [VCam_CopyLatestTo:1589]:VCam_CopyLatestTo: copy failed -7
09-14 10:00:56.479   542  2999 E RKISP2OutputFrameWorker: VCam InjectVirtualIfNeeded: stream 1920x1080 fmt=0x22 -> ret=-7
09-14 10:00:56.479   542  2999 E android.hardware.camera.provider-V1-service: garyVCam [VCam_Tick:1611]:VCam_Tick: fallback=0 desired=1 state=E_VIRTUAL_RUNNING lastFrameUs=1757815256442787 lastPingUs=1757815255861439 outputs=1
09-14 10:00:56.479   542  3053 E android.hardware.camera.provider-V1-service: garyVCam [client_thread_func:952]:client 42[0]> header cmdFlag=0 cmd=0 p1=1920 p2=1080 p3=19 p4=3110400 p5=1920 p6=1080
09-14 10:00:56.481   542  2999 E android.hardware.camera.provider-V1-service: garyVCam [guessYuvLayout:1114]:VCam guessYuvLayout: fmt=0x22 -> NV12
09-14 10:00:56.481   542  2999 E android.hardware.camera.provider-V1-service: garyVCam [copyPreparedYuvToStreamBuffer:1195]:VCam copyPreparedYuvToStreamBuffer: + yuvLen=3110400 layout=NV12 overrideStride=0
09-14 10:00:56.481   542  2999 E android.hardware.camera.provider-V1-service: garyVCam [copyPreparedYuvToStreamBuffer:1232]:copyYuv: no valid fd in buffer_handle
09-14 10:00:56.481   542  2999 E android.hardware.camera.provider-V1-service: garyVCam [VCam_CopyLatestTo:1589]:VCam_CopyLatestTo: copy failed -4
09-14 10:00:56.481   542  2999 E RKISP2OutputFrameWorker: VCam InjectVirtualIfNeeded: stream 1920x1080 fmt=0x22 -> ret=-4
09-14 10:00:56.481   542  2999 E android.hardware.camera.provider-V1-service: garyVCam [VCam_Tick:1611]:VCam_Tick: fallback=0 desired=1 state=E_VIRTUAL_RUNNING lastFrameUs=1757815256442787 lastPingUs=1757815255861439 outputs=1
09-14 10:00:56.485   542  3053 E android.hardware.camera.provider-V1-service: garyVCam [save_frame:829]:VCam save_frame: + width=1920 height=1080 fmt=19 len=3110400 yStride=1920 ySlice=1080 desired=1 state=E_VIRTUAL_RUNNING outputs=1
09-14 10:00:56.486   542  3053 E android.hardware.camera.provider-V1-service: garyVCam [save_frame:881]:VCam save_frame: updated lastFrameUs=1757815256486490
09-14 10:00:56.486   542  3053 E android.hardware.camera.provider-V1-service: garyVCam [rga_data_convert_transform:256]:VCam rga_data_convert_transform: enter
09-14 10:00:56.486   542  3053 E android.hardware.camera.provider-V1-service: garyVCam [rga_data_convert:214]:VCam rga_data_convert: 1920x1080 I420 -> 1920x1080 NV12 rot=0 flipH=0 flipV=0
09-14 10:00:56.487   542  3053 E android.hardware.camera.provider-V1-service: garyVCam [build_transform_flags:200]:VCam build_transform_flags: rot=0 flipH=0 flipV=0 -> tf=0x0
09-14 10:00:56.487   542  3053 E android.hardware.camera.provider-V1-service: garyVCam [rga_data_convert:236]:VCam rga_data_convert: improcess path usage=0x0
09-14 10:00:56.490   542  3053 E android.hardware.camera.provider-V1-service: garyVCam [rga_data_convert:248]:VCam rga_data_convert: success
09-14 10:00:56.490   542  3053 E android.hardware.camera.provider-V1-service: garyVCam [rga_data_convert_transform:260]:VCam rga_data_convert_transform: exit ok=1
09-14 10:00:56.490   542  3053 E android.hardware.camera.provider-V1-service: garyVCam [applyEffectsAll:787]:VCam applyEffectsAll: mask=0x9 fmt=NV12 w=1920 h=1080
09-14 10:00:56.513   542  2999 E android.hardware.camera.provider-V1-service: garyVCam [guessYuvLayout:1114]:VCam guessYuvLayout: fmt=0x22 -> NV12
09-14 10:00:56.521   542  3053 E android.hardware.camera.provider-V1-service: garyVCam [save_frame:917]:VCam save_frame: slot ready 1920x1080 NV12 stamp=1757815256521854
09-14 10:00:56.521   542  3053 E android.hardware.camera.provider-V1-service: garyVCam [save_frame:924]:VCam save_frame: -
09-14 10:00:56.521   542  2999 E android.hardware.camera.provider-V1-service: garyVCam [copyPreparedYuvToStreamBuffer:1195]:VCam copyPreparedYuvToStreamBuffer: + yuvLen=3110400 layout=NV12 overrideStride=0
09-14 10:00:56.522   542  2999 E android.hardware.camera.provider-V1-service: garyVCam [estimateStrideFromSize:1145]:VCam estimateStrideFromSize: bestSize(6504) < minPacked(3110400), fallback stride=w(1920)
09-14 10:00:56.522   542  2999 E android.hardware.camera.provider-V1-service: garyVCam [copyPreparedYuvToStreamBuffer:1259]:copyYuv: cannot fit even with stride down, need=3110400 best=6504
09-14 10:00:56.522   542  2999 E android.hardware.camera.provider-V1-service: garyVCam [VCam_CopyLatestTo:1589]:VCam_CopyLatestTo: copy failed -7
09-14 10:00:56.522   542  2999 E RKISP2OutputFrameWorker: VCam InjectVirtualIfNeeded: stream 1920x1080 fmt=0x22 -> ret=-7
09-14 10:00:56.522   542  2999 E android.hardware.camera.provider-V1-service: garyVCam [VCam_Tick:1611]:VCam_Tick: fallback=0 desired=1 state=E_VIRTUAL_RUNNING lastFrameUs=1757815256486490 lastPingUs=1757815255861439 outputs=1
09-14 10:00:56.522   542  3053 E android.hardware.camera.provider-V1-service: garyVCam [client_thread_func:952]:client 42[0]> header cmdFlag=0 cmd=0 p1=1920 p2=1080 p3=19 p4=3110400 p5=1920 p6=1080
09-14 10:00:56.527   542  3053 E android.hardware.camera.provider-V1-service: garyVCam [save_frame:829]:VCam save_frame: + width=1920 height=1080 fmt=19 len=3110400 yStride=1920 ySlice=1080 desired=1 state=E_VIRTUAL_RUNNING outputs=1
09-14 10:00:56.528   542  3053 E android.hardware.camera.provider-V1-service: garyVCam [save_frame:881]:VCam save_frame: updated lastFrameUs=1757815256528679
09-14 10:00:56.528   542  3053 E android.hardware.camera.provider-V1-service: garyVCam [rga_data_convert_transform:256]:VCam rga_data_convert_transform: enter
09-14 10:00:56.528   542  3053 E android.hardware.camera.provider-V1-service: garyVCam [rga_data_convert:214]:VCam rga_data_convert: 1920x1080 I420 -> 1920x1080 NV12 rot=0 flipH=0 flipV=0
09-14 10:00:56.530   542  3053 E android.hardware.camera.provider-V1-service: garyVCam [build_transform_flags:200]:VCam build_transform_flags: rot=0 flipH=0 flipV=0 -> tf=0x0
09-14 10:00:56.530   542  3053 E android.hardware.camera.provider-V1-service: garyVCam [rga_data_convert:236]:VCam rga_data_convert: improcess path usage=0x0
09-14 10:00:56.533   542  3053 E android.hardware.camera.provider-V1-service: garyVCam [rga_data_convert:248]:VCam rga_data_convert: success
09-14 10:00:56.533   542  3053 E android.hardware.camera.provider-V1-service: garyVCam [rga_data_convert_transform:260]:VCam rga_data_convert_transform: exit ok=1
09-14 10:00:56.533   542  3053 E android.hardware.camera.provider-V1-service: garyVCam [applyEffectsAll:787]:VCam applyEffectsAll: mask=0x9 fmt=NV12 w=1920 h=1080
09-14 10:00:56.547   542  2999 E android.hardware.camera.provider-V1-service: garyVCam [guessYuvLayout:1114]:VCam guessYuvLayout: fmt=0x22 -> NV12
09-14 10:00:56.564   542  3053 E android.hardware.camera.provider-V1-service: garyVCam [save_frame:917]:VCam save_frame: slot ready 1920x1080 NV12 stamp=1757815256564260
09-14 10:00:56.564   542  3053 E android.hardware.camera.provider-V1-service: garyVCam [save_frame:924]:VCam save_frame: -
09-14 10:00:56.564   542  2999 E android.hardware.camera.provider-V1-service: garyVCam [copyPreparedYuvToStreamBuffer:1195]:VCam copyPreparedYuvToStreamBuffer: + yuvLen=3110400 layout=NV12 overrideStride=0
09-14 10:00:56.564   542  2999 E android.hardware.camera.provider-V1-service: garyVCam [estimateStrideFromSize:1145]:VCam estimateStrideFromSize: bestSize(6504) < minPacked(3110400), fallback stride=w(1920)
09-14 10:00:56.564   542  2999 E android.hardware.camera.provider-V1-service: garyVCam [copyPreparedYuvToStreamBuffer:1259]:copyYuv: cannot fit even with stride down, need=3110400 best=6504
09-14 10:00:56.564   542  2999 E android.hardware.camera.provider-V1-service: garyVCam [VCam_CopyLatestTo:1589]:VCam_CopyLatestTo: copy failed -7
09-14 10:00:56.564   542  2999 E RKISP2OutputFrameWorker: VCam InjectVirtualIfNeeded: stream 1920x1080 fmt=0x22 -> ret=-7
09-14 10:00:56.564   542  2999 E android.hardware.camera.provider-V1-service: garyVCam [VCam_Tick:1611]:VCam_Tick: fallback=0 desired=1 state=E_VIRTUAL_RUNNING lastFrameUs=1757815256528679 lastPingUs=1757815255861439 outputs=1
09-14 10:00:56.564   542  3053 E android.hardware.camera.provider-V1-service: garyVCam [client_thread_func:952]:client 42[0]> header cmdFlag=0 cmd=0 p1=1920 p2=1080 p3=19 p4=3110400 p5=1920 p6=1080
09-14 10:00:56.570   542  3053 E android.hardware.camera.provider-V1-service: garyVCam [save_frame:829]:VCam save_frame: + width=1920 height=1080 fmt=19 len=3110400 yStride=1920 ySlice=1080 desired=1 state=E_VIRTUAL_RUNNING outputs=1
09-14 10:00:56.572   542  3053 E android.hardware.camera.provider-V1-service: garyVCam [save_frame:881]:VCam save_frame: updated lastFrameUs=1757815256572403
09-14 10:00:56.572   542  3053 E android.hardware.camera.provider-V1-service: garyVCam [rga_data_convert_transform:256]:VCam rga_data_convert_transform: enter
09-14 10:00:56.572   542  3053 E android.hardware.camera.provider-V1-service: garyVCam [rga_data_convert:214]:VCam rga_data_convert: 1920x1080 I420 -> 1920x1080 NV12 rot=0 flipH=0 flipV=0
09-14 10:00:56.573   542  3053 E android.hardware.camera.provider-V1-service: garyVCam [build_transform_flags:200]:VCam build_transform_flags: rot=0 flipH=0 flipV=0 -> tf=0x0
09-14 10:00:56.573   542  3053 E android.hardware.camera.provider-V1-service: garyVCam [rga_data_convert:236]:VCam rga_data_convert: improcess path usage=0x0
09-14 10:00:56.576   542  3053 E android.hardware.camera.provider-V1-service: garyVCam [rga_data_convert:248]:VCam rga_data_convert: success
09-14 10:00:56.576   542  3053 E android.hardware.camera.provider-V1-service: garyVCam [rga_data_convert_transform:260]:VCam rga_data_convert_transform: exit ok=1
09-14 10:00:56.576   542  3053 E android.hardware.camera.provider-V1-service: garyVCam [applyEffectsAll:787]:VCam applyEffectsAll: mask=0x9 fmt=NV12 w=1920 h=1080
09-14 10:00:56.579   542  2999 E android.hardware.camera.provider-V1-service: garyVCam [guessYuvLayout:1114]:VCam guessYuvLayout: fmt=0x22 -> NV12
09-14 10:00:56.607   542  3053 E android.hardware.camera.provider-V1-service: garyVCam [save_frame:917]:VCam save_frame: slot ready 1920x1080 NV12 stamp=1757815256607226
09-14 10:00:56.607   542  3053 E android.hardware.camera.provider-V1-service: garyVCam [save_frame:924]:VCam save_frame: -
09-14 10:00:56.607   542  2999 E android.hardware.camera.provider-V1-service: garyVCam [copyPreparedYuvToStreamBuffer:1195]:VCam copyPreparedYuvToStreamBuffer: + yuvLen=3110400 layout=NV12 overrideStride=0
09-14 10:00:56.607   542  2999 E android.hardware.camera.provider-V1-service: garyVCam [estimateStrideFromSize:1145]:VCam estimateStrideFromSize: bestSize(6504) < minPacked(3110400), fallback stride=w(1920)
09-14 10:00:56.607   542  2999 E android.hardware.camera.provider-V1-service: garyVCam [copyPreparedYuvToStreamBuffer:1259]:copyYuv: cannot fit even with stride down, need=3110400 best=6504
09-14 10:00:56.607   542  2999 E android.hardware.camera.provider-V1-service: garyVCam [VCam_CopyLatestTo:1589]:VCam_CopyLatestTo: copy failed -7
09-14 10:00:56.607   542  2999 E RKISP2OutputFrameWorker: VCam InjectVirtualIfNeeded: stream 1920x1080 fmt=0x22 -> ret=-7
09-14 10:00:56.607   542  2999 E android.hardware.camera.provider-V1-service: garyVCam [VCam_Tick:1611]:VCam_Tick: fallback=0 desired=1 state=E_VIRTUAL_RUNNING lastFrameUs=1757815256572403 lastPingUs=1757815255861439 outputs=1
09-14 10:00:56.607   542  3053 E android.hardware.camera.provider-V1-service: garyVCam [client_thread_func:952]:client 42[0]> header cmdFlag=0 cmd=0 p1=1920 p2=1080 p3=19 p4=3110400 p5=1920 p6=1080
09-14 10:00:56.613   542  2999 E android.hardware.camera.provider-V1-service: garyVCam [guessYuvLayout:1114]:VCam guessYuvLayout: fmt=0x22 -> NV12
09-14 10:00:56.613   542  2999 E android.hardware.camera.provider-V1-service: garyVCam [copyPreparedYuvToStreamBuffer:1195]:VCam copyPreparedYuvToStreamBuffer: + yuvLen=3110400 layout=NV12 overrideStride=0
09-14 10:00:56.613   542  2999 E android.hardware.camera.provider-V1-service: garyVCam [estimateStrideFromSize:1145]:VCam estimateStrideFromSize: bestSize(6504) < minPacked(3110400), fallback stride=w(1920)
09-14 10:00:56.613   542  2999 E android.hardware.camera.provider-V1-service: garyVCam [copyPreparedYuvToStreamBuffer:1259]:copyYuv: cannot fit even with stride down, need=3110400 best=6504
09-14 10:00:56.613   542  2999 E android.hardware.camera.provider-V1-service: garyVCam [VCam_CopyLatestTo:1589]:VCam_CopyLatestTo: copy failed -7
09-14 10:00:56.613   542  2999 E RKISP2OutputFrameWorker: VCam InjectVirtualIfNeeded: stream 1920x1080 fmt=0x22 -> ret=-7
09-14 10:00:56.613   542  2999 E android.hardware.camera.provider-V1-service: garyVCam [VCam_Tick:1611]:VCam_Tick: fallback=0 desired=1 state=E_VIRTUAL_RUNNING lastFrameUs=1757815256572403 lastPingUs=1757815255861439 outputs=1
09-14 10:00:56.614   542  3053 E android.hardware.camera.provider-V1-service: garyVCam [save_frame:829]:VCam save_frame: + width=1920 height=1080 fmt=19 len=3110400 yStride=1920 ySlice=1080 desired=1 state=E_VIRTUAL_RUNNING outputs=1
09-14 10:00:56.615   542  3053 E android.hardware.camera.provider-V1-service: garyVCam [save_frame:881]:VCam save_frame: updated lastFrameUs=1757815256615840
09-14 10:00:56.615   542  3053 E android.hardware.camera.provider-V1-service: garyVCam [rga_data_convert_transform:256]:VCam rga_data_convert_transform: enter
09-14 10:00:56.615   542  3053 E android.hardware.camera.provider-V1-service: garyVCam [rga_data_convert:214]:VCam rga_data_convert: 1920x1080 I420 -> 1920x1080 NV12 rot=0 flipH=0 flipV=0
09-14 10:00:56.616   542  3053 E android.hardware.camera.provider-V1-service: garyVCam [build_transform_flags:200]:VCam build_transform_flags: rot=0 flipH=0 flipV=0 -> tf=0x0
09-14 10:00:56.616   542  3053 E android.hardware.camera.provider-V1-service: garyVCam [rga_data_convert:236]:VCam rga_data_convert: improcess path usage=0x0
09-14 10:00:56.619   542  3053 E android.hardware.camera.provider-V1-service: garyVCam [rga_data_convert:248]:VCam rga_data_convert: success
09-14 10:00:56.619   542  3053 E android.hardware.camera.provider-V1-service: garyVCam [rga_data_convert_transform:260]:VCam rga_data_convert_transform: exit ok=1
09-14 10:00:56.619   542  3053 E android.hardware.camera.provider-V1-service: garyVCam [applyEffectsAll:787]:VCam applyEffectsAll: mask=0x9 fmt=NV12 w=1920 h=1080
09-14 10:00:56.646   542  2999 E android.hardware.camera.provider-V1-service: garyVCam [guessYuvLayout:1114]:VCam guessYuvLayout: fmt=0x22 -> NV12
09-14 10:00:56.649   542  3053 E android.hardware.camera.provider-V1-service: garyVCam [save_frame:917]:VCam save_frame: slot ready 1920x1080 NV12 stamp=1757815256649943
09-14 10:00:56.650   542  3053 E android.hardware.camera.provider-V1-service: garyVCam [save_frame:924]:VCam save_frame: -
09-14 10:00:56.650   542  2999 E android.hardware.camera.provider-V1-service: garyVCam [copyPreparedYuvToStreamBuffer:1195]:VCam copyPreparedYuvToStreamBuffer: + yuvLen=3110400 layout=NV12 overrideStride=0
09-14 10:00:56.650   542  2999 E android.hardware.camera.provider-V1-service: garyVCam [estimateStrideFromSize:1145]:VCam estimateStrideFromSize: bestSize(6504) < minPacked(3110400), fallback stride=w(1920)
09-14 10:00:56.650   542  2999 E android.hardware.camera.provider-V1-service: garyVCam [copyPreparedYuvToStreamBuffer:1259]:copyYuv: cannot fit even with stride down, need=3110400 best=6504
09-14 10:00:56.650   542  2999 E android.hardware.camera.provider-V1-service: garyVCam [VCam_CopyLatestTo:1589]:VCam_CopyLatestTo: copy failed -7
09-14 10:00:56.650   542  2999 E RKISP2OutputFrameWorker: VCam InjectVirtualIfNeeded: stream 1920x1080 fmt=0x22 -> ret=-7
09-14 10:00:56.650   542  2999 E android.hardware.camera.provider-V1-service: garyVCam [VCam_Tick:1611]:VCam_Tick: fallback=0 desired=1 state=E_VIRTUAL_RUNNING lastFrameUs=1757815256615840 lastPingUs=1757815255861439 outputs=1
09-14 10:00:56.650   542  3053 E android.hardware.camera.provider-V1-service: garyVCam [client_thread_func:952]:client 42[0]> header cmdFlag=0 cmd=0 p1=1920 p2=1080 p3=19 p4=3110400 p5=1920 p6=1080
09-14 10:00:56.654   542  3053 E android.hardware.camera.provider-V1-service: garyVCam [save_frame:829]:VCam save_frame: + width=1920 height=1080 fmt=19 len=3110400 yStride=1920 ySlice=1080 desired=1 state=E_VIRTUAL_RUNNING outputs=1
09-14 10:00:56.655   542  3053 E android.hardware.camera.provider-V1-service: garyVCam [save_frame:881]:VCam save_frame: updated lastFrameUs=1757815256655664
09-14 10:00:56.655   542  3053 E android.hardware.camera.provider-V1-service: garyVCam [rga_data_convert_transform:256]:VCam rga_data_convert_transform: enter
09-14 10:00:56.655   542  3053 E android.hardware.camera.provider-V1-service: garyVCam [rga_data_convert:214]:VCam rga_data_convert: 1920x1080 I420 -> 1920x1080 NV12 rot=0 flipH=0 flipV=0
09-14 10:00:56.656   542  3053 E android.hardware.camera.provider-V1-service: garyVCam [build_transform_flags:200]:VCam build_transform_flags: rot=0 flipH=0 flipV=0 -> tf=0x0
09-14 10:00:56.656   542  3053 E android.hardware.camera.provider-V1-service: garyVCam [rga_data_convert:236]:VCam rga_data_convert: improcess path usage=0x0
09-14 10:00:56.658   542  3053 E android.hardware.camera.provider-V1-service: garyVCam [rga_data_convert:248]:VCam rga_data_convert: success
09-14 10:00:56.659   542  3053 E android.hardware.camera.provider-V1-service: garyVCam [rga_data_convert_transform:260]:VCam rga_data_convert_transform: exit ok=1
09-14 10:00:56.659   542  3053 E android.hardware.camera.provider-V1-service: garyVCam [applyEffectsAll:787]:VCam applyEffectsAll: mask=0x9 fmt=NV12 w=1920 h=1080
09-14 10:00:56.680   542  2999 E android.hardware.camera.provider-V1-service: garyVCam [guessYuvLayout:1114]:VCam guessYuvLayout: fmt=0x22 -> NV12
09-14 10:00:56.690   542  3053 E android.hardware.camera.provider-V1-service: garyVCam [save_frame:917]:VCam save_frame: slot ready 1920x1080 NV12 stamp=1757815256690555
09-14 10:00:56.690   542  3053 E android.hardware.camera.provider-V1-service: garyVCam [save_frame:924]:VCam save_frame: -
09-14 10:00:56.690   542  2999 E android.hardware.camera.provider-V1-service: garyVCam [copyPreparedYuvToStreamBuffer:1195]:VCam copyPreparedYuvToStreamBuffer: + yuvLen=3110400 layout=NV12 overrideStride=0
09-14 10:00:56.690   542  2999 E android.hardware.camera.provider-V1-service: garyVCam [estimateStrideFromSize:1145]:VCam estimateStrideFromSize: bestSize(6504) < minPacked(3110400), fallback stride=w(1920)
09-14 10:00:56.690   542  2999 E android.hardware.camera.provider-V1-service: garyVCam [copyPreparedYuvToStreamBuffer:1259]:copyYuv: cannot fit even with stride down, need=3110400 best=6504
09-14 10:00:56.690   542  2999 E android.hardware.camera.provider-V1-service: garyVCam [VCam_CopyLatestTo:1589]:VCam_CopyLatestTo: copy failed -7
09-14 10:00:56.690   542  2999 E RKISP2OutputFrameWorker: VCam InjectVirtualIfNeeded: stream 1920x1080 fmt=0x22 -> ret=-7
09-14 10:00:56.690   542  2999 E android.hardware.camera.provider-V1-service: garyVCam [VCam_Tick:1611]:VCam_Tick: fallback=0 desired=1 state=E_VIRTUAL_RUNNING lastFrameUs=1757815256655664 lastPingUs=1757815255861439 outputs=1
09-14 10:00:56.691   542  3053 E android.hardware.camera.provider-V1-service: garyVCam [client_thread_func:952]:client 42[0]> header cmdFlag=0 cmd=0 p1=1920 p2=1080 p3=19 p4=3110400 p5=1920 p6=1080
09-14 10:00:56.696   542  3053 E android.hardware.camera.provider-V1-service: garyVCam [save_frame:829]:VCam save_frame: + width=1920 height=1080 fmt=19 len=3110400 yStride=1920 ySlice=1080 desired=1 state=E_VIRTUAL_RUNNING outputs=1
09-14 10:00:56.698   542  3053 E android.hardware.camera.provider-V1-service: garyVCam [save_frame:881]:VCam save_frame: updated lastFrameUs=1757815256698329
09-14 10:00:56.698   542  3053 E android.hardware.camera.provider-V1-service: garyVCam [rga_data_convert_transform:256]:VCam rga_data_convert_transform: enter
09-14 10:00:56.698   542  3053 E android.hardware.camera.provider-V1-service: garyVCam [rga_data_convert:214]:VCam rga_data_convert: 1920x1080 I420 -> 1920x1080 NV12 rot=0 flipH=0 flipV=0
09-14 10:00:56.699   542  3053 E android.hardware.camera.provider-V1-service: garyVCam [build_transform_flags:200]:VCam build_transform_flags: rot=0 flipH=0 flipV=0 -> tf=0x0
09-14 10:00:56.699   542  3053 E android.hardware.camera.provider-V1-service: garyVCam [rga_data_convert:236]:VCam rga_data_convert: improcess path usage=0x0
09-14 10:00:56.702   542  3053 E android.hardware.camera.provider-V1-service: garyVCam [rga_data_convert:248]:VCam rga_data_convert: success
09-14 10:00:56.702   542  3053 E android.hardware.camera.provider-V1-service: garyVCam [rga_data_convert_transform:260]:VCam rga_data_convert_transform: exit ok=1
09-14 10:00:56.702   542  3053 E android.hardware.camera.provider-V1-service: garyVCam [applyEffectsAll:787]:VCam applyEffectsAll: mask=0x9 fmt=NV12 w=1920 h=1080
09-14 10:00:56.713   542  2999 E android.hardware.camera.provider-V1-service: garyVCam [guessYuvLayout:1114]:VCam guessYuvLayout: fmt=0x22 -> NV12
09-14 10:00:56.734   542  3053 E android.hardware.camera.provider-V1-service: garyVCam [save_frame:917]:VCam save_frame: slot ready 1920x1080 NV12 stamp=1757815256734678
09-14 10:00:56.734   542  3053 E android.hardware.camera.provider-V1-service: garyVCam [save_frame:924]:VCam save_frame: -
09-14 10:00:56.734   542  2999 E android.hardware.camera.provider-V1-service: garyVCam [copyPreparedYuvToStreamBuffer:1195]:VCam copyPreparedYuvToStreamBuffer: + yuvLen=3110400 layout=NV12 overrideStride=0
09-14 10:00:56.734   542  2999 E android.hardware.camera.provider-V1-service: garyVCam [estimateStrideFromSize:1145]:VCam estimateStrideFromSize: bestSize(6504) < minPacked(3110400), fallback stride=w(1920)
09-14 10:00:56.735   542  2999 E android.hardware.camera.provider-V1-service: garyVCam [copyPreparedYuvToStreamBuffer:1259]:copyYuv: cannot fit even with stride down, need=3110400 best=6504
09-14 10:00:56.735   542  2999 E android.hardware.camera.provider-V1-service: garyVCam [VCam_CopyLatestTo:1589]:VCam_CopyLatestTo: copy failed -7
09-14 10:00:56.735   542  2999 E RKISP2OutputFrameWorker: VCam InjectVirtualIfNeeded: stream 1920x1080 fmt=0x22 -> ret=-7
09-14 10:00:56.735   542  2999 E android.hardware.camera.provider-V1-service: garyVCam [VCam_Tick:1611]:VCam_Tick: fallback=0 desired=1 state=E_VIRTUAL_RUNNING lastFrameUs=1757815256698329 lastPingUs=1757815255861439 outputs=1
09-14 10:00:56.735   542  3053 E android.hardware.camera.provider-V1-service: garyVCam [client_thread_func:952]:client 42[0]> header cmdFlag=0 cmd=0 p1=1920 p2=1080 p3=19 p4=3110400 p5=1920 p6=1080
09-14 10:00:56.741   542  3053 E android.hardware.camera.provider-V1-service: garyVCam [save_frame:829]:VCam save_frame: + width=1920 height=1080 fmt=19 len=3110400 yStride=1920 ySlice=1080 desired=1 state=E_VIRTUAL_RUNNING outputs=1
09-14 10:00:56.742   542  3053 E android.hardware.camera.provider-V1-service: garyVCam [save_frame:881]:VCam save_frame: updated lastFrameUs=1757815256742961
09-14 10:00:56.743   542  3053 E android.hardware.camera.provider-V1-service: garyVCam [rga_data_convert_transform:256]:VCam rga_data_convert_transform: enter
09-14 10:00:56.743   542  3053 E android.hardware.camera.provider-V1-service: garyVCam [rga_data_convert:214]:VCam rga_data_convert: 1920x1080 I420 -> 1920x1080 NV12 rot=0 flipH=0 flipV=0
09-14 10:00:56.744   542  3053 E android.hardware.camera.provider-V1-service: garyVCam [build_transform_flags:200]:VCam build_transform_flags: rot=0 flipH=0 flipV=0 -> tf=0x0
09-14 10:00:56.744   542  3053 E android.hardware.camera.provider-V1-service: garyVCam [rga_data_convert:236]:VCam rga_data_convert: improcess path usage=0x0
09-14 10:00:56.746   542  2999 E android.hardware.camera.provider-V1-service: garyVCam [guessYuvLayout:1114]:VCam guessYuvLayout: fmt=0x22 -> NV12
09-14 10:00:56.747   542  3053 E android.hardware.camera.provider-V1-service: garyVCam [rga_data_convert:248]:VCam rga_data_convert: success
09-14 10:00:56.747   542  3053 E android.hardware.camera.provider-V1-service: garyVCam [rga_data_convert_transform:260]:VCam rga_data_convert_transform: exit ok=1
09-14 10:00:56.747   542  3053 E android.hardware.camera.provider-V1-service: garyVCam [applyEffectsAll:787]:VCam applyEffectsAll: mask=0x9 fmt=NV12 w=1920 h=1080
09-14 10:00:56.777   542  3053 E android.hardware.camera.provider-V1-service: garyVCam [save_frame:917]:VCam save_frame: slot ready 1920x1080 NV12 stamp=1757815256777884
09-14 10:00:56.777   542  3053 E android.hardware.camera.provider-V1-service: garyVCam [save_frame:924]:VCam save_frame: -
09-14 10:00:56.778   542  2999 E android.hardware.camera.provider-V1-service: garyVCam [copyPreparedYuvToStreamBuffer:1195]:VCam copyPreparedYuvToStreamBuffer: + yuvLen=3110400 layout=NV12 overrideStride=0
09-14 10:00:56.778   542  2999 E android.hardware.camera.provider-V1-service: garyVCam [estimateStrideFromSize:1145]:VCam estimateStrideFromSize: bestSize(6504) < minPacked(3110400), fallback stride=w(1920)
09-14 10:00:56.778   542  2999 E android.hardware.camera.provider-V1-service: garyVCam [copyPreparedYuvToStreamBuffer:1259]:copyYuv: cannot fit even with stride down, need=3110400 best=6504
09-14 10:00:56.778   542  2999 E android.hardware.camera.provider-V1-service: garyVCam [VCam_CopyLatestTo:1589]:VCam_CopyLatestTo: copy failed -7
09-14 10:00:56.778   542  2999 E RKISP2OutputFrameWorker: VCam InjectVirtualIfNeeded: stream 1920x1080 fmt=0x22 -> ret=-7
09-14 10:00:56.778   542  2999 E android.hardware.camera.provider-V1-service: garyVCam [VCam_Tick:1611]:VCam_Tick: fallback=0 desired=1 state=E_VIRTUAL_RUNNING lastFrameUs=1757815256742961 lastPingUs=1757815255861439 outputs=1
09-14 10:00:56.778   542  3053 E android.hardware.camera.provider-V1-service: garyVCam [client_thread_func:952]:client 42[0]> header cmdFlag=0 cmd=0 p1=1920 p2=1080 p3=19 p4=3110400 p5=1920 p6=1080
09-14 10:00:56.780   542  2999 E android.hardware.camera.provider-V1-service: garyVCam [guessYuvLayout:1114]:VCam guessYuvLayout: fmt=0x22 -> NV12
09-14 10:00:56.780   542  2999 E android.hardware.camera.provider-V1-service: garyVCam [copyPreparedYuvToStreamBuffer:1195]:VCam copyPreparedYuvToStreamBuffer: + yuvLen=3110400 layout=NV12 overrideStride=0
09-14 10:00:56.780   542  2999 E android.hardware.camera.provider-V1-service: garyVCam [copyPreparedYuvToStreamBuffer:1232]:copyYuv: no valid fd in buffer_handle
09-14 10:00:56.780   542  2999 E android.hardware.camera.provider-V1-service: garyVCam [VCam_CopyLatestTo:1589]:VCam_CopyLatestTo: copy failed -4
09-14 10:00:56.780   542  2999 E RKISP2OutputFrameWorker: VCam InjectVirtualIfNeeded: stream 1920x1080 fmt=0x22 -> ret=-4
09-14 10:00:56.780   542  2999 E android.hardware.camera.provider-V1-service: garyVCam [VCam_Tick:1611]:VCam_Tick: fallback=0 desired=1 state=E_VIRTUAL_RUNNING lastFrameUs=1757815256742961 lastPingUs=1757815255861439 outputs=1
09-14 10:00:56.785   542  3053 E android.hardware.camera.provider-V1-service: garyVCam [save_frame:829]:VCam save_frame: + width=1920 height=1080 fmt=19 len=3110400 yStride=1920 ySlice=1080 desired=1 state=E_VIRTUAL_RUNNING outputs=1
09-14 10:00:56.786   542  3053 E android.hardware.camera.provider-V1-service: garyVCam [save_frame:881]:VCam save_frame: updated lastFrameUs=1757815256786945
09-14 10:00:56.787   542  3053 E android.hardware.camera.provider-V1-service: garyVCam [rga_data_convert_transform:256]:VCam rga_data_convert_transform: enter
09-14 10:00:56.787   542  3053 E android.hardware.camera.provider-V1-service: garyVCam [rga_data_convert:214]:VCam rga_data_convert: 1920x1080 I420 -> 1920x1080 NV12 rot=0 flipH=0 flipV=0
09-14 10:00:56.788   542  3053 E android.hardware.camera.provider-V1-service: garyVCam [build_transform_flags:200]:VCam build_transform_flags: rot=0 flipH=0 flipV=0 -> tf=0x0
09-14 10:00:56.788   542  3053 E android.hardware.camera.provider-V1-service: garyVCam [rga_data_convert:236]:VCam rga_data_convert: improcess path usage=0x0
09-14 10:00:56.791   542  3053 E android.hardware.camera.provider-V1-service: garyVCam [rga_data_convert:248]:VCam rga_data_convert: success
09-14 10:00:56.791   542  3053 E android.hardware.camera.provider-V1-service: garyVCam [rga_data_convert_transform:260]:VCam rga_data_convert_transform: exit ok=1
09-14 10:00:56.791   542  3053 E android.hardware.camera.provider-V1-service: garyVCam [applyEffectsAll:787]:VCam applyEffectsAll: mask=0x9 fmt=NV12 w=1920 h=1080
09-14 10:00:56.813   542  2999 E android.hardware.camera.provider-V1-service: garyVCam [guessYuvLayout:1114]:VCam guessYuvLayout: fmt=0x22 -> NV12
09-14 10:00:56.822   542  3053 E android.hardware.camera.provider-V1-service: garyVCam [save_frame:917]:VCam save_frame: slot ready 1920x1080 NV12 stamp=1757815256822814
09-14 10:00:56.822   542  3053 E android.hardware.camera.provider-V1-service: garyVCam [save_frame:924]:VCam save_frame: -
09-14 10:00:56.822   542  2999 E android.hardware.camera.provider-V1-service: garyVCam [copyPreparedYuvToStreamBuffer:1195]:VCam copyPreparedYuvToStreamBuffer: + yuvLen=3110400 layout=NV12 overrideStride=0
09-14 10:00:56.823   542  2999 E android.hardware.camera.provider-V1-service: garyVCam [estimateStrideFromSize:1145]:VCam estimateStrideFromSize: bestSize(6504) < minPacked(3110400), fallback stride=w(1920)
09-14 10:00:56.823   542  2999 E android.hardware.camera.provider-V1-service: garyVCam [copyPreparedYuvToStreamBuffer:1259]:copyYuv: cannot fit even with stride down, need=3110400 best=6504
