09-14 10:17:53.563   534  3006 E android.hardware.camera.provider-V1-service: garyVCam [save_frame:829]:VCam save_frame: + width=1920 height=1080 fmt=19 len=3110400 yStride=1920 ySlice=1080 desired=1 state=E_VIRTUAL_RUNNING outputs=1
09-14 10:17:53.564   534  3006 E android.hardware.camera.provider-V1-service: garyVCam [save_frame:881]:VCam save_frame: updated lastFrameUs=1757816273564525
09-14 10:17:53.564   534  3006 E android.hardware.camera.provider-V1-service: garyVCam [rga_data_convert_transform:256]:VCam rga_data_convert_transform: enter
09-14 10:17:53.564   534  3006 E android.hardware.camera.provider-V1-service: garyVCam [rga_data_convert:214]:VCam rga_data_convert: 1920x1080 I420 -> 1920x1080 NV12 rot=0 flipH=0 flipV=0
09-14 10:17:53.566   534  3006 E android.hardware.camera.provider-V1-service: garyVCam [build_transform_flags:200]:VCam build_transform_flags: rot=0 flipH=0 flipV=0 -> tf=0x0
09-14 10:17:53.566   534  3006 E android.hardware.camera.provider-V1-service: garyVCam [rga_data_convert:236]:VCam rga_data_convert: improcess path usage=0x0
09-14 10:17:53.568   534  3006 E android.hardware.camera.provider-V1-service: garyVCam [rga_data_convert:248]:VCam rga_data_convert: success
09-14 10:17:53.568   534  3006 E android.hardware.camera.provider-V1-service: garyVCam [rga_data_convert_transform:260]:VCam rga_data_convert_transform: exit ok=1
09-14 10:17:53.568   534  3006 E android.hardware.camera.provider-V1-service: garyVCam [applyEffectsAll:787]:VCam applyEffectsAll: mask=0x1c fmt=NV12 w=1920 h=1080
09-14 10:17:53.575   534  3006 E android.hardware.camera.provider-V1-service: garyVCam [save_frame:917]:VCam save_frame: slot ready 1920x1080 NV12 stamp=1757816273575457
09-14 10:17:53.575   534  3006 E android.hardware.camera.provider-V1-service: garyVCam [save_frame:924]:VCam save_frame: -
09-14 10:17:53.586   534  2971 E android.hardware.camera.provider-V1-service: garyVCam [guessYuvLayout:1114]:VCam guessYuvLayout: fmt=0x22 -> NV12
09-14 10:17:53.586   534  2971 E android.hardware.camera.provider-V1-service: garyVCam [copyPreparedYuvToStreamBuffer:1272]:VCam copyPreparedYuvToStreamBuffer: + yuvLen=3110400 layout=NV12 overrideStride=0
09-14 10:17:53.588   534  3006 E android.hardware.camera.provider-V1-service: garyVCam [client_thread_func:952]:client 41[0]> header cmdFlag=0 cmd=0 p1=1920 p2=1080 p3=19 p4=3110400 p5=1920 p6=1080
09-14 10:17:53.595   534  2971 E android.hardware.camera.provider-V1-service: garyVCam [mapPixelFdFromHandle:1259]:VCam mapPixelFdFromHandle: no mappable pixel fd (w=1920 h=1080)
09-14 10:17:53.595   534  2971 E android.hardware.camera.provider-V1-service: garyVCam [copyPreparedYuvToStreamBuffer:1300]:copyYuv: no valid fd in buffer_handle
09-14 10:17:53.595   534  2971 E android.hardware.camera.provider-V1-service: garyVCam [VCam_CopyLatestTo:1643]:VCam_CopyLatestTo: copy failed -4
09-14 10:17:53.595   534  2971 E RKISP2OutputFrameWorker: VCam InjectVirtualIfNeeded: stream 1920x1080 fmt=0x22 -> ret=-4
09-14 10:17:53.595   534  2971 E android.hardware.camera.provider-V1-service: garyVCam [VCam_Tick:1665]:VCam_Tick: fallback=0 desired=1 state=E_VIRTUAL_RUNNING lastFrameUs=1757816273564525 lastPingUs=1757816272445802 outputs=1
09-14 10:17:53.597   534  3006 E android.hardware.camera.provider-V1-service: garyVCam [save_frame:829]:VCam save_frame: + width=1920 height=1080 fmt=19 len=3110400 yStride=1920 ySlice=1080 desired=1 state=E_VIRTUAL_RUNNING outputs=1
09-14 10:17:53.598   534  3006 E android.hardware.camera.provider-V1-service: garyVCam [save_frame:881]:VCam save_frame: updated lastFrameUs=1757816273598408
09-14 10:17:53.598   534  3006 E android.hardware.camera.provider-V1-service: garyVCam [rga_data_convert_transform:256]:VCam rga_data_convert_transform: enter
09-14 10:17:53.598   534  3006 E android.hardware.camera.provider-V1-service: garyVCam [rga_data_convert:214]:VCam rga_data_convert: 1920x1080 I420 -> 1920x1080 NV12 rot=0 flipH=0 flipV=0
09-14 10:17:53.599   534  3006 E android.hardware.camera.provider-V1-service: garyVCam [build_transform_flags:200]:VCam build_transform_flags: rot=0 flipH=0 flipV=0 -> tf=0x0
09-14 10:17:53.599   534  3006 E android.hardware.camera.provider-V1-service: garyVCam [rga_data_convert:236]:VCam rga_data_convert: improcess path usage=0x0
09-14 10:17:53.602   534  3006 E android.hardware.camera.provider-V1-service: garyVCam [rga_data_convert:248]:VCam rga_data_convert: success
09-14 10:17:53.602   534  3006 E android.hardware.camera.provider-V1-service: garyVCam [rga_data_convert_transform:260]:VCam rga_data_convert_transform: exit ok=1
09-14 10:17:53.602   534  3006 E android.hardware.camera.provider-V1-service: garyVCam [applyEffectsAll:787]:VCam applyEffectsAll: mask=0x1c fmt=NV12 w=1920 h=1080
09-14 10:17:53.608   534  3006 E android.hardware.camera.provider-V1-service: garyVCam [save_frame:917]:VCam save_frame: slot ready 1920x1080 NV12 stamp=1757816273608869
09-14 10:17:53.609   534  3006 E android.hardware.camera.provider-V1-service: garyVCam [save_frame:924]:VCam save_frame: -
09-14 10:17:53.614   534  2971 E android.hardware.camera.provider-V1-service: garyVCam [guessYuvLayout:1114]:VCam guessYuvLayout: fmt=0x22 -> NV12
09-14 10:17:53.614   534  2971 E android.hardware.camera.provider-V1-service: garyVCam [copyPreparedYuvToStreamBuffer:1272]:VCam copyPreparedYuvToStreamBuffer: + yuvLen=3110400 layout=NV12 overrideStride=0
09-14 10:17:53.616   534  2971 E android.hardware.camera.provider-V1-service: garyVCam [mapPixelFdFromHandle:1259]:VCam mapPixelFdFromHandle: no mappable pixel fd (w=1920 h=1080)
09-14 10:17:53.616   534  2971 E android.hardware.camera.provider-V1-service: garyVCam [copyPreparedYuvToStreamBuffer:1300]:copyYuv: no valid fd in buffer_handle
09-14 10:17:53.616   534  2971 E android.hardware.camera.provider-V1-service: garyVCam [VCam_CopyLatestTo:1643]:VCam_CopyLatestTo: copy failed -4
09-14 10:17:53.616   534  2971 E RKISP2OutputFrameWorker: VCam InjectVirtualIfNeeded: stream 1920x1080 fmt=0x22 -> ret=-4
09-14 10:17:53.616   534  2971 E android.hardware.camera.provider-V1-service: garyVCam [VCam_Tick:1665]:VCam_Tick: fallback=0 desired=1 state=E_VIRTUAL_RUNNING lastFrameUs=1757816273598408 lastPingUs=1757816272445802 outputs=1
09-14 10:17:53.621   534  3006 E android.hardware.camera.provider-V1-service: garyVCam [client_thread_func:952]:client 41[0]> header cmdFlag=0 cmd=0 p1=1920 p2=1080 p3=19 p4=3110400 p5=1920 p6=1080
09-14 10:17:53.628   534  3006 E android.hardware.camera.provider-V1-service: garyVCam [save_frame:829]:VCam save_frame: + width=1920 height=1080 fmt=19 len=3110400 yStride=1920 ySlice=1080 desired=1 state=E_VIRTUAL_RUNNING outputs=1
09-14 10:17:53.631   534  3006 E android.hardware.camera.provider-V1-service: garyVCam [save_frame:881]:VCam save_frame: updated lastFrameUs=1757816273630981
09-14 10:17:53.631   534  3006 E android.hardware.camera.provider-V1-service: garyVCam [rga_data_convert_transform:256]:VCam rga_data_convert_transform: enter
09-14 10:17:53.631   534  3006 E android.hardware.camera.provider-V1-service: garyVCam [rga_data_convert:214]:VCam rga_data_convert: 1920x1080 I420 -> 1920x1080 NV12 rot=0 flipH=0 flipV=0
09-14 10:17:53.632   534  3006 E android.hardware.camera.provider-V1-service: garyVCam [build_transform_flags:200]:VCam build_transform_flags: rot=0 flipH=0 flipV=0 -> tf=0x0
09-14 10:17:53.632   534  3006 E android.hardware.camera.provider-V1-service: garyVCam [rga_data_convert:236]:VCam rga_data_convert: improcess path usage=0x0
09-14 10:17:53.635   534  3006 E android.hardware.camera.provider-V1-service: garyVCam [rga_data_convert:248]:VCam rga_data_convert: success
09-14 10:17:53.635   534  3006 E android.hardware.camera.provider-V1-service: garyVCam [rga_data_convert_transform:260]:VCam rga_data_convert_transform: exit ok=1
09-14 10:17:53.635   534  3006 E android.hardware.camera.provider-V1-service: garyVCam [applyEffectsAll:787]:VCam applyEffectsAll: mask=0x1c fmt=NV12 w=1920 h=1080
09-14 10:17:53.641   534  3006 E android.hardware.camera.provider-V1-service: garyVCam [save_frame:917]:VCam save_frame: slot ready 1920x1080 NV12 stamp=1757816273641418
09-14 10:17:53.641   534  3006 E android.hardware.camera.provider-V1-service: garyVCam [save_frame:924]:VCam save_frame: -
09-14 10:17:53.646   534  2971 E android.hardware.camera.provider-V1-service: garyVCam [guessYuvLayout:1114]:VCam guessYuvLayout: fmt=0x22 -> NV12
09-14 10:17:53.647   534  2971 E android.hardware.camera.provider-V1-service: garyVCam [copyPreparedYuvToStreamBuffer:1272]:VCam copyPreparedYuvToStreamBuffer: + yuvLen=3110400 layout=NV12 overrideStride=0
09-14 10:17:53.648   534  2971 E android.hardware.camera.provider-V1-service: garyVCam [mapPixelFdFromHandle:1259]:VCam mapPixelFdFromHandle: no mappable pixel fd (w=1920 h=1080)
09-14 10:17:53.648   534  2971 E android.hardware.camera.provider-V1-service: garyVCam [copyPreparedYuvToStreamBuffer:1300]:copyYuv: no valid fd in buffer_handle
09-14 10:17:53.648   534  2971 E android.hardware.camera.provider-V1-service: garyVCam [VCam_CopyLatestTo:1643]:VCam_CopyLatestTo: copy failed -4
09-14 10:17:53.648   534  2971 E RKISP2OutputFrameWorker: VCam InjectVirtualIfNeeded: stream 1920x1080 fmt=0x22 -> ret=-4
09-14 10:17:53.648   534  2971 E android.hardware.camera.provider-V1-service: garyVCam [VCam_Tick:1665]:VCam_Tick: fallback=0 desired=1 state=E_VIRTUAL_RUNNING lastFrameUs=1757816273630981 lastPingUs=1757816272445802 outputs=1
09-14 10:17:53.655   534  3006 E android.hardware.camera.provider-V1-service: garyVCam [client_thread_func:952]:client 41[0]> header cmdFlag=0 cmd=0 p1=1920 p2=1080 p3=19 p4=3110400 p5=1920 p6=1080
09-14 10:17:53.661   534  3006 E android.hardware.camera.provider-V1-service: garyVCam [save_frame:829]:VCam save_frame: + width=1920 height=1080 fmt=19 len=3110400 yStride=1920 ySlice=1080 desired=1 state=E_VIRTUAL_RUNNING outputs=1
09-14 10:17:53.663   534  3006 E android.hardware.camera.provider-V1-service: garyVCam [save_frame:881]:VCam save_frame: updated lastFrameUs=1757816273663253
09-14 10:17:53.663   534  3006 E android.hardware.camera.provider-V1-service: garyVCam [rga_data_convert_transform:256]:VCam rga_data_convert_transform: enter
09-14 10:17:53.663   534  3006 E android.hardware.camera.provider-V1-service: garyVCam [rga_data_convert:214]:VCam rga_data_convert: 1920x1080 I420 -> 1920x1080 NV12 rot=0 flipH=0 flipV=0
09-14 10:17:53.665   534  3006 E android.hardware.camera.provider-V1-service: garyVCam [build_transform_flags:200]:VCam build_transform_flags: rot=0 flipH=0 flipV=0 -> tf=0x0
09-14 10:17:53.666   534  3006 E android.hardware.camera.provider-V1-service: garyVCam [rga_data_convert:236]:VCam rga_data_convert: improcess path usage=0x0
09-14 10:17:53.669   534  3006 E android.hardware.camera.provider-V1-service: garyVCam [rga_data_convert:248]:VCam rga_data_convert: success
09-14 10:17:53.669   534  3006 E android.hardware.camera.provider-V1-service: garyVCam [rga_data_convert_transform:260]:VCam rga_data_convert_transform: exit ok=1
09-14 10:17:53.669   534  3006 E android.hardware.camera.provider-V1-service: garyVCam [applyEffectsAll:787]:VCam applyEffectsAll: mask=0x1c fmt=NV12 w=1920 h=1080
09-14 10:17:53.674   534  3006 E android.hardware.camera.provider-V1-service: garyVCam [save_frame:917]:VCam save_frame: slot ready 1920x1080 NV12 stamp=1757816273674865
09-14 10:17:53.674   534  3006 E android.hardware.camera.provider-V1-service: garyVCam [save_frame:924]:VCam save_frame: -
09-14 10:17:53.679   534  2971 E android.hardware.camera.provider-V1-service: garyVCam [guessYuvLayout:1114]:VCam guessYuvLayout: fmt=0x22 -> NV12
09-14 10:17:53.679   534  2971 E android.hardware.camera.provider-V1-service: garyVCam [copyPreparedYuvToStreamBuffer:1272]:VCam copyPreparedYuvToStreamBuffer: + yuvLen=3110400 layout=NV12 overrideStride=0
09-14 10:17:53.681   534  2971 E android.hardware.camera.provider-V1-service: garyVCam [mapPixelFdFromHandle:1259]:VCam mapPixelFdFromHandle: no mappable pixel fd (w=1920 h=1080)
09-14 10:17:53.681   534  2971 E android.hardware.camera.provider-V1-service: garyVCam [copyPreparedYuvToStreamBuffer:1300]:copyYuv: no valid fd in buffer_handle
09-14 10:17:53.681   534  2971 E android.hardware.camera.provider-V1-service: garyVCam [VCam_CopyLatestTo:1643]:VCam_CopyLatestTo: copy failed -4
09-14 10:17:53.681   534  2971 E RKISP2OutputFrameWorker: VCam InjectVirtualIfNeeded: stream 1920x1080 fmt=0x22 -> ret=-4
09-14 10:17:53.681   534  2971 E android.hardware.camera.provider-V1-service: garyVCam [VCam_Tick:1665]:VCam_Tick: fallback=0 desired=1 state=E_VIRTUAL_RUNNING lastFrameUs=1757816273663253 lastPingUs=1757816272445802 outputs=1
09-14 10:17:53.688   534  3006 E android.hardware.camera.provider-V1-service: garyVCam [client_thread_func:952]:client 41[0]> header cmdFlag=0 cmd=0 p1=1920 p2=1080 p3=19 p4=3110400 p5=1920 p6=1080
09-14 10:17:53.694   534  3006 E android.hardware.camera.provider-V1-service: garyVCam [save_frame:829]:VCam save_frame: + width=1920 height=1080 fmt=19 len=3110400 yStride=1920 ySlice=1080 desired=1 state=E_VIRTUAL_RUNNING outputs=1
09-14 10:17:53.695   534  3006 E android.hardware.camera.provider-V1-service: garyVCam [save_frame:881]:VCam save_frame: updated lastFrameUs=1757816273695623
09-14 10:17:53.695   534  3006 E android.hardware.camera.provider-V1-service: garyVCam [rga_data_convert_transform:256]:VCam rga_data_convert_transform: enter
09-14 10:17:53.695   534  3006 E android.hardware.camera.provider-V1-service: garyVCam [rga_data_convert:214]:VCam rga_data_convert: 1920x1080 I420 -> 1920x1080 NV12 rot=0 flipH=0 flipV=0
09-14 10:17:53.697   534  3006 E android.hardware.camera.provider-V1-service: garyVCam [build_transform_flags:200]:VCam build_transform_flags: rot=0 flipH=0 flipV=0 -> tf=0x0
09-14 10:17:53.697   534  3006 E android.hardware.camera.provider-V1-service: garyVCam [rga_data_convert:236]:VCam rga_data_convert: improcess path usage=0x0
09-14 10:17:53.699   534  3006 E android.hardware.camera.provider-V1-service: garyVCam [rga_data_convert:248]:VCam rga_data_convert: success
09-14 10:17:53.700   534  3006 E android.hardware.camera.provider-V1-service: garyVCam [rga_data_convert_transform:260]:VCam rga_data_convert_transform: exit ok=1
09-14 10:17:53.700   534  3006 E android.hardware.camera.provider-V1-service: garyVCam [applyEffectsAll:787]:VCam applyEffectsAll: mask=0x1c fmt=NV12 w=1920 h=1080
09-14 10:17:53.706   534  3006 E android.hardware.camera.provider-V1-service: garyVCam [save_frame:917]:VCam save_frame: slot ready 1920x1080 NV12 stamp=1757816273705997
09-14 10:17:53.706   534  3006 E android.hardware.camera.provider-V1-service: garyVCam [save_frame:924]:VCam save_frame: -
09-14 10:17:53.713   534  2971 E android.hardware.camera.provider-V1-service: garyVCam [guessYuvLayout:1114]:VCam guessYuvLayout: fmt=0x22 -> NV12
09-14 10:17:53.713   534  2971 E android.hardware.camera.provider-V1-service: garyVCam [copyPreparedYuvToStreamBuffer:1272]:VCam copyPreparedYuvToStreamBuffer: + yuvLen=3110400 layout=NV12 overrideStride=0
09-14 10:17:53.714   534  2971 E android.hardware.camera.provider-V1-service: garyVCam [mapPixelFdFromHandle:1259]:VCam mapPixelFdFromHandle: no mappable pixel fd (w=1920 h=1080)
09-14 10:17:53.714   534  2971 E android.hardware.camera.provider-V1-service: garyVCam [copyPreparedYuvToStreamBuffer:1300]:copyYuv: no valid fd in buffer_handle
09-14 10:17:53.715   534  2971 E android.hardware.camera.provider-V1-service: garyVCam [VCam_CopyLatestTo:1643]:VCam_CopyLatestTo: copy failed -4
09-14 10:17:53.715   534  2971 E RKISP2OutputFrameWorker: VCam InjectVirtualIfNeeded: stream 1920x1080 fmt=0x22 -> ret=-4
09-14 10:17:53.715   534  2971 E android.hardware.camera.provider-V1-service: garyVCam [VCam_Tick:1665]:VCam_Tick: fallback=0 desired=1 state=E_VIRTUAL_RUNNING lastFrameUs=1757816273695623 lastPingUs=1757816272445802 outputs=1
09-14 10:17:53.722   534  3006 E android.hardware.camera.provider-V1-service: garyVCam [client_thread_func:952]:client 41[0]> header cmdFlag=0 cmd=0 p1=1920 p2=1080 p3=19 p4=3110400 p5=1920 p6=1080
09-14 10:17:53.729   534  3006 E android.hardware.camera.provider-V1-service: garyVCam [save_frame:829]:VCam save_frame: + width=1920 height=1080 fmt=19 len=3110400 yStride=1920 ySlice=1080 desired=1 state=E_VIRTUAL_RUNNING outputs=1
09-14 10:17:53.731   534  3006 E android.hardware.camera.provider-V1-service: garyVCam [save_frame:881]:VCam save_frame: updated lastFrameUs=1757816273731319
09-14 10:17:53.731   534  3006 E android.hardware.camera.provider-V1-service: garyVCam [rga_data_convert_transform:256]:VCam rga_data_convert_transform: enter
09-14 10:17:53.731   534  3006 E android.hardware.camera.provider-V1-service: garyVCam [rga_data_convert:214]:VCam rga_data_convert: 1920x1080 I420 -> 1920x1080 NV12 rot=0 flipH=0 flipV=0
09-14 10:17:53.732   534  3006 E android.hardware.camera.provider-V1-service: garyVCam [build_transform_flags:200]:VCam build_transform_flags: rot=0 flipH=0 flipV=0 -> tf=0x0
09-14 10:17:53.732   534  3006 E android.hardware.camera.provider-V1-service: garyVCam [rga_data_convert:236]:VCam rga_data_convert: improcess path usage=0x0
09-14 10:17:53.736   534  3006 E android.hardware.camera.provider-V1-service: garyVCam [rga_data_convert:248]:VCam rga_data_convert: success
09-14 10:17:53.736   534  3006 E android.hardware.camera.provider-V1-service: garyVCam [rga_data_convert_transform:260]:VCam rga_data_convert_transform: exit ok=1
09-14 10:17:53.736   534  3006 E android.hardware.camera.provider-V1-service: garyVCam [applyEffectsAll:787]:VCam applyEffectsAll: mask=0x1c fmt=NV12 w=1920 h=1080
09-14 10:17:53.742   534  3006 E android.hardware.camera.provider-V1-service: garyVCam [save_frame:917]:VCam save_frame: slot ready 1920x1080 NV12 stamp=1757816273742002
09-14 10:17:53.742   534  3006 E android.hardware.camera.provider-V1-service: garyVCam [save_frame:924]:VCam save_frame: -
09-14 10:17:53.747   534  2971 E android.hardware.camera.provider-V1-service: garyVCam [guessYuvLayout:1114]:VCam guessYuvLayout: fmt=0x22 -> NV12
09-14 10:17:53.747   534  2971 E android.hardware.camera.provider-V1-service: garyVCam [copyPreparedYuvToStreamBuffer:1272]:VCam copyPreparedYuvToStreamBuffer: + yuvLen=3110400 layout=NV12 overrideStride=0
09-14 10:17:53.749   534  2971 E android.hardware.camera.provider-V1-service: garyVCam [mapPixelFdFromHandle:1259]:VCam mapPixelFdFromHandle: no mappable pixel fd (w=1920 h=1080)
09-14 10:17:53.749   534  2971 E android.hardware.camera.provider-V1-service: garyVCam [copyPreparedYuvToStreamBuffer:1300]:copyYuv: no valid fd in buffer_handle
09-14 10:17:53.749   534  2971 E android.hardware.camera.provider-V1-service: garyVCam [VCam_CopyLatestTo:1643]:VCam_CopyLatestTo: copy failed -4
09-14 10:17:53.750   534  2971 E RKISP2OutputFrameWorker: VCam InjectVirtualIfNeeded: stream 1920x1080 fmt=0x22 -> ret=-4
09-14 10:17:53.750   534  2971 E android.hardware.camera.provider-V1-service: garyVCam [VCam_Tick:1665]:VCam_Tick: fallback=0 desired=1 state=E_VIRTUAL_RUNNING lastFrameUs=1757816273731319 lastPingUs=1757816272445802 outputs=1
09-14 10:17:53.755   534  3006 E android.hardware.camera.provider-V1-service: garyVCam [client_thread_func:952]:client 41[0]> header cmdFlag=0 cmd=0 p1=1920 p2=1080 p3=19 p4=3110400 p5=1920 p6=1080
09-14 10:17:53.762   534  3006 E android.hardware.camera.provider-V1-service: garyVCam [save_frame:829]:VCam save_frame: + width=1920 height=1080 fmt=19 len=3110400 yStride=1920 ySlice=1080 desired=1 state=E_VIRTUAL_RUNNING outputs=1
09-14 10:17:53.765   534  3006 E android.hardware.camera.provider-V1-service: garyVCam [save_frame:881]:VCam save_frame: updated lastFrameUs=1757816273765169
09-14 10:17:53.765   534  3006 E android.hardware.camera.provider-V1-service: garyVCam [rga_data_convert_transform:256]:VCam rga_data_convert_transform: enter
09-14 10:17:53.765   534  3006 E android.hardware.camera.provider-V1-service: garyVCam [rga_data_convert:214]:VCam rga_data_convert: 1920x1080 I420 -> 1920x1080 NV12 rot=0 flipH=0 flipV=0
09-14 10:17:53.766   534  3006 E android.hardware.camera.provider-V1-service: garyVCam [build_transform_flags:200]:VCam build_transform_flags: rot=0 flipH=0 flipV=0 -> tf=0x0
09-14 10:17:53.766   534  3006 E android.hardware.camera.provider-V1-service: garyVCam [rga_data_convert:236]:VCam rga_data_convert: improcess path usage=0x0
09-14 10:17:53.769   534  3006 E android.hardware.camera.provider-V1-service: garyVCam [rga_data_convert:248]:VCam rga_data_convert: success
09-14 10:17:53.769   534  3006 E android.hardware.camera.provider-V1-service: garyVCam [rga_data_convert_transform:260]:VCam rga_data_convert_transform: exit ok=1
09-14 10:17:53.769   534  3006 E android.hardware.camera.provider-V1-service: garyVCam [applyEffectsAll:787]:VCam applyEffectsAll: mask=0x1c fmt=NV12 w=1920 h=1080
09-14 10:17:53.775   534  3006 E android.hardware.camera.provider-V1-service: garyVCam [save_frame:917]:VCam save_frame: slot ready 1920x1080 NV12 stamp=1757816273775147
09-14 10:17:53.775   534  3006 E android.hardware.camera.provider-V1-service: garyVCam [save_frame:924]:VCam save_frame: -
09-14 10:17:53.780   534  2971 E android.hardware.camera.provider-V1-service: garyVCam [guessYuvLayout:1114]:VCam guessYuvLayout: fmt=0x22 -> NV12
09-14 10:17:53.780   534  2971 E android.hardware.camera.provider-V1-service: garyVCam [copyPreparedYuvToStreamBuffer:1272]:VCam copyPreparedYuvToStreamBuffer: + yuvLen=3110400 layout=NV12 overrideStride=0
09-14 10:17:53.782   534  2971 E android.hardware.camera.provider-V1-service: garyVCam [mapPixelFdFromHandle:1259]:VCam mapPixelFdFromHandle: no mappable pixel fd (w=1920 h=1080)
09-14 10:17:53.782   534  2971 E android.hardware.camera.provider-V1-service: garyVCam [copyPreparedYuvToStreamBuffer:1300]:copyYuv: no valid fd in buffer_handle
09-14 10:17:53.782   534  2971 E android.hardware.camera.provider-V1-service: garyVCam [VCam_CopyLatestTo:1643]:VCam_CopyLatestTo: copy failed -4
09-14 10:17:53.782   534  2971 E RKISP2OutputFrameWorker: VCam InjectVirtualIfNeeded: stream 1920x1080 fmt=0x22 -> ret=-4
09-14 10:17:53.782   534  2971 E android.hardware.camera.provider-V1-service: garyVCam [VCam_Tick:1665]:VCam_Tick: fallback=0 desired=1 state=E_VIRTUAL_RUNNING lastFrameUs=1757816273765169 lastPingUs=1757816272445802 outputs=1
09-14 10:17:53.789   534  3006 E android.hardware.camera.provider-V1-service: garyVCam [client_thread_func:952]:client 41[0]> header cmdFlag=0 cmd=0 p1=1920 p2=1080 p3=19 p4=3110400 p5=1920 p6=1080
09-14 10:17:53.797   534  3006 E android.hardware.camera.provider-V1-service: garyVCam [save_frame:829]:VCam save_frame: + width=1920 height=1080 fmt=19 len=3110400 yStride=1920 ySlice=1080 desired=1 state=E_VIRTUAL_RUNNING outputs=1
09-14 10:17:53.799   534  3006 E android.hardware.camera.provider-V1-service: garyVCam [save_frame:881]:VCam save_frame: updated lastFrameUs=1757816273799294
09-14 10:17:53.799   534  3006 E android.hardware.camera.provider-V1-service: garyVCam [rga_data_convert_transform:256]:VCam rga_data_convert_transform: enter
09-14 10:17:53.799   534  3006 E android.hardware.camera.provider-V1-service: garyVCam [rga_data_convert:214]:VCam rga_data_convert: 1920x1080 I420 -> 1920x1080 NV12 rot=0 flipH=0 flipV=0
09-14 10:17:53.800   534  3006 E android.hardware.camera.provider-V1-service: garyVCam [build_transform_flags:200]:VCam build_transform_flags: rot=0 flipH=0 flipV=0 -> tf=0x0
09-14 10:17:53.801   534  3006 E android.hardware.camera.provider-V1-service: garyVCam [rga_data_convert:236]:VCam rga_data_convert: improcess path usage=0x0
09-14 10:17:53.804   534  3006 E android.hardware.camera.provider-V1-service: garyVCam [rga_data_convert:248]:VCam rga_data_convert: success
09-14 10:17:53.804   534  3006 E android.hardware.camera.provider-V1-service: garyVCam [rga_data_convert_transform:260]:VCam rga_data_convert_transform: exit ok=1
09-14 10:17:53.804   534  3006 E android.hardware.camera.provider-V1-service: garyVCam [applyEffectsAll:787]:VCam applyEffectsAll: mask=0x1c fmt=NV12 w=1920 h=1080
09-14 10:17:53.810   534  3006 E android.hardware.camera.provider-V1-service: garyVCam [save_frame:917]:VCam save_frame: slot ready 1920x1080 NV12 stamp=1757816273810481
09-14 10:17:53.810   534  3006 E android.hardware.camera.provider-V1-service: garyVCam [save_frame:924]:VCam save_frame: -
09-14 10:17:53.813   534  2971 E android.hardware.camera.provider-V1-service: garyVCam [guessYuvLayout:1114]:VCam guessYuvLayout: fmt=0x22 -> NV12
09-14 10:17:53.813   534  2971 E android.hardware.camera.provider-V1-service: garyVCam [copyPreparedYuvToStreamBuffer:1272]:VCam copyPreparedYuvToStreamBuffer: + yuvLen=3110400 layout=NV12 overrideStride=0
09-14 10:17:53.816   534  2971 E android.hardware.camera.provider-V1-service: garyVCam [mapPixelFdFromHandle:1259]:VCam mapPixelFdFromHandle: no mappable pixel fd (w=1920 h=1080)
09-14 10:17:53.816   534  2971 E android.hardware.camera.provider-V1-service: garyVCam [copyPreparedYuvToStreamBuffer:1300]:copyYuv: no valid fd in buffer_handle
09-14 10:17:53.816   534  2971 E android.hardware.camera.provider-V1-service: garyVCam [VCam_CopyLatestTo:1643]:VCam_CopyLatestTo: copy failed -4
09-14 10:17:53.816   534  2971 E RKISP2OutputFrameWorker: VCam InjectVirtualIfNeeded: stream 1920x1080 fmt=0x22 -> ret=-4
09-14 10:17:53.816   534  2971 E android.hardware.camera.provider-V1-service: garyVCam [VCam_Tick:1665]:VCam_Tick: fallback=0 desired=1 state=E_VIRTUAL_RUNNING lastFrameUs=1757816273799294 lastPingUs=1757816272445802 outputs=1
09-14 10:17:53.825   534  3006 E android.hardware.camera.provider-V1-service: garyVCam [client_thread_func:952]:client 41[0]> header cmdFlag=0 cmd=0 p1=1920 p2=1080 p3=19 p4=3110400 p5=1920 p6=1080
09-14 10:17:53.832   534  3006 E android.hardware.camera.provider-V1-service: garyVCam [save_frame:829]:VCam save_frame: + width=1920 height=1080 fmt=19 len=3110400 yStride=1920 ySlice=1080 desired=1 state=E_VIRTUAL_RUNNING outputs=1
09-14 10:17:53.834   534  3006 E android.hardware.camera.provider-V1-service: garyVCam [save_frame:881]:VCam save_frame: updated lastFrameUs=1757816273834015
09-14 10:17:53.834   534  3006 E android.hardware.camera.provider-V1-service: garyVCam [rga_data_convert_transform:256]:VCam rga_data_convert_transform: enter
09-14 10:17:53.834   534  3006 E android.hardware.camera.provider-V1-service: garyVCam [rga_data_convert:214]:VCam rga_data_convert: 1920x1080 I420 -> 1920x1080 NV12 rot=0 flipH=0 flipV=0
09-14 10:17:53.835   534  3006 E android.hardware.camera.provider-V1-service: garyVCam [build_transform_flags:200]:VCam build_transform_flags: rot=0 flipH=0 flipV=0 -> tf=0x0
09-14 10:17:53.835   534  3006 E android.hardware.camera.provider-V1-service: garyVCam [rga_data_convert:236]:VCam rga_data_convert: improcess path usage=0x0
09-14 10:17:53.838   534  3006 E android.hardware.camera.provider-V1-service: garyVCam [rga_data_convert:248]:VCam rga_data_convert: success
09-14 10:17:53.838   534  3006 E android.hardware.camera.provider-V1-service: garyVCam [rga_data_convert_transform:260]:VCam rga_data_convert_transform: exit ok=1
09-14 10:17:53.838   534  3006 E android.hardware.camera.provider-V1-service: garyVCam [applyEffectsAll:787]:VCam applyEffectsAll: mask=0x1c fmt=NV12 w=1920 h=1080
09-14 10:17:53.843   534  3006 E android.hardware.camera.provider-V1-service: garyVCam [save_frame:917]:VCam save_frame: slot ready 1920x1080 NV12 stamp=1757816273843979
09-14 10:17:53.844   534  3006 E android.hardware.camera.provider-V1-service: garyVCam [save_frame:924]:VCam save_frame: -
09-14 10:17:53.845   534  2971 E android.hardware.camera.provider-V1-service: garyVCam [guessYuvLayout:1114]:VCam guessYuvLayout: fmt=0x22 -> NV12
09-14 10:17:53.845   534  2971 E android.hardware.camera.provider-V1-service: garyVCam [copyPreparedYuvToStreamBuffer:1272]:VCam copyPreparedYuvToStreamBuffer: + yuvLen=3110400 layout=NV12 overrideStride=0
09-14 10:17:53.847   534  2971 E android.hardware.camera.provider-V1-service: garyVCam [mapPixelFdFromHandle:1259]:VCam mapPixelFdFromHandle: no mappable pixel fd (w=1920 h=1080)
09-14 10:17:53.847   534  2971 E android.hardware.camera.provider-V1-service: garyVCam [copyPreparedYuvToStreamBuffer:1300]:copyYuv: no valid fd in buffer_handle
09-14 10:17:53.847   534  2971 E android.hardware.camera.provider-V1-service: garyVCam [VCam_CopyLatestTo:1643]:VCam_CopyLatestTo: copy failed -4
09-14 10:17:53.848   534  2971 E RKISP2OutputFrameWorker: VCam InjectVirtualIfNeeded: stream 1920x1080 fmt=0x22 -> ret=-4
09-14 10:17:53.848   534  2971 E android.hardware.camera.provider-V1-service: garyVCam [VCam_Tick:1665]:VCam_Tick: fallback=0 desired=1 state=E_VIRTUAL_RUNNING lastFrameUs=1757816273834015 lastPingUs=1757816272445802 outputs=1
09-14 10:17:53.858   534  3006 E android.hardware.camera.provider-V1-service: garyVCam [client_thread_func:952]:client 41[0]> header cmdFlag=0 cmd=0 p1=1920 p2=1080 p3=19 p4=3110400 p5=1920 p6=1080
09-14 10:17:53.866   534  3006 E android.hardware.camera.provider-V1-service: garyVCam [save_frame:829]:VCam save_frame: + width=1920 height=1080 fmt=19 len=3110400 yStride=1920 ySlice=1080 desired=1 state=E_VIRTUAL_RUNNING outputs=1
09-14 10:17:53.869   534  3006 E android.hardware.camera.provider-V1-service: garyVCam [save_frame:881]:VCam save_frame: updated lastFrameUs=1757816273869862
09-14 10:17:53.870   534  3006 E android.hardware.camera.provider-V1-service: garyVCam [rga_data_convert_transform:256]:VCam rga_data_convert_transform: enter
09-14 10:17:53.870   534  3006 E android.hardware.camera.provider-V1-service: garyVCam [rga_data_convert:214]:VCam rga_data_convert: 1920x1080 I420 -> 1920x1080 NV12 rot=0 flipH=0 flipV=0
09-14 10:17:53.870   534  3006 E android.hardware.camera.provider-V1-service: garyVCam [build_transform_flags:200]:VCam build_transform_flags: rot=0 flipH=0 flipV=0 -> tf=0x0
09-14 10:17:53.870   534  3006 E android.hardware.camera.provider-V1-service: garyVCam [rga_data_convert:236]:VCam rga_data_convert: improcess path usage=0x0
09-14 10:17:53.874   534  3006 E android.hardware.camera.provider-V1-service: garyVCam [rga_data_convert:248]:VCam rga_data_convert: success
09-14 10:17:53.874   534  3006 E android.hardware.camera.provider-V1-service: garyVCam [rga_data_convert_transform:260]:VCam rga_data_convert_transform: exit ok=1
09-14 10:17:53.874   534  3006 E android.hardware.camera.provider-V1-service: garyVCam [applyEffectsAll:787]:VCam applyEffectsAll: mask=0x1c fmt=NV12 w=1920 h=1080
09-14 10:17:53.879   534  3006 E android.hardware.camera.provider-V1-service: garyVCam [save_frame:917]:VCam save_frame: slot ready 1920x1080 NV12 stamp=1757816273879626
09-14 10:17:53.879   534  3006 E android.hardware.camera.provider-V1-service: garyVCam [save_frame:924]:VCam save_frame: -
09-14 10:17:53.882   534  2971 E android.hardware.camera.provider-V1-service: garyVCam [guessYuvLayout:1114]:VCam guessYuvLayout: fmt=0x22 -> NV12
09-14 10:17:53.882   534  2971 E android.hardware.camera.provider-V1-service: garyVCam [copyPreparedYuvToStreamBuffer:1272]:VCam copyPreparedYuvToStreamBuffer: + yuvLen=3110400 layout=NV12 overrideStride=0
09-14 10:17:53.884   534  2971 E android.hardware.camera.provider-V1-service: garyVCam [mapPixelFdFromHandle:1259]:VCam mapPixelFdFromHandle: no mappable pixel fd (w=1920 h=1080)
09-14 10:17:53.884   534  2971 E android.hardware.camera.provider-V1-service: garyVCam [copyPreparedYuvToStreamBuffer:1300]:copyYuv: no valid fd in buffer_handle
09-14 10:17:53.884   534  2971 E android.hardware.camera.provider-V1-service: garyVCam [VCam_CopyLatestTo:1643]:VCam_CopyLatestTo: copy failed -4
09-14 10:17:53.884   534  2971 E RKISP2OutputFrameWorker: VCam InjectVirtualIfNeeded: stream 1920x1080 fmt=0x22 -> ret=-4
09-14 10:17:53.884   534  2971 E android.hardware.camera.provider-V1-service: garyVCam [VCam_Tick:1665]:VCam_Tick: fallback=0 desired=1 state=E_VIRTUAL_RUNNING lastFrameUs=1757816273869862 lastPingUs=1757816272445802 outputs=1
09-14 10:17:53.892   534  3006 E android.hardware.camera.provider-V1-service: garyVCam [client_thread_func:952]:client 41[0]> header cmdFlag=0 cmd=0 p1=1920 p2=1080 p3=19 p4=3110400 p5=1920 p6=1080
09-14 10:17:53.901   534  3006 E android.hardware.camera.provider-V1-service: garyVCam [save_frame:829]:VCam save_frame: + width=1920 height=1080 fmt=19 len=3110400 yStride=1920 ySlice=1080 desired=1 state=E_VIRTUAL_RUNNING outputs=1
09-14 10:17:53.905   534  3006 E android.hardware.camera.provider-V1-service: garyVCam [save_frame:881]:VCam save_frame: updated lastFrameUs=1757816273905157
09-14 10:17:53.905   534  3006 E android.hardware.camera.provider-V1-service: garyVCam [rga_data_convert_transform:256]:VCam rga_data_convert_transform: enter
09-14 10:17:53.905   534  3006 E android.hardware.camera.provider-V1-service: garyVCam [rga_data_convert:214]:VCam rga_data_convert: 1920x1080 I420 -> 1920x1080 NV12 rot=0 flipH=0 flipV=0
09-14 10:17:53.905   534  3006 E android.hardware.camera.provider-V1-service: garyVCam [build_transform_flags:200]:VCam build_transform_flags: rot=0 flipH=0 flipV=0 -> tf=0x0
09-14 10:17:53.905   534  3006 E android.hardware.camera.provider-V1-service: garyVCam [rga_data_convert:236]:VCam rga_data_convert: improcess path usage=0x0
09-14 10:17:53.911   534  3006 E android.hardware.camera.provider-V1-service: garyVCam [rga_data_convert:248]:VCam rga_data_convert: success
09-14 10:17:53.911   534  3006 E android.hardware.camera.provider-V1-service: garyVCam [rga_data_convert_transform:260]:VCam rga_data_convert_transform: exit ok=1
09-14 10:17:53.911   534  3006 E android.hardware.camera.provider-V1-service: garyVCam [applyEffectsAll:787]:VCam applyEffectsAll: mask=0x1c fmt=NV12 w=1920 h=1080
09-14 10:17:53.913   534  2971 E android.hardware.camera.provider-V1-service: garyVCam [guessYuvLayout:1114]:VCam guessYuvLayout: fmt=0x22 -> NV12
09-14 10:17:53.916   534  3006 E android.hardware.camera.provider-V1-service: garyVCam [save_frame:917]:VCam save_frame: slot ready 1920x1080 NV12 stamp=1757816273916833
09-14 10:17:53.916   534  3006 E android.hardware.camera.provider-V1-service: garyVCam [save_frame:924]:VCam save_frame: -
09-14 10:17:53.917   534  2971 E android.hardware.camera.provider-V1-service: garyVCam [copyPreparedYuvToStreamBuffer:1272]:VCam copyPreparedYuvToStreamBuffer: + yuvLen=3110400 layout=NV12 overrideStride=0
09-14 10:17:53.919   534  2971 E android.hardware.camera.provider-V1-service: garyVCam [mapPixelFdFromHandle:1259]:VCam mapPixelFdFromHandle: no mappable pixel fd (w=1920 h=1080)
09-14 10:17:53.919   534  2971 E android.hardware.camera.provider-V1-service: garyVCam [copyPreparedYuvToStreamBuffer:1300]:copyYuv: no valid fd in buffer_handle
09-14 10:17:53.919   534  2971 E android.hardware.camera.provider-V1-service: garyVCam [VCam_CopyLatestTo:1643]:VCam_CopyLatestTo: copy failed -4
09-14 10:17:53.919   534  2971 E RKISP2OutputFrameWorker: VCam InjectVirtualIfNeeded: stream 1920x1080 fmt=0x22 -> ret=-4
09-14 10:17:53.919   534  2971 E android.hardware.camera.provider-V1-service: garyVCam [VCam_Tick:1665]:VCam_Tick: fallback=0 desired=1 state=E_VIRTUAL_RUNNING lastFrameUs=1757816273905157 lastPingUs=1757816272445802 outputs=1
09-14 10:17:53.922   534  3006 E android.hardware.camera.provider-V1-service: garyVCam [client_thread_func:952]:client 41[0]> header cmdFlag=0 cmd=0 p1=1920 p2=1080 p3=19 p4=3110400 p5=1920 p6=1080
09-14 10:17:53.929   534  3006 E android.hardware.camera.provider-V1-service: garyVCam [save_frame:829]:VCam save_frame: + width=1920 height=1080 fmt=19 len=3110400 yStride=1920 ySlice=1080 desired=1 state=E_VIRTUAL_RUNNING outputs=1
09-14 10:17:53.930   534  3006 E android.hardware.camera.provider-V1-service: garyVCam [save_frame:881]:VCam save_frame: updated lastFrameUs=1757816273930824
09-14 10:17:53.931   534  3006 E android.hardware.camera.provider-V1-service: garyVCam [rga_data_convert_transform:256]:VCam rga_data_convert_transform: enter
09-14 10:17:53.931   534  3006 E android.hardware.camera.provider-V1-service: garyVCam [rga_data_convert:214]:VCam rga_data_convert: 1920x1080 I420 -> 1920x1080 NV12 rot=0 flipH=0 flipV=0
09-14 10:17:53.931   534  3006 E android.hardware.camera.provider-V1-service: garyVCam [build_transform_flags:200]:VCam build_transform_flags: rot=0 flipH=0 flipV=0 -> tf=0x0
09-14 10:17:53.932   534  3006 E android.hardware.camera.provider-V1-service: garyVCam [rga_data_convert:236]:VCam rga_data_convert: improcess path usage=0x0
09-14 10:17:53.934   534  3006 E android.hardware.camera.provider-V1-service: garyVCam [rga_data_convert:248]:VCam rga_data_convert: success
09-14 10:17:53.935   534  3006 E android.hardware.camera.provider-V1-service: garyVCam [rga_data_convert_transform:260]:VCam rga_data_convert_transform: exit ok=1
09-14 10:17:53.935   534  3006 E android.hardware.camera.provider-V1-service: garyVCam [applyEffectsAll:787]:VCam applyEffectsAll: mask=0x1c fmt=NV12 w=1920 h=1080
09-14 10:17:53.940   534  3006 E android.hardware.camera.provider-V1-service: garyVCam [save_frame:917]:VCam save_frame: slot ready 1920x1080 NV12 stamp=1757816273940919
09-14 10:17:53.941   534  3006 E android.hardware.camera.provider-V1-service: garyVCam [save_frame:924]:VCam save_frame: -
09-14 10:17:53.952   534  2971 E android.hardware.camera.provider-V1-service: garyVCam [guessYuvLayout:1114]:VCam guessYuvLayout: fmt=0x22 -> NV12
09-14 10:17:53.952   534  2971 E android.hardware.camera.provider-V1-service: garyVCam [copyPreparedYuvToStreamBuffer:1272]:VCam copyPreparedYuvToStreamBuffer: + yuvLen=3110400 layout=NV12 overrideStride=0
09-14 10:17:53.954   534  2971 E android.hardware.camera.provider-V1-service: garyVCam [mapPixelFdFromHandle:1259]:VCam mapPixelFdFromHandle: no mappable pixel fd (w=1920 h=1080)
09-14 10:17:53.954   534  2971 E android.hardware.camera.provider-V1-service: garyVCam [copyPreparedYuvToStreamBuffer:1300]:copyYuv: no valid fd in buffer_handle
09-14 10:17:53.954   534  2971 E android.hardware.camera.provider-V1-service: garyVCam [VCam_CopyLatestTo:1643]:VCam_CopyLatestTo: copy failed -4
09-14 10:17:53.954   534  2971 E RKISP2OutputFrameWorker: VCam InjectVirtualIfNeeded: stream 1920x1080 fmt=0x22 -> ret=-4
09-14 10:17:53.954   534  2971 E android.hardware.camera.provider-V1-service: garyVCam [VCam_Tick:1665]:VCam_Tick: fallback=0 desired=1 state=E_VIRTUAL_RUNNING lastFrameUs=1757816273930824 lastPingUs=1757816272445802 outputs=1
09-14 10:17:53.955   534  3006 E android.hardware.camera.provider-V1-service: garyVCam [client_thread_func:952]:client 41[0]> header cmdFlag=0 cmd=0 p1=1920 p2=1080 p3=19 p4=3110400 p5=1920 p6=1080
09-14 10:17:53.962   534  3006 E android.hardware.camera.provider-V1-service: garyVCam [save_frame:829]:VCam save_frame: + width=1920 height=1080 fmt=19 len=3110400 yStride=1920 ySlice=1080 desired=1 state=E_VIRTUAL_RUNNING outputs=1
09-14 10:17:53.964   534  3006 E android.hardware.camera.provider-V1-service: garyVCam [save_frame:881]:VCam save_frame: updated lastFrameUs=1757816273964615
09-14 10:17:53.964   534  3006 E android.hardware.camera.provider-V1-service: garyVCam [rga_data_convert_transform:256]:VCam rga_data_convert_transform: enter
09-14 10:17:53.964   534  3006 E android.hardware.camera.provider-V1-service: garyVCam [rga_data_convert:214]:VCam rga_data_convert: 1920x1080 I420 -> 1920x1080 NV12 rot=0 flipH=0 flipV=0
09-14 10:17:53.966   534  3006 E android.hardware.camera.provider-V1-service: garyVCam [build_transform_flags:200]:VCam build_transform_flags: rot=0 flipH=0 flipV=0 -> tf=0x0
09-14 10:17:53.966   534  3006 E android.hardware.camera.provider-V1-service: garyVCam [rga_data_convert:236]:VCam rga_data_convert: improcess path usage=0x0
09-14 10:17:53.969   534  3006 E android.hardware.camera.provider-V1-service: garyVCam [rga_data_convert:248]:VCam rga_data_convert: success
09-14 10:17:53.969   534  3006 E android.hardware.camera.provider-V1-service: garyVCam [rga_data_convert_transform:260]:VCam rga_data_convert_transform: exit ok=1
09-14 10:17:53.969   534  3006 E android.hardware.camera.provider-V1-service: garyVCam [applyEffectsAll:787]:VCam applyEffectsAll: mask=0x1c fmt=NV12 w=1920 h=1080
09-14 10:17:53.975   534  3006 E android.hardware.camera.provider-V1-service: garyVCam [save_frame:917]:VCam save_frame: slot ready 1920x1080 NV12 stamp=1757816273975042
09-14 10:17:53.975   534  3006 E android.hardware.camera.provider-V1-service: garyVCam [save_frame:924]:VCam save_frame: -
09-14 10:17:53.983   534  2971 E android.hardware.camera.provider-V1-service: garyVCam [guessYuvLayout:1114]:VCam guessYuvLayout: fmt=0x22 -> NV12
09-14 10:17:53.984   534  2971 E android.hardware.camera.provider-V1-service: garyVCam [copyPreparedYuvToStreamBuffer:1272]:VCam copyPreparedYuvToStreamBuffer: + yuvLen=3110400 layout=NV12 overrideStride=0
09-14 10:17:53.988   534  3006 E android.hardware.camera.provider-V1-service: garyVCam [client_thread_func:952]:client 41[0]> header cmdFlag=0 cmd=0 p1=1920 p2=1080 p3=19 p4=3110400 p5=1920 p6=1080
09-14 10:17:53.991   534  2971 E android.hardware.camera.provider-V1-service: garyVCam [mapPixelFdFromHandle:1259]:VCam mapPixelFdFromHandle: no mappable pixel fd (w=1920 h=1080)
09-14 10:17:53.991   534  2971 E android.hardware.camera.provider-V1-service: garyVCam [copyPreparedYuvToStreamBuffer:1300]:copyYuv: no valid fd in buffer_handle
09-14 10:17:53.991   534  2971 E android.hardware.camera.provider-V1-service: garyVCam [VCam_CopyLatestTo:1643]:VCam_CopyLatestTo: copy failed -4
09-14 10:17:53.991   534  2971 E RKISP2OutputFrameWorker: VCam InjectVirtualIfNeeded: stream 1920x1080 fmt=0x22 -> ret=-4
09-14 10:17:53.991   534  2971 E android.hardware.camera.provider-V1-service: garyVCam [VCam_Tick:1665]:VCam_Tick: fallback=0 desired=1 state=E_VIRTUAL_RUNNING lastFrameUs=1757816273964615 lastPingUs=1757816272445802 outputs=1
09-14 10:17:53.994   534  3006 E android.hardware.camera.provider-V1-service: garyVCam [save_frame:829]:VCam save_frame: + width=1920 height=1080 fmt=19 len=3110400 yStride=1920 ySlice=1080 desired=1 state=E_VIRTUAL_RUNNING outputs=1
09-14 10:17:53.996   534  3006 E android.hardware.camera.provider-V1-service: garyVCam [save_frame:881]:VCam save_frame: updated lastFrameUs=1757816273996584
09-14 10:17:53.996   534  3006 E android.hardware.camera.provider-V1-service: garyVCam [rga_data_convert_transform:256]:VCam rga_data_convert_transform: enter
09-14 10:17:53.996   534  3006 E android.hardware.camera.provider-V1-service: garyVCam [rga_data_convert:214]:VCam rga_data_convert: 1920x1080 I420 -> 1920x1080 NV12 rot=0 flipH=0 flipV=0
09-14 10:17:53.998   534  3006 E android.hardware.camera.provider-V1-service: garyVCam [build_transform_flags:200]:VCam build_transform_flags: rot=0 flipH=0 flipV=0 -> tf=0x0
09-14 10:17:53.998   534  3006 E android.hardware.camera.provider-V1-service: garyVCam [rga_data_convert:236]:VCam rga_data_convert: improcess path usage=0x0
09-14 10:17:54.001   534  3006 E android.hardware.camera.provider-V1-service: garyVCam [rga_data_convert:248]:VCam rga_data_convert: success
09-14 10:17:54.001   534  3006 E android.hardware.camera.provider-V1-service: garyVCam [rga_data_convert_transform:260]:VCam rga_data_convert_transform: exit ok=1
09-14 10:17:54.001   534  3006 E android.hardware.camera.provider-V1-service: garyVCam [applyEffectsAll:787]:VCam applyEffectsAll: mask=0x1c fmt=NV12 w=1920 h=1080
09-14 10:17:54.007   534  3006 E android.hardware.camera.provider-V1-service: garyVCam [save_frame:917]:VCam save_frame: slot ready 1920x1080 NV12 stamp=1757816274007254
09-14 10:17:54.007   534  3006 E android.hardware.camera.provider-V1-service: garyVCam [save_frame:924]:VCam save_frame: -
09-14 10:17:54.014   534  2971 E android.hardware.camera.provider-V1-service: garyVCam [guessYuvLayout:1114]:VCam guessYuvLayout: fmt=0x22 -> NV12
09-14 10:17:54.014   534  2971 E android.hardware.camera.provider-V1-service: garyVCam [copyPreparedYuvToStreamBuffer:1272]:VCam copyPreparedYuvToStreamBuffer: + yuvLen=3110400 layout=NV12 overrideStride=0
09-14 10:17:54.016   534  2971 E android.hardware.camera.provider-V1-service: garyVCam [mapPixelFdFromHandle:1259]:VCam mapPixelFdFromHandle: no mappable pixel fd (w=1920 h=1080)
09-14 10:17:54.016   534  2971 E android.hardware.camera.provider-V1-service: garyVCam [copyPreparedYuvToStreamBuffer:1300]:copyYuv: no valid fd in buffer_handle
09-14 10:17:54.016   534  2971 E android.hardware.camera.provider-V1-service: garyVCam [VCam_CopyLatestTo:1643]:VCam_CopyLatestTo: copy failed -4
09-14 10:17:54.016   534  2971 E RKISP2OutputFrameWorker: VCam InjectVirtualIfNeeded: stream 1920x1080 fmt=0x22 -> ret=-4
09-14 10:17:54.016   534  2971 E android.hardware.camera.provider-V1-service: garyVCam [VCam_Tick:1665]:VCam_Tick: fallback=0 desired=1 state=E_VIRTUAL_RUNNING lastFrameUs=1757816273996584 lastPingUs=1757816272445802 outputs=1
09-14 10:17:54.022   534  3006 E android.hardware.camera.provider-V1-service: garyVCam [client_thread_func:952]:client 41[0]> header cmdFlag=0 cmd=0 p1=1920 p2=1080 p3=19 p4=3110400 p5=1920 p6=1080
09-14 10:17:54.028   534  3006 E android.hardware.camera.provider-V1-service: garyVCam [save_frame:829]:VCam save_frame: + width=1920 height=1080 fmt=19 len=3110400 yStride=1920 ySlice=1080 desired=1 state=E_VIRTUAL_RUNNING outputs=1
09-14 10:17:54.029   534  3006 E android.hardware.camera.provider-V1-service: garyVCam [save_frame:881]:VCam save_frame: updated lastFrameUs=1757816274029794
09-14 10:17:54.029   534  3006 E android.hardware.camera.provider-V1-service: garyVCam [rga_data_convert_transform:256]:VCam rga_data_convert_transform: enter
09-14 10:17:54.029   534  3006 E android.hardware.camera.provider-V1-service: garyVCam [rga_data_convert:214]:VCam rga_data_convert: 1920x1080 I420 -> 1920x1080 NV12 rot=0 flipH=0 flipV=0
09-14 10:17:54.031   534  3006 E android.hardware.camera.provider-V1-service: garyVCam [build_transform_flags:200]:VCam build_transform_flags: rot=0 flipH=0 flipV=0 -> tf=0x0
09-14 10:17:54.031   534  3006 E android.hardware.camera.provider-V1-service: garyVCam [rga_data_convert:236]:VCam rga_data_convert: improcess path usage=0x0
09-14 10:17:54.034   534  3006 E android.hardware.camera.provider-V1-service: garyVCam [rga_data_convert:248]:VCam rga_data_convert: success
09-14 10:17:54.034   534  3006 E android.hardware.camera.provider-V1-service: garyVCam [rga_data_convert_transform:260]:VCam rga_data_convert_transform: exit ok=1
09-14 10:17:54.034   534  3006 E android.hardware.camera.provider-V1-service: garyVCam [applyEffectsAll:787]:VCam applyEffectsAll: mask=0x1c fmt=NV12 w=1920 h=1080
09-14 10:17:54.039   534  3006 E android.hardware.camera.provider-V1-service: garyVCam [save_frame:917]:VCam save_frame: slot ready 1920x1080 NV12 stamp=1757816274039746
09-14 10:17:54.040   534  3006 E android.hardware.camera.provider-V1-service: garyVCam [save_frame:924]:VCam save_frame: -
09-14 10:17:54.048   534  2971 E android.hardware.camera.provider-V1-service: garyVCam [guessYuvLayout:1114]:VCam guessYuvLayout: fmt=0x22 -> NV12
09-14 10:17:54.048   534  2971 E android.hardware.camera.provider-V1-service: garyVCam [copyPreparedYuvToStreamBuffer:1272]:VCam copyPreparedYuvToStreamBuffer: + yuvLen=3110400 layout=NV12 overrideStride=0
09-14 10:17:54.051   534  2971 E android.hardware.camera.provider-V1-service: garyVCam [mapPixelFdFromHandle:1259]:VCam mapPixelFdFromHandle: no mappable pixel fd (w=1920 h=1080)
09-14 10:17:54.051   534  2971 E android.hardware.camera.provider-V1-service: garyVCam [copyPreparedYuvToStreamBuffer:1300]:copyYuv: no valid fd in buffer_handle
09-14 10:17:54.051   534  2971 E android.hardware.camera.provider-V1-service: garyVCam [VCam_CopyLatestTo:1643]:VCam_CopyLatestTo: copy failed -4
09-14 10:17:54.051   534  2971 E RKISP2OutputFrameWorker: VCam InjectVirtualIfNeeded: stream 1920x1080 fmt=0x22 -> ret=-4
09-14 10:17:54.051   534  2971 E android.hardware.camera.provider-V1-service: garyVCam [VCam_Tick:1665]:VCam_Tick: fallback=0 desired=1 state=E_VIRTUAL_RUNNING lastFrameUs=1757816274029794 lastPingUs=1757816272445802 outputs=1
09-14 10:17:54.055   534  3006 E android.hardware.camera.provider-V1-service: garyVCam [client_thread_func:952]:client 41[0]> header cmdFlag=0 cmd=0 p1=1920 p2=1080 p3=19 p4=3110400 p5=1920 p6=1080
09-14 10:17:54.062   534  3006 E android.hardware.camera.provider-V1-service: garyVCam [save_frame:829]:VCam save_frame: + width=1920 height=1080 fmt=19 len=3110400 yStride=1920 ySlice=1080 desired=1 state=E_VIRTUAL_RUNNING outputs=1
09-14 10:17:54.063   534  3006 E android.hardware.camera.provider-V1-service: garyVCam [save_frame:881]:VCam save_frame: updated lastFrameUs=1757816274063855
09-14 10:17:54.063   534  3006 E android.hardware.camera.provider-V1-service: garyVCam [rga_data_convert_transform:256]:VCam rga_data_convert_transform: enter
09-14 10:17:54.064   534  3006 E android.hardware.camera.provider-V1-service: garyVCam [rga_data_convert:214]:VCam rga_data_convert: 1920x1080 I420 -> 1920x1080 NV12 rot=0 flipH=0 flipV=0
09-14 10:17:54.065   534  3006 E android.hardware.camera.provider-V1-service: garyVCam [build_transform_flags:200]:VCam build_transform_flags: rot=0 flipH=0 flipV=0 -> tf=0x0
09-14 10:17:54.065   534  3006 E android.hardware.camera.provider-V1-service: garyVCam [rga_data_convert:236]:VCam rga_data_convert: improcess path usage=0x0
09-14 10:17:54.068   534  3006 E android.hardware.camera.provider-V1-service: garyVCam [rga_data_convert:248]:VCam rga_data_convert: success
09-14 10:17:54.068   534  3006 E android.hardware.camera.provider-V1-service: garyVCam [rga_data_convert_transform:260]:VCam rga_data_convert_transform: exit ok=1
09-14 10:17:54.068   534  3006 E android.hardware.camera.provider-V1-service: garyVCam [applyEffectsAll:787]:VCam applyEffectsAll: mask=0x1c fmt=NV12 w=1920 h=1080
