09-14 10:17:51.495   534  3006 E android.hardware.camera.provider-V1-service: garyVCam [rga_data_convert_transform:256]:VCam rga_data_convert_transform: enter
09-14 10:17:51.495   534  3006 E android.hardware.camera.provider-V1-service: garyVCam [rga_data_convert:214]:VCam rga_data_convert: 1920x1080 I420 -> 1920x1080 NV12 rot=0 flipH=0 flipV=0
09-14 10:17:51.496   534  3006 E android.hardware.camera.provider-V1-service: garyVCam [build_transform_flags:200]:VCam build_transform_flags: rot=0 flipH=0 flipV=0 -> tf=0x0
09-14 10:17:51.496   534  3006 E android.hardware.camera.provider-V1-service: garyVCam [rga_data_convert:236]:VCam rga_data_convert: improcess path usage=0x0
09-14 10:17:51.499   534  3006 E android.hardware.camera.provider-V1-service: garyVCam [rga_data_convert:248]:VCam rga_data_convert: success
09-14 10:17:51.499   534  3006 E android.hardware.camera.provider-V1-service: garyVCam [rga_data_convert_transform:260]:VCam rga_data_convert_transform: exit ok=1
09-14 10:17:51.499   534  3006 E android.hardware.camera.provider-V1-service: garyVCam [applyEffectsAll:787]:VCam applyEffectsAll: mask=0x1c fmt=NV12 w=1920 h=1080
09-14 10:17:51.504   534  3006 E android.hardware.camera.provider-V1-service: garyVCam [save_frame:917]:VCam save_frame: slot ready 1920x1080 NV12 stamp=1757816271504510
09-14 10:17:51.504   534  3006 E android.hardware.camera.provider-V1-service: garyVCam [save_frame:924]:VCam save_frame: -
09-14 10:17:51.511   534  2971 E android.hardware.camera.provider-V1-service: garyVCam [guessYuvLayout:1114]:VCam guessYuvLayout: fmt=0x22 -> NV12
09-14 10:17:51.511   534  2971 E android.hardware.camera.provider-V1-service: garyVCam [copyPreparedYuvToStreamBuffer:1272]:VCam copyPreparedYuvToStreamBuffer: + yuvLen=3110400 layout=NV12 overrideStride=0
09-14 10:17:51.513   534  2971 E android.hardware.camera.provider-V1-service: garyVCam [mapPixelFdFromHandle:1259]:VCam mapPixelFdFromHandle: no mappable pixel fd (w=1920 h=1080)
09-14 10:17:51.513   534  2971 E android.hardware.camera.provider-V1-service: garyVCam [copyPreparedYuvToStreamBuffer:1300]:copyYuv: no valid fd in buffer_handle
09-14 10:17:51.513   534  2971 E android.hardware.camera.provider-V1-service: garyVCam [VCam_CopyLatestTo:1643]:VCam_CopyLatestTo: copy failed -4
09-14 10:17:51.513   534  2971 E RKISP2OutputFrameWorker: VCam InjectVirtualIfNeeded: stream 1920x1080 fmt=0x22 -> ret=-4
09-14 10:17:51.513   534  2971 E android.hardware.camera.provider-V1-service: garyVCam [VCam_Tick:1665]:VCam_Tick: fallback=0 desired=1 state=E_VIRTUAL_RUNNING lastFrameUs=1757816271495668 lastPingUs=1757816269426010 outputs=1
09-14 10:17:51.521   534  3006 E android.hardware.camera.provider-V1-service: garyVCam [client_thread_func:952]:client 41[0]> header cmdFlag=0 cmd=0 p1=1920 p2=1080 p3=19 p4=3110400 p5=1920 p6=1080
09-14 10:17:51.530   534  3006 E android.hardware.camera.provider-V1-service: garyVCam [save_frame:829]:VCam save_frame: + width=1920 height=1080 fmt=19 len=3110400 yStride=1920 ySlice=1080 desired=1 state=E_VIRTUAL_RUNNING outputs=1
09-14 10:17:51.531   534  3006 E android.hardware.camera.provider-V1-service: garyVCam [save_frame:881]:VCam save_frame: updated lastFrameUs=1757816271531918
09-14 10:17:51.532   534  3006 E android.hardware.camera.provider-V1-service: garyVCam [rga_data_convert_transform:256]:VCam rga_data_convert_transform: enter
09-14 10:17:51.532   534  3006 E android.hardware.camera.provider-V1-service: garyVCam [rga_data_convert:214]:VCam rga_data_convert: 1920x1080 I420 -> 1920x1080 NV12 rot=0 flipH=0 flipV=0
09-14 10:17:51.532   534  3006 E android.hardware.camera.provider-V1-service: garyVCam [build_transform_flags:200]:VCam build_transform_flags: rot=0 flipH=0 flipV=0 -> tf=0x0
09-14 10:17:51.532   534  3006 E android.hardware.camera.provider-V1-service: garyVCam [rga_data_convert:236]:VCam rga_data_convert: improcess path usage=0x0
09-14 10:17:51.536   534  3006 E android.hardware.camera.provider-V1-service: garyVCam [rga_data_convert:248]:VCam rga_data_convert: success
09-14 10:17:51.536   534  3006 E android.hardware.camera.provider-V1-service: garyVCam [rga_data_convert_transform:260]:VCam rga_data_convert_transform: exit ok=1
09-14 10:17:51.536   534  3006 E android.hardware.camera.provider-V1-service: garyVCam [applyEffectsAll:787]:VCam applyEffectsAll: mask=0x1c fmt=NV12 w=1920 h=1080
09-14 10:17:51.540   534  3006 E android.hardware.camera.provider-V1-service: garyVCam [save_frame:917]:VCam save_frame: slot ready 1920x1080 NV12 stamp=1757816271540463
09-14 10:17:51.540   534  3006 E android.hardware.camera.provider-V1-service: garyVCam [save_frame:924]:VCam save_frame: -
09-14 10:17:51.545   534  2971 E android.hardware.camera.provider-V1-service: garyVCam [guessYuvLayout:1114]:VCam guessYuvLayout: fmt=0x22 -> NV12
09-14 10:17:51.545   534  2971 E android.hardware.camera.provider-V1-service: garyVCam [copyPreparedYuvToStreamBuffer:1272]:VCam copyPreparedYuvToStreamBuffer: + yuvLen=3110400 layout=NV12 overrideStride=0
09-14 10:17:51.546   534  2971 E android.hardware.camera.provider-V1-service: garyVCam [mapPixelFdFromHandle:1259]:VCam mapPixelFdFromHandle: no mappable pixel fd (w=1920 h=1080)
09-14 10:17:51.546   534  2971 E android.hardware.camera.provider-V1-service: garyVCam [copyPreparedYuvToStreamBuffer:1300]:copyYuv: no valid fd in buffer_handle
09-14 10:17:51.546   534  2971 E android.hardware.camera.provider-V1-service: garyVCam [VCam_CopyLatestTo:1643]:VCam_CopyLatestTo: copy failed -4
09-14 10:17:51.546   534  2971 E RKISP2OutputFrameWorker: VCam InjectVirtualIfNeeded: stream 1920x1080 fmt=0x22 -> ret=-4
09-14 10:17:51.546   534  2971 E android.hardware.camera.provider-V1-service: garyVCam [VCam_Tick:1665]:VCam_Tick: fallback=0 desired=1 state=E_VIRTUAL_RUNNING lastFrameUs=1757816271531918 lastPingUs=1757816269426010 outputs=1
09-14 10:17:51.557   534  3006 E android.hardware.camera.provider-V1-service: garyVCam [client_thread_func:952]:client 41[0]> header cmdFlag=0 cmd=0 p1=1920 p2=1080 p3=19 p4=3110400 p5=1920 p6=1080
09-14 10:17:51.564   534  3006 E android.hardware.camera.provider-V1-service: garyVCam [save_frame:829]:VCam save_frame: + width=1920 height=1080 fmt=19 len=3110400 yStride=1920 ySlice=1080 desired=1 state=E_VIRTUAL_RUNNING outputs=1
09-14 10:17:51.567   534  3006 E android.hardware.camera.provider-V1-service: garyVCam [save_frame:881]:VCam save_frame: updated lastFrameUs=1757816271566996
09-14 10:17:51.567   534  3006 E android.hardware.camera.provider-V1-service: garyVCam [rga_data_convert_transform:256]:VCam rga_data_convert_transform: enter
09-14 10:17:51.567   534  3006 E android.hardware.camera.provider-V1-service: garyVCam [rga_data_convert:214]:VCam rga_data_convert: 1920x1080 I420 -> 1920x1080 NV12 rot=0 flipH=0 flipV=0
09-14 10:17:51.567   534  3006 E android.hardware.camera.provider-V1-service: garyVCam [build_transform_flags:200]:VCam build_transform_flags: rot=0 flipH=0 flipV=0 -> tf=0x0
09-14 10:17:51.568   534  3006 E android.hardware.camera.provider-V1-service: garyVCam [rga_data_convert:236]:VCam rga_data_convert: improcess path usage=0x0
09-14 10:17:51.570   534  3006 E android.hardware.camera.provider-V1-service: garyVCam [rga_data_convert:248]:VCam rga_data_convert: success
09-14 10:17:51.570   534  3006 E android.hardware.camera.provider-V1-service: garyVCam [rga_data_convert_transform:260]:VCam rga_data_convert_transform: exit ok=1
09-14 10:17:51.570   534  3006 E android.hardware.camera.provider-V1-service: garyVCam [applyEffectsAll:787]:VCam applyEffectsAll: mask=0x1c fmt=NV12 w=1920 h=1080
09-14 10:17:51.575   534  3006 E android.hardware.camera.provider-V1-service: garyVCam [save_frame:917]:VCam save_frame: slot ready 1920x1080 NV12 stamp=1757816271575218
09-14 10:17:51.575   534  3006 E android.hardware.camera.provider-V1-service: garyVCam [save_frame:924]:VCam save_frame: -
09-14 10:17:51.578   534  2971 E android.hardware.camera.provider-V1-service: garyVCam [guessYuvLayout:1114]:VCam guessYuvLayout: fmt=0x22 -> NV12
09-14 10:17:51.579   534  2971 E android.hardware.camera.provider-V1-service: garyVCam [copyPreparedYuvToStreamBuffer:1272]:VCam copyPreparedYuvToStreamBuffer: + yuvLen=3110400 layout=NV12 overrideStride=0
09-14 10:17:51.580   534  2971 E android.hardware.camera.provider-V1-service: garyVCam [mapPixelFdFromHandle:1259]:VCam mapPixelFdFromHandle: no mappable pixel fd (w=1920 h=1080)
09-14 10:17:51.580   534  2971 E android.hardware.camera.provider-V1-service: garyVCam [copyPreparedYuvToStreamBuffer:1300]:copyYuv: no valid fd in buffer_handle
09-14 10:17:51.580   534  2971 E android.hardware.camera.provider-V1-service: garyVCam [VCam_CopyLatestTo:1643]:VCam_CopyLatestTo: copy failed -4
09-14 10:17:51.580   534  2971 E RKISP2OutputFrameWorker: VCam InjectVirtualIfNeeded: stream 1920x1080 fmt=0x22 -> ret=-4
09-14 10:17:51.580   534  2971 E android.hardware.camera.provider-V1-service: garyVCam [VCam_Tick:1665]:VCam_Tick: fallback=0 desired=1 state=E_VIRTUAL_RUNNING lastFrameUs=1757816271566996 lastPingUs=1757816269426010 outputs=1
09-14 10:17:51.589   534  3006 E android.hardware.camera.provider-V1-service: garyVCam [client_thread_func:952]:client 41[0]> header cmdFlag=0 cmd=0 p1=1920 p2=1080 p3=19 p4=3110400 p5=1920 p6=1080
09-14 10:17:51.596   534  3006 E android.hardware.camera.provider-V1-service: garyVCam [save_frame:829]:VCam save_frame: + width=1920 height=1080 fmt=19 len=3110400 yStride=1920 ySlice=1080 desired=1 state=E_VIRTUAL_RUNNING outputs=1
09-14 10:17:51.597   534  3006 E android.hardware.camera.provider-V1-service: garyVCam [save_frame:881]:VCam save_frame: updated lastFrameUs=1757816271597798
09-14 10:17:51.597   534  3006 E android.hardware.camera.provider-V1-service: garyVCam [rga_data_convert_transform:256]:VCam rga_data_convert_transform: enter
09-14 10:17:51.597   534  3006 E android.hardware.camera.provider-V1-service: garyVCam [rga_data_convert:214]:VCam rga_data_convert: 1920x1080 I420 -> 1920x1080 NV12 rot=0 flipH=0 flipV=0
09-14 10:17:51.599   534  3006 E android.hardware.camera.provider-V1-service: garyVCam [build_transform_flags:200]:VCam build_transform_flags: rot=0 flipH=0 flipV=0 -> tf=0x0
09-14 10:17:51.599   534  3006 E android.hardware.camera.provider-V1-service: garyVCam [rga_data_convert:236]:VCam rga_data_convert: improcess path usage=0x0
09-14 10:17:51.602   534  3006 E android.hardware.camera.provider-V1-service: garyVCam [rga_data_convert:248]:VCam rga_data_convert: success
09-14 10:17:51.602   534  3006 E android.hardware.camera.provider-V1-service: garyVCam [rga_data_convert_transform:260]:VCam rga_data_convert_transform: exit ok=1
09-14 10:17:51.602   534  3006 E android.hardware.camera.provider-V1-service: garyVCam [applyEffectsAll:787]:VCam applyEffectsAll: mask=0x1c fmt=NV12 w=1920 h=1080
09-14 10:17:51.607   534  3006 E android.hardware.camera.provider-V1-service: garyVCam [save_frame:917]:VCam save_frame: slot ready 1920x1080 NV12 stamp=1757816271607586
09-14 10:17:51.607   534  3006 E android.hardware.camera.provider-V1-service: garyVCam [save_frame:924]:VCam save_frame: -
09-14 10:17:51.611   534  2971 E android.hardware.camera.provider-V1-service: garyVCam [guessYuvLayout:1114]:VCam guessYuvLayout: fmt=0x22 -> NV12
09-14 10:17:51.611   534  2971 E android.hardware.camera.provider-V1-service: garyVCam [copyPreparedYuvToStreamBuffer:1272]:VCam copyPreparedYuvToStreamBuffer: + yuvLen=3110400 layout=NV12 overrideStride=0
09-14 10:17:51.613   534  2971 E android.hardware.camera.provider-V1-service: garyVCam [mapPixelFdFromHandle:1259]:VCam mapPixelFdFromHandle: no mappable pixel fd (w=1920 h=1080)
09-14 10:17:51.613   534  2971 E android.hardware.camera.provider-V1-service: garyVCam [copyPreparedYuvToStreamBuffer:1300]:copyYuv: no valid fd in buffer_handle
09-14 10:17:51.613   534  2971 E android.hardware.camera.provider-V1-service: garyVCam [VCam_CopyLatestTo:1643]:VCam_CopyLatestTo: copy failed -4
09-14 10:17:51.613   534  2971 E RKISP2OutputFrameWorker: VCam InjectVirtualIfNeeded: stream 1920x1080 fmt=0x22 -> ret=-4
09-14 10:17:51.613   534  2971 E android.hardware.camera.provider-V1-service: garyVCam [VCam_Tick:1665]:VCam_Tick: fallback=0 desired=1 state=E_VIRTUAL_RUNNING lastFrameUs=1757816271597798 lastPingUs=1757816269426010 outputs=1
09-14 10:17:51.624   534  3006 E android.hardware.camera.provider-V1-service: garyVCam [client_thread_func:952]:client 41[0]> header cmdFlag=0 cmd=0 p1=1920 p2=1080 p3=19 p4=3110400 p5=1920 p6=1080
09-14 10:17:51.629   534  3006 E android.hardware.camera.provider-V1-service: garyVCam [save_frame:829]:VCam save_frame: + width=1920 height=1080 fmt=19 len=3110400 yStride=1920 ySlice=1080 desired=1 state=E_VIRTUAL_RUNNING outputs=1
09-14 10:17:51.631   534  3006 E android.hardware.camera.provider-V1-service: garyVCam [save_frame:881]:VCam save_frame: updated lastFrameUs=1757816271631592
09-14 10:17:51.631   534  3006 E android.hardware.camera.provider-V1-service: garyVCam [rga_data_convert_transform:256]:VCam rga_data_convert_transform: enter
09-14 10:17:51.631   534  3006 E android.hardware.camera.provider-V1-service: garyVCam [rga_data_convert:214]:VCam rga_data_convert: 1920x1080 I420 -> 1920x1080 NV12 rot=0 flipH=0 flipV=0
09-14 10:17:51.632   534  3006 E android.hardware.camera.provider-V1-service: garyVCam [build_transform_flags:200]:VCam build_transform_flags: rot=0 flipH=0 flipV=0 -> tf=0x0
09-14 10:17:51.633   534  3006 E android.hardware.camera.provider-V1-service: garyVCam [rga_data_convert:236]:VCam rga_data_convert: improcess path usage=0x0
09-14 10:17:51.636   534  3006 E android.hardware.camera.provider-V1-service: garyVCam [rga_data_convert:248]:VCam rga_data_convert: success
09-14 10:17:51.636   534  3006 E android.hardware.camera.provider-V1-service: garyVCam [rga_data_convert_transform:260]:VCam rga_data_convert_transform: exit ok=1
09-14 10:17:51.636   534  3006 E android.hardware.camera.provider-V1-service: garyVCam [applyEffectsAll:787]:VCam applyEffectsAll: mask=0x1c fmt=NV12 w=1920 h=1080
09-14 10:17:51.641   534  3006 E android.hardware.camera.provider-V1-service: garyVCam [save_frame:917]:VCam save_frame: slot ready 1920x1080 NV12 stamp=1757816271641364
09-14 10:17:51.641   534  3006 E android.hardware.camera.provider-V1-service: garyVCam [save_frame:924]:VCam save_frame: -
09-14 10:17:51.645   534  2971 E android.hardware.camera.provider-V1-service: garyVCam [guessYuvLayout:1114]:VCam guessYuvLayout: fmt=0x22 -> NV12
09-14 10:17:51.645   534  2971 E android.hardware.camera.provider-V1-service: garyVCam [copyPreparedYuvToStreamBuffer:1272]:VCam copyPreparedYuvToStreamBuffer: + yuvLen=3110400 layout=NV12 overrideStride=0
09-14 10:17:51.647   534  2971 E android.hardware.camera.provider-V1-service: garyVCam [mapPixelFdFromHandle:1259]:VCam mapPixelFdFromHandle: no mappable pixel fd (w=1920 h=1080)
09-14 10:17:51.647   534  2971 E android.hardware.camera.provider-V1-service: garyVCam [copyPreparedYuvToStreamBuffer:1300]:copyYuv: no valid fd in buffer_handle
09-14 10:17:51.647   534  2971 E android.hardware.camera.provider-V1-service: garyVCam [VCam_CopyLatestTo:1643]:VCam_CopyLatestTo: copy failed -4
09-14 10:17:51.647   534  2971 E RKISP2OutputFrameWorker: VCam InjectVirtualIfNeeded: stream 1920x1080 fmt=0x22 -> ret=-4
09-14 10:17:51.647   534  2971 E android.hardware.camera.provider-V1-service: garyVCam [VCam_Tick:1665]:VCam_Tick: fallback=0 desired=1 state=E_VIRTUAL_RUNNING lastFrameUs=1757816271631592 lastPingUs=1757816269426010 outputs=1
09-14 10:17:51.658   534  3006 E android.hardware.camera.provider-V1-service: garyVCam [client_thread_func:952]:client 41[0]> header cmdFlag=0 cmd=0 p1=1920 p2=1080 p3=19 p4=3110400 p5=1920 p6=1080
09-14 10:17:51.663   534  3006 E android.hardware.camera.provider-V1-service: garyVCam [save_frame:829]:VCam save_frame: + width=1920 height=1080 fmt=19 len=3110400 yStride=1920 ySlice=1080 desired=1 state=E_VIRTUAL_RUNNING outputs=1
09-14 10:17:51.665   534  3006 E android.hardware.camera.provider-V1-service: garyVCam [save_frame:881]:VCam save_frame: updated lastFrameUs=1757816271665571
09-14 10:17:51.665   534  3006 E android.hardware.camera.provider-V1-service: garyVCam [rga_data_convert_transform:256]:VCam rga_data_convert_transform: enter
09-14 10:17:51.665   534  3006 E android.hardware.camera.provider-V1-service: garyVCam [rga_data_convert:214]:VCam rga_data_convert: 1920x1080 I420 -> 1920x1080 NV12 rot=0 flipH=0 flipV=0
09-14 10:17:51.666   534  3006 E android.hardware.camera.provider-V1-service: garyVCam [build_transform_flags:200]:VCam build_transform_flags: rot=0 flipH=0 flipV=0 -> tf=0x0
09-14 10:17:51.666   534  3006 E android.hardware.camera.provider-V1-service: garyVCam [rga_data_convert:236]:VCam rga_data_convert: improcess path usage=0x0
09-14 10:17:51.669   534  3006 E android.hardware.camera.provider-V1-service: garyVCam [rga_data_convert:248]:VCam rga_data_convert: success
09-14 10:17:51.669   534  3006 E android.hardware.camera.provider-V1-service: garyVCam [rga_data_convert_transform:260]:VCam rga_data_convert_transform: exit ok=1
09-14 10:17:51.669   534  3006 E android.hardware.camera.provider-V1-service: garyVCam [applyEffectsAll:787]:VCam applyEffectsAll: mask=0x1c fmt=NV12 w=1920 h=1080
09-14 10:17:51.675   534  3006 E android.hardware.camera.provider-V1-service: garyVCam [save_frame:917]:VCam save_frame: slot ready 1920x1080 NV12 stamp=1757816271675074
09-14 10:17:51.675   534  3006 E android.hardware.camera.provider-V1-service: garyVCam [save_frame:924]:VCam save_frame: -
09-14 10:17:51.678   534  2971 E android.hardware.camera.provider-V1-service: garyVCam [guessYuvLayout:1114]:VCam guessYuvLayout: fmt=0x22 -> NV12
09-14 10:17:51.679   534  2971 E android.hardware.camera.provider-V1-service: garyVCam [copyPreparedYuvToStreamBuffer:1272]:VCam copyPreparedYuvToStreamBuffer: + yuvLen=3110400 layout=NV12 overrideStride=0
09-14 10:17:51.680   534  2971 E android.hardware.camera.provider-V1-service: garyVCam [mapPixelFdFromHandle:1259]:VCam mapPixelFdFromHandle: no mappable pixel fd (w=1920 h=1080)
09-14 10:17:51.680   534  2971 E android.hardware.camera.provider-V1-service: garyVCam [copyPreparedYuvToStreamBuffer:1300]:copyYuv: no valid fd in buffer_handle
09-14 10:17:51.680   534  2971 E android.hardware.camera.provider-V1-service: garyVCam [VCam_CopyLatestTo:1643]:VCam_CopyLatestTo: copy failed -4
09-14 10:17:51.680   534  2971 E RKISP2OutputFrameWorker: VCam InjectVirtualIfNeeded: stream 1920x1080 fmt=0x22 -> ret=-4
09-14 10:17:51.680   534  2971 E android.hardware.camera.provider-V1-service: garyVCam [VCam_Tick:1665]:VCam_Tick: fallback=0 desired=1 state=E_VIRTUAL_RUNNING lastFrameUs=1757816271665571 lastPingUs=1757816269426010 outputs=1
09-14 10:17:51.689   534  3006 E android.hardware.camera.provider-V1-service: garyVCam [client_thread_func:952]:client 41[0]> header cmdFlag=0 cmd=0 p1=1920 p2=1080 p3=19 p4=3110400 p5=1920 p6=1080
09-14 10:17:51.696   534  3006 E android.hardware.camera.provider-V1-service: garyVCam [save_frame:829]:VCam save_frame: + width=1920 height=1080 fmt=19 len=3110400 yStride=1920 ySlice=1080 desired=1 state=E_VIRTUAL_RUNNING outputs=1
09-14 10:17:51.697   534  3006 E android.hardware.camera.provider-V1-service: garyVCam [save_frame:881]:VCam save_frame: updated lastFrameUs=1757816271697341
09-14 10:17:51.697   534  3006 E android.hardware.camera.provider-V1-service: garyVCam [rga_data_convert_transform:256]:VCam rga_data_convert_transform: enter
09-14 10:17:51.697   534  3006 E android.hardware.camera.provider-V1-service: garyVCam [rga_data_convert:214]:VCam rga_data_convert: 1920x1080 I420 -> 1920x1080 NV12 rot=0 flipH=0 flipV=0
09-14 10:17:51.698   534  3006 E android.hardware.camera.provider-V1-service: garyVCam [build_transform_flags:200]:VCam build_transform_flags: rot=0 flipH=0 flipV=0 -> tf=0x0
09-14 10:17:51.698   534  3006 E android.hardware.camera.provider-V1-service: garyVCam [rga_data_convert:236]:VCam rga_data_convert: improcess path usage=0x0
09-14 10:17:51.700   534  3006 E android.hardware.camera.provider-V1-service: garyVCam [rga_data_convert:248]:VCam rga_data_convert: success
09-14 10:17:51.700   534  3006 E android.hardware.camera.provider-V1-service: garyVCam [rga_data_convert_transform:260]:VCam rga_data_convert_transform: exit ok=1
09-14 10:17:51.700   534  3006 E android.hardware.camera.provider-V1-service: garyVCam [applyEffectsAll:787]:VCam applyEffectsAll: mask=0x1c fmt=NV12 w=1920 h=1080
09-14 10:17:51.705   534  3006 E android.hardware.camera.provider-V1-service: garyVCam [save_frame:917]:VCam save_frame: slot ready 1920x1080 NV12 stamp=1757816271705062
09-14 10:17:51.705   534  3006 E android.hardware.camera.provider-V1-service: garyVCam [save_frame:924]:VCam save_frame: -
09-14 10:17:51.711   534  2971 E android.hardware.camera.provider-V1-service: garyVCam [guessYuvLayout:1114]:VCam guessYuvLayout: fmt=0x22 -> NV12
09-14 10:17:51.711   534  2971 E android.hardware.camera.provider-V1-service: garyVCam [copyPreparedYuvToStreamBuffer:1272]:VCam copyPreparedYuvToStreamBuffer: + yuvLen=3110400 layout=NV12 overrideStride=0
09-14 10:17:51.713   534  2971 E android.hardware.camera.provider-V1-service: garyVCam [mapPixelFdFromHandle:1259]:VCam mapPixelFdFromHandle: no mappable pixel fd (w=1920 h=1080)
09-14 10:17:51.713   534  2971 E android.hardware.camera.provider-V1-service: garyVCam [copyPreparedYuvToStreamBuffer:1300]:copyYuv: no valid fd in buffer_handle
09-14 10:17:51.713   534  2971 E android.hardware.camera.provider-V1-service: garyVCam [VCam_CopyLatestTo:1643]:VCam_CopyLatestTo: copy failed -4
09-14 10:17:51.713   534  2971 E RKISP2OutputFrameWorker: VCam InjectVirtualIfNeeded: stream 1920x1080 fmt=0x22 -> ret=-4
09-14 10:17:51.713   534  2971 E android.hardware.camera.provider-V1-service: garyVCam [VCam_Tick:1665]:VCam_Tick: fallback=0 desired=1 state=E_VIRTUAL_RUNNING lastFrameUs=1757816271697341 lastPingUs=1757816269426010 outputs=1
09-14 10:17:51.721   534  3006 E android.hardware.camera.provider-V1-service: garyVCam [client_thread_func:952]:client 41[0]> header cmdFlag=0 cmd=0 p1=1920 p2=1080 p3=19 p4=3110400 p5=1920 p6=1080
09-14 10:17:51.728   534  3006 E android.hardware.camera.provider-V1-service: garyVCam [save_frame:829]:VCam save_frame: + width=1920 height=1080 fmt=19 len=3110400 yStride=1920 ySlice=1080 desired=1 state=E_VIRTUAL_RUNNING outputs=1
09-14 10:17:51.729   534  3006 E android.hardware.camera.provider-V1-service: garyVCam [save_frame:881]:VCam save_frame: updated lastFrameUs=1757816271729758
09-14 10:17:51.729   534  3006 E android.hardware.camera.provider-V1-service: garyVCam [rga_data_convert_transform:256]:VCam rga_data_convert_transform: enter
09-14 10:17:51.729   534  3006 E android.hardware.camera.provider-V1-service: garyVCam [rga_data_convert:214]:VCam rga_data_convert: 1920x1080 I420 -> 1920x1080 NV12 rot=0 flipH=0 flipV=0
09-14 10:17:51.730   534  3006 E android.hardware.camera.provider-V1-service: garyVCam [build_transform_flags:200]:VCam build_transform_flags: rot=0 flipH=0 flipV=0 -> tf=0x0
09-14 10:17:51.730   534  3006 E android.hardware.camera.provider-V1-service: garyVCam [rga_data_convert:236]:VCam rga_data_convert: improcess path usage=0x0
09-14 10:17:51.734   534  3006 E android.hardware.camera.provider-V1-service: garyVCam [rga_data_convert:248]:VCam rga_data_convert: success
09-14 10:17:51.734   534  3006 E android.hardware.camera.provider-V1-service: garyVCam [rga_data_convert_transform:260]:VCam rga_data_convert_transform: exit ok=1
09-14 10:17:51.734   534  3006 E android.hardware.camera.provider-V1-service: garyVCam [applyEffectsAll:787]:VCam applyEffectsAll: mask=0x1c fmt=NV12 w=1920 h=1080
09-14 10:17:51.739   534  3006 E android.hardware.camera.provider-V1-service: garyVCam [save_frame:917]:VCam save_frame: slot ready 1920x1080 NV12 stamp=1757816271739681
09-14 10:17:51.739   534  3006 E android.hardware.camera.provider-V1-service: garyVCam [save_frame:924]:VCam save_frame: -
09-14 10:17:51.746   534  2971 E android.hardware.camera.provider-V1-service: garyVCam [guessYuvLayout:1114]:VCam guessYuvLayout: fmt=0x22 -> NV12
09-14 10:17:51.746   534  2971 E android.hardware.camera.provider-V1-service: garyVCam [copyPreparedYuvToStreamBuffer:1272]:VCam copyPreparedYuvToStreamBuffer: + yuvLen=3110400 layout=NV12 overrideStride=0
09-14 10:17:51.747   534  2971 E android.hardware.camera.provider-V1-service: garyVCam [mapPixelFdFromHandle:1259]:VCam mapPixelFdFromHandle: no mappable pixel fd (w=1920 h=1080)
09-14 10:17:51.747   534  2971 E android.hardware.camera.provider-V1-service: garyVCam [copyPreparedYuvToStreamBuffer:1300]:copyYuv: no valid fd in buffer_handle
09-14 10:17:51.747   534  2971 E android.hardware.camera.provider-V1-service: garyVCam [VCam_CopyLatestTo:1643]:VCam_CopyLatestTo: copy failed -4
09-14 10:17:51.748   534  2971 E RKISP2OutputFrameWorker: VCam InjectVirtualIfNeeded: stream 1920x1080 fmt=0x22 -> ret=-4
09-14 10:17:51.748   534  2971 E android.hardware.camera.provider-V1-service: garyVCam [VCam_Tick:1665]:VCam_Tick: fallback=0 desired=1 state=E_VIRTUAL_RUNNING lastFrameUs=1757816271729758 lastPingUs=1757816269426010 outputs=1
09-14 10:17:51.755   534  3006 E android.hardware.camera.provider-V1-service: garyVCam [client_thread_func:952]:client 41[0]> header cmdFlag=0 cmd=0 p1=1920 p2=1080 p3=19 p4=3110400 p5=1920 p6=1080
09-14 10:17:51.760   534  3006 E android.hardware.camera.provider-V1-service: garyVCam [save_frame:829]:VCam save_frame: + width=1920 height=1080 fmt=19 len=3110400 yStride=1920 ySlice=1080 desired=1 state=E_VIRTUAL_RUNNING outputs=1
09-14 10:17:51.762   534  3006 E android.hardware.camera.provider-V1-service: garyVCam [save_frame:881]:VCam save_frame: updated lastFrameUs=1757816271762049
09-14 10:17:51.762   534  3006 E android.hardware.camera.provider-V1-service: garyVCam [rga_data_convert_transform:256]:VCam rga_data_convert_transform: enter
09-14 10:17:51.762   534  3006 E android.hardware.camera.provider-V1-service: garyVCam [rga_data_convert:214]:VCam rga_data_convert: 1920x1080 I420 -> 1920x1080 NV12 rot=0 flipH=0 flipV=0
09-14 10:17:51.763   534  3006 E android.hardware.camera.provider-V1-service: garyVCam [build_transform_flags:200]:VCam build_transform_flags: rot=0 flipH=0 flipV=0 -> tf=0x0
09-14 10:17:51.763   534  3006 E android.hardware.camera.provider-V1-service: garyVCam [rga_data_convert:236]:VCam rga_data_convert: improcess path usage=0x0
09-14 10:17:51.766   534  3006 E android.hardware.camera.provider-V1-service: garyVCam [rga_data_convert:248]:VCam rga_data_convert: success
09-14 10:17:51.766   534  3006 E android.hardware.camera.provider-V1-service: garyVCam [rga_data_convert_transform:260]:VCam rga_data_convert_transform: exit ok=1
09-14 10:17:51.766   534  3006 E android.hardware.camera.provider-V1-service: garyVCam [applyEffectsAll:787]:VCam applyEffectsAll: mask=0x1c fmt=NV12 w=1920 h=1080
09-14 10:17:51.771   534  3006 E android.hardware.camera.provider-V1-service: garyVCam [save_frame:917]:VCam save_frame: slot ready 1920x1080 NV12 stamp=1757816271771931
09-14 10:17:51.772   534  3006 E android.hardware.camera.provider-V1-service: garyVCam [save_frame:924]:VCam save_frame: -
09-14 10:17:51.780   534  2971 E android.hardware.camera.provider-V1-service: garyVCam [guessYuvLayout:1114]:VCam guessYuvLayout: fmt=0x22 -> NV12
09-14 10:17:51.780   534  2971 E android.hardware.camera.provider-V1-service: garyVCam [copyPreparedYuvToStreamBuffer:1272]:VCam copyPreparedYuvToStreamBuffer: + yuvLen=3110400 layout=NV12 overrideStride=0
09-14 10:17:51.781   534  2971 E android.hardware.camera.provider-V1-service: garyVCam [mapPixelFdFromHandle:1259]:VCam mapPixelFdFromHandle: no mappable pixel fd (w=1920 h=1080)
09-14 10:17:51.781   534  2971 E android.hardware.camera.provider-V1-service: garyVCam [copyPreparedYuvToStreamBuffer:1300]:copyYuv: no valid fd in buffer_handle
09-14 10:17:51.781   534  2971 E android.hardware.camera.provider-V1-service: garyVCam [VCam_CopyLatestTo:1643]:VCam_CopyLatestTo: copy failed -4
09-14 10:17:51.781   534  2971 E RKISP2OutputFrameWorker: VCam InjectVirtualIfNeeded: stream 1920x1080 fmt=0x22 -> ret=-4
09-14 10:17:51.781   534  2971 E android.hardware.camera.provider-V1-service: garyVCam [VCam_Tick:1665]:VCam_Tick: fallback=0 desired=1 state=E_VIRTUAL_RUNNING lastFrameUs=1757816271762049 lastPingUs=1757816269426010 outputs=1
09-14 10:17:51.787   534  3006 E android.hardware.camera.provider-V1-service: garyVCam [client_thread_func:952]:client 41[0]> header cmdFlag=0 cmd=0 p1=1920 p2=1080 p3=19 p4=3110400 p5=1920 p6=1080
09-14 10:17:51.793   534  3006 E android.hardware.camera.provider-V1-service: garyVCam [save_frame:829]:VCam save_frame: + width=1920 height=1080 fmt=19 len=3110400 yStride=1920 ySlice=1080 desired=1 state=E_VIRTUAL_RUNNING outputs=1
09-14 10:17:51.794   534  3006 E android.hardware.camera.provider-V1-service: garyVCam [save_frame:881]:VCam save_frame: updated lastFrameUs=1757816271794646
09-14 10:17:51.794   534  3006 E android.hardware.camera.provider-V1-service: garyVCam [rga_data_convert_transform:256]:VCam rga_data_convert_transform: enter
09-14 10:17:51.794   534  3006 E android.hardware.camera.provider-V1-service: garyVCam [rga_data_convert:214]:VCam rga_data_convert: 1920x1080 I420 -> 1920x1080 NV12 rot=0 flipH=0 flipV=0
09-14 10:17:51.795   534  3006 E android.hardware.camera.provider-V1-service: garyVCam [build_transform_flags:200]:VCam build_transform_flags: rot=0 flipH=0 flipV=0 -> tf=0x0
09-14 10:17:51.795   534  3006 E android.hardware.camera.provider-V1-service: garyVCam [rga_data_convert:236]:VCam rga_data_convert: improcess path usage=0x0
09-14 10:17:51.797   534  3006 E android.hardware.camera.provider-V1-service: garyVCam [rga_data_convert:248]:VCam rga_data_convert: success
09-14 10:17:51.798   534  3006 E android.hardware.camera.provider-V1-service: garyVCam [rga_data_convert_transform:260]:VCam rga_data_convert_transform: exit ok=1
09-14 10:17:51.798   534  3006 E android.hardware.camera.provider-V1-service: garyVCam [applyEffectsAll:787]:VCam applyEffectsAll: mask=0x1c fmt=NV12 w=1920 h=1080
09-14 10:17:51.806   534  3006 E android.hardware.camera.provider-V1-service: garyVCam [save_frame:917]:VCam save_frame: slot ready 1920x1080 NV12 stamp=1757816271806275
09-14 10:17:51.806   534  3006 E android.hardware.camera.provider-V1-service: garyVCam [save_frame:924]:VCam save_frame: -
09-14 10:17:51.813   534  2971 E android.hardware.camera.provider-V1-service: garyVCam [guessYuvLayout:1114]:VCam guessYuvLayout: fmt=0x22 -> NV12
09-14 10:17:51.813   534  2971 E android.hardware.camera.provider-V1-service: garyVCam [copyPreparedYuvToStreamBuffer:1272]:VCam copyPreparedYuvToStreamBuffer: + yuvLen=3110400 layout=NV12 overrideStride=0
09-14 10:17:51.815   534  2971 E android.hardware.camera.provider-V1-service: garyVCam [mapPixelFdFromHandle:1259]:VCam mapPixelFdFromHandle: no mappable pixel fd (w=1920 h=1080)
09-14 10:17:51.815   534  2971 E android.hardware.camera.provider-V1-service: garyVCam [copyPreparedYuvToStreamBuffer:1300]:copyYuv: no valid fd in buffer_handle
09-14 10:17:51.815   534  2971 E android.hardware.camera.provider-V1-service: garyVCam [VCam_CopyLatestTo:1643]:VCam_CopyLatestTo: copy failed -4
09-14 10:17:51.815   534  2971 E RKISP2OutputFrameWorker: VCam InjectVirtualIfNeeded: stream 1920x1080 fmt=0x22 -> ret=-4
09-14 10:17:51.815   534  2971 E android.hardware.camera.provider-V1-service: garyVCam [VCam_Tick:1665]:VCam_Tick: fallback=0 desired=1 state=E_VIRTUAL_RUNNING lastFrameUs=1757816271794646 lastPingUs=1757816269426010 outputs=1
09-14 10:17:51.822   534  3006 E android.hardware.camera.provider-V1-service: garyVCam [client_thread_func:952]:client 41[0]> header cmdFlag=0 cmd=0 p1=1920 p2=1080 p3=19 p4=3110400 p5=1920 p6=1080
09-14 10:17:51.829   534  3006 E android.hardware.camera.provider-V1-service: garyVCam [save_frame:829]:VCam save_frame: + width=1920 height=1080 fmt=19 len=3110400 yStride=1920 ySlice=1080 desired=1 state=E_VIRTUAL_RUNNING outputs=1
09-14 10:17:51.830   534  3006 E android.hardware.camera.provider-V1-service: garyVCam [save_frame:881]:VCam save_frame: updated lastFrameUs=1757816271830538
09-14 10:17:51.830   534  3006 E android.hardware.camera.provider-V1-service: garyVCam [rga_data_convert_transform:256]:VCam rga_data_convert_transform: enter
09-14 10:17:51.830   534  3006 E android.hardware.camera.provider-V1-service: garyVCam [rga_data_convert:214]:VCam rga_data_convert: 1920x1080 I420 -> 1920x1080 NV12 rot=0 flipH=0 flipV=0
09-14 10:17:51.831   534  3006 E android.hardware.camera.provider-V1-service: garyVCam [build_transform_flags:200]:VCam build_transform_flags: rot=0 flipH=0 flipV=0 -> tf=0x0
09-14 10:17:51.831   534  3006 E android.hardware.camera.provider-V1-service: garyVCam [rga_data_convert:236]:VCam rga_data_convert: improcess path usage=0x0
09-14 10:17:51.834   534  3006 E android.hardware.camera.provider-V1-service: garyVCam [rga_data_convert:248]:VCam rga_data_convert: success
09-14 10:17:51.834   534  3006 E android.hardware.camera.provider-V1-service: garyVCam [rga_data_convert_transform:260]:VCam rga_data_convert_transform: exit ok=1
09-14 10:17:51.834   534  3006 E android.hardware.camera.provider-V1-service: garyVCam [applyEffectsAll:787]:VCam applyEffectsAll: mask=0x1c fmt=NV12 w=1920 h=1080
09-14 10:17:51.840   534  3006 E android.hardware.camera.provider-V1-service: garyVCam [save_frame:917]:VCam save_frame: slot ready 1920x1080 NV12 stamp=1757816271839979
09-14 10:17:51.840   534  3006 E android.hardware.camera.provider-V1-service: garyVCam [save_frame:924]:VCam save_frame: -
09-14 10:17:51.846   534  2971 E android.hardware.camera.provider-V1-service: garyVCam [guessYuvLayout:1114]:VCam guessYuvLayout: fmt=0x22 -> NV12
09-14 10:17:51.846   534  2971 E android.hardware.camera.provider-V1-service: garyVCam [copyPreparedYuvToStreamBuffer:1272]:VCam copyPreparedYuvToStreamBuffer: + yuvLen=3110400 layout=NV12 overrideStride=0
09-14 10:17:51.848   534  2971 E android.hardware.camera.provider-V1-service: garyVCam [mapPixelFdFromHandle:1259]:VCam mapPixelFdFromHandle: no mappable pixel fd (w=1920 h=1080)
09-14 10:17:51.848   534  2971 E android.hardware.camera.provider-V1-service: garyVCam [copyPreparedYuvToStreamBuffer:1300]:copyYuv: no valid fd in buffer_handle
09-14 10:17:51.848   534  2971 E android.hardware.camera.provider-V1-service: garyVCam [VCam_CopyLatestTo:1643]:VCam_CopyLatestTo: copy failed -4
09-14 10:17:51.848   534  2971 E RKISP2OutputFrameWorker: VCam InjectVirtualIfNeeded: stream 1920x1080 fmt=0x22 -> ret=-4
09-14 10:17:51.848   534  2971 E android.hardware.camera.provider-V1-service: garyVCam [VCam_Tick:1665]:VCam_Tick: fallback=0 desired=1 state=E_VIRTUAL_RUNNING lastFrameUs=1757816271830538 lastPingUs=1757816269426010 outputs=1
09-14 10:17:51.855   534  3006 E android.hardware.camera.provider-V1-service: garyVCam [client_thread_func:952]:client 41[0]> header cmdFlag=0 cmd=0 p1=1920 p2=1080 p3=19 p4=3110400 p5=1920 p6=1080
09-14 10:17:51.861   534  3006 E android.hardware.camera.provider-V1-service: garyVCam [save_frame:829]:VCam save_frame: + width=1920 height=1080 fmt=19 len=3110400 yStride=1920 ySlice=1080 desired=1 state=E_VIRTUAL_RUNNING outputs=1
09-14 10:17:51.864   534  3006 E android.hardware.camera.provider-V1-service: garyVCam [save_frame:881]:VCam save_frame: updated lastFrameUs=1757816271864215
09-14 10:17:51.864   534  3006 E android.hardware.camera.provider-V1-service: garyVCam [rga_data_convert_transform:256]:VCam rga_data_convert_transform: enter
09-14 10:17:51.864   534  3006 E android.hardware.camera.provider-V1-service: garyVCam [rga_data_convert:214]:VCam rga_data_convert: 1920x1080 I420 -> 1920x1080 NV12 rot=0 flipH=0 flipV=0
09-14 10:17:51.865   534  3006 E android.hardware.camera.provider-V1-service: garyVCam [build_transform_flags:200]:VCam build_transform_flags: rot=0 flipH=0 flipV=0 -> tf=0x0
09-14 10:17:51.865   534  3006 E android.hardware.camera.provider-V1-service: garyVCam [rga_data_convert:236]:VCam rga_data_convert: improcess path usage=0x0
09-14 10:17:51.867   534  3006 E android.hardware.camera.provider-V1-service: garyVCam [rga_data_convert:248]:VCam rga_data_convert: success
09-14 10:17:51.867   534  3006 E android.hardware.camera.provider-V1-service: garyVCam [rga_data_convert_transform:260]:VCam rga_data_convert_transform: exit ok=1
09-14 10:17:51.867   534  3006 E android.hardware.camera.provider-V1-service: garyVCam [applyEffectsAll:787]:VCam applyEffectsAll: mask=0x1c fmt=NV12 w=1920 h=1080
09-14 10:17:51.873   534  3006 E android.hardware.camera.provider-V1-service: garyVCam [save_frame:917]:VCam save_frame: slot ready 1920x1080 NV12 stamp=1757816271873520
09-14 10:17:51.873   534  3006 E android.hardware.camera.provider-V1-service: garyVCam [save_frame:924]:VCam save_frame: -
09-14 10:17:51.880   534  2971 E android.hardware.camera.provider-V1-service: garyVCam [guessYuvLayout:1114]:VCam guessYuvLayout: fmt=0x22 -> NV12
09-14 10:17:51.880   534  2971 E android.hardware.camera.provider-V1-service: garyVCam [copyPreparedYuvToStreamBuffer:1272]:VCam copyPreparedYuvToStreamBuffer: + yuvLen=3110400 layout=NV12 overrideStride=0
09-14 10:17:51.881   534  2971 E android.hardware.camera.provider-V1-service: garyVCam [mapPixelFdFromHandle:1259]:VCam mapPixelFdFromHandle: no mappable pixel fd (w=1920 h=1080)
09-14 10:17:51.882   534  2971 E android.hardware.camera.provider-V1-service: garyVCam [copyPreparedYuvToStreamBuffer:1300]:copyYuv: no valid fd in buffer_handle
09-14 10:17:51.882   534  2971 E android.hardware.camera.provider-V1-service: garyVCam [VCam_CopyLatestTo:1643]:VCam_CopyLatestTo: copy failed -4
09-14 10:17:51.882   534  2971 E RKISP2OutputFrameWorker: VCam InjectVirtualIfNeeded: stream 1920x1080 fmt=0x22 -> ret=-4
09-14 10:17:51.882   534  2971 E android.hardware.camera.provider-V1-service: garyVCam [VCam_Tick:1665]:VCam_Tick: fallback=0 desired=1 state=E_VIRTUAL_RUNNING lastFrameUs=1757816271864215 lastPingUs=1757816269426010 outputs=1
09-14 10:17:51.887   534  3006 E android.hardware.camera.provider-V1-service: garyVCam [client_thread_func:952]:client 41[0]> header cmdFlag=0 cmd=0 p1=1920 p2=1080 p3=19 p4=3110400 p5=1920 p6=1080
09-14 10:17:51.894   534  3006 E android.hardware.camera.provider-V1-service: garyVCam [save_frame:829]:VCam save_frame: + width=1920 height=1080 fmt=19 len=3110400 yStride=1920 ySlice=1080 desired=1 state=E_VIRTUAL_RUNNING outputs=1
09-14 10:17:51.895   534  3006 E android.hardware.camera.provider-V1-service: garyVCam [save_frame:881]:VCam save_frame: updated lastFrameUs=1757816271895820
09-14 10:17:51.895   534  3006 E android.hardware.camera.provider-V1-service: garyVCam [rga_data_convert_transform:256]:VCam rga_data_convert_transform: enter
09-14 10:17:51.895   534  3006 E android.hardware.camera.provider-V1-service: garyVCam [rga_data_convert:214]:VCam rga_data_convert: 1920x1080 I420 -> 1920x1080 NV12 rot=0 flipH=0 flipV=0
09-14 10:17:51.896   534  3006 E android.hardware.camera.provider-V1-service: garyVCam [build_transform_flags:200]:VCam build_transform_flags: rot=0 flipH=0 flipV=0 -> tf=0x0
09-14 10:17:51.896   534  3006 E android.hardware.camera.provider-V1-service: garyVCam [rga_data_convert:236]:VCam rga_data_convert: improcess path usage=0x0
09-14 10:17:51.899   534  3006 E android.hardware.camera.provider-V1-service: garyVCam [rga_data_convert:248]:VCam rga_data_convert: success
09-14 10:17:51.899   534  3006 E android.hardware.camera.provider-V1-service: garyVCam [rga_data_convert_transform:260]:VCam rga_data_convert_transform: exit ok=1
09-14 10:17:51.899   534  3006 E android.hardware.camera.provider-V1-service: garyVCam [applyEffectsAll:787]:VCam applyEffectsAll: mask=0x1c fmt=NV12 w=1920 h=1080
09-14 10:17:51.905   534  3006 E android.hardware.camera.provider-V1-service: garyVCam [save_frame:917]:VCam save_frame: slot ready 1920x1080 NV12 stamp=1757816271905721
09-14 10:17:51.905   534  3006 E android.hardware.camera.provider-V1-service: garyVCam [save_frame:924]:VCam save_frame: -
09-14 10:17:51.914   534  2971 E android.hardware.camera.provider-V1-service: garyVCam [guessYuvLayout:1114]:VCam guessYuvLayout: fmt=0x22 -> NV12
09-14 10:17:51.914   534  2971 E android.hardware.camera.provider-V1-service: garyVCam [copyPreparedYuvToStreamBuffer:1272]:VCam copyPreparedYuvToStreamBuffer: + yuvLen=3110400 layout=NV12 overrideStride=0
09-14 10:17:51.915   534  2971 E android.hardware.camera.provider-V1-service: garyVCam [mapPixelFdFromHandle:1259]:VCam mapPixelFdFromHandle: no mappable pixel fd (w=1920 h=1080)
09-14 10:17:51.915   534  2971 E android.hardware.camera.provider-V1-service: garyVCam [copyPreparedYuvToStreamBuffer:1300]:copyYuv: no valid fd in buffer_handle
09-14 10:17:51.915   534  2971 E android.hardware.camera.provider-V1-service: garyVCam [VCam_CopyLatestTo:1643]:VCam_CopyLatestTo: copy failed -4
09-14 10:17:51.916   534  2971 E RKISP2OutputFrameWorker: VCam InjectVirtualIfNeeded: stream 1920x1080 fmt=0x22 -> ret=-4
09-14 10:17:51.916   534  2971 E android.hardware.camera.provider-V1-service: garyVCam [VCam_Tick:1665]:VCam_Tick: fallback=0 desired=1 state=E_VIRTUAL_RUNNING lastFrameUs=1757816271895820 lastPingUs=1757816269426010 outputs=1
09-14 10:17:51.922   534  3006 E android.hardware.camera.provider-V1-service: garyVCam [client_thread_func:952]:client 41[0]> header cmdFlag=0 cmd=0 p1=1920 p2=1080 p3=19 p4=3110400 p5=1920 p6=1080
09-14 10:17:51.928   534  3006 E android.hardware.camera.provider-V1-service: garyVCam [save_frame:829]:VCam save_frame: + width=1920 height=1080 fmt=19 len=3110400 yStride=1920 ySlice=1080 desired=1 state=E_VIRTUAL_RUNNING outputs=1
09-14 10:17:51.930   534  3006 E android.hardware.camera.provider-V1-service: garyVCam [save_frame:881]:VCam save_frame: updated lastFrameUs=1757816271930120
09-14 10:17:51.930   534  3006 E android.hardware.camera.provider-V1-service: garyVCam [rga_data_convert_transform:256]:VCam rga_data_convert_transform: enter
09-14 10:17:51.930   534  3006 E android.hardware.camera.provider-V1-service: garyVCam [rga_data_convert:214]:VCam rga_data_convert: 1920x1080 I420 -> 1920x1080 NV12 rot=0 flipH=0 flipV=0
09-14 10:17:51.932   534  3006 E android.hardware.camera.provider-V1-service: garyVCam [build_transform_flags:200]:VCam build_transform_flags: rot=0 flipH=0 flipV=0 -> tf=0x0
09-14 10:17:51.932   534  3006 E android.hardware.camera.provider-V1-service: garyVCam [rga_data_convert:236]:VCam rga_data_convert: improcess path usage=0x0
09-14 10:17:51.936   534  3006 E android.hardware.camera.provider-V1-service: garyVCam [rga_data_convert:248]:VCam rga_data_convert: success
09-14 10:17:51.936   534  3006 E android.hardware.camera.provider-V1-service: garyVCam [rga_data_convert_transform:260]:VCam rga_data_convert_transform: exit ok=1
09-14 10:17:51.936   534  3006 E android.hardware.camera.provider-V1-service: garyVCam [applyEffectsAll:787]:VCam applyEffectsAll: mask=0x1c fmt=NV12 w=1920 h=1080
09-14 10:17:51.942   534  3006 E android.hardware.camera.provider-V1-service: garyVCam [save_frame:917]:VCam save_frame: slot ready 1920x1080 NV12 stamp=1757816271942375
09-14 10:17:51.942   534  3006 E android.hardware.camera.provider-V1-service: garyVCam [save_frame:924]:VCam save_frame: -
09-14 10:17:51.947   534  2971 E android.hardware.camera.provider-V1-service: garyVCam [guessYuvLayout:1114]:VCam guessYuvLayout: fmt=0x22 -> NV12
09-14 10:17:51.947   534  2971 E android.hardware.camera.provider-V1-service: garyVCam [copyPreparedYuvToStreamBuffer:1272]:VCam copyPreparedYuvToStreamBuffer: + yuvLen=3110400 layout=NV12 overrideStride=0
09-14 10:17:51.948   534  2971 E android.hardware.camera.provider-V1-service: garyVCam [mapPixelFdFromHandle:1259]:VCam mapPixelFdFromHandle: no mappable pixel fd (w=1920 h=1080)
09-14 10:17:51.948   534  2971 E android.hardware.camera.provider-V1-service: garyVCam [copyPreparedYuvToStreamBuffer:1300]:copyYuv: no valid fd in buffer_handle
09-14 10:17:51.948   534  2971 E android.hardware.camera.provider-V1-service: garyVCam [VCam_CopyLatestTo:1643]:VCam_CopyLatestTo: copy failed -4
09-14 10:17:51.948   534  2971 E RKISP2OutputFrameWorker: VCam InjectVirtualIfNeeded: stream 1920x1080 fmt=0x22 -> ret=-4
09-14 10:17:51.948   534  2971 E android.hardware.camera.provider-V1-service: garyVCam [VCam_Tick:1665]:VCam_Tick: fallback=0 desired=1 state=E_VIRTUAL_RUNNING lastFrameUs=1757816271930120 lastPingUs=1757816269426010 outputs=1
09-14 10:17:51.955   534  3006 E android.hardware.camera.provider-V1-service: garyVCam [client_thread_func:952]:client 41[0]> header cmdFlag=0 cmd=0 p1=1920 p2=1080 p3=19 p4=3110400 p5=1920 p6=1080
09-14 10:17:51.961   534  3006 E android.hardware.camera.provider-V1-service: garyVCam [save_frame:829]:VCam save_frame: + width=1920 height=1080 fmt=19 len=3110400 yStride=1920 ySlice=1080 desired=1 state=E_VIRTUAL_RUNNING outputs=1
09-14 10:17:51.962   534  3006 E android.hardware.camera.provider-V1-service: garyVCam [save_frame:881]:VCam save_frame: updated lastFrameUs=1757816271962409
09-14 10:17:51.962   534  3006 E android.hardware.camera.provider-V1-service: garyVCam [rga_data_convert_transform:256]:VCam rga_data_convert_transform: enter
09-14 10:17:51.962   534  3006 E android.hardware.camera.provider-V1-service: garyVCam [rga_data_convert:214]:VCam rga_data_convert: 1920x1080 I420 -> 1920x1080 NV12 rot=0 flipH=0 flipV=0
09-14 10:17:51.964   534  3006 E android.hardware.camera.provider-V1-service: garyVCam [build_transform_flags:200]:VCam build_transform_flags: rot=0 flipH=0 flipV=0 -> tf=0x0
09-14 10:17:51.964   534  3006 E android.hardware.camera.provider-V1-service: garyVCam [rga_data_convert:236]:VCam rga_data_convert: improcess path usage=0x0
09-14 10:17:51.967   534  3006 E android.hardware.camera.provider-V1-service: garyVCam [rga_data_convert:248]:VCam rga_data_convert: success
09-14 10:17:51.967   534  3006 E android.hardware.camera.provider-V1-service: garyVCam [rga_data_convert_transform:260]:VCam rga_data_convert_transform: exit ok=1
09-14 10:17:51.967   534  3006 E android.hardware.camera.provider-V1-service: garyVCam [applyEffectsAll:787]:VCam applyEffectsAll: mask=0x1c fmt=NV12 w=1920 h=1080
09-14 10:17:51.973   534  3006 E android.hardware.camera.provider-V1-service: garyVCam [save_frame:917]:VCam save_frame: slot ready 1920x1080 NV12 stamp=1757816271973306
09-14 10:17:51.973   534  3006 E android.hardware.camera.provider-V1-service: garyVCam [save_frame:924]:VCam save_frame: -
09-14 10:17:51.981   534  2971 E android.hardware.camera.provider-V1-service: garyVCam [guessYuvLayout:1114]:VCam guessYuvLayout: fmt=0x22 -> NV12
09-14 10:17:51.981   534  2971 E android.hardware.camera.provider-V1-service: garyVCam [copyPreparedYuvToStreamBuffer:1272]:VCam copyPreparedYuvToStreamBuffer: + yuvLen=3110400 layout=NV12 overrideStride=0
09-14 10:17:51.983   534  2971 E android.hardware.camera.provider-V1-service: garyVCam [mapPixelFdFromHandle:1259]:VCam mapPixelFdFromHandle: no mappable pixel fd (w=1920 h=1080)
09-14 10:17:51.983   534  2971 E android.hardware.camera.provider-V1-service: garyVCam [copyPreparedYuvToStreamBuffer:1300]:copyYuv: no valid fd in buffer_handle
09-14 10:17:51.983   534  2971 E android.hardware.camera.provider-V1-service: garyVCam [VCam_CopyLatestTo:1643]:VCam_CopyLatestTo: copy failed -4
09-14 10:17:51.983   534  2971 E RKISP2OutputFrameWorker: VCam InjectVirtualIfNeeded: stream 1920x1080 fmt=0x22 -> ret=-4
09-14 10:17:51.983   534  2971 E android.hardware.camera.provider-V1-service: garyVCam [VCam_Tick:1665]:VCam_Tick: fallback=0 desired=1 state=E_VIRTUAL_RUNNING lastFrameUs=1757816271962409 lastPingUs=1757816269426010 outputs=1
09-14 10:17:51.988   534  3006 E android.hardware.camera.provider-V1-service: garyVCam [client_thread_func:952]:client 41[0]> header cmdFlag=0 cmd=0 p1=1920 p2=1080 p3=19 p4=3110400 p5=1920 p6=1080
09-14 10:17:51.995   534  3006 E android.hardware.camera.provider-V1-service: garyVCam [save_frame:829]:VCam save_frame: + width=1920 height=1080 fmt=19 len=3110400 yStride=1920 ySlice=1080 desired=1 state=E_VIRTUAL_RUNNING outputs=1
09-14 10:17:51.996   534  3006 E android.hardware.camera.provider-V1-service: garyVCam [save_frame:881]:VCam save_frame: updated lastFrameUs=1757816271996931
09-14 10:17:51.997   534  3006 E android.hardware.camera.provider-V1-service: garyVCam [rga_data_convert_transform:256]:VCam rga_data_convert_transform: enter
09-14 10:17:51.997   534  3006 E android.hardware.camera.provider-V1-service: garyVCam [rga_data_convert:214]:VCam rga_data_convert: 1920x1080 I420 -> 1920x1080 NV12 rot=0 flipH=0 flipV=0
09-14 10:17:51.997   534  3006 E android.hardware.camera.provider-V1-service: garyVCam [build_transform_flags:200]:VCam build_transform_flags: rot=0 flipH=0 flipV=0 -> tf=0x0
09-14 10:17:51.997   534  3006 E android.hardware.camera.provider-V1-service: garyVCam [rga_data_convert:236]:VCam rga_data_convert: improcess path usage=0x0
09-14 10:17:52.000   534  3006 E android.hardware.camera.provider-V1-service: garyVCam [rga_data_convert:248]:VCam rga_data_convert: success
09-14 10:17:52.000   534  3006 E android.hardware.camera.provider-V1-service: garyVCam [rga_data_convert_transform:260]:VCam rga_data_convert_transform: exit ok=1
09-14 10:17:52.000   534  3006 E android.hardware.camera.provider-V1-service: garyVCam [applyEffectsAll:787]:VCam applyEffectsAll: mask=0x1c fmt=NV12 w=1920 h=1080
09-14 10:17:52.006   534  3006 E android.hardware.camera.provider-V1-service: garyVCam [save_frame:917]:VCam save_frame: slot ready 1920x1080 NV12 stamp=1757816272006513
09-14 10:17:52.006   534  3006 E android.hardware.camera.provider-V1-service: garyVCam [save_frame:924]:VCam save_frame: -
09-14 10:17:52.014   534  2971 E android.hardware.camera.provider-V1-service: garyVCam [guessYuvLayout:1114]:VCam guessYuvLayout: fmt=0x22 -> NV12
