09-14 10:17:54.595   534  3006 E android.hardware.camera.provider-V1-service: garyVCam [save_frame:829]:VCam save_frame: + width=1920 height=1080 fmt=19 len=3110400 yStride=1920 ySlice=1080 desired=1 state=E_VIRTUAL_RUNNING outputs=1
09-14 10:17:54.598   534  3006 E android.hardware.camera.provider-V1-service: garyVCam [save_frame:881]:VCam save_frame: updated lastFrameUs=1757816274598628
09-14 10:17:54.598   534  3006 E android.hardware.camera.provider-V1-service: garyVCam [rga_data_convert_transform:256]:VCam rga_data_convert_transform: enter
09-14 10:17:54.599   534  3006 E android.hardware.camera.provider-V1-service: garyVCam [rga_data_convert:214]:VCam rga_data_convert: 1920x1080 I420 -> 1920x1080 NV12 rot=0 flipH=0 flipV=0
09-14 10:17:54.600   534  3006 E android.hardware.camera.provider-V1-service: garyVCam [build_transform_flags:200]:VCam build_transform_flags: rot=0 flipH=0 flipV=0 -> tf=0x0
09-14 10:17:54.600   534  3006 E android.hardware.camera.provider-V1-service: garyVCam [rga_data_convert:236]:VCam rga_data_convert: improcess path usage=0x0
09-14 10:17:54.603   534  3006 E android.hardware.camera.provider-V1-service: garyVCam [rga_data_convert:248]:VCam rga_data_convert: success
09-14 10:17:54.603   534  3006 E android.hardware.camera.provider-V1-service: garyVCam [rga_data_convert_transform:260]:VCam rga_data_convert_transform: exit ok=1
09-14 10:17:54.603   534  3006 E android.hardware.camera.provider-V1-service: garyVCam [applyEffectsAll:787]:VCam applyEffectsAll: mask=0x1c fmt=NV12 w=1920 h=1080
09-14 10:17:54.608   534  3006 E android.hardware.camera.provider-V1-service: garyVCam [save_frame:917]:VCam save_frame: slot ready 1920x1080 NV12 stamp=1757816274608710
09-14 10:17:54.608   534  3006 E android.hardware.camera.provider-V1-service: garyVCam [save_frame:924]:VCam save_frame: -
09-14 10:17:54.616   534  2971 E android.hardware.camera.provider-V1-service: garyVCam [guessYuvLayout:1114]:VCam guessYuvLayout: fmt=0x22 -> NV12
09-14 10:17:54.616   534  2971 E android.hardware.camera.provider-V1-service: garyVCam [copyPreparedYuvToStreamBuffer:1272]:VCam copyPreparedYuvToStreamBuffer: + yuvLen=3110400 layout=NV12 overrideStride=0
09-14 10:17:54.618   534  2971 E android.hardware.camera.provider-V1-service: garyVCam [mapPixelFdFromHandle:1259]:VCam mapPixelFdFromHandle: no mappable pixel fd (w=1920 h=1080)
09-14 10:17:54.618   534  2971 E android.hardware.camera.provider-V1-service: garyVCam [copyPreparedYuvToStreamBuffer:1300]:copyYuv: no valid fd in buffer_handle
09-14 10:17:54.618   534  2971 E android.hardware.camera.provider-V1-service: garyVCam [VCam_CopyLatestTo:1643]:VCam_CopyLatestTo: copy failed -4
09-14 10:17:54.618   534  2971 E RKISP2OutputFrameWorker: VCam InjectVirtualIfNeeded: stream 1920x1080 fmt=0x22 -> ret=-4
09-14 10:17:54.618   534  2971 E android.hardware.camera.provider-V1-service: garyVCam [VCam_Tick:1665]:VCam_Tick: fallback=0 desired=1 state=E_VIRTUAL_RUNNING lastFrameUs=1757816274598628 lastPingUs=1757816272445802 outputs=1
09-14 10:17:54.622   534  3006 E android.hardware.camera.provider-V1-service: garyVCam [client_thread_func:952]:client 41[0]> header cmdFlag=0 cmd=0 p1=1920 p2=1080 p3=19 p4=3110400 p5=1920 p6=1080
09-14 10:17:54.629   534  3006 E android.hardware.camera.provider-V1-service: garyVCam [save_frame:829]:VCam save_frame: + width=1920 height=1080 fmt=19 len=3110400 yStride=1920 ySlice=1080 desired=1 state=E_VIRTUAL_RUNNING outputs=1
09-14 10:17:54.630   534  3006 E android.hardware.camera.provider-V1-service: garyVCam [save_frame:881]:VCam save_frame: updated lastFrameUs=1757816274630478
09-14 10:17:54.630   534  3006 E android.hardware.camera.provider-V1-service: garyVCam [rga_data_convert_transform:256]:VCam rga_data_convert_transform: enter
09-14 10:17:54.630   534  3006 E android.hardware.camera.provider-V1-service: garyVCam [rga_data_convert:214]:VCam rga_data_convert: 1920x1080 I420 -> 1920x1080 NV12 rot=0 flipH=0 flipV=0
09-14 10:17:54.631   534  3006 E android.hardware.camera.provider-V1-service: garyVCam [build_transform_flags:200]:VCam build_transform_flags: rot=0 flipH=0 flipV=0 -> tf=0x0
09-14 10:17:54.631   534  3006 E android.hardware.camera.provider-V1-service: garyVCam [rga_data_convert:236]:VCam rga_data_convert: improcess path usage=0x0
09-14 10:17:54.634   534  3006 E android.hardware.camera.provider-V1-service: garyVCam [rga_data_convert:248]:VCam rga_data_convert: success
09-14 10:17:54.634   534  3006 E android.hardware.camera.provider-V1-service: garyVCam [rga_data_convert_transform:260]:VCam rga_data_convert_transform: exit ok=1
09-14 10:17:54.634   534  3006 E android.hardware.camera.provider-V1-service: garyVCam [applyEffectsAll:787]:VCam applyEffectsAll: mask=0x1c fmt=NV12 w=1920 h=1080
09-14 10:17:54.640   534  3006 E android.hardware.camera.provider-V1-service: garyVCam [save_frame:917]:VCam save_frame: slot ready 1920x1080 NV12 stamp=1757816274640223
09-14 10:17:54.640   534  3006 E android.hardware.camera.provider-V1-service: garyVCam [save_frame:924]:VCam save_frame: -
09-14 10:17:54.648   534  2971 E android.hardware.camera.provider-V1-service: garyVCam [guessYuvLayout:1114]:VCam guessYuvLayout: fmt=0x22 -> NV12
09-14 10:17:54.648   534  2971 E android.hardware.camera.provider-V1-service: garyVCam [copyPreparedYuvToStreamBuffer:1272]:VCam copyPreparedYuvToStreamBuffer: + yuvLen=3110400 layout=NV12 overrideStride=0
09-14 10:17:54.650   534  2971 E android.hardware.camera.provider-V1-service: garyVCam [mapPixelFdFromHandle:1259]:VCam mapPixelFdFromHandle: no mappable pixel fd (w=1920 h=1080)
09-14 10:17:54.650   534  2971 E android.hardware.camera.provider-V1-service: garyVCam [copyPreparedYuvToStreamBuffer:1300]:copyYuv: no valid fd in buffer_handle
09-14 10:17:54.650   534  2971 E android.hardware.camera.provider-V1-service: garyVCam [VCam_CopyLatestTo:1643]:VCam_CopyLatestTo: copy failed -4
09-14 10:17:54.650   534  2971 E RKISP2OutputFrameWorker: VCam InjectVirtualIfNeeded: stream 1920x1080 fmt=0x22 -> ret=-4
09-14 10:17:54.650   534  2971 E android.hardware.camera.provider-V1-service: garyVCam [VCam_Tick:1665]:VCam_Tick: fallback=0 desired=1 state=E_VIRTUAL_RUNNING lastFrameUs=1757816274630478 lastPingUs=1757816272445802 outputs=1
09-14 10:17:54.655   534  3006 E android.hardware.camera.provider-V1-service: garyVCam [client_thread_func:952]:client 41[0]> header cmdFlag=0 cmd=0 p1=1920 p2=1080 p3=19 p4=3110400 p5=1920 p6=1080
09-14 10:17:54.662   534  3006 E android.hardware.camera.provider-V1-service: garyVCam [save_frame:829]:VCam save_frame: + width=1920 height=1080 fmt=19 len=3110400 yStride=1920 ySlice=1080 desired=1 state=E_VIRTUAL_RUNNING outputs=1
09-14 10:17:54.663   534  3006 E android.hardware.camera.provider-V1-service: garyVCam [save_frame:881]:VCam save_frame: updated lastFrameUs=1757816274663855
09-14 10:17:54.663   534  3006 E android.hardware.camera.provider-V1-service: garyVCam [rga_data_convert_transform:256]:VCam rga_data_convert_transform: enter
09-14 10:17:54.663   534  3006 E android.hardware.camera.provider-V1-service: garyVCam [rga_data_convert:214]:VCam rga_data_convert: 1920x1080 I420 -> 1920x1080 NV12 rot=0 flipH=0 flipV=0
09-14 10:17:54.664   534  3006 E android.hardware.camera.provider-V1-service: garyVCam [build_transform_flags:200]:VCam build_transform_flags: rot=0 flipH=0 flipV=0 -> tf=0x0
09-14 10:17:54.664   534  3006 E android.hardware.camera.provider-V1-service: garyVCam [rga_data_convert:236]:VCam rga_data_convert: improcess path usage=0x0
09-14 10:17:54.667   534  3006 E android.hardware.camera.provider-V1-service: garyVCam [rga_data_convert:248]:VCam rga_data_convert: success
09-14 10:17:54.667   534  3006 E android.hardware.camera.provider-V1-service: garyVCam [rga_data_convert_transform:260]:VCam rga_data_convert_transform: exit ok=1
09-14 10:17:54.667   534  3006 E android.hardware.camera.provider-V1-service: garyVCam [applyEffectsAll:787]:VCam applyEffectsAll: mask=0x1c fmt=NV12 w=1920 h=1080
09-14 10:17:54.673   534  3006 E android.hardware.camera.provider-V1-service: garyVCam [save_frame:917]:VCam save_frame: slot ready 1920x1080 NV12 stamp=1757816274673820
09-14 10:17:54.673   534  3006 E android.hardware.camera.provider-V1-service: garyVCam [save_frame:924]:VCam save_frame: -
09-14 10:17:54.680   534  2971 E android.hardware.camera.provider-V1-service: garyVCam [guessYuvLayout:1114]:VCam guessYuvLayout: fmt=0x22 -> NV12
09-14 10:17:54.680   534  2971 E android.hardware.camera.provider-V1-service: garyVCam [copyPreparedYuvToStreamBuffer:1272]:VCam copyPreparedYuvToStreamBuffer: + yuvLen=3110400 layout=NV12 overrideStride=0
09-14 10:17:54.682   534  2971 E android.hardware.camera.provider-V1-service: garyVCam [mapPixelFdFromHandle:1259]:VCam mapPixelFdFromHandle: no mappable pixel fd (w=1920 h=1080)
09-14 10:17:54.682   534  2971 E android.hardware.camera.provider-V1-service: garyVCam [copyPreparedYuvToStreamBuffer:1300]:copyYuv: no valid fd in buffer_handle
09-14 10:17:54.682   534  2971 E android.hardware.camera.provider-V1-service: garyVCam [VCam_CopyLatestTo:1643]:VCam_CopyLatestTo: copy failed -4
09-14 10:17:54.682   534  2971 E RKISP2OutputFrameWorker: VCam InjectVirtualIfNeeded: stream 1920x1080 fmt=0x22 -> ret=-4
09-14 10:17:54.682   534  2971 E android.hardware.camera.provider-V1-service: garyVCam [VCam_Tick:1665]:VCam_Tick: fallback=0 desired=1 state=E_VIRTUAL_RUNNING lastFrameUs=1757816274663855 lastPingUs=1757816272445802 outputs=1
09-14 10:17:54.688   534  3006 E android.hardware.camera.provider-V1-service: garyVCam [client_thread_func:952]:client 41[0]> header cmdFlag=0 cmd=0 p1=1920 p2=1080 p3=19 p4=3110400 p5=1920 p6=1080
09-14 10:17:54.696   534  3006 E android.hardware.camera.provider-V1-service: garyVCam [save_frame:829]:VCam save_frame: + width=1920 height=1080 fmt=19 len=3110400 yStride=1920 ySlice=1080 desired=1 state=E_VIRTUAL_RUNNING outputs=1
09-14 10:17:54.697   534  3006 E android.hardware.camera.provider-V1-service: garyVCam [save_frame:881]:VCam save_frame: updated lastFrameUs=1757816274697672
09-14 10:17:54.697   534  3006 E android.hardware.camera.provider-V1-service: garyVCam [rga_data_convert_transform:256]:VCam rga_data_convert_transform: enter
09-14 10:17:54.697   534  3006 E android.hardware.camera.provider-V1-service: garyVCam [rga_data_convert:214]:VCam rga_data_convert: 1920x1080 I420 -> 1920x1080 NV12 rot=0 flipH=0 flipV=0
09-14 10:17:54.698   534  3006 E android.hardware.camera.provider-V1-service: garyVCam [build_transform_flags:200]:VCam build_transform_flags: rot=0 flipH=0 flipV=0 -> tf=0x0
09-14 10:17:54.698   534  3006 E android.hardware.camera.provider-V1-service: garyVCam [rga_data_convert:236]:VCam rga_data_convert: improcess path usage=0x0
09-14 10:17:54.701   534  3006 E android.hardware.camera.provider-V1-service: garyVCam [rga_data_convert:248]:VCam rga_data_convert: success
09-14 10:17:54.701   534  3006 E android.hardware.camera.provider-V1-service: garyVCam [rga_data_convert_transform:260]:VCam rga_data_convert_transform: exit ok=1
09-14 10:17:54.701   534  3006 E android.hardware.camera.provider-V1-service: garyVCam [applyEffectsAll:787]:VCam applyEffectsAll: mask=0x1c fmt=NV12 w=1920 h=1080
09-14 10:17:54.707   534  3006 E android.hardware.camera.provider-V1-service: garyVCam [save_frame:917]:VCam save_frame: slot ready 1920x1080 NV12 stamp=1757816274707020
09-14 10:17:54.707   534  3006 E android.hardware.camera.provider-V1-service: garyVCam [save_frame:924]:VCam save_frame: -
09-14 10:17:54.714   534  2971 E android.hardware.camera.provider-V1-service: garyVCam [guessYuvLayout:1114]:VCam guessYuvLayout: fmt=0x22 -> NV12
09-14 10:17:54.714   534  2971 E android.hardware.camera.provider-V1-service: garyVCam [copyPreparedYuvToStreamBuffer:1272]:VCam copyPreparedYuvToStreamBuffer: + yuvLen=3110400 layout=NV12 overrideStride=0
09-14 10:17:54.716   534  2971 E android.hardware.camera.provider-V1-service: garyVCam [mapPixelFdFromHandle:1259]:VCam mapPixelFdFromHandle: no mappable pixel fd (w=1920 h=1080)
09-14 10:17:54.716   534  2971 E android.hardware.camera.provider-V1-service: garyVCam [copyPreparedYuvToStreamBuffer:1300]:copyYuv: no valid fd in buffer_handle
09-14 10:17:54.716   534  2971 E android.hardware.camera.provider-V1-service: garyVCam [VCam_CopyLatestTo:1643]:VCam_CopyLatestTo: copy failed -4
09-14 10:17:54.716   534  2971 E RKISP2OutputFrameWorker: VCam InjectVirtualIfNeeded: stream 1920x1080 fmt=0x22 -> ret=-4
09-14 10:17:54.716   534  2971 E android.hardware.camera.provider-V1-service: garyVCam [VCam_Tick:1665]:VCam_Tick: fallback=0 desired=1 state=E_VIRTUAL_RUNNING lastFrameUs=1757816274697672 lastPingUs=1757816272445802 outputs=1
09-14 10:17:54.722   534  3006 E android.hardware.camera.provider-V1-service: garyVCam [client_thread_func:952]:client 41[0]> header cmdFlag=0 cmd=0 p1=1920 p2=1080 p3=19 p4=3110400 p5=1920 p6=1080
09-14 10:17:54.729   534  3006 E android.hardware.camera.provider-V1-service: garyVCam [save_frame:829]:VCam save_frame: + width=1920 height=1080 fmt=19 len=3110400 yStride=1920 ySlice=1080 desired=1 state=E_VIRTUAL_RUNNING outputs=1
09-14 10:17:54.731   534  3006 E android.hardware.camera.provider-V1-service: garyVCam [save_frame:881]:VCam save_frame: updated lastFrameUs=1757816274731741
09-14 10:17:54.732   534  3006 E android.hardware.camera.provider-V1-service: garyVCam [rga_data_convert_transform:256]:VCam rga_data_convert_transform: enter
09-14 10:17:54.732   534  3006 E android.hardware.camera.provider-V1-service: garyVCam [rga_data_convert:214]:VCam rga_data_convert: 1920x1080 I420 -> 1920x1080 NV12 rot=0 flipH=0 flipV=0
09-14 10:17:54.732   534  3006 E android.hardware.camera.provider-V1-service: garyVCam [build_transform_flags:200]:VCam build_transform_flags: rot=0 flipH=0 flipV=0 -> tf=0x0
09-14 10:17:54.733   534  3006 E android.hardware.camera.provider-V1-service: garyVCam [rga_data_convert:236]:VCam rga_data_convert: improcess path usage=0x0
09-14 10:17:54.735   534  3006 E android.hardware.camera.provider-V1-service: garyVCam [rga_data_convert:248]:VCam rga_data_convert: success
09-14 10:17:54.735   534  3006 E android.hardware.camera.provider-V1-service: garyVCam [rga_data_convert_transform:260]:VCam rga_data_convert_transform: exit ok=1
09-14 10:17:54.735   534  3006 E android.hardware.camera.provider-V1-service: garyVCam [applyEffectsAll:787]:VCam applyEffectsAll: mask=0x1c fmt=NV12 w=1920 h=1080
09-14 10:17:54.741   534  3006 E android.hardware.camera.provider-V1-service: garyVCam [save_frame:917]:VCam save_frame: slot ready 1920x1080 NV12 stamp=1757816274741274
09-14 10:17:54.741   534  3006 E android.hardware.camera.provider-V1-service: garyVCam [save_frame:924]:VCam save_frame: -
09-14 10:17:54.750   534  2971 E android.hardware.camera.provider-V1-service: garyVCam [guessYuvLayout:1114]:VCam guessYuvLayout: fmt=0x22 -> NV12
09-14 10:17:54.750   534  2971 E android.hardware.camera.provider-V1-service: garyVCam [copyPreparedYuvToStreamBuffer:1272]:VCam copyPreparedYuvToStreamBuffer: + yuvLen=3110400 layout=NV12 overrideStride=0
09-14 10:17:54.751   534  2971 E android.hardware.camera.provider-V1-service: garyVCam [mapPixelFdFromHandle:1259]:VCam mapPixelFdFromHandle: no mappable pixel fd (w=1920 h=1080)
09-14 10:17:54.751   534  2971 E android.hardware.camera.provider-V1-service: garyVCam [copyPreparedYuvToStreamBuffer:1300]:copyYuv: no valid fd in buffer_handle
09-14 10:17:54.751   534  2971 E android.hardware.camera.provider-V1-service: garyVCam [VCam_CopyLatestTo:1643]:VCam_CopyLatestTo: copy failed -4
09-14 10:17:54.752   534  2971 E RKISP2OutputFrameWorker: VCam InjectVirtualIfNeeded: stream 1920x1080 fmt=0x22 -> ret=-4
09-14 10:17:54.752   534  2971 E android.hardware.camera.provider-V1-service: garyVCam [VCam_Tick:1665]:VCam_Tick: fallback=0 desired=1 state=E_VIRTUAL_RUNNING lastFrameUs=1757816274731741 lastPingUs=1757816272445802 outputs=1
09-14 10:17:54.755   534  3006 E android.hardware.camera.provider-V1-service: garyVCam [client_thread_func:952]:client 41[0]> header cmdFlag=0 cmd=0 p1=1920 p2=1080 p3=19 p4=3110400 p5=1920 p6=1080
09-14 10:17:54.761   534  3006 E android.hardware.camera.provider-V1-service: garyVCam [save_frame:829]:VCam save_frame: + width=1920 height=1080 fmt=19 len=3110400 yStride=1920 ySlice=1080 desired=1 state=E_VIRTUAL_RUNNING outputs=1
09-14 10:17:54.763   534  3006 E android.hardware.camera.provider-V1-service: garyVCam [save_frame:881]:VCam save_frame: updated lastFrameUs=1757816274763391
09-14 10:17:54.763   534  3006 E android.hardware.camera.provider-V1-service: garyVCam [rga_data_convert_transform:256]:VCam rga_data_convert_transform: enter
09-14 10:17:54.763   534  3006 E android.hardware.camera.provider-V1-service: garyVCam [rga_data_convert:214]:VCam rga_data_convert: 1920x1080 I420 -> 1920x1080 NV12 rot=0 flipH=0 flipV=0
09-14 10:17:54.765   534  3006 E android.hardware.camera.provider-V1-service: garyVCam [build_transform_flags:200]:VCam build_transform_flags: rot=0 flipH=0 flipV=0 -> tf=0x0
09-14 10:17:54.765   534  3006 E android.hardware.camera.provider-V1-service: garyVCam [rga_data_convert:236]:VCam rga_data_convert: improcess path usage=0x0
09-14 10:17:54.768   534  3006 E android.hardware.camera.provider-V1-service: garyVCam [rga_data_convert:248]:VCam rga_data_convert: success
09-14 10:17:54.768   534  3006 E android.hardware.camera.provider-V1-service: garyVCam [rga_data_convert_transform:260]:VCam rga_data_convert_transform: exit ok=1
09-14 10:17:54.768   534  3006 E android.hardware.camera.provider-V1-service: garyVCam [applyEffectsAll:787]:VCam applyEffectsAll: mask=0x1c fmt=NV12 w=1920 h=1080
09-14 10:17:54.774   534  3006 E android.hardware.camera.provider-V1-service: garyVCam [save_frame:917]:VCam save_frame: slot ready 1920x1080 NV12 stamp=1757816274774749
09-14 10:17:54.774   534  3006 E android.hardware.camera.provider-V1-service: garyVCam [save_frame:924]:VCam save_frame: -
09-14 10:17:54.780   534  2971 E android.hardware.camera.provider-V1-service: garyVCam [guessYuvLayout:1114]:VCam guessYuvLayout: fmt=0x22 -> NV12
09-14 10:17:54.780   534  2971 E android.hardware.camera.provider-V1-service: garyVCam [copyPreparedYuvToStreamBuffer:1272]:VCam copyPreparedYuvToStreamBuffer: + yuvLen=3110400 layout=NV12 overrideStride=0
09-14 10:17:54.782   534  2971 E android.hardware.camera.provider-V1-service: garyVCam [mapPixelFdFromHandle:1259]:VCam mapPixelFdFromHandle: no mappable pixel fd (w=1920 h=1080)
09-14 10:17:54.782   534  2971 E android.hardware.camera.provider-V1-service: garyVCam [copyPreparedYuvToStreamBuffer:1300]:copyYuv: no valid fd in buffer_handle
09-14 10:17:54.782   534  2971 E android.hardware.camera.provider-V1-service: garyVCam [VCam_CopyLatestTo:1643]:VCam_CopyLatestTo: copy failed -4
09-14 10:17:54.782   534  2971 E RKISP2OutputFrameWorker: VCam InjectVirtualIfNeeded: stream 1920x1080 fmt=0x22 -> ret=-4
09-14 10:17:54.782   534  2971 E android.hardware.camera.provider-V1-service: garyVCam [VCam_Tick:1665]:VCam_Tick: fallback=0 desired=1 state=E_VIRTUAL_RUNNING lastFrameUs=1757816274763391 lastPingUs=1757816272445802 outputs=1
09-14 10:17:54.788   534  3006 E android.hardware.camera.provider-V1-service: garyVCam [client_thread_func:952]:client 41[0]> header cmdFlag=0 cmd=0 p1=1920 p2=1080 p3=19 p4=3110400 p5=1920 p6=1080
09-14 10:17:54.794   534  3006 E android.hardware.camera.provider-V1-service: garyVCam [save_frame:829]:VCam save_frame: + width=1920 height=1080 fmt=19 len=3110400 yStride=1920 ySlice=1080 desired=1 state=E_VIRTUAL_RUNNING outputs=1
09-14 10:17:54.796   534  3006 E android.hardware.camera.provider-V1-service: garyVCam [save_frame:881]:VCam save_frame: updated lastFrameUs=1757816274796123
09-14 10:17:54.796   534  3006 E android.hardware.camera.provider-V1-service: garyVCam [rga_data_convert_transform:256]:VCam rga_data_convert_transform: enter
09-14 10:17:54.796   534  3006 E android.hardware.camera.provider-V1-service: garyVCam [rga_data_convert:214]:VCam rga_data_convert: 1920x1080 I420 -> 1920x1080 NV12 rot=0 flipH=0 flipV=0
09-14 10:17:54.797   534  3006 E android.hardware.camera.provider-V1-service: garyVCam [build_transform_flags:200]:VCam build_transform_flags: rot=0 flipH=0 flipV=0 -> tf=0x0
09-14 10:17:54.797   534  3006 E android.hardware.camera.provider-V1-service: garyVCam [rga_data_convert:236]:VCam rga_data_convert: improcess path usage=0x0
09-14 10:17:54.800   534  3006 E android.hardware.camera.provider-V1-service: garyVCam [rga_data_convert:248]:VCam rga_data_convert: success
09-14 10:17:54.800   534  3006 E android.hardware.camera.provider-V1-service: garyVCam [rga_data_convert_transform:260]:VCam rga_data_convert_transform: exit ok=1
09-14 10:17:54.800   534  3006 E android.hardware.camera.provider-V1-service: garyVCam [applyEffectsAll:787]:VCam applyEffectsAll: mask=0x1c fmt=NV12 w=1920 h=1080
09-14 10:17:54.807   534  3006 E android.hardware.camera.provider-V1-service: garyVCam [save_frame:917]:VCam save_frame: slot ready 1920x1080 NV12 stamp=1757816274807463
09-14 10:17:54.807   534  3006 E android.hardware.camera.provider-V1-service: garyVCam [save_frame:924]:VCam save_frame: -
09-14 10:17:54.813   534  2971 E android.hardware.camera.provider-V1-service: garyVCam [guessYuvLayout:1114]:VCam guessYuvLayout: fmt=0x22 -> NV12
09-14 10:17:54.813   534  2971 E android.hardware.camera.provider-V1-service: garyVCam [copyPreparedYuvToStreamBuffer:1272]:VCam copyPreparedYuvToStreamBuffer: + yuvLen=3110400 layout=NV12 overrideStride=0
09-14 10:17:54.815   534  2971 E android.hardware.camera.provider-V1-service: garyVCam [mapPixelFdFromHandle:1259]:VCam mapPixelFdFromHandle: no mappable pixel fd (w=1920 h=1080)
09-14 10:17:54.815   534  2971 E android.hardware.camera.provider-V1-service: garyVCam [copyPreparedYuvToStreamBuffer:1300]:copyYuv: no valid fd in buffer_handle
09-14 10:17:54.815   534  2971 E android.hardware.camera.provider-V1-service: garyVCam [VCam_CopyLatestTo:1643]:VCam_CopyLatestTo: copy failed -4
09-14 10:17:54.815   534  2971 E RKISP2OutputFrameWorker: VCam InjectVirtualIfNeeded: stream 1920x1080 fmt=0x22 -> ret=-4
09-14 10:17:54.815   534  2971 E android.hardware.camera.provider-V1-service: garyVCam [VCam_Tick:1665]:VCam_Tick: fallback=0 desired=1 state=E_VIRTUAL_RUNNING lastFrameUs=1757816274796123 lastPingUs=1757816272445802 outputs=1
09-14 10:17:54.822   534  3006 E android.hardware.camera.provider-V1-service: garyVCam [client_thread_func:952]:client 41[0]> header cmdFlag=0 cmd=0 p1=1920 p2=1080 p3=19 p4=3110400 p5=1920 p6=1080
09-14 10:17:54.832   534  3006 E android.hardware.camera.provider-V1-service: garyVCam [save_frame:829]:VCam save_frame: + width=1920 height=1080 fmt=19 len=3110400 yStride=1920 ySlice=1080 desired=1 state=E_VIRTUAL_RUNNING outputs=1
09-14 10:17:54.833   534  3006 E android.hardware.camera.provider-V1-service: garyVCam [save_frame:881]:VCam save_frame: updated lastFrameUs=1757816274833296
09-14 10:17:54.833   534  3006 E android.hardware.camera.provider-V1-service: garyVCam [rga_data_convert_transform:256]:VCam rga_data_convert_transform: enter
09-14 10:17:54.833   534  3006 E android.hardware.camera.provider-V1-service: garyVCam [rga_data_convert:214]:VCam rga_data_convert: 1920x1080 I420 -> 1920x1080 NV12 rot=0 flipH=0 flipV=0
09-14 10:17:54.834   534  3006 E android.hardware.camera.provider-V1-service: garyVCam [build_transform_flags:200]:VCam build_transform_flags: rot=0 flipH=0 flipV=0 -> tf=0x0
09-14 10:17:54.834   534  3006 E android.hardware.camera.provider-V1-service: garyVCam [rga_data_convert:236]:VCam rga_data_convert: improcess path usage=0x0
09-14 10:17:54.837   534  3006 E android.hardware.camera.provider-V1-service: garyVCam [rga_data_convert:248]:VCam rga_data_convert: success
09-14 10:17:54.837   534  3006 E android.hardware.camera.provider-V1-service: garyVCam [rga_data_convert_transform:260]:VCam rga_data_convert_transform: exit ok=1
09-14 10:17:54.837   534  3006 E android.hardware.camera.provider-V1-service: garyVCam [applyEffectsAll:787]:VCam applyEffectsAll: mask=0x1c fmt=NV12 w=1920 h=1080
09-14 10:17:54.843   534  3006 E android.hardware.camera.provider-V1-service: garyVCam [save_frame:917]:VCam save_frame: slot ready 1920x1080 NV12 stamp=1757816274843772
09-14 10:17:54.843   534  3006 E android.hardware.camera.provider-V1-service: garyVCam [save_frame:924]:VCam save_frame: -
09-14 10:17:54.847   534  2971 E android.hardware.camera.provider-V1-service: garyVCam [guessYuvLayout:1114]:VCam guessYuvLayout: fmt=0x22 -> NV12
09-14 10:17:54.847   534  2971 E android.hardware.camera.provider-V1-service: garyVCam [copyPreparedYuvToStreamBuffer:1272]:VCam copyPreparedYuvToStreamBuffer: + yuvLen=3110400 layout=NV12 overrideStride=0
09-14 10:17:54.849   534  2971 E android.hardware.camera.provider-V1-service: garyVCam [mapPixelFdFromHandle:1259]:VCam mapPixelFdFromHandle: no mappable pixel fd (w=1920 h=1080)
09-14 10:17:54.849   534  2971 E android.hardware.camera.provider-V1-service: garyVCam [copyPreparedYuvToStreamBuffer:1300]:copyYuv: no valid fd in buffer_handle
09-14 10:17:54.849   534  2971 E android.hardware.camera.provider-V1-service: garyVCam [VCam_CopyLatestTo:1643]:VCam_CopyLatestTo: copy failed -4
09-14 10:17:54.849   534  2971 E RKISP2OutputFrameWorker: VCam InjectVirtualIfNeeded: stream 1920x1080 fmt=0x22 -> ret=-4
09-14 10:17:54.849   534  2971 E android.hardware.camera.provider-V1-service: garyVCam [VCam_Tick:1665]:VCam_Tick: fallback=0 desired=1 state=E_VIRTUAL_RUNNING lastFrameUs=1757816274833296 lastPingUs=1757816272445802 outputs=1
09-14 10:17:54.855   534  3006 E android.hardware.camera.provider-V1-service: garyVCam [client_thread_func:952]:client 41[0]> header cmdFlag=0 cmd=0 p1=1920 p2=1080 p3=19 p4=3110400 p5=1920 p6=1080
09-14 10:17:54.862   534  3006 E android.hardware.camera.provider-V1-service: garyVCam [save_frame:829]:VCam save_frame: + width=1920 height=1080 fmt=19 len=3110400 yStride=1920 ySlice=1080 desired=1 state=E_VIRTUAL_RUNNING outputs=1
09-14 10:17:54.864   534  3006 E android.hardware.camera.provider-V1-service: garyVCam [save_frame:881]:VCam save_frame: updated lastFrameUs=1757816274864336
09-14 10:17:54.864   534  3006 E android.hardware.camera.provider-V1-service: garyVCam [rga_data_convert_transform:256]:VCam rga_data_convert_transform: enter
09-14 10:17:54.864   534  3006 E android.hardware.camera.provider-V1-service: garyVCam [rga_data_convert:214]:VCam rga_data_convert: 1920x1080 I420 -> 1920x1080 NV12 rot=0 flipH=0 flipV=0
09-14 10:17:54.865   534  3006 E android.hardware.camera.provider-V1-service: garyVCam [build_transform_flags:200]:VCam build_transform_flags: rot=0 flipH=0 flipV=0 -> tf=0x0
09-14 10:17:54.865   534  3006 E android.hardware.camera.provider-V1-service: garyVCam [rga_data_convert:236]:VCam rga_data_convert: improcess path usage=0x0
09-14 10:17:54.867   534  3006 E android.hardware.camera.provider-V1-service: garyVCam [rga_data_convert:248]:VCam rga_data_convert: success
09-14 10:17:54.867   534  3006 E android.hardware.camera.provider-V1-service: garyVCam [rga_data_convert_transform:260]:VCam rga_data_convert_transform: exit ok=1
09-14 10:17:54.867   534  3006 E android.hardware.camera.provider-V1-service: garyVCam [applyEffectsAll:787]:VCam applyEffectsAll: mask=0x1c fmt=NV12 w=1920 h=1080
09-14 10:17:54.874   534  3006 E android.hardware.camera.provider-V1-service: garyVCam [save_frame:917]:VCam save_frame: slot ready 1920x1080 NV12 stamp=1757816274874016
09-14 10:17:54.874   534  3006 E android.hardware.camera.provider-V1-service: garyVCam [save_frame:924]:VCam save_frame: -
09-14 10:17:54.884   534  2971 E android.hardware.camera.provider-V1-service: garyVCam [guessYuvLayout:1114]:VCam guessYuvLayout: fmt=0x22 -> NV12
09-14 10:17:54.884   534  2971 E android.hardware.camera.provider-V1-service: garyVCam [copyPreparedYuvToStreamBuffer:1272]:VCam copyPreparedYuvToStreamBuffer: + yuvLen=3110400 layout=NV12 overrideStride=0
09-14 10:17:54.886   534  2971 E android.hardware.camera.provider-V1-service: garyVCam [mapPixelFdFromHandle:1259]:VCam mapPixelFdFromHandle: no mappable pixel fd (w=1920 h=1080)
09-14 10:17:54.886   534  2971 E android.hardware.camera.provider-V1-service: garyVCam [copyPreparedYuvToStreamBuffer:1300]:copyYuv: no valid fd in buffer_handle
09-14 10:17:54.886   534  2971 E android.hardware.camera.provider-V1-service: garyVCam [VCam_CopyLatestTo:1643]:VCam_CopyLatestTo: copy failed -4
09-14 10:17:54.886   534  2971 E RKISP2OutputFrameWorker: VCam InjectVirtualIfNeeded: stream 1920x1080 fmt=0x22 -> ret=-4
09-14 10:17:54.886   534  2971 E android.hardware.camera.provider-V1-service: garyVCam [VCam_Tick:1665]:VCam_Tick: fallback=0 desired=1 state=E_VIRTUAL_RUNNING lastFrameUs=1757816274864336 lastPingUs=1757816272445802 outputs=1
09-14 10:17:54.890   534  3006 E android.hardware.camera.provider-V1-service: garyVCam [client_thread_func:952]:client 41[0]> header cmdFlag=0 cmd=0 p1=1920 p2=1080 p3=19 p4=3110400 p5=1920 p6=1080
09-14 10:17:54.897   534  3006 E android.hardware.camera.provider-V1-service: garyVCam [save_frame:829]:VCam save_frame: + width=1920 height=1080 fmt=19 len=3110400 yStride=1920 ySlice=1080 desired=1 state=E_VIRTUAL_RUNNING outputs=1
09-14 10:17:54.900   534  3006 E android.hardware.camera.provider-V1-service: garyVCam [save_frame:881]:VCam save_frame: updated lastFrameUs=1757816274900670
09-14 10:17:54.900   534  3006 E android.hardware.camera.provider-V1-service: garyVCam [rga_data_convert_transform:256]:VCam rga_data_convert_transform: enter
09-14 10:17:54.900   534  3006 E android.hardware.camera.provider-V1-service: garyVCam [rga_data_convert:214]:VCam rga_data_convert: 1920x1080 I420 -> 1920x1080 NV12 rot=0 flipH=0 flipV=0
09-14 10:17:54.901   534  3006 E android.hardware.camera.provider-V1-service: garyVCam [build_transform_flags:200]:VCam build_transform_flags: rot=0 flipH=0 flipV=0 -> tf=0x0
09-14 10:17:54.901   534  3006 E android.hardware.camera.provider-V1-service: garyVCam [rga_data_convert:236]:VCam rga_data_convert: improcess path usage=0x0
09-14 10:17:54.904   534  3006 E android.hardware.camera.provider-V1-service: garyVCam [rga_data_convert:248]:VCam rga_data_convert: success
09-14 10:17:54.904   534  3006 E android.hardware.camera.provider-V1-service: garyVCam [rga_data_convert_transform:260]:VCam rga_data_convert_transform: exit ok=1
09-14 10:17:54.904   534  3006 E android.hardware.camera.provider-V1-service: garyVCam [applyEffectsAll:787]:VCam applyEffectsAll: mask=0x1c fmt=NV12 w=1920 h=1080
09-14 10:17:54.910   534  3006 E android.hardware.camera.provider-V1-service: garyVCam [save_frame:917]:VCam save_frame: slot ready 1920x1080 NV12 stamp=1757816274910913
09-14 10:17:54.911   534  3006 E android.hardware.camera.provider-V1-service: garyVCam [save_frame:924]:VCam save_frame: -
09-14 10:17:54.912   534  2971 E android.hardware.camera.provider-V1-service: garyVCam [guessYuvLayout:1114]:VCam guessYuvLayout: fmt=0x22 -> NV12
09-14 10:17:54.912   534  2971 E android.hardware.camera.provider-V1-service: garyVCam [copyPreparedYuvToStreamBuffer:1272]:VCam copyPreparedYuvToStreamBuffer: + yuvLen=3110400 layout=NV12 overrideStride=0
09-14 10:17:54.914   534  2971 E android.hardware.camera.provider-V1-service: garyVCam [mapPixelFdFromHandle:1259]:VCam mapPixelFdFromHandle: no mappable pixel fd (w=1920 h=1080)
09-14 10:17:54.914   534  2971 E android.hardware.camera.provider-V1-service: garyVCam [copyPreparedYuvToStreamBuffer:1300]:copyYuv: no valid fd in buffer_handle
09-14 10:17:54.914   534  2971 E android.hardware.camera.provider-V1-service: garyVCam [VCam_CopyLatestTo:1643]:VCam_CopyLatestTo: copy failed -4
09-14 10:17:54.914   534  2971 E RKISP2OutputFrameWorker: VCam InjectVirtualIfNeeded: stream 1920x1080 fmt=0x22 -> ret=-4
09-14 10:17:54.914   534  2971 E android.hardware.camera.provider-V1-service: garyVCam [VCam_Tick:1665]:VCam_Tick: fallback=0 desired=1 state=E_VIRTUAL_RUNNING lastFrameUs=1757816274900670 lastPingUs=1757816272445802 outputs=1
09-14 10:17:54.921   534  3006 E android.hardware.camera.provider-V1-service: garyVCam [client_thread_func:952]:client 41[0]> header cmdFlag=0 cmd=0 p1=1920 p2=1080 p3=19 p4=3110400 p5=1920 p6=1080
09-14 10:17:54.928   534  3006 E android.hardware.camera.provider-V1-service: garyVCam [save_frame:829]:VCam save_frame: + width=1920 height=1080 fmt=19 len=3110400 yStride=1920 ySlice=1080 desired=1 state=E_VIRTUAL_RUNNING outputs=1
09-14 10:17:54.930   534  3006 E android.hardware.camera.provider-V1-service: garyVCam [save_frame:881]:VCam save_frame: updated lastFrameUs=1757816274930315
09-14 10:17:54.930   534  3006 E android.hardware.camera.provider-V1-service: garyVCam [rga_data_convert_transform:256]:VCam rga_data_convert_transform: enter
09-14 10:17:54.930   534  3006 E android.hardware.camera.provider-V1-service: garyVCam [rga_data_convert:214]:VCam rga_data_convert: 1920x1080 I420 -> 1920x1080 NV12 rot=0 flipH=0 flipV=0
09-14 10:17:54.932   534  3006 E android.hardware.camera.provider-V1-service: garyVCam [build_transform_flags:200]:VCam build_transform_flags: rot=0 flipH=0 flipV=0 -> tf=0x0
09-14 10:17:54.932   534  3006 E android.hardware.camera.provider-V1-service: garyVCam [rga_data_convert:236]:VCam rga_data_convert: improcess path usage=0x0
09-14 10:17:54.935   534  3006 E android.hardware.camera.provider-V1-service: garyVCam [rga_data_convert:248]:VCam rga_data_convert: success
09-14 10:17:54.935   534  3006 E android.hardware.camera.provider-V1-service: garyVCam [rga_data_convert_transform:260]:VCam rga_data_convert_transform: exit ok=1
09-14 10:17:54.935   534  3006 E android.hardware.camera.provider-V1-service: garyVCam [applyEffectsAll:787]:VCam applyEffectsAll: mask=0x1c fmt=NV12 w=1920 h=1080
09-14 10:17:54.941   534  3006 E android.hardware.camera.provider-V1-service: garyVCam [save_frame:917]:VCam save_frame: slot ready 1920x1080 NV12 stamp=1757816274941657
09-14 10:17:54.941   534  3006 E android.hardware.camera.provider-V1-service: garyVCam [save_frame:924]:VCam save_frame: -
09-14 10:17:54.946   534  2971 E android.hardware.camera.provider-V1-service: garyVCam [guessYuvLayout:1114]:VCam guessYuvLayout: fmt=0x22 -> NV12
09-14 10:17:54.946   534  2971 E android.hardware.camera.provider-V1-service: garyVCam [copyPreparedYuvToStreamBuffer:1272]:VCam copyPreparedYuvToStreamBuffer: + yuvLen=3110400 layout=NV12 overrideStride=0
09-14 10:17:54.948   534  2971 E android.hardware.camera.provider-V1-service: garyVCam [mapPixelFdFromHandle:1259]:VCam mapPixelFdFromHandle: no mappable pixel fd (w=1920 h=1080)
09-14 10:17:54.948   534  2971 E android.hardware.camera.provider-V1-service: garyVCam [copyPreparedYuvToStreamBuffer:1300]:copyYuv: no valid fd in buffer_handle
09-14 10:17:54.948   534  2971 E android.hardware.camera.provider-V1-service: garyVCam [VCam_CopyLatestTo:1643]:VCam_CopyLatestTo: copy failed -4
09-14 10:17:54.948   534  2971 E RKISP2OutputFrameWorker: VCam InjectVirtualIfNeeded: stream 1920x1080 fmt=0x22 -> ret=-4
09-14 10:17:54.948   534  2971 E android.hardware.camera.provider-V1-service: garyVCam [VCam_Tick:1665]:VCam_Tick: fallback=0 desired=1 state=E_VIRTUAL_RUNNING lastFrameUs=1757816274930315 lastPingUs=1757816272445802 outputs=1
09-14 10:17:54.957   534  3006 E android.hardware.camera.provider-V1-service: garyVCam [client_thread_func:952]:client 41[0]> header cmdFlag=0 cmd=0 p1=1920 p2=1080 p3=19 p4=3110400 p5=1920 p6=1080
09-14 10:17:54.963   534  3006 E android.hardware.camera.provider-V1-service: garyVCam [save_frame:829]:VCam save_frame: + width=1920 height=1080 fmt=19 len=3110400 yStride=1920 ySlice=1080 desired=1 state=E_VIRTUAL_RUNNING outputs=1
09-14 10:17:54.965   534  3006 E android.hardware.camera.provider-V1-service: garyVCam [save_frame:881]:VCam save_frame: updated lastFrameUs=1757816274965592
09-14 10:17:54.965   534  3006 E android.hardware.camera.provider-V1-service: garyVCam [rga_data_convert_transform:256]:VCam rga_data_convert_transform: enter
09-14 10:17:54.965   534  3006 E android.hardware.camera.provider-V1-service: garyVCam [rga_data_convert:214]:VCam rga_data_convert: 1920x1080 I420 -> 1920x1080 NV12 rot=0 flipH=0 flipV=0
09-14 10:17:54.967   534  3006 E android.hardware.camera.provider-V1-service: garyVCam [build_transform_flags:200]:VCam build_transform_flags: rot=0 flipH=0 flipV=0 -> tf=0x0
09-14 10:17:54.967   534  3006 E android.hardware.camera.provider-V1-service: garyVCam [rga_data_convert:236]:VCam rga_data_convert: improcess path usage=0x0
09-14 10:17:54.970   534  3006 E android.hardware.camera.provider-V1-service: garyVCam [rga_data_convert:248]:VCam rga_data_convert: success
09-14 10:17:54.970   534  3006 E android.hardware.camera.provider-V1-service: garyVCam [rga_data_convert_transform:260]:VCam rga_data_convert_transform: exit ok=1
09-14 10:17:54.970   534  3006 E android.hardware.camera.provider-V1-service: garyVCam [applyEffectsAll:787]:VCam applyEffectsAll: mask=0x1c fmt=NV12 w=1920 h=1080
09-14 10:17:54.975   534  3006 E android.hardware.camera.provider-V1-service: garyVCam [save_frame:917]:VCam save_frame: slot ready 1920x1080 NV12 stamp=1757816274975929
09-14 10:17:54.976   534  3006 E android.hardware.camera.provider-V1-service: garyVCam [save_frame:924]:VCam save_frame: -
09-14 10:17:54.982   534  2971 E android.hardware.camera.provider-V1-service: garyVCam [guessYuvLayout:1114]:VCam guessYuvLayout: fmt=0x22 -> NV12
09-14 10:17:54.982   534  2971 E android.hardware.camera.provider-V1-service: garyVCam [copyPreparedYuvToStreamBuffer:1272]:VCam copyPreparedYuvToStreamBuffer: + yuvLen=3110400 layout=NV12 overrideStride=0
09-14 10:17:54.983   534  2971 E android.hardware.camera.provider-V1-service: garyVCam [mapPixelFdFromHandle:1259]:VCam mapPixelFdFromHandle: no mappable pixel fd (w=1920 h=1080)
09-14 10:17:54.983   534  2971 E android.hardware.camera.provider-V1-service: garyVCam [copyPreparedYuvToStreamBuffer:1300]:copyYuv: no valid fd in buffer_handle
09-14 10:17:54.983   534  2971 E android.hardware.camera.provider-V1-service: garyVCam [VCam_CopyLatestTo:1643]:VCam_CopyLatestTo: copy failed -4
09-14 10:17:54.983   534  2971 E RKISP2OutputFrameWorker: VCam InjectVirtualIfNeeded: stream 1920x1080 fmt=0x22 -> ret=-4
09-14 10:17:54.983   534  2971 E android.hardware.camera.provider-V1-service: garyVCam [VCam_Tick:1665]:VCam_Tick: fallback=0 desired=1 state=E_VIRTUAL_RUNNING lastFrameUs=1757816274965592 lastPingUs=1757816272445802 outputs=1
09-14 10:17:54.991   534  3006 E android.hardware.camera.provider-V1-service: garyVCam [client_thread_func:952]:client 41[0]> header cmdFlag=0 cmd=0 p1=1920 p2=1080 p3=19 p4=3110400 p5=1920 p6=1080
09-14 10:17:54.996   534  3006 E android.hardware.camera.provider-V1-service: garyVCam [save_frame:829]:VCam save_frame: + width=1920 height=1080 fmt=19 len=3110400 yStride=1920 ySlice=1080 desired=1 state=E_VIRTUAL_RUNNING outputs=1
09-14 10:17:54.998   534  3006 E android.hardware.camera.provider-V1-service: garyVCam [save_frame:881]:VCam save_frame: updated lastFrameUs=1757816274998311
09-14 10:17:54.998   534  3006 E android.hardware.camera.provider-V1-service: garyVCam [rga_data_convert_transform:256]:VCam rga_data_convert_transform: enter
09-14 10:17:54.998   534  3006 E android.hardware.camera.provider-V1-service: garyVCam [rga_data_convert:214]:VCam rga_data_convert: 1920x1080 I420 -> 1920x1080 NV12 rot=0 flipH=0 flipV=0
09-14 10:17:54.999   534  3006 E android.hardware.camera.provider-V1-service: garyVCam [build_transform_flags:200]:VCam build_transform_flags: rot=0 flipH=0 flipV=0 -> tf=0x0
09-14 10:17:54.999   534  3006 E android.hardware.camera.provider-V1-service: garyVCam [rga_data_convert:236]:VCam rga_data_convert: improcess path usage=0x0
09-14 10:17:55.001   534  3006 E android.hardware.camera.provider-V1-service: garyVCam [rga_data_convert:248]:VCam rga_data_convert: success
09-14 10:17:55.001   534  3006 E android.hardware.camera.provider-V1-service: garyVCam [rga_data_convert_transform:260]:VCam rga_data_convert_transform: exit ok=1
09-14 10:17:55.001   534  3006 E android.hardware.camera.provider-V1-service: garyVCam [applyEffectsAll:787]:VCam applyEffectsAll: mask=0x1c fmt=NV12 w=1920 h=1080
09-14 10:17:55.007   534  3006 E android.hardware.camera.provider-V1-service: garyVCam [save_frame:917]:VCam save_frame: slot ready 1920x1080 NV12 stamp=1757816275007663
09-14 10:17:55.007   534  3006 E android.hardware.camera.provider-V1-service: garyVCam [save_frame:924]:VCam save_frame: -
09-14 10:17:55.015   534  2971 E android.hardware.camera.provider-V1-service: garyVCam [guessYuvLayout:1114]:VCam guessYuvLayout: fmt=0x22 -> NV12
09-14 10:17:55.015   534  2971 E android.hardware.camera.provider-V1-service: garyVCam [copyPreparedYuvToStreamBuffer:1272]:VCam copyPreparedYuvToStreamBuffer: + yuvLen=3110400 layout=NV12 overrideStride=0
09-14 10:17:55.017   534  2971 E android.hardware.camera.provider-V1-service: garyVCam [mapPixelFdFromHandle:1259]:VCam mapPixelFdFromHandle: no mappable pixel fd (w=1920 h=1080)
09-14 10:17:55.017   534  2971 E android.hardware.camera.provider-V1-service: garyVCam [copyPreparedYuvToStreamBuffer:1300]:copyYuv: no valid fd in buffer_handle
09-14 10:17:55.017   534  2971 E android.hardware.camera.provider-V1-service: garyVCam [VCam_CopyLatestTo:1643]:VCam_CopyLatestTo: copy failed -4
09-14 10:17:55.018   534  2971 E RKISP2OutputFrameWorker: VCam InjectVirtualIfNeeded: stream 1920x1080 fmt=0x22 -> ret=-4
09-14 10:17:55.018   534  2971 E android.hardware.camera.provider-V1-service: garyVCam [VCam_Tick:1665]:VCam_Tick: fallback=0 desired=1 state=E_VIRTUAL_RUNNING lastFrameUs=1757816274998311 lastPingUs=1757816272445802 outputs=1
09-14 10:17:55.024   534  3006 E android.hardware.camera.provider-V1-service: garyVCam [client_thread_func:952]:client 41[0]> header cmdFlag=0 cmd=0 p1=1920 p2=1080 p3=19 p4=3110400 p5=1920 p6=1080
09-14 10:17:55.034   534  3006 E android.hardware.camera.provider-V1-service: garyVCam [save_frame:829]:VCam save_frame: + width=1920 height=1080 fmt=19 len=3110400 yStride=1920 ySlice=1080 desired=1 state=E_VIRTUAL_RUNNING outputs=1
09-14 10:17:55.035   534  3006 E android.hardware.camera.provider-V1-service: garyVCam [save_frame:881]:VCam save_frame: updated lastFrameUs=1757816275035830
09-14 10:17:55.035   534  3006 E android.hardware.camera.provider-V1-service: garyVCam [rga_data_convert_transform:256]:VCam rga_data_convert_transform: enter
09-14 10:17:55.035   534  3006 E android.hardware.camera.provider-V1-service: garyVCam [rga_data_convert:214]:VCam rga_data_convert: 1920x1080 I420 -> 1920x1080 NV12 rot=0 flipH=0 flipV=0
09-14 10:17:55.037   534  3006 E android.hardware.camera.provider-V1-service: garyVCam [build_transform_flags:200]:VCam build_transform_flags: rot=0 flipH=0 flipV=0 -> tf=0x0
09-14 10:17:55.037   534  3006 E android.hardware.camera.provider-V1-service: garyVCam [rga_data_convert:236]:VCam rga_data_convert: improcess path usage=0x0
09-14 10:17:55.040   534  3006 E android.hardware.camera.provider-V1-service: garyVCam [rga_data_convert:248]:VCam rga_data_convert: success
09-14 10:17:55.040   534  3006 E android.hardware.camera.provider-V1-service: garyVCam [rga_data_convert_transform:260]:VCam rga_data_convert_transform: exit ok=1
09-14 10:17:55.040   534  3006 E android.hardware.camera.provider-V1-service: garyVCam [applyEffectsAll:787]:VCam applyEffectsAll: mask=0x1c fmt=NV12 w=1920 h=1080
09-14 10:17:55.045   534  3006 E android.hardware.camera.provider-V1-service: garyVCam [save_frame:917]:VCam save_frame: slot ready 1920x1080 NV12 stamp=1757816275045853
09-14 10:17:55.045   534  3006 E android.hardware.camera.provider-V1-service: garyVCam [save_frame:924]:VCam save_frame: -
09-14 10:17:55.050   534  2971 E android.hardware.camera.provider-V1-service: garyVCam [guessYuvLayout:1114]:VCam guessYuvLayout: fmt=0x22 -> NV12
09-14 10:17:55.050   534  2971 E android.hardware.camera.provider-V1-service: garyVCam [copyPreparedYuvToStreamBuffer:1272]:VCam copyPreparedYuvToStreamBuffer: + yuvLen=3110400 layout=NV12 overrideStride=0
09-14 10:17:55.052   534  2971 E android.hardware.camera.provider-V1-service: garyVCam [mapPixelFdFromHandle:1259]:VCam mapPixelFdFromHandle: no mappable pixel fd (w=1920 h=1080)
09-14 10:17:55.052   534  2971 E android.hardware.camera.provider-V1-service: garyVCam [copyPreparedYuvToStreamBuffer:1300]:copyYuv: no valid fd in buffer_handle
09-14 10:17:55.052   534  2971 E android.hardware.camera.provider-V1-service: garyVCam [VCam_CopyLatestTo:1643]:VCam_CopyLatestTo: copy failed -4
09-14 10:17:55.052   534  2971 E RKISP2OutputFrameWorker: VCam InjectVirtualIfNeeded: stream 1920x1080 fmt=0x22 -> ret=-4
09-14 10:17:55.052   534  2971 E android.hardware.camera.provider-V1-service: garyVCam [VCam_Tick:1665]:VCam_Tick: fallback=0 desired=1 state=E_VIRTUAL_RUNNING lastFrameUs=1757816275035830 lastPingUs=1757816272445802 outputs=1
09-14 10:17:55.057   534  3006 E android.hardware.camera.provider-V1-service: garyVCam [client_thread_func:952]:client 41[0]> header cmdFlag=0 cmd=0 p1=1920 p2=1080 p3=19 p4=3110400 p5=1920 p6=1080
09-14 10:17:55.065   534  3006 E android.hardware.camera.provider-V1-service: garyVCam [save_frame:829]:VCam save_frame: + width=1920 height=1080 fmt=19 len=3110400 yStride=1920 ySlice=1080 desired=1 state=E_VIRTUAL_RUNNING outputs=1
09-14 10:17:55.066   534  3006 E android.hardware.camera.provider-V1-service: garyVCam [save_frame:881]:VCam save_frame: updated lastFrameUs=1757816275066447
09-14 10:17:55.066   534  3006 E android.hardware.camera.provider-V1-service: garyVCam [rga_data_convert_transform:256]:VCam rga_data_convert_transform: enter
09-14 10:17:55.066   534  3006 E android.hardware.camera.provider-V1-service: garyVCam [rga_data_convert:214]:VCam rga_data_convert: 1920x1080 I420 -> 1920x1080 NV12 rot=0 flipH=0 flipV=0
09-14 10:17:55.067   534  3006 E android.hardware.camera.provider-V1-service: garyVCam [build_transform_flags:200]:VCam build_transform_flags: rot=0 flipH=0 flipV=0 -> tf=0x0
09-14 10:17:55.067   534  3006 E android.hardware.camera.provider-V1-service: garyVCam [rga_data_convert:236]:VCam rga_data_convert: improcess path usage=0x0
09-14 10:17:55.070   534  3006 E android.hardware.camera.provider-V1-service: garyVCam [rga_data_convert:248]:VCam rga_data_convert: success
09-14 10:17:55.070   534  3006 E android.hardware.camera.provider-V1-service: garyVCam [rga_data_convert_transform:260]:VCam rga_data_convert_transform: exit ok=1
09-14 10:17:55.070   534  3006 E android.hardware.camera.provider-V1-service: garyVCam [applyEffectsAll:787]:VCam applyEffectsAll: mask=0x1c fmt=NV12 w=1920 h=1080
09-14 10:17:55.076   534  3006 E android.hardware.camera.provider-V1-service: garyVCam [save_frame:917]:VCam save_frame: slot ready 1920x1080 NV12 stamp=1757816275076528
09-14 10:17:55.076   534  3006 E android.hardware.camera.provider-V1-service: garyVCam [save_frame:924]:VCam save_frame: -
09-14 10:17:55.079   534  2971 E android.hardware.camera.provider-V1-service: garyVCam [guessYuvLayout:1114]:VCam guessYuvLayout: fmt=0x22 -> NV12
09-14 10:17:55.079   534  2971 E android.hardware.camera.provider-V1-service: garyVCam [copyPreparedYuvToStreamBuffer:1272]:VCam copyPreparedYuvToStreamBuffer: + yuvLen=3110400 layout=NV12 overrideStride=0
09-14 10:17:55.086   534  2971 E android.hardware.camera.provider-V1-service: garyVCam [mapPixelFdFromHandle:1259]:VCam mapPixelFdFromHandle: no mappable pixel fd (w=1920 h=1080)
09-14 10:17:55.086   534  2971 E android.hardware.camera.provider-V1-service: garyVCam [copyPreparedYuvToStreamBuffer:1300]:copyYuv: no valid fd in buffer_handle
09-14 10:17:55.086   534  2971 E android.hardware.camera.provider-V1-service: garyVCam [VCam_CopyLatestTo:1643]:VCam_CopyLatestTo: copy failed -4
09-14 10:17:55.086   534  2971 E RKISP2OutputFrameWorker: VCam InjectVirtualIfNeeded: stream 1920x1080 fmt=0x22 -> ret=-4
09-14 10:17:55.086   534  2971 E android.hardware.camera.provider-V1-service: garyVCam [VCam_Tick:1665]:VCam_Tick: fallback=0 desired=1 state=E_VIRTUAL_RUNNING lastFrameUs=1757816275066447 lastPingUs=1757816272445802 outputs=1
09-14 10:17:55.090   534  3006 E android.hardware.camera.provider-V1-service: garyVCam [client_thread_func:952]:client 41[0]> header cmdFlag=0 cmd=0 p1=1920 p2=1080 p3=19 p4=3110400 p5=1920 p6=1080
09-14 10:17:55.097   534  3006 E android.hardware.camera.provider-V1-service: garyVCam [save_frame:829]:VCam save_frame: + width=1920 height=1080 fmt=19 len=3110400 yStride=1920 ySlice=1080 desired=1 state=E_VIRTUAL_RUNNING outputs=1
09-14 10:17:55.100   534  3006 E android.hardware.camera.provider-V1-service: garyVCam [save_frame:881]:VCam save_frame: updated lastFrameUs=1757816275100706
09-14 10:17:55.100   534  3006 E android.hardware.camera.provider-V1-service: garyVCam [rga_data_convert_transform:256]:VCam rga_data_convert_transform: enter
09-14 10:17:55.100   534  3006 E android.hardware.camera.provider-V1-service: garyVCam [rga_data_convert:214]:VCam rga_data_convert: 1920x1080 I420 -> 1920x1080 NV12 rot=0 flipH=0 flipV=0
09-14 10:17:55.101   534  3006 E android.hardware.camera.provider-V1-service: garyVCam [build_transform_flags:200]:VCam build_transform_flags: rot=0 flipH=0 flipV=0 -> tf=0x0
09-14 10:17:55.101   534  3006 E android.hardware.camera.provider-V1-service: garyVCam [rga_data_convert:236]:VCam rga_data_convert: improcess path usage=0x0
09-14 10:17:55.104   534  3006 E android.hardware.camera.provider-V1-service: garyVCam [rga_data_convert:248]:VCam rga_data_convert: success
09-14 10:17:55.104   534  3006 E android.hardware.camera.provider-V1-service: garyVCam [rga_data_convert_transform:260]:VCam rga_data_convert_transform: exit ok=1
09-14 10:17:55.104   534  3006 E android.hardware.camera.provider-V1-service: garyVCam [applyEffectsAll:787]:VCam applyEffectsAll: mask=0x1c fmt=NV12 w=1920 h=1080
09-14 10:17:55.112   534  2971 E android.hardware.camera.provider-V1-service: garyVCam [guessYuvLayout:1114]:VCam guessYuvLayout: fmt=0x22 -> NV12
