09-14 10:17:50.966   534  3006 E android.hardware.camera.provider-V1-service: garyVCam [rga_data_convert_transform:256]:VCam rga_data_convert_transform: enter
09-14 10:17:50.966   534  3006 E android.hardware.camera.provider-V1-service: garyVCam [rga_data_convert:214]:VCam rga_data_convert: 1920x1080 I420 -> 1920x1080 NV12 rot=0 flipH=0 flipV=0
09-14 10:17:50.967   534  3006 E android.hardware.camera.provider-V1-service: garyVCam [build_transform_flags:200]:VCam build_transform_flags: rot=0 flipH=0 flipV=0 -> tf=0x0
09-14 10:17:50.967   534  3006 E android.hardware.camera.provider-V1-service: garyVCam [rga_data_convert:236]:VCam rga_data_convert: improcess path usage=0x0
09-14 10:17:50.970   534  3006 E android.hardware.camera.provider-V1-service: garyVCam [rga_data_convert:248]:VCam rga_data_convert: success
09-14 10:17:50.970   534  3006 E android.hardware.camera.provider-V1-service: garyVCam [rga_data_convert_transform:260]:VCam rga_data_convert_transform: exit ok=1
09-14 10:17:50.970   534  3006 E android.hardware.camera.provider-V1-service: garyVCam [save_frame:917]:VCam save_frame: slot ready 1920x1080 NV12 stamp=1757816270970470
09-14 10:17:50.970   534  3006 E android.hardware.camera.provider-V1-service: garyVCam [save_frame:924]:VCam save_frame: -
09-14 10:17:50.988   534  3006 E android.hardware.camera.provider-V1-service: garyVCam [client_thread_func:952]:client 41[0]> header cmdFlag=0 cmd=0 p1=1920 p2=1080 p3=19 p4=3110400 p5=1920 p6=1080
09-14 10:17:50.995   534  3006 E android.hardware.camera.provider-V1-service: garyVCam [save_frame:829]:VCam save_frame: + width=1920 height=1080 fmt=19 len=3110400 yStride=1920 ySlice=1080 desired=1 state=E_VIRTUAL_RUNNING outputs=1
09-14 10:17:50.996   534  3006 E android.hardware.camera.provider-V1-service: garyVCam [save_frame:881]:VCam save_frame: updated lastFrameUs=1757816270996970
09-14 10:17:50.997   534  3006 E android.hardware.camera.provider-V1-service: garyVCam [rga_data_convert_transform:256]:VCam rga_data_convert_transform: enter
09-14 10:17:50.997   534  3006 E android.hardware.camera.provider-V1-service: garyVCam [rga_data_convert:214]:VCam rga_data_convert: 1920x1080 I420 -> 1920x1080 NV12 rot=0 flipH=0 flipV=0
09-14 10:17:50.997   534  3006 E android.hardware.camera.provider-V1-service: garyVCam [build_transform_flags:200]:VCam build_transform_flags: rot=0 flipH=0 flipV=0 -> tf=0x0
09-14 10:17:50.997   534  3006 E android.hardware.camera.provider-V1-service: garyVCam [rga_data_convert:236]:VCam rga_data_convert: improcess path usage=0x0
09-14 10:17:51.002   534  3006 E android.hardware.camera.provider-V1-service: garyVCam [rga_data_convert:248]:VCam rga_data_convert: success
09-14 10:17:51.002   534  3006 E android.hardware.camera.provider-V1-service: garyVCam [rga_data_convert_transform:260]:VCam rga_data_convert_transform: exit ok=1
09-14 10:17:51.002   534  3006 E android.hardware.camera.provider-V1-service: garyVCam [save_frame:917]:VCam save_frame: slot ready 1920x1080 NV12 stamp=1757816271002469
09-14 10:17:51.002   534  3006 E android.hardware.camera.provider-V1-service: garyVCam [save_frame:924]:VCam save_frame: -
09-14 10:17:51.002   534  2971 E android.hardware.camera.provider-V1-service: garyVCam [guessYuvLayout:1114]:VCam guessYuvLayout: fmt=0x22 -> NV12
09-14 10:17:51.002   534  2971 E android.hardware.camera.provider-V1-service: garyVCam [copyPreparedYuvToStreamBuffer:1272]:VCam copyPreparedYuvToStreamBuffer: + yuvLen=3110400 layout=NV12 overrideStride=0
09-14 10:17:51.004   534  2971 E android.hardware.camera.provider-V1-service: garyVCam [mapPixelFdFromHandle:1259]:VCam mapPixelFdFromHandle: no mappable pixel fd (w=1920 h=1080)
09-14 10:17:51.005   534  2971 E android.hardware.camera.provider-V1-service: garyVCam [copyPreparedYuvToStreamBuffer:1300]:copyYuv: no valid fd in buffer_handle
09-14 10:17:51.005   534  2971 E android.hardware.camera.provider-V1-service: garyVCam [VCam_CopyLatestTo:1643]:VCam_CopyLatestTo: copy failed -4
09-14 10:17:51.005   534  2971 E RKISP2OutputFrameWorker: VCam InjectVirtualIfNeeded: stream 1920x1080 fmt=0x22 -> ret=-4
09-14 10:17:51.005   534  2971 E android.hardware.camera.provider-V1-service: garyVCam [VCam_Tick:1665]:VCam_Tick: fallback=0 desired=1 state=E_VIRTUAL_RUNNING lastFrameUs=1757816270996970 lastPingUs=1757816269426010 outputs=1
09-14 10:17:51.023   534  3006 E android.hardware.camera.provider-V1-service: garyVCam [client_thread_func:952]:client 41[0]> header cmdFlag=0 cmd=0 p1=1920 p2=1080 p3=19 p4=3110400 p5=1920 p6=1080
09-14 10:17:51.031   534  3006 E android.hardware.camera.provider-V1-service: garyVCam [save_frame:829]:VCam save_frame: + width=1920 height=1080 fmt=19 len=3110400 yStride=1920 ySlice=1080 desired=1 state=E_VIRTUAL_RUNNING outputs=1
09-14 10:17:51.033   534  3006 E android.hardware.camera.provider-V1-service: garyVCam [save_frame:881]:VCam save_frame: updated lastFrameUs=1757816271033538
09-14 10:17:51.033   534  3006 E android.hardware.camera.provider-V1-service: garyVCam [rga_data_convert_transform:256]:VCam rga_data_convert_transform: enter
09-14 10:17:51.033   534  3006 E android.hardware.camera.provider-V1-service: garyVCam [rga_data_convert:214]:VCam rga_data_convert: 1920x1080 I420 -> 1920x1080 NV12 rot=0 flipH=0 flipV=0
09-14 10:17:51.033   534  2971 E android.hardware.camera.provider-V1-service: garyVCam [guessYuvLayout:1114]:VCam guessYuvLayout: fmt=0x22 -> NV12
09-14 10:17:51.035   534  3006 E android.hardware.camera.provider-V1-service: garyVCam [build_transform_flags:200]:VCam build_transform_flags: rot=0 flipH=0 flipV=0 -> tf=0x0
09-14 10:17:51.035   534  3006 E android.hardware.camera.provider-V1-service: garyVCam [rga_data_convert:236]:VCam rga_data_convert: improcess path usage=0x0
09-14 10:17:51.038   534  3006 E android.hardware.camera.provider-V1-service: garyVCam [rga_data_convert:248]:VCam rga_data_convert: success
09-14 10:17:51.038   534  3006 E android.hardware.camera.provider-V1-service: garyVCam [rga_data_convert_transform:260]:VCam rga_data_convert_transform: exit ok=1
09-14 10:17:51.038   534  3006 E android.hardware.camera.provider-V1-service: garyVCam [save_frame:917]:VCam save_frame: slot ready 1920x1080 NV12 stamp=1757816271038893
09-14 10:17:51.038   534  3006 E android.hardware.camera.provider-V1-service: garyVCam [save_frame:924]:VCam save_frame: -
09-14 10:17:51.039   534  2971 E android.hardware.camera.provider-V1-service: garyVCam [copyPreparedYuvToStreamBuffer:1272]:VCam copyPreparedYuvToStreamBuffer: + yuvLen=3110400 layout=NV12 overrideStride=0
09-14 10:17:51.040   534  2971 E android.hardware.camera.provider-V1-service: garyVCam [mapPixelFdFromHandle:1259]:VCam mapPixelFdFromHandle: no mappable pixel fd (w=1920 h=1080)
09-14 10:17:51.040   534  2971 E android.hardware.camera.provider-V1-service: garyVCam [copyPreparedYuvToStreamBuffer:1300]:copyYuv: no valid fd in buffer_handle
09-14 10:17:51.040   534  2971 E android.hardware.camera.provider-V1-service: garyVCam [VCam_CopyLatestTo:1643]:VCam_CopyLatestTo: copy failed -4
09-14 10:17:51.041   534  2971 E RKISP2OutputFrameWorker: VCam InjectVirtualIfNeeded: stream 1920x1080 fmt=0x22 -> ret=-4
09-14 10:17:51.041   534  2971 E android.hardware.camera.provider-V1-service: garyVCam [VCam_Tick:1665]:VCam_Tick: fallback=0 desired=1 state=E_VIRTUAL_RUNNING lastFrameUs=1757816271033538 lastPingUs=1757816269426010 outputs=1
09-14 10:17:51.058   534  3006 E android.hardware.camera.provider-V1-service: garyVCam [client_thread_func:952]:client 41[0]> header cmdFlag=0 cmd=0 p1=1920 p2=1080 p3=19 p4=3110400 p5=1920 p6=1080
09-14 10:17:51.064   534  2971 E android.hardware.camera.provider-V1-service: garyVCam [guessYuvLayout:1114]:VCam guessYuvLayout: fmt=0x22 -> NV12
09-14 10:17:51.064   534  2971 E android.hardware.camera.provider-V1-service: garyVCam [copyPreparedYuvToStreamBuffer:1272]:VCam copyPreparedYuvToStreamBuffer: + yuvLen=3110400 layout=NV12 overrideStride=0
09-14 10:17:51.064   534  3006 E android.hardware.camera.provider-V1-service: garyVCam [save_frame:829]:VCam save_frame: + width=1920 height=1080 fmt=19 len=3110400 yStride=1920 ySlice=1080 desired=1 state=E_VIRTUAL_RUNNING outputs=1
09-14 10:17:51.065   534  2971 E android.hardware.camera.provider-V1-service: garyVCam [mapPixelFdFromHandle:1259]:VCam mapPixelFdFromHandle: no mappable pixel fd (w=1920 h=1080)
09-14 10:17:51.065   534  2971 E android.hardware.camera.provider-V1-service: garyVCam [copyPreparedYuvToStreamBuffer:1300]:copyYuv: no valid fd in buffer_handle
09-14 10:17:51.066   534  2971 E android.hardware.camera.provider-V1-service: garyVCam [VCam_CopyLatestTo:1643]:VCam_CopyLatestTo: copy failed -4
09-14 10:17:51.066   534  2971 E RKISP2OutputFrameWorker: VCam InjectVirtualIfNeeded: stream 1920x1080 fmt=0x22 -> ret=-4
09-14 10:17:51.066   534  2971 E android.hardware.camera.provider-V1-service: garyVCam [VCam_Tick:1665]:VCam_Tick: fallback=0 desired=1 state=E_VIRTUAL_RUNNING lastFrameUs=1757816271033538 lastPingUs=1757816269426010 outputs=1
09-14 10:17:51.068   534  3006 E android.hardware.camera.provider-V1-service: garyVCam [save_frame:881]:VCam save_frame: updated lastFrameUs=1757816271068410
09-14 10:17:51.068   534  3006 E android.hardware.camera.provider-V1-service: garyVCam [rga_data_convert_transform:256]:VCam rga_data_convert_transform: enter
09-14 10:17:51.068   534  3006 E android.hardware.camera.provider-V1-service: garyVCam [rga_data_convert:214]:VCam rga_data_convert: 1920x1080 I420 -> 1920x1080 NV12 rot=0 flipH=0 flipV=0
09-14 10:17:51.069   534  3006 E android.hardware.camera.provider-V1-service: garyVCam [build_transform_flags:200]:VCam build_transform_flags: rot=0 flipH=0 flipV=0 -> tf=0x0
09-14 10:17:51.069   534  3006 E android.hardware.camera.provider-V1-service: garyVCam [rga_data_convert:236]:VCam rga_data_convert: improcess path usage=0x0
09-14 10:17:51.071   534  3006 E android.hardware.camera.provider-V1-service: garyVCam [rga_data_convert:248]:VCam rga_data_convert: success
09-14 10:17:51.071   534  3006 E android.hardware.camera.provider-V1-service: garyVCam [rga_data_convert_transform:260]:VCam rga_data_convert_transform: exit ok=1
09-14 10:17:51.071   534  3006 E android.hardware.camera.provider-V1-service: garyVCam [save_frame:917]:VCam save_frame: slot ready 1920x1080 NV12 stamp=1757816271071973
09-14 10:17:51.071   534  3006 E android.hardware.camera.provider-V1-service: garyVCam [save_frame:924]:VCam save_frame: -
09-14 10:17:51.088   534  3006 E android.hardware.camera.provider-V1-service: garyVCam [client_thread_func:952]:client 41[0]> header cmdFlag=0 cmd=0 p1=1920 p2=1080 p3=19 p4=3110400 p5=1920 p6=1080
09-14 10:17:51.093   534  3006 E android.hardware.camera.provider-V1-service: garyVCam [save_frame:829]:VCam save_frame: + width=1920 height=1080 fmt=19 len=3110400 yStride=1920 ySlice=1080 desired=1 state=E_VIRTUAL_RUNNING outputs=1
09-14 10:17:51.095   534  3006 E android.hardware.camera.provider-V1-service: garyVCam [save_frame:881]:VCam save_frame: updated lastFrameUs=1757816271095680
09-14 10:17:51.095   534  3006 E android.hardware.camera.provider-V1-service: garyVCam [rga_data_convert_transform:256]:VCam rga_data_convert_transform: enter
09-14 10:17:51.095   534  3006 E android.hardware.camera.provider-V1-service: garyVCam [rga_data_convert:214]:VCam rga_data_convert: 1920x1080 I420 -> 1920x1080 NV12 rot=0 flipH=0 flipV=0
09-14 10:17:51.096   534  3006 E android.hardware.camera.provider-V1-service: garyVCam [build_transform_flags:200]:VCam build_transform_flags: rot=0 flipH=0 flipV=0 -> tf=0x0
09-14 10:17:51.096   534  3006 E android.hardware.camera.provider-V1-service: garyVCam [rga_data_convert:236]:VCam rga_data_convert: improcess path usage=0x0
09-14 10:17:51.099   534  2971 E android.hardware.camera.provider-V1-service: garyVCam [guessYuvLayout:1114]:VCam guessYuvLayout: fmt=0x22 -> NV12
09-14 10:17:51.101   534  3006 E android.hardware.camera.provider-V1-service: garyVCam [rga_data_convert:248]:VCam rga_data_convert: success
09-14 10:17:51.101   534  3006 E android.hardware.camera.provider-V1-service: garyVCam [rga_data_convert_transform:260]:VCam rga_data_convert_transform: exit ok=1
09-14 10:17:51.101   534  3006 E android.hardware.camera.provider-V1-service: garyVCam [save_frame:917]:VCam save_frame: slot ready 1920x1080 NV12 stamp=1757816271101225
09-14 10:17:51.101   534  3006 E android.hardware.camera.provider-V1-service: garyVCam [save_frame:924]:VCam save_frame: -
09-14 10:17:51.101   534  2971 E android.hardware.camera.provider-V1-service: garyVCam [copyPreparedYuvToStreamBuffer:1272]:VCam copyPreparedYuvToStreamBuffer: + yuvLen=3110400 layout=NV12 overrideStride=0
09-14 10:17:51.101   534  3006 E android.hardware.camera.provider-V1-service: garyVCam [client_thread_func:952]:client 41[0]> header cmdFlag=1 cmd=7 p1=28 p2=-2 p3=-2 p4=14 p5=0 p6=0
09-14 10:17:51.101   534  3006 E android.hardware.camera.provider-V1-service: garyVCam [setEffects:158]:mask:28 bright:-2 color:-2 block:14 jitter:0
09-14 10:17:51.103   534  2971 E android.hardware.camera.provider-V1-service: garyVCam [mapPixelFdFromHandle:1259]:VCam mapPixelFdFromHandle: no mappable pixel fd (w=1920 h=1080)
09-14 10:17:51.103   534  2971 E android.hardware.camera.provider-V1-service: garyVCam [copyPreparedYuvToStreamBuffer:1300]:copyYuv: no valid fd in buffer_handle
09-14 10:17:51.103   534  2971 E android.hardware.camera.provider-V1-service: garyVCam [VCam_CopyLatestTo:1643]:VCam_CopyLatestTo: copy failed -4
09-14 10:17:51.103   534  2971 E RKISP2OutputFrameWorker: VCam InjectVirtualIfNeeded: stream 1920x1080 fmt=0x22 -> ret=-4
09-14 10:17:51.103   534  2971 E android.hardware.camera.provider-V1-service: garyVCam [VCam_Tick:1665]:VCam_Tick: fallback=0 desired=1 state=E_VIRTUAL_RUNNING lastFrameUs=1757816271095680 lastPingUs=1757816269426010 outputs=1
09-14 10:17:51.122   534  3006 E android.hardware.camera.provider-V1-service: garyVCam [client_thread_func:952]:client 41[0]> header cmdFlag=0 cmd=0 p1=1920 p2=1080 p3=19 p4=3110400 p5=1920 p6=1080
09-14 10:17:51.128   534  3006 E android.hardware.camera.provider-V1-service: garyVCam [save_frame:829]:VCam save_frame: + width=1920 height=1080 fmt=19 len=3110400 yStride=1920 ySlice=1080 desired=1 state=E_VIRTUAL_RUNNING outputs=1
09-14 10:17:51.131   534  2971 E android.hardware.camera.provider-V1-service: garyVCam [guessYuvLayout:1114]:VCam guessYuvLayout: fmt=0x22 -> NV12
09-14 10:17:51.131   534  2971 E android.hardware.camera.provider-V1-service: garyVCam [copyPreparedYuvToStreamBuffer:1272]:VCam copyPreparedYuvToStreamBuffer: + yuvLen=3110400 layout=NV12 overrideStride=0
09-14 10:17:51.133   534  3006 E android.hardware.camera.provider-V1-service: garyVCam [save_frame:881]:VCam save_frame: updated lastFrameUs=1757816271133454
09-14 10:17:51.134   534  2971 E android.hardware.camera.provider-V1-service: garyVCam [mapPixelFdFromHandle:1259]:VCam mapPixelFdFromHandle: no mappable pixel fd (w=1920 h=1080)
09-14 10:17:51.134   534  2971 E android.hardware.camera.provider-V1-service: garyVCam [copyPreparedYuvToStreamBuffer:1300]:copyYuv: no valid fd in buffer_handle
09-14 10:17:51.134   534  2971 E android.hardware.camera.provider-V1-service: garyVCam [VCam_CopyLatestTo:1643]:VCam_CopyLatestTo: copy failed -4
09-14 10:17:51.134   534  2971 E RKISP2OutputFrameWorker: VCam InjectVirtualIfNeeded: stream 1920x1080 fmt=0x22 -> ret=-4
09-14 10:17:51.134   534  2971 E android.hardware.camera.provider-V1-service: garyVCam [VCam_Tick:1665]:VCam_Tick: fallback=0 desired=1 state=E_VIRTUAL_RUNNING lastFrameUs=1757816271133454 lastPingUs=1757816269426010 outputs=1
09-14 10:17:51.134   534  3006 E android.hardware.camera.provider-V1-service: garyVCam [rga_data_convert_transform:256]:VCam rga_data_convert_transform: enter
09-14 10:17:51.134   534  3006 E android.hardware.camera.provider-V1-service: garyVCam [rga_data_convert:214]:VCam rga_data_convert: 1920x1080 I420 -> 1920x1080 NV12 rot=0 flipH=0 flipV=0
09-14 10:17:51.137   534  3006 E android.hardware.camera.provider-V1-service: garyVCam [build_transform_flags:200]:VCam build_transform_flags: rot=0 flipH=0 flipV=0 -> tf=0x0
09-14 10:17:51.137   534  3006 E android.hardware.camera.provider-V1-service: garyVCam [rga_data_convert:236]:VCam rga_data_convert: improcess path usage=0x0
09-14 10:17:51.139   534  3006 E android.hardware.camera.provider-V1-service: garyVCam [rga_data_convert:248]:VCam rga_data_convert: success
09-14 10:17:51.139   534  3006 E android.hardware.camera.provider-V1-service: garyVCam [rga_data_convert_transform:260]:VCam rga_data_convert_transform: exit ok=1
09-14 10:17:51.139   534  3006 E android.hardware.camera.provider-V1-service: garyVCam [applyEffectsAll:787]:VCam applyEffectsAll: mask=0x1c fmt=NV12 w=1920 h=1080
09-14 10:17:51.151   534  3006 E android.hardware.camera.provider-V1-service: garyVCam [save_frame:917]:VCam save_frame: slot ready 1920x1080 NV12 stamp=1757816271151693
09-14 10:17:51.151   534  3006 E android.hardware.camera.provider-V1-service: garyVCam [save_frame:924]:VCam save_frame: -
09-14 10:17:51.159   534  3006 E android.hardware.camera.provider-V1-service: garyVCam [client_thread_func:952]:client 41[0]> header cmdFlag=0 cmd=0 p1=1920 p2=1080 p3=19 p4=3110400 p5=1920 p6=1080
09-14 10:17:51.164   534  2971 E android.hardware.camera.provider-V1-service: garyVCam [guessYuvLayout:1114]:VCam guessYuvLayout: fmt=0x22 -> NV12
09-14 10:17:51.164   534  2971 E android.hardware.camera.provider-V1-service: garyVCam [copyPreparedYuvToStreamBuffer:1272]:VCam copyPreparedYuvToStreamBuffer: + yuvLen=3110400 layout=NV12 overrideStride=0
09-14 10:17:51.166   534  2971 E android.hardware.camera.provider-V1-service: garyVCam [mapPixelFdFromHandle:1259]:VCam mapPixelFdFromHandle: no mappable pixel fd (w=1920 h=1080)
09-14 10:17:51.166   534  2971 E android.hardware.camera.provider-V1-service: garyVCam [copyPreparedYuvToStreamBuffer:1300]:copyYuv: no valid fd in buffer_handle
09-14 10:17:51.166   534  2971 E android.hardware.camera.provider-V1-service: garyVCam [VCam_CopyLatestTo:1643]:VCam_CopyLatestTo: copy failed -4
09-14 10:17:51.166   534  2971 E RKISP2OutputFrameWorker: VCam InjectVirtualIfNeeded: stream 1920x1080 fmt=0x22 -> ret=-4
09-14 10:17:51.166   534  2971 E android.hardware.camera.provider-V1-service: garyVCam [VCam_Tick:1665]:VCam_Tick: fallback=0 desired=1 state=E_VIRTUAL_RUNNING lastFrameUs=1757816271133454 lastPingUs=1757816269426010 outputs=1
09-14 10:17:51.170   534  3006 E android.hardware.camera.provider-V1-service: garyVCam [save_frame:829]:VCam save_frame: + width=1920 height=1080 fmt=19 len=3110400 yStride=1920 ySlice=1080 desired=1 state=E_VIRTUAL_RUNNING outputs=1
09-14 10:17:51.172   534  3006 E android.hardware.camera.provider-V1-service: garyVCam [save_frame:881]:VCam save_frame: updated lastFrameUs=1757816271172244
09-14 10:17:51.172   534  3006 E android.hardware.camera.provider-V1-service: garyVCam [rga_data_convert_transform:256]:VCam rga_data_convert_transform: enter
09-14 10:17:51.172   534  3006 E android.hardware.camera.provider-V1-service: garyVCam [rga_data_convert:214]:VCam rga_data_convert: 1920x1080 I420 -> 1920x1080 NV12 rot=0 flipH=0 flipV=0
09-14 10:17:51.173   534  3006 E android.hardware.camera.provider-V1-service: garyVCam [build_transform_flags:200]:VCam build_transform_flags: rot=0 flipH=0 flipV=0 -> tf=0x0
09-14 10:17:51.174   534  3006 E android.hardware.camera.provider-V1-service: garyVCam [rga_data_convert:236]:VCam rga_data_convert: improcess path usage=0x0
09-14 10:17:51.177   534  3006 E android.hardware.camera.provider-V1-service: garyVCam [rga_data_convert:248]:VCam rga_data_convert: success
09-14 10:17:51.177   534  3006 E android.hardware.camera.provider-V1-service: garyVCam [rga_data_convert_transform:260]:VCam rga_data_convert_transform: exit ok=1
09-14 10:17:51.177   534  3006 E android.hardware.camera.provider-V1-service: garyVCam [applyEffectsAll:787]:VCam applyEffectsAll: mask=0x1c fmt=NV12 w=1920 h=1080
09-14 10:17:51.181   534  3006 E android.hardware.camera.provider-V1-service: garyVCam [save_frame:917]:VCam save_frame: slot ready 1920x1080 NV12 stamp=1757816271181777
09-14 10:17:51.181   534  3006 E android.hardware.camera.provider-V1-service: garyVCam [save_frame:924]:VCam save_frame: -
09-14 10:17:51.196   534  3006 E android.hardware.camera.provider-V1-service: garyVCam [client_thread_func:952]:client 41[0]> header cmdFlag=0 cmd=0 p1=1920 p2=1080 p3=19 p4=3110400 p5=1920 p6=1080
09-14 10:17:51.199   534  2971 E android.hardware.camera.provider-V1-service: garyVCam [guessYuvLayout:1114]:VCam guessYuvLayout: fmt=0x22 -> NV12
09-14 10:17:51.199   534  2971 E android.hardware.camera.provider-V1-service: garyVCam [copyPreparedYuvToStreamBuffer:1272]:VCam copyPreparedYuvToStreamBuffer: + yuvLen=3110400 layout=NV12 overrideStride=0
09-14 10:17:51.204   534  2971 E android.hardware.camera.provider-V1-service: garyVCam [mapPixelFdFromHandle:1259]:VCam mapPixelFdFromHandle: no mappable pixel fd (w=1920 h=1080)
09-14 10:17:51.204   534  2971 E android.hardware.camera.provider-V1-service: garyVCam [copyPreparedYuvToStreamBuffer:1300]:copyYuv: no valid fd in buffer_handle
09-14 10:17:51.204   534  2971 E android.hardware.camera.provider-V1-service: garyVCam [VCam_CopyLatestTo:1643]:VCam_CopyLatestTo: copy failed -4
09-14 10:17:51.204   534  2971 E RKISP2OutputFrameWorker: VCam InjectVirtualIfNeeded: stream 1920x1080 fmt=0x22 -> ret=-4
09-14 10:17:51.204   534  2971 E android.hardware.camera.provider-V1-service: garyVCam [VCam_Tick:1665]:VCam_Tick: fallback=0 desired=1 state=E_VIRTUAL_RUNNING lastFrameUs=1757816271172244 lastPingUs=1757816269426010 outputs=1
09-14 10:17:51.205   534  3006 E android.hardware.camera.provider-V1-service: garyVCam [save_frame:829]:VCam save_frame: + width=1920 height=1080 fmt=19 len=3110400 yStride=1920 ySlice=1080 desired=1 state=E_VIRTUAL_RUNNING outputs=1
09-14 10:17:51.206   534  3006 E android.hardware.camera.provider-V1-service: garyVCam [save_frame:881]:VCam save_frame: updated lastFrameUs=1757816271206682
09-14 10:17:51.206   534  3006 E android.hardware.camera.provider-V1-service: garyVCam [rga_data_convert_transform:256]:VCam rga_data_convert_transform: enter
09-14 10:17:51.206   534  3006 E android.hardware.camera.provider-V1-service: garyVCam [rga_data_convert:214]:VCam rga_data_convert: 1920x1080 I420 -> 1920x1080 NV12 rot=0 flipH=0 flipV=0
09-14 10:17:51.208   534  3006 E android.hardware.camera.provider-V1-service: garyVCam [build_transform_flags:200]:VCam build_transform_flags: rot=0 flipH=0 flipV=0 -> tf=0x0
09-14 10:17:51.208   534  3006 E android.hardware.camera.provider-V1-service: garyVCam [rga_data_convert:236]:VCam rga_data_convert: improcess path usage=0x0
09-14 10:17:51.211   534  3006 E android.hardware.camera.provider-V1-service: garyVCam [rga_data_convert:248]:VCam rga_data_convert: success
09-14 10:17:51.211   534  3006 E android.hardware.camera.provider-V1-service: garyVCam [rga_data_convert_transform:260]:VCam rga_data_convert_transform: exit ok=1
09-14 10:17:51.211   534  3006 E android.hardware.camera.provider-V1-service: garyVCam [applyEffectsAll:787]:VCam applyEffectsAll: mask=0x1c fmt=NV12 w=1920 h=1080
09-14 10:17:51.216   534  3006 E android.hardware.camera.provider-V1-service: garyVCam [save_frame:917]:VCam save_frame: slot ready 1920x1080 NV12 stamp=1757816271216541
09-14 10:17:51.216   534  3006 E android.hardware.camera.provider-V1-service: garyVCam [save_frame:924]:VCam save_frame: -
09-14 10:17:51.226   534  3006 E android.hardware.camera.provider-V1-service: garyVCam [client_thread_func:952]:client 41[0]> header cmdFlag=0 cmd=0 p1=1920 p2=1080 p3=19 p4=3110400 p5=1920 p6=1080
09-14 10:17:51.231   534  2971 E android.hardware.camera.provider-V1-service: garyVCam [guessYuvLayout:1114]:VCam guessYuvLayout: fmt=0x22 -> NV12
09-14 10:17:51.231   534  2971 E android.hardware.camera.provider-V1-service: garyVCam [copyPreparedYuvToStreamBuffer:1272]:VCam copyPreparedYuvToStreamBuffer: + yuvLen=3110400 layout=NV12 overrideStride=0
09-14 10:17:51.233   534  2971 E android.hardware.camera.provider-V1-service: garyVCam [mapPixelFdFromHandle:1259]:VCam mapPixelFdFromHandle: no mappable pixel fd (w=1920 h=1080)
09-14 10:17:51.233   534  2971 E android.hardware.camera.provider-V1-service: garyVCam [copyPreparedYuvToStreamBuffer:1300]:copyYuv: no valid fd in buffer_handle
09-14 10:17:51.233   534  2971 E android.hardware.camera.provider-V1-service: garyVCam [VCam_CopyLatestTo:1643]:VCam_CopyLatestTo: copy failed -4
09-14 10:17:51.233   534  2971 E RKISP2OutputFrameWorker: VCam InjectVirtualIfNeeded: stream 1920x1080 fmt=0x22 -> ret=-4
09-14 10:17:51.233   534  2971 E android.hardware.camera.provider-V1-service: garyVCam [VCam_Tick:1665]:VCam_Tick: fallback=0 desired=1 state=E_VIRTUAL_RUNNING lastFrameUs=1757816271206682 lastPingUs=1757816269426010 outputs=1
09-14 10:17:51.234   534  3006 E android.hardware.camera.provider-V1-service: garyVCam [save_frame:829]:VCam save_frame: + width=1920 height=1080 fmt=19 len=3110400 yStride=1920 ySlice=1080 desired=1 state=E_VIRTUAL_RUNNING outputs=1
09-14 10:17:51.235   534  3006 E android.hardware.camera.provider-V1-service: garyVCam [save_frame:881]:VCam save_frame: updated lastFrameUs=1757816271235834
09-14 10:17:51.235   534  3006 E android.hardware.camera.provider-V1-service: garyVCam [rga_data_convert_transform:256]:VCam rga_data_convert_transform: enter
09-14 10:17:51.235   534  3006 E android.hardware.camera.provider-V1-service: garyVCam [rga_data_convert:214]:VCam rga_data_convert: 1920x1080 I420 -> 1920x1080 NV12 rot=0 flipH=0 flipV=0
09-14 10:17:51.236   534  3006 E android.hardware.camera.provider-V1-service: garyVCam [build_transform_flags:200]:VCam build_transform_flags: rot=0 flipH=0 flipV=0 -> tf=0x0
09-14 10:17:51.236   534  3006 E android.hardware.camera.provider-V1-service: garyVCam [rga_data_convert:236]:VCam rga_data_convert: improcess path usage=0x0
09-14 10:17:51.239   534  3006 E android.hardware.camera.provider-V1-service: garyVCam [rga_data_convert:248]:VCam rga_data_convert: success
09-14 10:17:51.239   534  3006 E android.hardware.camera.provider-V1-service: garyVCam [rga_data_convert_transform:260]:VCam rga_data_convert_transform: exit ok=1
09-14 10:17:51.239   534  3006 E android.hardware.camera.provider-V1-service: garyVCam [applyEffectsAll:787]:VCam applyEffectsAll: mask=0x1c fmt=NV12 w=1920 h=1080
09-14 10:17:51.245   534  3006 E android.hardware.camera.provider-V1-service: garyVCam [save_frame:917]:VCam save_frame: slot ready 1920x1080 NV12 stamp=1757816271245019
09-14 10:17:51.245   534  3006 E android.hardware.camera.provider-V1-service: garyVCam [save_frame:924]:VCam save_frame: -
09-14 10:17:51.257   534  3006 E android.hardware.camera.provider-V1-service: garyVCam [client_thread_func:952]:client 41[0]> header cmdFlag=0 cmd=0 p1=1920 p2=1080 p3=19 p4=3110400 p5=1920 p6=1080
09-14 10:17:51.263   534  3006 E android.hardware.camera.provider-V1-service: garyVCam [save_frame:829]:VCam save_frame: + width=1920 height=1080 fmt=19 len=3110400 yStride=1920 ySlice=1080 desired=1 state=E_VIRTUAL_RUNNING outputs=1
09-14 10:17:51.266   534  3006 E android.hardware.camera.provider-V1-service: garyVCam [save_frame:881]:VCam save_frame: updated lastFrameUs=1757816271266163
09-14 10:17:51.266   534  3006 E android.hardware.camera.provider-V1-service: garyVCam [rga_data_convert_transform:256]:VCam rga_data_convert_transform: enter
09-14 10:17:51.266   534  3006 E android.hardware.camera.provider-V1-service: garyVCam [rga_data_convert:214]:VCam rga_data_convert: 1920x1080 I420 -> 1920x1080 NV12 rot=0 flipH=0 flipV=0
09-14 10:17:51.267   534  3006 E android.hardware.camera.provider-V1-service: garyVCam [build_transform_flags:200]:VCam build_transform_flags: rot=0 flipH=0 flipV=0 -> tf=0x0
09-14 10:17:51.267   534  3006 E android.hardware.camera.provider-V1-service: garyVCam [rga_data_convert:236]:VCam rga_data_convert: improcess path usage=0x0
09-14 10:17:51.269   534  3006 E android.hardware.camera.provider-V1-service: garyVCam [rga_data_convert:248]:VCam rga_data_convert: success
09-14 10:17:51.269   534  3006 E android.hardware.camera.provider-V1-service: garyVCam [rga_data_convert_transform:260]:VCam rga_data_convert_transform: exit ok=1
09-14 10:17:51.269   534  3006 E android.hardware.camera.provider-V1-service: garyVCam [applyEffectsAll:787]:VCam applyEffectsAll: mask=0x1c fmt=NV12 w=1920 h=1080
09-14 10:17:51.270   534  2971 E android.hardware.camera.provider-V1-service: garyVCam [guessYuvLayout:1114]:VCam guessYuvLayout: fmt=0x22 -> NV12
09-14 10:17:51.274   534  3006 E android.hardware.camera.provider-V1-service: garyVCam [save_frame:917]:VCam save_frame: slot ready 1920x1080 NV12 stamp=1757816271274847
09-14 10:17:51.274   534  3006 E android.hardware.camera.provider-V1-service: garyVCam [save_frame:924]:VCam save_frame: -
09-14 10:17:51.275   534  2971 E android.hardware.camera.provider-V1-service: garyVCam [copyPreparedYuvToStreamBuffer:1272]:VCam copyPreparedYuvToStreamBuffer: + yuvLen=3110400 layout=NV12 overrideStride=0
09-14 10:17:51.276   534  2971 E android.hardware.camera.provider-V1-service: garyVCam [mapPixelFdFromHandle:1259]:VCam mapPixelFdFromHandle: no mappable pixel fd (w=1920 h=1080)
09-14 10:17:51.276   534  2971 E android.hardware.camera.provider-V1-service: garyVCam [copyPreparedYuvToStreamBuffer:1300]:copyYuv: no valid fd in buffer_handle
09-14 10:17:51.276   534  2971 E android.hardware.camera.provider-V1-service: garyVCam [VCam_CopyLatestTo:1643]:VCam_CopyLatestTo: copy failed -4
09-14 10:17:51.276   534  2971 E RKISP2OutputFrameWorker: VCam InjectVirtualIfNeeded: stream 1920x1080 fmt=0x22 -> ret=-4
09-14 10:17:51.276   534  2971 E android.hardware.camera.provider-V1-service: garyVCam [VCam_Tick:1665]:VCam_Tick: fallback=0 desired=1 state=E_VIRTUAL_RUNNING lastFrameUs=1757816271266163 lastPingUs=1757816269426010 outputs=1
09-14 10:17:51.291   534  3006 E android.hardware.camera.provider-V1-service: garyVCam [client_thread_func:952]:client 41[0]> header cmdFlag=0 cmd=0 p1=1920 p2=1080 p3=19 p4=3110400 p5=1920 p6=1080
09-14 10:17:51.296   534  3006 E android.hardware.camera.provider-V1-service: garyVCam [save_frame:829]:VCam save_frame: + width=1920 height=1080 fmt=19 len=3110400 yStride=1920 ySlice=1080 desired=1 state=E_VIRTUAL_RUNNING outputs=1
09-14 10:17:51.298   534  3006 E android.hardware.camera.provider-V1-service: garyVCam [save_frame:881]:VCam save_frame: updated lastFrameUs=1757816271298417
09-14 10:17:51.298   534  3006 E android.hardware.camera.provider-V1-service: garyVCam [rga_data_convert_transform:256]:VCam rga_data_convert_transform: enter
09-14 10:17:51.298   534  3006 E android.hardware.camera.provider-V1-service: garyVCam [rga_data_convert:214]:VCam rga_data_convert: 1920x1080 I420 -> 1920x1080 NV12 rot=0 flipH=0 flipV=0
09-14 10:17:51.299   534  3006 E android.hardware.camera.provider-V1-service: garyVCam [build_transform_flags:200]:VCam build_transform_flags: rot=0 flipH=0 flipV=0 -> tf=0x0
09-14 10:17:51.299   534  3006 E android.hardware.camera.provider-V1-service: garyVCam [rga_data_convert:236]:VCam rga_data_convert: improcess path usage=0x0
09-14 10:17:51.302   534  3006 E android.hardware.camera.provider-V1-service: garyVCam [rga_data_convert:248]:VCam rga_data_convert: success
09-14 10:17:51.302   534  3006 E android.hardware.camera.provider-V1-service: garyVCam [rga_data_convert_transform:260]:VCam rga_data_convert_transform: exit ok=1
09-14 10:17:51.302   534  3006 E android.hardware.camera.provider-V1-service: garyVCam [applyEffectsAll:787]:VCam applyEffectsAll: mask=0x1c fmt=NV12 w=1920 h=1080
09-14 10:17:51.305   534  2971 E android.hardware.camera.provider-V1-service: garyVCam [guessYuvLayout:1114]:VCam guessYuvLayout: fmt=0x22 -> NV12
09-14 10:17:51.306   534  3006 E android.hardware.camera.provider-V1-service: garyVCam [save_frame:917]:VCam save_frame: slot ready 1920x1080 NV12 stamp=1757816271306875
09-14 10:17:51.306   534  3006 E android.hardware.camera.provider-V1-service: garyVCam [save_frame:924]:VCam save_frame: -
09-14 10:17:51.307   534  2971 E android.hardware.camera.provider-V1-service: garyVCam [copyPreparedYuvToStreamBuffer:1272]:VCam copyPreparedYuvToStreamBuffer: + yuvLen=3110400 layout=NV12 overrideStride=0
09-14 10:17:51.308   534  2971 E android.hardware.camera.provider-V1-service: garyVCam [mapPixelFdFromHandle:1259]:VCam mapPixelFdFromHandle: no mappable pixel fd (w=1920 h=1080)
09-14 10:17:51.308   534  2971 E android.hardware.camera.provider-V1-service: garyVCam [copyPreparedYuvToStreamBuffer:1300]:copyYuv: no valid fd in buffer_handle
09-14 10:17:51.308   534  2971 E android.hardware.camera.provider-V1-service: garyVCam [VCam_CopyLatestTo:1643]:VCam_CopyLatestTo: copy failed -4
09-14 10:17:51.308   534  2971 E RKISP2OutputFrameWorker: VCam InjectVirtualIfNeeded: stream 1920x1080 fmt=0x22 -> ret=-4
09-14 10:17:51.308   534  2971 E android.hardware.camera.provider-V1-service: garyVCam [VCam_Tick:1665]:VCam_Tick: fallback=0 desired=1 state=E_VIRTUAL_RUNNING lastFrameUs=1757816271298417 lastPingUs=1757816269426010 outputs=1
09-14 10:17:51.325   534  3006 E android.hardware.camera.provider-V1-service: garyVCam [client_thread_func:952]:client 41[0]> header cmdFlag=0 cmd=0 p1=1920 p2=1080 p3=19 p4=3110400 p5=1920 p6=1080
09-14 10:17:51.331   534  3006 E android.hardware.camera.provider-V1-service: garyVCam [save_frame:829]:VCam save_frame: + width=1920 height=1080 fmt=19 len=3110400 yStride=1920 ySlice=1080 desired=1 state=E_VIRTUAL_RUNNING outputs=1
09-14 10:17:51.333   534  3006 E android.hardware.camera.provider-V1-service: garyVCam [save_frame:881]:VCam save_frame: updated lastFrameUs=1757816271333093
09-14 10:17:51.333   534  3006 E android.hardware.camera.provider-V1-service: garyVCam [rga_data_convert_transform:256]:VCam rga_data_convert_transform: enter
09-14 10:17:51.333   534  3006 E android.hardware.camera.provider-V1-service: garyVCam [rga_data_convert:214]:VCam rga_data_convert: 1920x1080 I420 -> 1920x1080 NV12 rot=0 flipH=0 flipV=0
09-14 10:17:51.334   534  3006 E android.hardware.camera.provider-V1-service: garyVCam [build_transform_flags:200]:VCam build_transform_flags: rot=0 flipH=0 flipV=0 -> tf=0x0
09-14 10:17:51.334   534  3006 E android.hardware.camera.provider-V1-service: garyVCam [rga_data_convert:236]:VCam rga_data_convert: improcess path usage=0x0
09-14 10:17:51.337   534  3006 E android.hardware.camera.provider-V1-service: garyVCam [rga_data_convert:248]:VCam rga_data_convert: success
09-14 10:17:51.337   534  3006 E android.hardware.camera.provider-V1-service: garyVCam [rga_data_convert_transform:260]:VCam rga_data_convert_transform: exit ok=1
09-14 10:17:51.337   534  3006 E android.hardware.camera.provider-V1-service: garyVCam [applyEffectsAll:787]:VCam applyEffectsAll: mask=0x1c fmt=NV12 w=1920 h=1080
09-14 10:17:51.340   534  2971 E android.hardware.camera.provider-V1-service: garyVCam [guessYuvLayout:1114]:VCam guessYuvLayout: fmt=0x22 -> NV12
09-14 10:17:51.342   534  3006 E android.hardware.camera.provider-V1-service: garyVCam [save_frame:917]:VCam save_frame: slot ready 1920x1080 NV12 stamp=1757816271342001
09-14 10:17:51.342   534  3006 E android.hardware.camera.provider-V1-service: garyVCam [save_frame:924]:VCam save_frame: -
09-14 10:17:51.342   534  2971 E android.hardware.camera.provider-V1-service: garyVCam [copyPreparedYuvToStreamBuffer:1272]:VCam copyPreparedYuvToStreamBuffer: + yuvLen=3110400 layout=NV12 overrideStride=0
09-14 10:17:51.343   534  2971 E android.hardware.camera.provider-V1-service: garyVCam [mapPixelFdFromHandle:1259]:VCam mapPixelFdFromHandle: no mappable pixel fd (w=1920 h=1080)
09-14 10:17:51.344   534  2971 E android.hardware.camera.provider-V1-service: garyVCam [copyPreparedYuvToStreamBuffer:1300]:copyYuv: no valid fd in buffer_handle
09-14 10:17:51.344   534  2971 E android.hardware.camera.provider-V1-service: garyVCam [VCam_CopyLatestTo:1643]:VCam_CopyLatestTo: copy failed -4
09-14 10:17:51.344   534  2971 E RKISP2OutputFrameWorker: VCam InjectVirtualIfNeeded: stream 1920x1080 fmt=0x22 -> ret=-4
09-14 10:17:51.344   534  2971 E android.hardware.camera.provider-V1-service: garyVCam [VCam_Tick:1665]:VCam_Tick: fallback=0 desired=1 state=E_VIRTUAL_RUNNING lastFrameUs=1757816271333093 lastPingUs=1757816269426010 outputs=1
09-14 10:17:51.357   534  3006 E android.hardware.camera.provider-V1-service: garyVCam [client_thread_func:952]:client 41[0]> header cmdFlag=0 cmd=0 p1=1920 p2=1080 p3=19 p4=3110400 p5=1920 p6=1080
09-14 10:17:51.365   534  3006 E android.hardware.camera.provider-V1-service: garyVCam [save_frame:829]:VCam save_frame: + width=1920 height=1080 fmt=19 len=3110400 yStride=1920 ySlice=1080 desired=1 state=E_VIRTUAL_RUNNING outputs=1
09-14 10:17:51.367   534  3006 E android.hardware.camera.provider-V1-service: garyVCam [save_frame:881]:VCam save_frame: updated lastFrameUs=1757816271367158
09-14 10:17:51.367   534  3006 E android.hardware.camera.provider-V1-service: garyVCam [rga_data_convert_transform:256]:VCam rga_data_convert_transform: enter
09-14 10:17:51.367   534  3006 E android.hardware.camera.provider-V1-service: garyVCam [rga_data_convert:214]:VCam rga_data_convert: 1920x1080 I420 -> 1920x1080 NV12 rot=0 flipH=0 flipV=0
09-14 10:17:51.367   534  3006 E android.hardware.camera.provider-V1-service: garyVCam [build_transform_flags:200]:VCam build_transform_flags: rot=0 flipH=0 flipV=0 -> tf=0x0
09-14 10:17:51.367   534  3006 E android.hardware.camera.provider-V1-service: garyVCam [rga_data_convert:236]:VCam rga_data_convert: improcess path usage=0x0
09-14 10:17:51.370   534  3006 E android.hardware.camera.provider-V1-service: garyVCam [rga_data_convert:248]:VCam rga_data_convert: success
09-14 10:17:51.370   534  3006 E android.hardware.camera.provider-V1-service: garyVCam [rga_data_convert_transform:260]:VCam rga_data_convert_transform: exit ok=1
09-14 10:17:51.370   534  3006 E android.hardware.camera.provider-V1-service: garyVCam [applyEffectsAll:787]:VCam applyEffectsAll: mask=0x1c fmt=NV12 w=1920 h=1080
09-14 10:17:51.377   534  2971 E android.hardware.camera.provider-V1-service: garyVCam [guessYuvLayout:1114]:VCam guessYuvLayout: fmt=0x22 -> NV12
09-14 10:17:51.378   534  3006 E android.hardware.camera.provider-V1-service: garyVCam [save_frame:917]:VCam save_frame: slot ready 1920x1080 NV12 stamp=1757816271378672
09-14 10:17:51.378   534  3006 E android.hardware.camera.provider-V1-service: garyVCam [save_frame:924]:VCam save_frame: -
09-14 10:17:51.378   534  2971 E android.hardware.camera.provider-V1-service: garyVCam [copyPreparedYuvToStreamBuffer:1272]:VCam copyPreparedYuvToStreamBuffer: + yuvLen=3110400 layout=NV12 overrideStride=0
09-14 10:17:51.380   534  2971 E android.hardware.camera.provider-V1-service: garyVCam [mapPixelFdFromHandle:1259]:VCam mapPixelFdFromHandle: no mappable pixel fd (w=1920 h=1080)
09-14 10:17:51.380   534  2971 E android.hardware.camera.provider-V1-service: garyVCam [copyPreparedYuvToStreamBuffer:1300]:copyYuv: no valid fd in buffer_handle
09-14 10:17:51.380   534  2971 E android.hardware.camera.provider-V1-service: garyVCam [VCam_CopyLatestTo:1643]:VCam_CopyLatestTo: copy failed -4
09-14 10:17:51.380   534  2971 E RKISP2OutputFrameWorker: VCam InjectVirtualIfNeeded: stream 1920x1080 fmt=0x22 -> ret=-4
09-14 10:17:51.380   534  2971 E android.hardware.camera.provider-V1-service: garyVCam [VCam_Tick:1665]:VCam_Tick: fallback=0 desired=1 state=E_VIRTUAL_RUNNING lastFrameUs=1757816271367158 lastPingUs=1757816269426010 outputs=1
09-14 10:17:51.387   534  3006 E android.hardware.camera.provider-V1-service: garyVCam [client_thread_func:952]:client 41[0]> header cmdFlag=0 cmd=0 p1=1920 p2=1080 p3=19 p4=3110400 p5=1920 p6=1080
09-14 10:17:51.397   534  3006 E android.hardware.camera.provider-V1-service: garyVCam [save_frame:829]:VCam save_frame: + width=1920 height=1080 fmt=19 len=3110400 yStride=1920 ySlice=1080 desired=1 state=E_VIRTUAL_RUNNING outputs=1
09-14 10:17:51.399   534  3006 E android.hardware.camera.provider-V1-service: garyVCam [save_frame:881]:VCam save_frame: updated lastFrameUs=1757816271399459
09-14 10:17:51.399   534  3006 E android.hardware.camera.provider-V1-service: garyVCam [rga_data_convert_transform:256]:VCam rga_data_convert_transform: enter
09-14 10:17:51.399   534  3006 E android.hardware.camera.provider-V1-service: garyVCam [rga_data_convert:214]:VCam rga_data_convert: 1920x1080 I420 -> 1920x1080 NV12 rot=0 flipH=0 flipV=0
09-14 10:17:51.400   534  3006 E android.hardware.camera.provider-V1-service: garyVCam [build_transform_flags:200]:VCam build_transform_flags: rot=0 flipH=0 flipV=0 -> tf=0x0
09-14 10:17:51.400   534  3006 E android.hardware.camera.provider-V1-service: garyVCam [rga_data_convert:236]:VCam rga_data_convert: improcess path usage=0x0
09-14 10:17:51.403   534  3006 E android.hardware.camera.provider-V1-service: garyVCam [rga_data_convert:248]:VCam rga_data_convert: success
09-14 10:17:51.403   534  3006 E android.hardware.camera.provider-V1-service: garyVCam [rga_data_convert_transform:260]:VCam rga_data_convert_transform: exit ok=1
09-14 10:17:51.403   534  3006 E android.hardware.camera.provider-V1-service: garyVCam [applyEffectsAll:787]:VCam applyEffectsAll: mask=0x1c fmt=NV12 w=1920 h=1080
09-14 10:17:51.407   534  3006 E android.hardware.camera.provider-V1-service: garyVCam [save_frame:917]:VCam save_frame: slot ready 1920x1080 NV12 stamp=1757816271407845
09-14 10:17:51.407   534  3006 E android.hardware.camera.provider-V1-service: garyVCam [save_frame:924]:VCam save_frame: -
09-14 10:17:51.412   534  2971 E android.hardware.camera.provider-V1-service: garyVCam [guessYuvLayout:1114]:VCam guessYuvLayout: fmt=0x22 -> NV12
09-14 10:17:51.412   534  2971 E android.hardware.camera.provider-V1-service: garyVCam [copyPreparedYuvToStreamBuffer:1272]:VCam copyPreparedYuvToStreamBuffer: + yuvLen=3110400 layout=NV12 overrideStride=0
09-14 10:17:51.414   534  2971 E android.hardware.camera.provider-V1-service: garyVCam [mapPixelFdFromHandle:1259]:VCam mapPixelFdFromHandle: no mappable pixel fd (w=1920 h=1080)
09-14 10:17:51.414   534  2971 E android.hardware.camera.provider-V1-service: garyVCam [copyPreparedYuvToStreamBuffer:1300]:copyYuv: no valid fd in buffer_handle
09-14 10:17:51.414   534  2971 E android.hardware.camera.provider-V1-service: garyVCam [VCam_CopyLatestTo:1643]:VCam_CopyLatestTo: copy failed -4
09-14 10:17:51.414   534  2971 E RKISP2OutputFrameWorker: VCam InjectVirtualIfNeeded: stream 1920x1080 fmt=0x22 -> ret=-4
09-14 10:17:51.414   534  2971 E android.hardware.camera.provider-V1-service: garyVCam [VCam_Tick:1665]:VCam_Tick: fallback=0 desired=1 state=E_VIRTUAL_RUNNING lastFrameUs=1757816271399459 lastPingUs=1757816269426010 outputs=1
09-14 10:17:51.421   534  3006 E android.hardware.camera.provider-V1-service: garyVCam [client_thread_func:952]:client 41[0]> header cmdFlag=0 cmd=0 p1=1920 p2=1080 p3=19 p4=3110400 p5=1920 p6=1080
09-14 10:17:51.428   534  3006 E android.hardware.camera.provider-V1-service: garyVCam [save_frame:829]:VCam save_frame: + width=1920 height=1080 fmt=19 len=3110400 yStride=1920 ySlice=1080 desired=1 state=E_VIRTUAL_RUNNING outputs=1
09-14 10:17:51.430   534  3006 E android.hardware.camera.provider-V1-service: garyVCam [save_frame:881]:VCam save_frame: updated lastFrameUs=1757816271430816
09-14 10:17:51.430   534  3006 E android.hardware.camera.provider-V1-service: garyVCam [rga_data_convert_transform:256]:VCam rga_data_convert_transform: enter
09-14 10:17:51.430   534  3006 E android.hardware.camera.provider-V1-service: garyVCam [rga_data_convert:214]:VCam rga_data_convert: 1920x1080 I420 -> 1920x1080 NV12 rot=0 flipH=0 flipV=0
09-14 10:17:51.431   534  3006 E android.hardware.camera.provider-V1-service: garyVCam [build_transform_flags:200]:VCam build_transform_flags: rot=0 flipH=0 flipV=0 -> tf=0x0
09-14 10:17:51.431   534  3006 E android.hardware.camera.provider-V1-service: garyVCam [rga_data_convert:236]:VCam rga_data_convert: improcess path usage=0x0
09-14 10:17:51.435   534  3006 E android.hardware.camera.provider-V1-service: garyVCam [rga_data_convert:248]:VCam rga_data_convert: success
09-14 10:17:51.435   534  3006 E android.hardware.camera.provider-V1-service: garyVCam [rga_data_convert_transform:260]:VCam rga_data_convert_transform: exit ok=1
09-14 10:17:51.435   534  3006 E android.hardware.camera.provider-V1-service: garyVCam [applyEffectsAll:787]:VCam applyEffectsAll: mask=0x1c fmt=NV12 w=1920 h=1080
09-14 10:17:51.440   534  3006 E android.hardware.camera.provider-V1-service: garyVCam [save_frame:917]:VCam save_frame: slot ready 1920x1080 NV12 stamp=1757816271440512
09-14 10:17:51.440   534  3006 E android.hardware.camera.provider-V1-service: garyVCam [save_frame:924]:VCam save_frame: -
09-14 10:17:51.445   534  2971 E android.hardware.camera.provider-V1-service: garyVCam [guessYuvLayout:1114]:VCam guessYuvLayout: fmt=0x22 -> NV12
09-14 10:17:51.445   534  2971 E android.hardware.camera.provider-V1-service: garyVCam [copyPreparedYuvToStreamBuffer:1272]:VCam copyPreparedYuvToStreamBuffer: + yuvLen=3110400 layout=NV12 overrideStride=0
09-14 10:17:51.446   534  2971 E android.hardware.camera.provider-V1-service: garyVCam [mapPixelFdFromHandle:1259]:VCam mapPixelFdFromHandle: no mappable pixel fd (w=1920 h=1080)
09-14 10:17:51.446   534  2971 E android.hardware.camera.provider-V1-service: garyVCam [copyPreparedYuvToStreamBuffer:1300]:copyYuv: no valid fd in buffer_handle
09-14 10:17:51.446   534  2971 E android.hardware.camera.provider-V1-service: garyVCam [VCam_CopyLatestTo:1643]:VCam_CopyLatestTo: copy failed -4
09-14 10:17:51.446   534  2971 E RKISP2OutputFrameWorker: VCam InjectVirtualIfNeeded: stream 1920x1080 fmt=0x22 -> ret=-4
09-14 10:17:51.446   534  2971 E android.hardware.camera.provider-V1-service: garyVCam [VCam_Tick:1665]:VCam_Tick: fallback=0 desired=1 state=E_VIRTUAL_RUNNING lastFrameUs=1757816271430816 lastPingUs=1757816269426010 outputs=1
09-14 10:17:51.456   534  3006 E android.hardware.camera.provider-V1-service: garyVCam [client_thread_func:952]:client 41[0]> header cmdFlag=0 cmd=0 p1=1920 p2=1080 p3=19 p4=3110400 p5=1920 p6=1080
09-14 10:17:51.461   534  3006 E android.hardware.camera.provider-V1-service: garyVCam [save_frame:829]:VCam save_frame: + width=1920 height=1080 fmt=19 len=3110400 yStride=1920 ySlice=1080 desired=1 state=E_VIRTUAL_RUNNING outputs=1
09-14 10:17:51.463   534  3006 E android.hardware.camera.provider-V1-service: garyVCam [save_frame:881]:VCam save_frame: updated lastFrameUs=1757816271463237
09-14 10:17:51.463   534  3006 E android.hardware.camera.provider-V1-service: garyVCam [rga_data_convert_transform:256]:VCam rga_data_convert_transform: enter
09-14 10:17:51.463   534  3006 E android.hardware.camera.provider-V1-service: garyVCam [rga_data_convert:214]:VCam rga_data_convert: 1920x1080 I420 -> 1920x1080 NV12 rot=0 flipH=0 flipV=0
09-14 10:17:51.464   534  3006 E android.hardware.camera.provider-V1-service: garyVCam [build_transform_flags:200]:VCam build_transform_flags: rot=0 flipH=0 flipV=0 -> tf=0x0
09-14 10:17:51.464   534  3006 E android.hardware.camera.provider-V1-service: garyVCam [rga_data_convert:236]:VCam rga_data_convert: improcess path usage=0x0
09-14 10:17:51.467   534  3006 E android.hardware.camera.provider-V1-service: garyVCam [rga_data_convert:248]:VCam rga_data_convert: success
09-14 10:17:51.467   534  3006 E android.hardware.camera.provider-V1-service: garyVCam [rga_data_convert_transform:260]:VCam rga_data_convert_transform: exit ok=1
09-14 10:17:51.467   534  3006 E android.hardware.camera.provider-V1-service: garyVCam [applyEffectsAll:787]:VCam applyEffectsAll: mask=0x1c fmt=NV12 w=1920 h=1080
09-14 10:17:51.472   534  3006 E android.hardware.camera.provider-V1-service: garyVCam [save_frame:917]:VCam save_frame: slot ready 1920x1080 NV12 stamp=1757816271472026
09-14 10:17:51.472   534  3006 E android.hardware.camera.provider-V1-service: garyVCam [save_frame:924]:VCam save_frame: -
09-14 10:17:51.478   534  2971 E android.hardware.camera.provider-V1-service: garyVCam [guessYuvLayout:1114]:VCam guessYuvLayout: fmt=0x22 -> NV12
09-14 10:17:51.478   534  2971 E android.hardware.camera.provider-V1-service: garyVCam [copyPreparedYuvToStreamBuffer:1272]:VCam copyPreparedYuvToStreamBuffer: + yuvLen=3110400 layout=NV12 overrideStride=0
09-14 10:17:51.480   534  2971 E android.hardware.camera.provider-V1-service: garyVCam [mapPixelFdFromHandle:1259]:VCam mapPixelFdFromHandle: no mappable pixel fd (w=1920 h=1080)
09-14 10:17:51.480   534  2971 E android.hardware.camera.provider-V1-service: garyVCam [copyPreparedYuvToStreamBuffer:1300]:copyYuv: no valid fd in buffer_handle
09-14 10:17:51.480   534  2971 E android.hardware.camera.provider-V1-service: garyVCam [VCam_CopyLatestTo:1643]:VCam_CopyLatestTo: copy failed -4
09-14 10:17:51.480   534  2971 E RKISP2OutputFrameWorker: VCam InjectVirtualIfNeeded: stream 1920x1080 fmt=0x22 -> ret=-4
09-14 10:17:51.480   534  2971 E android.hardware.camera.provider-V1-service: garyVCam [VCam_Tick:1665]:VCam_Tick: fallback=0 desired=1 state=E_VIRTUAL_RUNNING lastFrameUs=1757816271463237 lastPingUs=1757816269426010 outputs=1
09-14 10:17:51.488   534  3006 E android.hardware.camera.provider-V1-service: garyVCam [client_thread_func:952]:client 41[0]> header cmdFlag=0 cmd=0 p1=1920 p2=1080 p3=19 p4=3110400 p5=1920 p6=1080
09-14 10:17:51.493   534  3006 E android.hardware.camera.provider-V1-service: garyVCam [save_frame:829]:VCam save_frame: + width=1920 height=1080 fmt=19 len=3110400 yStride=1920 ySlice=1080 desired=1 state=E_VIRTUAL_RUNNING outputs=1
09-14 10:17:51.495   534  3006 E android.hardware.camera.provider-V1-service: garyVCam [save_frame:881]:VCam save_frame: updated lastFrameUs=1757816271495668
