09-14 10:59:39.729   534  2954 E android.hardware.camera.provider-V1-service: garyVCam [dmaSync:1089]:VCam dmaSync: fd=90 start=0
09-14 10:59:39.730   534  2954 E android.hardware.camera.provider-V1-service: garyVCam [VCam_CopyLatestTo:1511]:VCam_CopyLatestTo: OK slot 1920x1080 NV12 lastPingUs=1757818779730556
09-14 10:59:39.730   534  2954 E RKISP2OutputFrameWorker: VCam InjectVirtualIfNeeded: stream 1920x1080 fmt=0x22 -> ret=0
09-14 10:59:39.730   534  2954 E android.hardware.camera.provider-V1-service: garyVCam [VCam_Tick:1535]:VCam_Tick: fallback=0 desired=1 state=E_VIRTUAL_RUNNING lastFrameUs=1757818779696312 lastPingUs=1757818779730556 outputs=1
09-14 10:59:39.730   534  3005 E android.hardware.camera.provider-V1-service: garyVCam [save_frame:832]:VCam save_frame: + width=1920 height=1080 fmt=19 len=3110400 yStride=1920 ySlice=1080 desired=1 state=E_VIRTUAL_RUNNING outputs=1
09-14 10:59:39.732   534  3005 E android.hardware.camera.provider-V1-service: garyVCam [save_frame:884]:VCam save_frame: updated lastFrameUs=1757818779732418
09-14 10:59:39.732   534  3005 E android.hardware.camera.provider-V1-service: garyVCam [rga_data_convert_transform:259]:VCam rga_data_convert_transform: enter
09-14 10:59:39.732   534  3005 E android.hardware.camera.provider-V1-service: garyVCam [rga_data_convert:217]:VCam rga_data_convert: 1920x1080 I420 -> 1920x1080 NV12 rot=0 flipH=0 flipV=0
09-14 10:59:39.733   534  3005 E android.hardware.camera.provider-V1-service: garyVCam [build_transform_flags:203]:VCam build_transform_flags: rot=0 flipH=0 flipV=0 -> tf=0x0
09-14 10:59:39.733   534  3005 E android.hardware.camera.provider-V1-service: garyVCam [rga_data_convert:239]:VCam rga_data_convert: improcess path usage=0x0
09-14 10:59:39.736   534  3005 E android.hardware.camera.provider-V1-service: garyVCam [rga_data_convert:251]:VCam rga_data_convert: success
09-14 10:59:39.736   534  3005 E android.hardware.camera.provider-V1-service: garyVCam [rga_data_convert_transform:263]:VCam rga_data_convert_transform: exit ok=1
09-14 10:59:39.736   534  3005 E android.hardware.camera.provider-V1-service: garyVCam [applyEffectsAll:790]:VCam applyEffectsAll: mask=0x4 fmt=NV12 w=1920 h=1080
09-14 10:59:39.743   534  3005 E android.hardware.camera.provider-V1-service: garyVCam [save_frame:920]:VCam save_frame: slot ready 1920x1080 NV12 stamp=1757818779738741
09-14 10:59:39.744   534  3005 E android.hardware.camera.provider-V1-service: garyVCam [save_frame:927]:VCam save_frame: -
09-14 10:59:39.755   534  2954 E android.hardware.camera.provider-V1-service: garyVCam [guessYuvLayout:1117]:VCam guessYuvLayout: fmt=0x22 -> NV12
09-14 10:59:39.756   534  3005 E android.hardware.camera.provider-V1-service: garyVCam [client_thread_func:955]:client 43[0]> header cmdFlag=0 cmd=0 p1=1920 p2=1080 p3=19 p4=3110400 p5=1920 p6=1080
09-14 10:59:39.756   534  2954 E android.hardware.camera.provider-V1-service: garyVCam [mapPixelFdFromHandle]: picked fd[42]=124 mappedLen=3317760 (st_size=4149248)
09-14 10:59:39.756   534  2954 E android.hardware.camera.provider-V1-service: garyVCam [dmaSync:1089]:VCam dmaSync: fd=94 start=1
09-14 10:59:39.758   534  2954 E android.hardware.camera.provider-V1-service: garyVCam [estimateStrideFromSize]: bestSize=3317760 w=1920 h=1080 -> stride=2048 need=3317760
09-14 10:59:39.763   534  2954 E android.hardware.camera.provider-V1-service: garyVCam [dmaSync:1089]:VCam dmaSync: fd=94 start=0
09-14 10:59:39.763   534  3005 E android.hardware.camera.provider-V1-service: garyVCam [save_frame:832]:VCam save_frame: + width=1920 height=1080 fmt=19 len=3110400 yStride=1920 ySlice=1080 desired=1 state=E_VIRTUAL_RUNNING outputs=1
09-14 10:59:39.765   534  3005 E android.hardware.camera.provider-V1-service: garyVCam [save_frame:884]:VCam save_frame: updated lastFrameUs=1757818779765389
09-14 10:59:39.768   534  2954 E android.hardware.camera.provider-V1-service: garyVCam [VCam_CopyLatestTo:1511]:VCam_CopyLatestTo: OK slot 1920x1080 NV12 lastPingUs=1757818779768489
09-14 10:59:39.768   534  2954 E RKISP2OutputFrameWorker: VCam InjectVirtualIfNeeded: stream 1920x1080 fmt=0x22 -> ret=0
09-14 10:59:39.768   534  2954 E android.hardware.camera.provider-V1-service: garyVCam [VCam_Tick:1535]:VCam_Tick: fallback=0 desired=1 state=E_VIRTUAL_RUNNING lastFrameUs=1757818779765389 lastPingUs=1757818779768489 outputs=1
09-14 10:59:39.768   534  3005 E android.hardware.camera.provider-V1-service: garyVCam [rga_data_convert_transform:259]:VCam rga_data_convert_transform: enter
09-14 10:59:39.768   534  3005 E android.hardware.camera.provider-V1-service: garyVCam [rga_data_convert:217]:VCam rga_data_convert: 1920x1080 I420 -> 1920x1080 NV12 rot=0 flipH=0 flipV=0
09-14 10:59:39.769   534  3005 E android.hardware.camera.provider-V1-service: garyVCam [build_transform_flags:203]:VCam build_transform_flags: rot=0 flipH=0 flipV=0 -> tf=0x0
09-14 10:59:39.769   534  3005 E android.hardware.camera.provider-V1-service: garyVCam [rga_data_convert:239]:VCam rga_data_convert: improcess path usage=0x0
09-14 10:59:39.772   534  3005 E android.hardware.camera.provider-V1-service: garyVCam [rga_data_convert:251]:VCam rga_data_convert: success
09-14 10:59:39.772   534  3005 E android.hardware.camera.provider-V1-service: garyVCam [rga_data_convert_transform:263]:VCam rga_data_convert_transform: exit ok=1
09-14 10:59:39.772   534  3005 E android.hardware.camera.provider-V1-service: garyVCam [applyEffectsAll:790]:VCam applyEffectsAll: mask=0x4 fmt=NV12 w=1920 h=1080
09-14 10:59:39.774   534  3005 E android.hardware.camera.provider-V1-service: garyVCam [save_frame:920]:VCam save_frame: slot ready 1920x1080 NV12 stamp=1757818779774944
09-14 10:59:39.775   534  3005 E android.hardware.camera.provider-V1-service: garyVCam [save_frame:927]:VCam save_frame: -
09-14 10:59:39.786   534  3005 E android.hardware.camera.provider-V1-service: garyVCam [client_thread_func:955]:client 43[0]> header cmdFlag=0 cmd=0 p1=1920 p2=1080 p3=19 p4=3110400 p5=1920 p6=1080
09-14 10:59:39.788   534  2954 E android.hardware.camera.provider-V1-service: garyVCam [guessYuvLayout:1117]:VCam guessYuvLayout: fmt=0x22 -> NV12
09-14 10:59:39.790   534  2954 E android.hardware.camera.provider-V1-service: garyVCam [mapPixelFdFromHandle]: picked fd[42]=124 mappedLen=3317760 (st_size=4149248)
09-14 10:59:39.790   534  2954 E android.hardware.camera.provider-V1-service: garyVCam [dmaSync:1089]:VCam dmaSync: fd=87 start=1
09-14 10:59:39.791   534  2954 E android.hardware.camera.provider-V1-service: garyVCam [estimateStrideFromSize]: bestSize=3317760 w=1920 h=1080 -> stride=2048 need=3317760
09-14 10:59:39.793   534  3005 E android.hardware.camera.provider-V1-service: garyVCam [save_frame:832]:VCam save_frame: + width=1920 height=1080 fmt=19 len=3110400 yStride=1920 ySlice=1080 desired=1 state=E_VIRTUAL_RUNNING outputs=1
09-14 10:59:39.797   534  3005 E android.hardware.camera.provider-V1-service: garyVCam [save_frame:884]:VCam save_frame: updated lastFrameUs=1757818779797775
09-14 10:59:39.797   534  2954 E android.hardware.camera.provider-V1-service: garyVCam [dmaSync:1089]:VCam dmaSync: fd=87 start=0
09-14 10:59:39.800   534  2954 E android.hardware.camera.provider-V1-service: garyVCam [VCam_CopyLatestTo:1511]:VCam_CopyLatestTo: OK slot 1920x1080 NV12 lastPingUs=1757818779800407
09-14 10:59:39.800   534  2954 E RKISP2OutputFrameWorker: VCam InjectVirtualIfNeeded: stream 1920x1080 fmt=0x22 -> ret=0
09-14 10:59:39.800   534  2954 E android.hardware.camera.provider-V1-service: garyVCam [VCam_Tick:1535]:VCam_Tick: fallback=0 desired=1 state=E_VIRTUAL_RUNNING lastFrameUs=1757818779797775 lastPingUs=1757818779800407 outputs=1
09-14 10:59:39.800   534  3005 E android.hardware.camera.provider-V1-service: garyVCam [rga_data_convert_transform:259]:VCam rga_data_convert_transform: enter
09-14 10:59:39.800   534  3005 E android.hardware.camera.provider-V1-service: garyVCam [rga_data_convert:217]:VCam rga_data_convert: 1920x1080 I420 -> 1920x1080 NV12 rot=0 flipH=0 flipV=0
09-14 10:59:39.802   534  3005 E android.hardware.camera.provider-V1-service: garyVCam [build_transform_flags:203]:VCam build_transform_flags: rot=0 flipH=0 flipV=0 -> tf=0x0
09-14 10:59:39.802   534  3005 E android.hardware.camera.provider-V1-service: garyVCam [rga_data_convert:239]:VCam rga_data_convert: improcess path usage=0x0
09-14 10:59:39.805   534  3005 E android.hardware.camera.provider-V1-service: garyVCam [rga_data_convert:251]:VCam rga_data_convert: success
09-14 10:59:39.805   534  3005 E android.hardware.camera.provider-V1-service: garyVCam [rga_data_convert_transform:263]:VCam rga_data_convert_transform: exit ok=1
09-14 10:59:39.805   534  3005 E android.hardware.camera.provider-V1-service: garyVCam [applyEffectsAll:790]:VCam applyEffectsAll: mask=0x4 fmt=NV12 w=1920 h=1080
09-14 10:59:39.807   534  3005 E android.hardware.camera.provider-V1-service: garyVCam [save_frame:920]:VCam save_frame: slot ready 1920x1080 NV12 stamp=1757818779807303
09-14 10:59:39.807   534  3005 E android.hardware.camera.provider-V1-service: garyVCam [save_frame:927]:VCam save_frame: -
09-14 10:59:39.821   534  3005 E android.hardware.camera.provider-V1-service: garyVCam [client_thread_func:955]:client 43[0]> header cmdFlag=0 cmd=0 p1=1920 p2=1080 p3=19 p4=3110400 p5=1920 p6=1080
09-14 10:59:39.821   534  2954 E android.hardware.camera.provider-V1-service: garyVCam [guessYuvLayout:1117]:VCam guessYuvLayout: fmt=0x22 -> NV12
09-14 10:59:39.823   534  2954 E android.hardware.camera.provider-V1-service: garyVCam [mapPixelFdFromHandle]: picked fd[42]=124 mappedLen=3317760 (st_size=4149248)
09-14 10:59:39.823   534  2954 E android.hardware.camera.provider-V1-service: garyVCam [dmaSync:1089]:VCam dmaSync: fd=91 start=1
09-14 10:59:39.824   534  2954 E android.hardware.camera.provider-V1-service: garyVCam [estimateStrideFromSize]: bestSize=3317760 w=1920 h=1080 -> stride=2048 need=3317760
09-14 10:59:39.826   534  3005 E android.hardware.camera.provider-V1-service: garyVCam [save_frame:832]:VCam save_frame: + width=1920 height=1080 fmt=19 len=3110400 yStride=1920 ySlice=1080 desired=1 state=E_VIRTUAL_RUNNING outputs=1
09-14 10:59:39.828   534  3005 E android.hardware.camera.provider-V1-service: garyVCam [save_frame:884]:VCam save_frame: updated lastFrameUs=1757818779828442
09-14 10:59:39.830   534  2954 E android.hardware.camera.provider-V1-service: garyVCam [dmaSync:1089]:VCam dmaSync: fd=91 start=0
09-14 10:59:39.832   534  2954 E android.hardware.camera.provider-V1-service: garyVCam [VCam_CopyLatestTo:1511]:VCam_CopyLatestTo: OK slot 1920x1080 NV12 lastPingUs=1757818779831979
09-14 10:59:39.832   534  2954 E RKISP2OutputFrameWorker: VCam InjectVirtualIfNeeded: stream 1920x1080 fmt=0x22 -> ret=0
09-14 10:59:39.832   534  2954 E android.hardware.camera.provider-V1-service: garyVCam [VCam_Tick:1535]:VCam_Tick: fallback=0 desired=1 state=E_VIRTUAL_RUNNING lastFrameUs=1757818779828442 lastPingUs=1757818779831979 outputs=1
09-14 10:59:39.832   534  3005 E android.hardware.camera.provider-V1-service: garyVCam [rga_data_convert_transform:259]:VCam rga_data_convert_transform: enter
09-14 10:59:39.832   534  3005 E android.hardware.camera.provider-V1-service: garyVCam [rga_data_convert:217]:VCam rga_data_convert: 1920x1080 I420 -> 1920x1080 NV12 rot=0 flipH=0 flipV=0
09-14 10:59:39.833   534  3005 E android.hardware.camera.provider-V1-service: garyVCam [build_transform_flags:203]:VCam build_transform_flags: rot=0 flipH=0 flipV=0 -> tf=0x0
09-14 10:59:39.833   534  3005 E android.hardware.camera.provider-V1-service: garyVCam [rga_data_convert:239]:VCam rga_data_convert: improcess path usage=0x0
09-14 10:59:39.841   534  3005 E android.hardware.camera.provider-V1-service: garyVCam [rga_data_convert:251]:VCam rga_data_convert: success
09-14 10:59:39.841   534  3005 E android.hardware.camera.provider-V1-service: garyVCam [rga_data_convert_transform:263]:VCam rga_data_convert_transform: exit ok=1
09-14 10:59:39.841   534  3005 E android.hardware.camera.provider-V1-service: garyVCam [applyEffectsAll:790]:VCam applyEffectsAll: mask=0x4 fmt=NV12 w=1920 h=1080
09-14 10:59:39.843   534  3005 E android.hardware.camera.provider-V1-service: garyVCam [save_frame:920]:VCam save_frame: slot ready 1920x1080 NV12 stamp=1757818779843191
09-14 10:59:39.843   534  3005 E android.hardware.camera.provider-V1-service: garyVCam [save_frame:927]:VCam save_frame: -
09-14 10:59:39.854   534  3005 E android.hardware.camera.provider-V1-service: garyVCam [client_thread_func:955]:client 43[0]> header cmdFlag=0 cmd=0 p1=1920 p2=1080 p3=19 p4=3110400 p5=1920 p6=1080
09-14 10:59:39.855   534  2954 E android.hardware.camera.provider-V1-service: garyVCam [guessYuvLayout:1117]:VCam guessYuvLayout: fmt=0x22 -> NV12
09-14 10:59:39.860   534  2954 E android.hardware.camera.provider-V1-service: garyVCam [mapPixelFdFromHandle]: no mappable pixel fd (w=1920 h=1080)
09-14 10:59:39.860   534  2954 E android.hardware.camera.provider-V1-service: garyVCam VCamMapper: lock failed w=1920 h=1080
09-14 10:59:39.860   534  2954 E android.hardware.camera.provider-V1-service: garyVCam [VCam_CopyLatestTo:1513]:VCam_CopyLatestTo: copy failed -4
09-14 10:59:39.860   534  2954 E RKISP2OutputFrameWorker: VCam InjectVirtualIfNeeded: stream 1920x1080 fmt=0x22 -> ret=-4
09-14 10:59:39.860   534  2954 E android.hardware.camera.provider-V1-service: garyVCam [VCam_Tick:1535]:VCam_Tick: fallback=0 desired=1 state=E_VIRTUAL_RUNNING lastFrameUs=1757818779828442 lastPingUs=1757818779831979 outputs=1
09-14 10:59:39.861   534  3005 E android.hardware.camera.provider-V1-service: garyVCam [save_frame:832]:VCam save_frame: + width=1920 height=1080 fmt=19 len=3110400 yStride=1920 ySlice=1080 desired=1 state=E_VIRTUAL_RUNNING outputs=1
09-14 10:59:39.863   534  3005 E android.hardware.camera.provider-V1-service: garyVCam [save_frame:884]:VCam save_frame: updated lastFrameUs=1757818779863169
09-14 10:59:39.863   534  3005 E android.hardware.camera.provider-V1-service: garyVCam [rga_data_convert_transform:259]:VCam rga_data_convert_transform: enter
09-14 10:59:39.863   534  3005 E android.hardware.camera.provider-V1-service: garyVCam [rga_data_convert:217]:VCam rga_data_convert: 1920x1080 I420 -> 1920x1080 NV12 rot=0 flipH=0 flipV=0
09-14 10:59:39.864   534  3005 E android.hardware.camera.provider-V1-service: garyVCam [build_transform_flags:203]:VCam build_transform_flags: rot=0 flipH=0 flipV=0 -> tf=0x0
09-14 10:59:39.864   534  3005 E android.hardware.camera.provider-V1-service: garyVCam [rga_data_convert:239]:VCam rga_data_convert: improcess path usage=0x0
09-14 10:59:39.867   534  3005 E android.hardware.camera.provider-V1-service: garyVCam [rga_data_convert:251]:VCam rga_data_convert: success
09-14 10:59:39.867   534  3005 E android.hardware.camera.provider-V1-service: garyVCam [rga_data_convert_transform:263]:VCam rga_data_convert_transform: exit ok=1
09-14 10:59:39.867   534  3005 E android.hardware.camera.provider-V1-service: garyVCam [applyEffectsAll:790]:VCam applyEffectsAll: mask=0x4 fmt=NV12 w=1920 h=1080
09-14 10:59:39.870   534  3005 E android.hardware.camera.provider-V1-service: garyVCam [save_frame:920]:VCam save_frame: slot ready 1920x1080 NV12 stamp=1757818779870281
09-14 10:59:39.870   534  3005 E android.hardware.camera.provider-V1-service: garyVCam [save_frame:927]:VCam save_frame: -
09-14 10:59:39.888   534  2954 E android.hardware.camera.provider-V1-service: garyVCam [guessYuvLayout:1117]:VCam guessYuvLayout: fmt=0x22 -> NV12
09-14 10:59:39.889   534  3005 E android.hardware.camera.provider-V1-service: garyVCam [client_thread_func:955]:client 43[0]> header cmdFlag=0 cmd=0 p1=1920 p2=1080 p3=19 p4=3110400 p5=1920 p6=1080
09-14 10:59:39.891   534  2954 E android.hardware.camera.provider-V1-service: garyVCam [mapPixelFdFromHandle]: no mappable pixel fd (w=1920 h=1080)
09-14 10:59:39.892   534  2954 E android.hardware.camera.provider-V1-service: garyVCam VCamMapper: lock failed w=1920 h=1080
09-14 10:59:39.892   534  2954 E android.hardware.camera.provider-V1-service: garyVCam [VCam_CopyLatestTo:1513]:VCam_CopyLatestTo: copy failed -4
09-14 10:59:39.892   534  2954 E RKISP2OutputFrameWorker: VCam InjectVirtualIfNeeded: stream 1920x1080 fmt=0x22 -> ret=-4
09-14 10:59:39.892   534  2954 E android.hardware.camera.provider-V1-service: garyVCam [VCam_Tick:1535]:VCam_Tick: fallback=0 desired=1 state=E_VIRTUAL_RUNNING lastFrameUs=1757818779863169 lastPingUs=1757818779831979 outputs=1
09-14 10:59:39.896   534  3005 E android.hardware.camera.provider-V1-service: garyVCam [save_frame:832]:VCam save_frame: + width=1920 height=1080 fmt=19 len=3110400 yStride=1920 ySlice=1080 desired=1 state=E_VIRTUAL_RUNNING outputs=1
09-14 10:59:39.897   534  3005 E android.hardware.camera.provider-V1-service: garyVCam [save_frame:884]:VCam save_frame: updated lastFrameUs=1757818779897650
09-14 10:59:39.897   534  3005 E android.hardware.camera.provider-V1-service: garyVCam [rga_data_convert_transform:259]:VCam rga_data_convert_transform: enter
09-14 10:59:39.897   534  3005 E android.hardware.camera.provider-V1-service: garyVCam [rga_data_convert:217]:VCam rga_data_convert: 1920x1080 I420 -> 1920x1080 NV12 rot=0 flipH=0 flipV=0
09-14 10:59:39.898   534  3005 E android.hardware.camera.provider-V1-service: garyVCam [build_transform_flags:203]:VCam build_transform_flags: rot=0 flipH=0 flipV=0 -> tf=0x0
09-14 10:59:39.898   534  3005 E android.hardware.camera.provider-V1-service: garyVCam [rga_data_convert:239]:VCam rga_data_convert: improcess path usage=0x0
09-14 10:59:39.901   534  3005 E android.hardware.camera.provider-V1-service: garyVCam [rga_data_convert:251]:VCam rga_data_convert: success
09-14 10:59:39.901   534  3005 E android.hardware.camera.provider-V1-service: garyVCam [rga_data_convert_transform:263]:VCam rga_data_convert_transform: exit ok=1
09-14 10:59:39.901   534  3005 E android.hardware.camera.provider-V1-service: garyVCam [applyEffectsAll:790]:VCam applyEffectsAll: mask=0x4 fmt=NV12 w=1920 h=1080
09-14 10:59:39.903   534  3005 E android.hardware.camera.provider-V1-service: garyVCam [save_frame:920]:VCam save_frame: slot ready 1920x1080 NV12 stamp=1757818779903400
09-14 10:59:39.903   534  3005 E android.hardware.camera.provider-V1-service: garyVCam [save_frame:927]:VCam save_frame: -
09-14 10:59:39.921   534  2954 E android.hardware.camera.provider-V1-service: garyVCam [guessYuvLayout:1117]:VCam guessYuvLayout: fmt=0x22 -> NV12
09-14 10:59:39.922   534  3005 E android.hardware.camera.provider-V1-service: garyVCam [client_thread_func:955]:client 43[0]> header cmdFlag=0 cmd=0 p1=1920 p2=1080 p3=19 p4=3110400 p5=1920 p6=1080
09-14 10:59:39.922   534  2954 E android.hardware.camera.provider-V1-service: garyVCam [mapPixelFdFromHandle]: no mappable pixel fd (w=1920 h=1080)
09-14 10:59:39.923   534  2954 E android.hardware.camera.provider-V1-service: garyVCam VCamMapper: lock failed w=1920 h=1080
09-14 10:59:39.923   534  2954 E android.hardware.camera.provider-V1-service: garyVCam [VCam_CopyLatestTo:1513]:VCam_CopyLatestTo: copy failed -4
09-14 10:59:39.923   534  2954 E RKISP2OutputFrameWorker: VCam InjectVirtualIfNeeded: stream 1920x1080 fmt=0x22 -> ret=-4
09-14 10:59:39.923   534  2954 E android.hardware.camera.provider-V1-service: garyVCam [VCam_Tick:1535]:VCam_Tick: fallback=0 desired=1 state=E_VIRTUAL_RUNNING lastFrameUs=1757818779897650 lastPingUs=1757818779831979 outputs=1
09-14 10:59:39.928   534  3005 E android.hardware.camera.provider-V1-service: garyVCam [save_frame:832]:VCam save_frame: + width=1920 height=1080 fmt=19 len=3110400 yStride=1920 ySlice=1080 desired=1 state=E_VIRTUAL_RUNNING outputs=1
09-14 10:59:39.929   534  3005 E android.hardware.camera.provider-V1-service: garyVCam [save_frame:884]:VCam save_frame: updated lastFrameUs=1757818779929271
09-14 10:59:39.929   534  3005 E android.hardware.camera.provider-V1-service: garyVCam [rga_data_convert_transform:259]:VCam rga_data_convert_transform: enter
09-14 10:59:39.929   534  3005 E android.hardware.camera.provider-V1-service: garyVCam [rga_data_convert:217]:VCam rga_data_convert: 1920x1080 I420 -> 1920x1080 NV12 rot=0 flipH=0 flipV=0
09-14 10:59:39.930   534  3005 E android.hardware.camera.provider-V1-service: garyVCam [build_transform_flags:203]:VCam build_transform_flags: rot=0 flipH=0 flipV=0 -> tf=0x0
09-14 10:59:39.930   534  3005 E android.hardware.camera.provider-V1-service: garyVCam [rga_data_convert:239]:VCam rga_data_convert: improcess path usage=0x0
09-14 10:59:39.933   534  3005 E android.hardware.camera.provider-V1-service: garyVCam [rga_data_convert:251]:VCam rga_data_convert: success
09-14 10:59:39.933   534  3005 E android.hardware.camera.provider-V1-service: garyVCam [rga_data_convert_transform:263]:VCam rga_data_convert_transform: exit ok=1
09-14 10:59:39.933   534  3005 E android.hardware.camera.provider-V1-service: garyVCam [applyEffectsAll:790]:VCam applyEffectsAll: mask=0x4 fmt=NV12 w=1920 h=1080
09-14 10:59:39.935   534  3005 E android.hardware.camera.provider-V1-service: garyVCam [save_frame:920]:VCam save_frame: slot ready 1920x1080 NV12 stamp=1757818779935753
09-14 10:59:39.935   534  3005 E android.hardware.camera.provider-V1-service: garyVCam [save_frame:927]:VCam save_frame: -
09-14 10:59:39.954   534  2954 E android.hardware.camera.provider-V1-service: garyVCam [guessYuvLayout:1117]:VCam guessYuvLayout: fmt=0x22 -> NV12
09-14 10:59:39.956   534  2954 E android.hardware.camera.provider-V1-service: garyVCam [mapPixelFdFromHandle]: no mappable pixel fd (w=1920 h=1080)
09-14 10:59:39.957   534  3005 E android.hardware.camera.provider-V1-service: garyVCam [client_thread_func:955]:client 43[0]> header cmdFlag=0 cmd=0 p1=1920 p2=1080 p3=19 p4=3110400 p5=1920 p6=1080
09-14 10:59:39.957   534  2954 E android.hardware.camera.provider-V1-service: garyVCam VCamMapper: lock failed w=1920 h=1080
09-14 10:59:39.957   534  2954 E android.hardware.camera.provider-V1-service: garyVCam [VCam_CopyLatestTo:1513]:VCam_CopyLatestTo: copy failed -4
09-14 10:59:39.957   534  2954 E RKISP2OutputFrameWorker: VCam InjectVirtualIfNeeded: stream 1920x1080 fmt=0x22 -> ret=-4
09-14 10:59:39.957   534  2954 E android.hardware.camera.provider-V1-service: garyVCam [VCam_Tick:1535]:VCam_Tick: fallback=0 desired=1 state=E_VIRTUAL_RUNNING lastFrameUs=1757818779929271 lastPingUs=1757818779831979 outputs=1
09-14 10:59:39.962   534  3005 E android.hardware.camera.provider-V1-service: garyVCam [save_frame:832]:VCam save_frame: + width=1920 height=1080 fmt=19 len=3110400 yStride=1920 ySlice=1080 desired=1 state=E_VIRTUAL_RUNNING outputs=1
09-14 10:59:39.963   534  3005 E android.hardware.camera.provider-V1-service: garyVCam [save_frame:884]:VCam save_frame: updated lastFrameUs=1757818779963392
09-14 10:59:39.964   534  3005 E android.hardware.camera.provider-V1-service: garyVCam [rga_data_convert_transform:259]:VCam rga_data_convert_transform: enter
09-14 10:59:39.964   534  3005 E android.hardware.camera.provider-V1-service: garyVCam [rga_data_convert:217]:VCam rga_data_convert: 1920x1080 I420 -> 1920x1080 NV12 rot=0 flipH=0 flipV=0
09-14 10:59:39.966   534  3005 E android.hardware.camera.provider-V1-service: garyVCam [build_transform_flags:203]:VCam build_transform_flags: rot=0 flipH=0 flipV=0 -> tf=0x0
09-14 10:59:39.966   534  3005 E android.hardware.camera.provider-V1-service: garyVCam [rga_data_convert:239]:VCam rga_data_convert: improcess path usage=0x0
09-14 10:59:39.969   534  3005 E android.hardware.camera.provider-V1-service: garyVCam [rga_data_convert:251]:VCam rga_data_convert: success
09-14 10:59:39.970   534  3005 E android.hardware.camera.provider-V1-service: garyVCam [rga_data_convert_transform:263]:VCam rga_data_convert_transform: exit ok=1
09-14 10:59:39.970   534  3005 E android.hardware.camera.provider-V1-service: garyVCam [applyEffectsAll:790]:VCam applyEffectsAll: mask=0x4 fmt=NV12 w=1920 h=1080
09-14 10:59:39.973   534  3005 E android.hardware.camera.provider-V1-service: garyVCam [save_frame:920]:VCam save_frame: slot ready 1920x1080 NV12 stamp=1757818779973161
09-14 10:59:39.973   534  3005 E android.hardware.camera.provider-V1-service: garyVCam [save_frame:927]:VCam save_frame: -
09-14 10:59:39.987   534  3005 E android.hardware.camera.provider-V1-service: garyVCam [client_thread_func:955]:client 43[0]> header cmdFlag=0 cmd=0 p1=1920 p2=1080 p3=19 p4=3110400 p5=1920 p6=1080
09-14 10:59:39.988   534  2954 E android.hardware.camera.provider-V1-service: garyVCam [guessYuvLayout:1117]:VCam guessYuvLayout: fmt=0x22 -> NV12
09-14 10:59:39.990   534  2954 E android.hardware.camera.provider-V1-service: garyVCam [mapPixelFdFromHandle]: no mappable pixel fd (w=1920 h=1080)
09-14 10:59:39.990   534  2954 E android.hardware.camera.provider-V1-service: garyVCam VCamMapper: lock failed w=1920 h=1080
09-14 10:59:39.990   534  2954 E android.hardware.camera.provider-V1-service: garyVCam [VCam_CopyLatestTo:1513]:VCam_CopyLatestTo: copy failed -4
09-14 10:59:39.990   534  2954 E RKISP2OutputFrameWorker: VCam InjectVirtualIfNeeded: stream 1920x1080 fmt=0x22 -> ret=-4
09-14 10:59:39.990   534  2954 E android.hardware.camera.provider-V1-service: garyVCam [VCam_Tick:1535]:VCam_Tick: fallback=0 desired=1 state=E_VIRTUAL_RUNNING lastFrameUs=1757818779963392 lastPingUs=1757818779831979 outputs=1
09-14 10:59:39.993   534  3005 E android.hardware.camera.provider-V1-service: garyVCam [save_frame:832]:VCam save_frame: + width=1920 height=1080 fmt=19 len=3110400 yStride=1920 ySlice=1080 desired=1 state=E_VIRTUAL_RUNNING outputs=1
09-14 10:59:39.994   534  3005 E android.hardware.camera.provider-V1-service: garyVCam [save_frame:884]:VCam save_frame: updated lastFrameUs=1757818779994375
09-14 10:59:39.994   534  3005 E android.hardware.camera.provider-V1-service: garyVCam [rga_data_convert_transform:259]:VCam rga_data_convert_transform: enter
09-14 10:59:39.994   534  3005 E android.hardware.camera.provider-V1-service: garyVCam [rga_data_convert:217]:VCam rga_data_convert: 1920x1080 I420 -> 1920x1080 NV12 rot=0 flipH=0 flipV=0
09-14 10:59:39.995   534  3005 E android.hardware.camera.provider-V1-service: garyVCam [build_transform_flags:203]:VCam build_transform_flags: rot=0 flipH=0 flipV=0 -> tf=0x0
09-14 10:59:39.995   534  3005 E android.hardware.camera.provider-V1-service: garyVCam [rga_data_convert:239]:VCam rga_data_convert: improcess path usage=0x0
09-14 10:59:39.997   534  3005 E android.hardware.camera.provider-V1-service: garyVCam [rga_data_convert:251]:VCam rga_data_convert: success
09-14 10:59:39.997   534  3005 E android.hardware.camera.provider-V1-service: garyVCam [rga_data_convert_transform:263]:VCam rga_data_convert_transform: exit ok=1
09-14 10:59:39.997   534  3005 E android.hardware.camera.provider-V1-service: garyVCam [applyEffectsAll:790]:VCam applyEffectsAll: mask=0x4 fmt=NV12 w=1920 h=1080
09-14 10:59:40.000   534  3005 E android.hardware.camera.provider-V1-service: garyVCam [save_frame:920]:VCam save_frame: slot ready 1920x1080 NV12 stamp=1757818780000158
09-14 10:59:40.000   534  3005 E android.hardware.camera.provider-V1-service: garyVCam [save_frame:927]:VCam save_frame: -
09-14 10:59:40.021   534  2954 E android.hardware.camera.provider-V1-service: garyVCam [guessYuvLayout:1117]:VCam guessYuvLayout: fmt=0x22 -> NV12
09-14 10:59:40.022   534  2954 E android.hardware.camera.provider-V1-service: garyVCam [mapPixelFdFromHandle]: no mappable pixel fd (w=1920 h=1080)
09-14 10:59:40.023   534  2954 E android.hardware.camera.provider-V1-service: garyVCam VCamMapper: lock failed w=1920 h=1080
09-14 10:59:40.023   534  2954 E android.hardware.camera.provider-V1-service: garyVCam [VCam_CopyLatestTo:1513]:VCam_CopyLatestTo: copy failed -4
09-14 10:59:40.023   534  2954 E RKISP2OutputFrameWorker: VCam InjectVirtualIfNeeded: stream 1920x1080 fmt=0x22 -> ret=-4
09-14 10:59:40.023   534  2954 E android.hardware.camera.provider-V1-service: garyVCam [VCam_Tick:1535]:VCam_Tick: fallback=0 desired=1 state=E_VIRTUAL_RUNNING lastFrameUs=1757818779994375 lastPingUs=1757818779831979 outputs=1
09-14 10:59:40.023   534  3005 E android.hardware.camera.provider-V1-service: garyVCam [client_thread_func:955]:client 43[0]> header cmdFlag=0 cmd=0 p1=1920 p2=1080 p3=19 p4=3110400 p5=1920 p6=1080
09-14 10:59:40.028   534  3005 E android.hardware.camera.provider-V1-service: garyVCam [save_frame:832]:VCam save_frame: + width=1920 height=1080 fmt=19 len=3110400 yStride=1920 ySlice=1080 desired=1 state=E_VIRTUAL_RUNNING outputs=1
09-14 10:59:40.029   534  3005 E android.hardware.camera.provider-V1-service: garyVCam [save_frame:884]:VCam save_frame: updated lastFrameUs=1757818780029486
09-14 10:59:40.029   534  3005 E android.hardware.camera.provider-V1-service: garyVCam [rga_data_convert_transform:259]:VCam rga_data_convert_transform: enter
09-14 10:59:40.029   534  3005 E android.hardware.camera.provider-V1-service: garyVCam [rga_data_convert:217]:VCam rga_data_convert: 1920x1080 I420 -> 1920x1080 NV12 rot=0 flipH=0 flipV=0
09-14 10:59:40.030   534  3005 E android.hardware.camera.provider-V1-service: garyVCam [build_transform_flags:203]:VCam build_transform_flags: rot=0 flipH=0 flipV=0 -> tf=0x0
09-14 10:59:40.030   534  3005 E android.hardware.camera.provider-V1-service: garyVCam [rga_data_convert:239]:VCam rga_data_convert: improcess path usage=0x0
09-14 10:59:40.033   534  3005 E android.hardware.camera.provider-V1-service: garyVCam [rga_data_convert:251]:VCam rga_data_convert: success
09-14 10:59:40.033   534  3005 E android.hardware.camera.provider-V1-service: garyVCam [rga_data_convert_transform:263]:VCam rga_data_convert_transform: exit ok=1
09-14 10:59:40.033   534  3005 E android.hardware.camera.provider-V1-service: garyVCam [applyEffectsAll:790]:VCam applyEffectsAll: mask=0x4 fmt=NV12 w=1920 h=1080
09-14 10:59:40.035   534  3005 E android.hardware.camera.provider-V1-service: garyVCam [save_frame:920]:VCam save_frame: slot ready 1920x1080 NV12 stamp=1757818780035356
09-14 10:59:40.035   534  3005 E android.hardware.camera.provider-V1-service: garyVCam [save_frame:927]:VCam save_frame: -
09-14 10:59:40.053   534  3005 E android.hardware.camera.provider-V1-service: garyVCam [client_thread_func:955]:client 43[0]> header cmdFlag=0 cmd=0 p1=1920 p2=1080 p3=19 p4=3110400 p5=1920 p6=1080
09-14 10:59:40.054   534  2954 E android.hardware.camera.provider-V1-service: garyVCam [guessYuvLayout:1117]:VCam guessYuvLayout: fmt=0x22 -> NV12
09-14 10:59:40.057   534  2954 E android.hardware.camera.provider-V1-service: garyVCam [mapPixelFdFromHandle]: no mappable pixel fd (w=1920 h=1080)
09-14 10:59:40.057   534  2954 E android.hardware.camera.provider-V1-service: garyVCam VCamMapper: lock failed w=1920 h=1080
09-14 10:59:40.057   534  2954 E android.hardware.camera.provider-V1-service: garyVCam [VCam_CopyLatestTo:1513]:VCam_CopyLatestTo: copy failed -4
09-14 10:59:40.057   534  2954 E RKISP2OutputFrameWorker: VCam InjectVirtualIfNeeded: stream 1920x1080 fmt=0x22 -> ret=-4
09-14 10:59:40.057   534  2954 E android.hardware.camera.provider-V1-service: garyVCam [VCam_Tick:1535]:VCam_Tick: fallback=0 desired=1 state=E_VIRTUAL_RUNNING lastFrameUs=1757818780029486 lastPingUs=1757818779831979 outputs=1
09-14 10:59:40.059   534  3005 E android.hardware.camera.provider-V1-service: garyVCam [save_frame:832]:VCam save_frame: + width=1920 height=1080 fmt=19 len=3110400 yStride=1920 ySlice=1080 desired=1 state=E_VIRTUAL_RUNNING outputs=1
09-14 10:59:40.060   534  3005 E android.hardware.camera.provider-V1-service: garyVCam [save_frame:884]:VCam save_frame: updated lastFrameUs=1757818780060871
09-14 10:59:40.060   534  3005 E android.hardware.camera.provider-V1-service: garyVCam [rga_data_convert_transform:259]:VCam rga_data_convert_transform: enter
09-14 10:59:40.060   534  3005 E android.hardware.camera.provider-V1-service: garyVCam [rga_data_convert:217]:VCam rga_data_convert: 1920x1080 I420 -> 1920x1080 NV12 rot=0 flipH=0 flipV=0
09-14 10:59:40.061   534  3005 E android.hardware.camera.provider-V1-service: garyVCam [build_transform_flags:203]:VCam build_transform_flags: rot=0 flipH=0 flipV=0 -> tf=0x0
09-14 10:59:40.061   534  3005 E android.hardware.camera.provider-V1-service: garyVCam [rga_data_convert:239]:VCam rga_data_convert: improcess path usage=0x0
09-14 10:59:40.064   534  3005 E android.hardware.camera.provider-V1-service: garyVCam [rga_data_convert:251]:VCam rga_data_convert: success
09-14 10:59:40.064   534  3005 E android.hardware.camera.provider-V1-service: garyVCam [rga_data_convert_transform:263]:VCam rga_data_convert_transform: exit ok=1
09-14 10:59:40.064   534  3005 E android.hardware.camera.provider-V1-service: garyVCam [applyEffectsAll:790]:VCam applyEffectsAll: mask=0x4 fmt=NV12 w=1920 h=1080
09-14 10:59:40.065   534  3005 E android.hardware.camera.provider-V1-service: garyVCam [save_frame:920]:VCam save_frame: slot ready 1920x1080 NV12 stamp=1757818780065968
09-14 10:59:40.066   534  3005 E android.hardware.camera.provider-V1-service: garyVCam [save_frame:927]:VCam save_frame: -
09-14 10:59:40.087   534  3005 E android.hardware.camera.provider-V1-service: garyVCam [client_thread_func:955]:client 43[0]> header cmdFlag=0 cmd=0 p1=1920 p2=1080 p3=19 p4=3110400 p5=1920 p6=1080
09-14 10:59:40.089   534  2954 E android.hardware.camera.provider-V1-service: garyVCam [guessYuvLayout:1117]:VCam guessYuvLayout: fmt=0x22 -> NV12
09-14 10:59:40.092   534  2954 E android.hardware.camera.provider-V1-service: garyVCam [mapPixelFdFromHandle]: no mappable pixel fd (w=1920 h=1080)
09-14 10:59:40.095   534  2954 E android.hardware.camera.provider-V1-service: garyVCam VCamMapper: lock failed w=1920 h=1080
09-14 10:59:40.095   534  2954 E android.hardware.camera.provider-V1-service: garyVCam [VCam_CopyLatestTo:1513]:VCam_CopyLatestTo: copy failed -4
09-14 10:59:40.095   534  2954 E RKISP2OutputFrameWorker: VCam InjectVirtualIfNeeded: stream 1920x1080 fmt=0x22 -> ret=-4
09-14 10:59:40.095   534  2954 E android.hardware.camera.provider-V1-service: garyVCam [VCam_Tick:1535]:VCam_Tick: fallback=0 desired=1 state=E_VIRTUAL_RUNNING lastFrameUs=1757818780060871 lastPingUs=1757818779831979 outputs=1
09-14 10:59:40.096   534  3005 E android.hardware.camera.provider-V1-service: garyVCam [save_frame:832]:VCam save_frame: + width=1920 height=1080 fmt=19 len=3110400 yStride=1920 ySlice=1080 desired=1 state=E_VIRTUAL_RUNNING outputs=1
09-14 10:59:40.097   534  3005 E android.hardware.camera.provider-V1-service: garyVCam [save_frame:884]:VCam save_frame: updated lastFrameUs=1757818780097618
09-14 10:59:40.097   534  3005 E android.hardware.camera.provider-V1-service: garyVCam [rga_data_convert_transform:259]:VCam rga_data_convert_transform: enter
09-14 10:59:40.097   534  3005 E android.hardware.camera.provider-V1-service: garyVCam [rga_data_convert:217]:VCam rga_data_convert: 1920x1080 I420 -> 1920x1080 NV12 rot=0 flipH=0 flipV=0
09-14 10:59:40.099   534  3005 E android.hardware.camera.provider-V1-service: garyVCam [build_transform_flags:203]:VCam build_transform_flags: rot=0 flipH=0 flipV=0 -> tf=0x0
09-14 10:59:40.099   534  3005 E android.hardware.camera.provider-V1-service: garyVCam [rga_data_convert:239]:VCam rga_data_convert: improcess path usage=0x0
09-14 10:59:40.101   534  3005 E android.hardware.camera.provider-V1-service: garyVCam [rga_data_convert:251]:VCam rga_data_convert: success
09-14 10:59:40.101   534  3005 E android.hardware.camera.provider-V1-service: garyVCam [rga_data_convert_transform:263]:VCam rga_data_convert_transform: exit ok=1
09-14 10:59:40.101   534  3005 E android.hardware.camera.provider-V1-service: garyVCam [applyEffectsAll:790]:VCam applyEffectsAll: mask=0x4 fmt=NV12 w=1920 h=1080
09-14 10:59:40.104   534  3005 E android.hardware.camera.provider-V1-service: garyVCam [save_frame:920]:VCam save_frame: slot ready 1920x1080 NV12 stamp=1757818780103985
09-14 10:59:40.104   534  3005 E android.hardware.camera.provider-V1-service: garyVCam [save_frame:927]:VCam save_frame: -
09-14 10:59:40.121   534  3005 E android.hardware.camera.provider-V1-service: garyVCam [client_thread_func:955]:client 43[0]> header cmdFlag=0 cmd=0 p1=1920 p2=1080 p3=19 p4=3110400 p5=1920 p6=1080
09-14 10:59:40.122   534  2954 E android.hardware.camera.provider-V1-service: garyVCam [guessYuvLayout:1117]:VCam guessYuvLayout: fmt=0x22 -> NV12
09-14 10:59:40.125   534  2954 E android.hardware.camera.provider-V1-service: garyVCam [mapPixelFdFromHandle]: no mappable pixel fd (w=1920 h=1080)
09-14 10:59:40.126   534  2954 E android.hardware.camera.provider-V1-service: garyVCam VCamMapper: lock failed w=1920 h=1080
09-14 10:59:40.126   534  2954 E android.hardware.camera.provider-V1-service: garyVCam [VCam_CopyLatestTo:1513]:VCam_CopyLatestTo: copy failed -4
09-14 10:59:40.126   534  2954 E RKISP2OutputFrameWorker: VCam InjectVirtualIfNeeded: stream 1920x1080 fmt=0x22 -> ret=-4
09-14 10:59:40.126   534  2954 E android.hardware.camera.provider-V1-service: garyVCam [VCam_Tick:1535]:VCam_Tick: fallback=0 desired=1 state=E_VIRTUAL_RUNNING lastFrameUs=1757818780097618 lastPingUs=1757818779831979 outputs=1
09-14 10:59:40.127   534  3005 E android.hardware.camera.provider-V1-service: garyVCam [save_frame:832]:VCam save_frame: + width=1920 height=1080 fmt=19 len=3110400 yStride=1920 ySlice=1080 desired=1 state=E_VIRTUAL_RUNNING outputs=1
09-14 10:59:40.128   534  3005 E android.hardware.camera.provider-V1-service: garyVCam [save_frame:884]:VCam save_frame: updated lastFrameUs=1757818780128946
09-14 10:59:40.129   534  3005 E android.hardware.camera.provider-V1-service: garyVCam [rga_data_convert_transform:259]:VCam rga_data_convert_transform: enter
09-14 10:59:40.129   534  3005 E android.hardware.camera.provider-V1-service: garyVCam [rga_data_convert:217]:VCam rga_data_convert: 1920x1080 I420 -> 1920x1080 NV12 rot=0 flipH=0 flipV=0
09-14 10:59:40.129   534  3005 E android.hardware.camera.provider-V1-service: garyVCam [build_transform_flags:203]:VCam build_transform_flags: rot=0 flipH=0 flipV=0 -> tf=0x0
09-14 10:59:40.129   534  3005 E android.hardware.camera.provider-V1-service: garyVCam [rga_data_convert:239]:VCam rga_data_convert: improcess path usage=0x0
09-14 10:59:40.132   534  3005 E android.hardware.camera.provider-V1-service: garyVCam [rga_data_convert:251]:VCam rga_data_convert: success
09-14 10:59:40.132   534  3005 E android.hardware.camera.provider-V1-service: garyVCam [rga_data_convert_transform:263]:VCam rga_data_convert_transform: exit ok=1
09-14 10:59:40.132   534  3005 E android.hardware.camera.provider-V1-service: garyVCam [applyEffectsAll:790]:VCam applyEffectsAll: mask=0x4 fmt=NV12 w=1920 h=1080
09-14 10:59:40.135   534  3005 E android.hardware.camera.provider-V1-service: garyVCam [save_frame:920]:VCam save_frame: slot ready 1920x1080 NV12 stamp=1757818780135028
09-14 10:59:40.135   534  3005 E android.hardware.camera.provider-V1-service: garyVCam [save_frame:927]:VCam save_frame: -
09-14 10:59:40.154   534  3005 E android.hardware.camera.provider-V1-service: garyVCam [client_thread_func:955]:client 43[0]> header cmdFlag=0 cmd=0 p1=1920 p2=1080 p3=19 p4=3110400 p5=1920 p6=1080
09-14 10:59:40.156   534  2954 E android.hardware.camera.provider-V1-service: garyVCam [guessYuvLayout:1117]:VCam guessYuvLayout: fmt=0x22 -> NV12
09-14 10:59:40.160   534  2954 E android.hardware.camera.provider-V1-service: garyVCam [mapPixelFdFromHandle]: no mappable pixel fd (w=1920 h=1080)
09-14 10:59:40.161   534  2954 E android.hardware.camera.provider-V1-service: garyVCam VCamMapper: lock failed w=1920 h=1080
09-14 10:59:40.161   534  2954 E android.hardware.camera.provider-V1-service: garyVCam [VCam_CopyLatestTo:1513]:VCam_CopyLatestTo: copy failed -4
09-14 10:59:40.161   534  2954 E RKISP2OutputFrameWorker: VCam InjectVirtualIfNeeded: stream 1920x1080 fmt=0x22 -> ret=-4
09-14 10:59:40.161   534  2954 E android.hardware.camera.provider-V1-service: garyVCam [VCam_Tick:1535]:VCam_Tick: fallback=0 desired=1 state=E_VIRTUAL_RUNNING lastFrameUs=1757818780128946 lastPingUs=1757818779831979 outputs=1
09-14 10:59:40.161   534  3005 E android.hardware.camera.provider-V1-service: garyVCam [save_frame:832]:VCam save_frame: + width=1920 height=1080 fmt=19 len=3110400 yStride=1920 ySlice=1080 desired=1 state=E_VIRTUAL_RUNNING outputs=1
09-14 10:59:40.162   534  3005 E android.hardware.camera.provider-V1-service: garyVCam [save_frame:884]:VCam save_frame: updated lastFrameUs=1757818780162603
09-14 10:59:40.162   534  3005 E android.hardware.camera.provider-V1-service: garyVCam [rga_data_convert_transform:259]:VCam rga_data_convert_transform: enter
09-14 10:59:40.162   534  3005 E android.hardware.camera.provider-V1-service: garyVCam [rga_data_convert:217]:VCam rga_data_convert: 1920x1080 I420 -> 1920x1080 NV12 rot=0 flipH=0 flipV=0
09-14 10:59:40.163   534  3005 E android.hardware.camera.provider-V1-service: garyVCam [build_transform_flags:203]:VCam build_transform_flags: rot=0 flipH=0 flipV=0 -> tf=0x0
09-14 10:59:40.163   534  3005 E android.hardware.camera.provider-V1-service: garyVCam [rga_data_convert:239]:VCam rga_data_convert: improcess path usage=0x0
09-14 10:59:40.166   534  3005 E android.hardware.camera.provider-V1-service: garyVCam [rga_data_convert:251]:VCam rga_data_convert: success
09-14 10:59:40.166   534  3005 E android.hardware.camera.provider-V1-service: garyVCam [rga_data_convert_transform:263]:VCam rga_data_convert_transform: exit ok=1
09-14 10:59:40.166   534  3005 E android.hardware.camera.provider-V1-service: garyVCam [applyEffectsAll:790]:VCam applyEffectsAll: mask=0x4 fmt=NV12 w=1920 h=1080
09-14 10:59:40.168   534  3005 E android.hardware.camera.provider-V1-service: garyVCam [save_frame:920]:VCam save_frame: slot ready 1920x1080 NV12 stamp=1757818780168797
09-14 10:59:40.168   534  3005 E android.hardware.camera.provider-V1-service: garyVCam [save_frame:927]:VCam save_frame: -
09-14 10:59:40.186   534  3005 E android.hardware.camera.provider-V1-service: garyVCam [client_thread_func:955]:client 43[0]> header cmdFlag=0 cmd=0 p1=1920 p2=1080 p3=19 p4=3110400 p5=1920 p6=1080
09-14 10:59:40.189   534  2954 E android.hardware.camera.provider-V1-service: garyVCam [guessYuvLayout:1117]:VCam guessYuvLayout: fmt=0x22 -> NV12
09-14 10:59:40.191   534  2954 E android.hardware.camera.provider-V1-service: garyVCam [mapPixelFdFromHandle]: picked fd[42]=124 mappedLen=3317760 (st_size=4149248)
09-14 10:59:40.192   534  2954 E android.hardware.camera.provider-V1-service: garyVCam [dmaSync:1089]:VCam dmaSync: fd=87 start=1
09-14 10:59:40.194   534  2954 E android.hardware.camera.provider-V1-service: garyVCam [estimateStrideFromSize]: bestSize=3317760 w=1920 h=1080 -> stride=2048 need=3317760
09-14 10:59:40.194   534  3005 E android.hardware.camera.provider-V1-service: garyVCam [save_frame:832]:VCam save_frame: + width=1920 height=1080 fmt=19 len=3110400 yStride=1920 ySlice=1080 desired=1 state=E_VIRTUAL_RUNNING outputs=1
09-14 10:59:40.196   534  3005 E android.hardware.camera.provider-V1-service: garyVCam [save_frame:884]:VCam save_frame: updated lastFrameUs=1757818780196027
09-14 10:59:40.199   534  2954 E android.hardware.camera.provider-V1-service: garyVCam [dmaSync:1089]:VCam dmaSync: fd=87 start=0
09-14 10:59:40.202   534  2954 E android.hardware.camera.provider-V1-service: garyVCam [VCam_CopyLatestTo:1511]:VCam_CopyLatestTo: OK slot 1920x1080 NV12 lastPingUs=1757818780202704
09-14 10:59:40.202   534  2954 E RKISP2OutputFrameWorker: VCam InjectVirtualIfNeeded: stream 1920x1080 fmt=0x22 -> ret=0
09-14 10:59:40.202   534  2954 E android.hardware.camera.provider-V1-service: garyVCam [VCam_Tick:1535]:VCam_Tick: fallback=0 desired=1 state=E_VIRTUAL_RUNNING lastFrameUs=1757818780196027 lastPingUs=1757818780202704 outputs=1
09-14 10:59:40.202   534  3005 E android.hardware.camera.provider-V1-service: garyVCam [rga_data_convert_transform:259]:VCam rga_data_convert_transform: enter
09-14 10:59:40.202   534  3005 E android.hardware.camera.provider-V1-service: garyVCam [rga_data_convert:217]:VCam rga_data_convert: 1920x1080 I420 -> 1920x1080 NV12 rot=0 flipH=0 flipV=0
09-14 10:59:40.203   534  3005 E android.hardware.camera.provider-V1-service: garyVCam [build_transform_flags:203]:VCam build_transform_flags: rot=0 flipH=0 flipV=0 -> tf=0x0
09-14 10:59:40.203   534  3005 E android.hardware.camera.provider-V1-service: garyVCam [rga_data_convert:239]:VCam rga_data_convert: improcess path usage=0x0
09-14 10:59:40.206   534  3005 E android.hardware.camera.provider-V1-service: garyVCam [rga_data_convert:251]:VCam rga_data_convert: success
09-14 10:59:40.206   534  3005 E android.hardware.camera.provider-V1-service: garyVCam [rga_data_convert_transform:263]:VCam rga_data_convert_transform: exit ok=1
09-14 10:59:40.206   534  3005 E android.hardware.camera.provider-V1-service: garyVCam [applyEffectsAll:790]:VCam applyEffectsAll: mask=0x4 fmt=NV12 w=1920 h=1080
09-14 10:59:40.209   534  3005 E android.hardware.camera.provider-V1-service: garyVCam [save_frame:920]:VCam save_frame: slot ready 1920x1080 NV12 stamp=1757818780209045
09-14 10:59:40.209   534  3005 E android.hardware.camera.provider-V1-service: garyVCam [save_frame:927]:VCam save_frame: -
09-14 10:59:40.220   534  3005 E android.hardware.camera.provider-V1-service: garyVCam [client_thread_func:955]:client 43[0]> header cmdFlag=0 cmd=0 p1=1920 p2=1080 p3=19 p4=3110400 p5=1920 p6=1080
09-14 10:59:40.222   534  2954 E android.hardware.camera.provider-V1-service: garyVCam [guessYuvLayout:1117]:VCam guessYuvLayout: fmt=0x22 -> NV12
09-14 10:59:40.224   534  2954 E android.hardware.camera.provider-V1-service: garyVCam [mapPixelFdFromHandle]: picked fd[42]=124 mappedLen=3317760 (st_size=4149248)
09-14 10:59:40.224   534  2954 E android.hardware.camera.provider-V1-service: garyVCam [dmaSync:1089]:VCam dmaSync: fd=91 start=1
09-14 10:59:40.227   534  2954 E android.hardware.camera.provider-V1-service: garyVCam [estimateStrideFromSize]: bestSize=3317760 w=1920 h=1080 -> stride=2048 need=3317760
09-14 10:59:40.228   534  3005 E android.hardware.camera.provider-V1-service: garyVCam [save_frame:832]:VCam save_frame: + width=1920 height=1080 fmt=19 len=3110400 yStride=1920 ySlice=1080 desired=1 state=E_VIRTUAL_RUNNING outputs=1
09-14 10:59:40.229   534  3005 E android.hardware.camera.provider-V1-service: garyVCam [save_frame:884]:VCam save_frame: updated lastFrameUs=1757818780229558
09-14 10:59:40.231   534  2954 E android.hardware.camera.provider-V1-service: garyVCam [dmaSync:1089]:VCam dmaSync: fd=91 start=0
09-14 10:59:40.234   534  2954 E android.hardware.camera.provider-V1-service: garyVCam [VCam_CopyLatestTo:1511]:VCam_CopyLatestTo: OK slot 1920x1080 NV12 lastPingUs=1757818780234493
09-14 10:59:40.234   534  2954 E RKISP2OutputFrameWorker: VCam InjectVirtualIfNeeded: stream 1920x1080 fmt=0x22 -> ret=0
09-14 10:59:40.234   534  2954 E android.hardware.camera.provider-V1-service: garyVCam [VCam_Tick:1535]:VCam_Tick: fallback=0 desired=1 state=E_VIRTUAL_RUNNING lastFrameUs=1757818780229558 lastPingUs=1757818780234493 outputs=1
09-14 10:59:40.234   534  3005 E android.hardware.camera.provider-V1-service: garyVCam [rga_data_convert_transform:259]:VCam rga_data_convert_transform: enter
09-14 10:59:40.234   534  3005 E android.hardware.camera.provider-V1-service: garyVCam [rga_data_convert:217]:VCam rga_data_convert: 1920x1080 I420 -> 1920x1080 NV12 rot=0 flipH=0 flipV=0
09-14 10:59:40.235   534  3005 E android.hardware.camera.provider-V1-service: garyVCam [build_transform_flags:203]:VCam build_transform_flags: rot=0 flipH=0 flipV=0 -> tf=0x0
09-14 10:59:40.235   534  3005 E android.hardware.camera.provider-V1-service: garyVCam [rga_data_convert:239]:VCam rga_data_convert: improcess path usage=0x0
09-14 10:59:40.238   534  3005 E android.hardware.camera.provider-V1-service: garyVCam [rga_data_convert:251]:VCam rga_data_convert: success
09-14 10:59:40.238   534  3005 E android.hardware.camera.provider-V1-service: garyVCam [rga_data_convert_transform:263]:VCam rga_data_convert_transform: exit ok=1
09-14 10:59:40.238   534  3005 E android.hardware.camera.provider-V1-service: garyVCam [applyEffectsAll:790]:VCam applyEffectsAll: mask=0x4 fmt=NV12 w=1920 h=1080
09-14 10:59:40.241   534  3005 E android.hardware.camera.provider-V1-service: garyVCam [save_frame:920]:VCam save_frame: slot ready 1920x1080 NV12 stamp=1757818780240989
09-14 10:59:40.241   534  3005 E android.hardware.camera.provider-V1-service: garyVCam [save_frame:927]:VCam save_frame: -
09-14 10:59:40.253   534  3005 E android.hardware.camera.provider-V1-service: garyVCam [client_thread_func:955]:client 43[0]> header cmdFlag=0 cmd=0 p1=1920 p2=1080 p3=19 p4=3110400 p5=1920 p6=1080
09-14 10:59:40.255   534  2954 E android.hardware.camera.provider-V1-service: garyVCam [guessYuvLayout:1117]:VCam guessYuvLayout: fmt=0x22 -> NV12
09-14 10:59:40.257   534  2954 E android.hardware.camera.provider-V1-service: garyVCam [mapPixelFdFromHandle]: picked fd[42]=124 mappedLen=3317760 (st_size=4149248)
09-14 10:59:40.257   534  2954 E android.hardware.camera.provider-V1-service: garyVCam [dmaSync:1089]:VCam dmaSync: fd=90 start=1
09-14 10:59:40.259   534  2954 E android.hardware.camera.provider-V1-service: garyVCam [estimateStrideFromSize]: bestSize=3317760 w=1920 h=1080 -> stride=2048 need=3317760
09-14 10:59:40.260   534  3005 E android.hardware.camera.provider-V1-service: garyVCam [save_frame:832]:VCam save_frame: + width=1920 height=1080 fmt=19 len=3110400 yStride=1920 ySlice=1080 desired=1 state=E_VIRTUAL_RUNNING outputs=1
09-14 10:59:40.262   534  3005 E android.hardware.camera.provider-V1-service: garyVCam [save_frame:884]:VCam save_frame: updated lastFrameUs=1757818780261981
09-14 10:59:40.265   534  2954 E android.hardware.camera.provider-V1-service: garyVCam [dmaSync:1089]:VCam dmaSync: fd=90 start=0
09-14 10:59:40.267   534  2954 E android.hardware.camera.provider-V1-service: garyVCam [VCam_CopyLatestTo:1511]:VCam_CopyLatestTo: OK slot 1920x1080 NV12 lastPingUs=1757818780267012
