09-14 10:59:42.995   534  3005 E android.hardware.camera.provider-V1-service: garyVCam [rga_data_convert:217]:VCam rga_data_convert: 1920x1080 I420 -> 1920x1080 NV12 rot=0 flipH=0 flipV=0
09-14 10:59:42.996   534  3005 E android.hardware.camera.provider-V1-service: garyVCam [build_transform_flags:203]:VCam build_transform_flags: rot=0 flipH=0 flipV=0 -> tf=0x0
09-14 10:59:42.996   534  3005 E android.hardware.camera.provider-V1-service: garyVCam [rga_data_convert:239]:VCam rga_data_convert: improcess path usage=0x0
09-14 10:59:42.999   534  3005 E android.hardware.camera.provider-V1-service: garyVCam [rga_data_convert:251]:VCam rga_data_convert: success
09-14 10:59:42.999   534  3005 E android.hardware.camera.provider-V1-service: garyVCam [rga_data_convert_transform:263]:VCam rga_data_convert_transform: exit ok=1
09-14 10:59:42.999   534  3005 E android.hardware.camera.provider-V1-service: garyVCam [applyEffectsAll:790]:VCam applyEffectsAll: mask=0x4 fmt=NV12 w=1920 h=1080
09-14 10:59:43.005   534  3005 E android.hardware.camera.provider-V1-service: garyVCam [save_frame:920]:VCam save_frame: slot ready 1920x1080 NV12 stamp=1757818783005289
09-14 10:59:43.005   534  3005 E android.hardware.camera.provider-V1-service: garyVCam [save_frame:927]:VCam save_frame: -
09-14 10:59:43.022   534  3005 E android.hardware.camera.provider-V1-service: garyVCam [client_thread_func:955]:client 43[0]> header cmdFlag=0 cmd=0 p1=1920 p2=1080 p3=19 p4=3110400 p5=1920 p6=1080
09-14 10:59:43.022   534  2954 E android.hardware.camera.provider-V1-service: garyVCam [guessYuvLayout:1117]:VCam guessYuvLayout: fmt=0x22 -> NV12
09-14 10:59:43.026   534  2954 E android.hardware.camera.provider-V1-service: garyVCam [mapPixelFdFromHandle]: no mappable pixel fd (w=1920 h=1080)
09-14 10:59:43.026   534  2954 E android.hardware.camera.provider-V1-service: garyVCam VCamMapper: lock failed w=1920 h=1080
09-14 10:59:43.026   534  2954 E android.hardware.camera.provider-V1-service: garyVCam [VCam_CopyLatestTo:1513]:VCam_CopyLatestTo: copy failed -4
09-14 10:59:43.026   534  2954 E RKISP2OutputFrameWorker: VCam InjectVirtualIfNeeded: stream 1920x1080 fmt=0x22 -> ret=-4
09-14 10:59:43.026   534  2954 E android.hardware.camera.provider-V1-service: garyVCam [VCam_Tick:1535]:VCam_Tick: fallback=0 desired=1 state=E_VIRTUAL_RUNNING lastFrameUs=1757818782995631 lastPingUs=1757818782632464 outputs=1
09-14 10:59:43.030   534  3005 E android.hardware.camera.provider-V1-service: garyVCam [save_frame:832]:VCam save_frame: + width=1920 height=1080 fmt=19 len=3110400 yStride=1920 ySlice=1080 desired=1 state=E_VIRTUAL_RUNNING outputs=1
09-14 10:59:43.031   534  3005 E android.hardware.camera.provider-V1-service: garyVCam [save_frame:884]:VCam save_frame: updated lastFrameUs=1757818783031314
09-14 10:59:43.031   534  3005 E android.hardware.camera.provider-V1-service: garyVCam [rga_data_convert_transform:259]:VCam rga_data_convert_transform: enter
09-14 10:59:43.031   534  3005 E android.hardware.camera.provider-V1-service: garyVCam [rga_data_convert:217]:VCam rga_data_convert: 1920x1080 I420 -> 1920x1080 NV12 rot=0 flipH=0 flipV=0
09-14 10:59:43.032   534  3005 E android.hardware.camera.provider-V1-service: garyVCam [build_transform_flags:203]:VCam build_transform_flags: rot=0 flipH=0 flipV=0 -> tf=0x0
09-14 10:59:43.032   534  3005 E android.hardware.camera.provider-V1-service: garyVCam [rga_data_convert:239]:VCam rga_data_convert: improcess path usage=0x0
09-14 10:59:43.035   534  3005 E android.hardware.camera.provider-V1-service: garyVCam [rga_data_convert:251]:VCam rga_data_convert: success
09-14 10:59:43.035   534  3005 E android.hardware.camera.provider-V1-service: garyVCam [rga_data_convert_transform:263]:VCam rga_data_convert_transform: exit ok=1
09-14 10:59:43.035   534  3005 E android.hardware.camera.provider-V1-service: garyVCam [applyEffectsAll:790]:VCam applyEffectsAll: mask=0x4 fmt=NV12 w=1920 h=1080
09-14 10:59:43.041   534  3005 E android.hardware.camera.provider-V1-service: garyVCam [save_frame:920]:VCam save_frame: slot ready 1920x1080 NV12 stamp=1757818783041830
09-14 10:59:43.042   534  3005 E android.hardware.camera.provider-V1-service: garyVCam [save_frame:927]:VCam save_frame: -
09-14 10:59:43.055   534  3005 E android.hardware.camera.provider-V1-service: garyVCam [client_thread_func:955]:client 43[0]> header cmdFlag=0 cmd=0 p1=1920 p2=1080 p3=19 p4=3110400 p5=1920 p6=1080
09-14 10:59:43.055   534  2954 E android.hardware.camera.provider-V1-service: garyVCam [guessYuvLayout:1117]:VCam guessYuvLayout: fmt=0x22 -> NV12
09-14 10:59:43.061   534  2954 E android.hardware.camera.provider-V1-service: garyVCam [mapPixelFdFromHandle]: no mappable pixel fd (w=1920 h=1080)
09-14 10:59:43.062   534  2954 E android.hardware.camera.provider-V1-service: garyVCam VCamMapper: lock failed w=1920 h=1080
09-14 10:59:43.062   534  2954 E android.hardware.camera.provider-V1-service: garyVCam [VCam_CopyLatestTo:1513]:VCam_CopyLatestTo: copy failed -4
09-14 10:59:43.062   534  2954 E RKISP2OutputFrameWorker: VCam InjectVirtualIfNeeded: stream 1920x1080 fmt=0x22 -> ret=-4
09-14 10:59:43.062   534  2954 E android.hardware.camera.provider-V1-service: garyVCam [VCam_Tick:1535]:VCam_Tick: fallback=0 desired=1 state=E_VIRTUAL_RUNNING lastFrameUs=1757818783031314 lastPingUs=1757818782632464 outputs=1
09-14 10:59:43.064   534  3005 E android.hardware.camera.provider-V1-service: garyVCam [save_frame:832]:VCam save_frame: + width=1920 height=1080 fmt=19 len=3110400 yStride=1920 ySlice=1080 desired=1 state=E_VIRTUAL_RUNNING outputs=1
09-14 10:59:43.065   534  3005 E android.hardware.camera.provider-V1-service: garyVCam [save_frame:884]:VCam save_frame: updated lastFrameUs=1757818783065634
09-14 10:59:43.065   534  3005 E android.hardware.camera.provider-V1-service: garyVCam [rga_data_convert_transform:259]:VCam rga_data_convert_transform: enter
09-14 10:59:43.065   534  3005 E android.hardware.camera.provider-V1-service: garyVCam [rga_data_convert:217]:VCam rga_data_convert: 1920x1080 I420 -> 1920x1080 NV12 rot=0 flipH=0 flipV=0
09-14 10:59:43.066   534  3005 E android.hardware.camera.provider-V1-service: garyVCam [build_transform_flags:203]:VCam build_transform_flags: rot=0 flipH=0 flipV=0 -> tf=0x0
09-14 10:59:43.066   534  3005 E android.hardware.camera.provider-V1-service: garyVCam [rga_data_convert:239]:VCam rga_data_convert: improcess path usage=0x0
09-14 10:59:43.069   534  3005 E android.hardware.camera.provider-V1-service: garyVCam [rga_data_convert:251]:VCam rga_data_convert: success
09-14 10:59:43.069   534  3005 E android.hardware.camera.provider-V1-service: garyVCam [rga_data_convert_transform:263]:VCam rga_data_convert_transform: exit ok=1
09-14 10:59:43.069   534  3005 E android.hardware.camera.provider-V1-service: garyVCam [applyEffectsAll:790]:VCam applyEffectsAll: mask=0x4 fmt=NV12 w=1920 h=1080
09-14 10:59:43.071   534  3005 E android.hardware.camera.provider-V1-service: garyVCam [save_frame:920]:VCam save_frame: slot ready 1920x1080 NV12 stamp=1757818783071373
09-14 10:59:43.071   534  3005 E android.hardware.camera.provider-V1-service: garyVCam [save_frame:927]:VCam save_frame: -
09-14 10:59:43.088   534  2954 E android.hardware.camera.provider-V1-service: garyVCam [guessYuvLayout:1117]:VCam guessYuvLayout: fmt=0x22 -> NV12
09-14 10:59:43.091   534  2954 E android.hardware.camera.provider-V1-service: garyVCam [mapPixelFdFromHandle]: no mappable pixel fd (w=1920 h=1080)
09-14 10:59:43.091   534  3005 E android.hardware.camera.provider-V1-service: garyVCam [client_thread_func:955]:client 43[0]> header cmdFlag=0 cmd=0 p1=1920 p2=1080 p3=19 p4=3110400 p5=1920 p6=1080
09-14 10:59:43.091   534  2954 E android.hardware.camera.provider-V1-service: garyVCam VCamMapper: lock failed w=1920 h=1080
09-14 10:59:43.091   534  2954 E android.hardware.camera.provider-V1-service: garyVCam [VCam_CopyLatestTo:1513]:VCam_CopyLatestTo: copy failed -4
09-14 10:59:43.091   534  2954 E RKISP2OutputFrameWorker: VCam InjectVirtualIfNeeded: stream 1920x1080 fmt=0x22 -> ret=-4
09-14 10:59:43.091   534  2954 E android.hardware.camera.provider-V1-service: garyVCam [VCam_Tick:1535]:VCam_Tick: fallback=0 desired=1 state=E_VIRTUAL_RUNNING lastFrameUs=1757818783065634 lastPingUs=1757818782632464 outputs=1
09-14 10:59:43.098   534  3005 E android.hardware.camera.provider-V1-service: garyVCam [save_frame:832]:VCam save_frame: + width=1920 height=1080 fmt=19 len=3110400 yStride=1920 ySlice=1080 desired=1 state=E_VIRTUAL_RUNNING outputs=1
09-14 10:59:43.099   534  3005 E android.hardware.camera.provider-V1-service: garyVCam [save_frame:884]:VCam save_frame: updated lastFrameUs=1757818783099853
09-14 10:59:43.099   534  3005 E android.hardware.camera.provider-V1-service: garyVCam [rga_data_convert_transform:259]:VCam rga_data_convert_transform: enter
09-14 10:59:43.100   534  3005 E android.hardware.camera.provider-V1-service: garyVCam [rga_data_convert:217]:VCam rga_data_convert: 1920x1080 I420 -> 1920x1080 NV12 rot=0 flipH=0 flipV=0
09-14 10:59:43.100   534  3005 E android.hardware.camera.provider-V1-service: garyVCam [build_transform_flags:203]:VCam build_transform_flags: rot=0 flipH=0 flipV=0 -> tf=0x0
09-14 10:59:43.100   534  3005 E android.hardware.camera.provider-V1-service: garyVCam [rga_data_convert:239]:VCam rga_data_convert: improcess path usage=0x0
09-14 10:59:43.103   534  3005 E android.hardware.camera.provider-V1-service: garyVCam [rga_data_convert:251]:VCam rga_data_convert: success
09-14 10:59:43.103   534  3005 E android.hardware.camera.provider-V1-service: garyVCam [rga_data_convert_transform:263]:VCam rga_data_convert_transform: exit ok=1
09-14 10:59:43.103   534  3005 E android.hardware.camera.provider-V1-service: garyVCam [applyEffectsAll:790]:VCam applyEffectsAll: mask=0x4 fmt=NV12 w=1920 h=1080
09-14 10:59:43.105   534  3005 E android.hardware.camera.provider-V1-service: garyVCam [save_frame:920]:VCam save_frame: slot ready 1920x1080 NV12 stamp=1757818783105614
09-14 10:59:43.105   534  3005 E android.hardware.camera.provider-V1-service: garyVCam [save_frame:927]:VCam save_frame: -
09-14 10:59:43.122   534  2954 E android.hardware.camera.provider-V1-service: garyVCam [guessYuvLayout:1117]:VCam guessYuvLayout: fmt=0x22 -> NV12
09-14 10:59:43.124   534  3005 E android.hardware.camera.provider-V1-service: garyVCam [client_thread_func:955]:client 43[0]> header cmdFlag=0 cmd=0 p1=1920 p2=1080 p3=19 p4=3110400 p5=1920 p6=1080
09-14 10:59:43.125   534  2954 E android.hardware.camera.provider-V1-service: garyVCam [mapPixelFdFromHandle]: no mappable pixel fd (w=1920 h=1080)
09-14 10:59:43.125   534  2954 E android.hardware.camera.provider-V1-service: garyVCam VCamMapper: lock failed w=1920 h=1080
09-14 10:59:43.125   534  2954 E android.hardware.camera.provider-V1-service: garyVCam [VCam_CopyLatestTo:1513]:VCam_CopyLatestTo: copy failed -4
09-14 10:59:43.125   534  2954 E RKISP2OutputFrameWorker: VCam InjectVirtualIfNeeded: stream 1920x1080 fmt=0x22 -> ret=-4
09-14 10:59:43.125   534  2954 E android.hardware.camera.provider-V1-service: garyVCam [VCam_Tick:1535]:VCam_Tick: fallback=0 desired=1 state=E_VIRTUAL_RUNNING lastFrameUs=1757818783099853 lastPingUs=1757818782632464 outputs=1
09-14 10:59:43.130   534  3005 E android.hardware.camera.provider-V1-service: garyVCam [save_frame:832]:VCam save_frame: + width=1920 height=1080 fmt=19 len=3110400 yStride=1920 ySlice=1080 desired=1 state=E_VIRTUAL_RUNNING outputs=1
09-14 10:59:43.131   534  3005 E android.hardware.camera.provider-V1-service: garyVCam [save_frame:884]:VCam save_frame: updated lastFrameUs=1757818783131572
09-14 10:59:43.131   534  3005 E android.hardware.camera.provider-V1-service: garyVCam [rga_data_convert_transform:259]:VCam rga_data_convert_transform: enter
09-14 10:59:43.131   534  3005 E android.hardware.camera.provider-V1-service: garyVCam [rga_data_convert:217]:VCam rga_data_convert: 1920x1080 I420 -> 1920x1080 NV12 rot=0 flipH=0 flipV=0
09-14 10:59:43.132   534  3005 E android.hardware.camera.provider-V1-service: garyVCam [build_transform_flags:203]:VCam build_transform_flags: rot=0 flipH=0 flipV=0 -> tf=0x0
09-14 10:59:43.132   534  3005 E android.hardware.camera.provider-V1-service: garyVCam [rga_data_convert:239]:VCam rga_data_convert: improcess path usage=0x0
09-14 10:59:43.135   534  3005 E android.hardware.camera.provider-V1-service: garyVCam [rga_data_convert:251]:VCam rga_data_convert: success
09-14 10:59:43.135   534  3005 E android.hardware.camera.provider-V1-service: garyVCam [rga_data_convert_transform:263]:VCam rga_data_convert_transform: exit ok=1
09-14 10:59:43.135   534  3005 E android.hardware.camera.provider-V1-service: garyVCam [applyEffectsAll:790]:VCam applyEffectsAll: mask=0x4 fmt=NV12 w=1920 h=1080
09-14 10:59:43.137   534  3005 E android.hardware.camera.provider-V1-service: garyVCam [save_frame:920]:VCam save_frame: slot ready 1920x1080 NV12 stamp=1757818783137726
09-14 10:59:43.137   534  3005 E android.hardware.camera.provider-V1-service: garyVCam [save_frame:927]:VCam save_frame: -
09-14 10:59:43.157   534  2954 E android.hardware.camera.provider-V1-service: garyVCam [guessYuvLayout:1117]:VCam guessYuvLayout: fmt=0x22 -> NV12
09-14 10:59:43.157   534  3005 E android.hardware.camera.provider-V1-service: garyVCam [client_thread_func:955]:client 43[0]> header cmdFlag=0 cmd=0 p1=1920 p2=1080 p3=19 p4=3110400 p5=1920 p6=1080
09-14 10:59:43.160   534  2954 E android.hardware.camera.provider-V1-service: garyVCam [mapPixelFdFromHandle]: no mappable pixel fd (w=1920 h=1080)
09-14 10:59:43.161   534  2954 E android.hardware.camera.provider-V1-service: garyVCam VCamMapper: lock failed w=1920 h=1080
09-14 10:59:43.161   534  2954 E android.hardware.camera.provider-V1-service: garyVCam [VCam_CopyLatestTo:1513]:VCam_CopyLatestTo: copy failed -4
09-14 10:59:43.161   534  2954 E RKISP2OutputFrameWorker: VCam InjectVirtualIfNeeded: stream 1920x1080 fmt=0x22 -> ret=-4
09-14 10:59:43.161   534  2954 E android.hardware.camera.provider-V1-service: garyVCam [VCam_Tick:1535]:VCam_Tick: fallback=0 desired=1 state=E_VIRTUAL_RUNNING lastFrameUs=1757818783131572 lastPingUs=1757818782632464 outputs=1
09-14 10:59:43.165   534  3005 E android.hardware.camera.provider-V1-service: garyVCam [save_frame:832]:VCam save_frame: + width=1920 height=1080 fmt=19 len=3110400 yStride=1920 ySlice=1080 desired=1 state=E_VIRTUAL_RUNNING outputs=1
09-14 10:59:43.168   534  3005 E android.hardware.camera.provider-V1-service: garyVCam [save_frame:884]:VCam save_frame: updated lastFrameUs=1757818783168004
09-14 10:59:43.168   534  3005 E android.hardware.camera.provider-V1-service: garyVCam [rga_data_convert_transform:259]:VCam rga_data_convert_transform: enter
09-14 10:59:43.168   534  3005 E android.hardware.camera.provider-V1-service: garyVCam [rga_data_convert:217]:VCam rga_data_convert: 1920x1080 I420 -> 1920x1080 NV12 rot=0 flipH=0 flipV=0
09-14 10:59:43.168   534  3005 E android.hardware.camera.provider-V1-service: garyVCam [build_transform_flags:203]:VCam build_transform_flags: rot=0 flipH=0 flipV=0 -> tf=0x0
09-14 10:59:43.168   534  3005 E android.hardware.camera.provider-V1-service: garyVCam [rga_data_convert:239]:VCam rga_data_convert: improcess path usage=0x0
09-14 10:59:43.172   534  3005 E android.hardware.camera.provider-V1-service: garyVCam [rga_data_convert:251]:VCam rga_data_convert: success
09-14 10:59:43.173   534  3005 E android.hardware.camera.provider-V1-service: garyVCam [rga_data_convert_transform:263]:VCam rga_data_convert_transform: exit ok=1
09-14 10:59:43.173   534  3005 E android.hardware.camera.provider-V1-service: garyVCam [applyEffectsAll:790]:VCam applyEffectsAll: mask=0x4 fmt=NV12 w=1920 h=1080
09-14 10:59:43.175   534  3005 E android.hardware.camera.provider-V1-service: garyVCam [save_frame:920]:VCam save_frame: slot ready 1920x1080 NV12 stamp=1757818783175566
09-14 10:59:43.176   534  3005 E android.hardware.camera.provider-V1-service: garyVCam [save_frame:927]:VCam save_frame: -
09-14 10:59:43.188   534  2954 E android.hardware.camera.provider-V1-service: garyVCam [guessYuvLayout:1117]:VCam guessYuvLayout: fmt=0x22 -> NV12
09-14 10:59:43.190   534  2954 E android.hardware.camera.provider-V1-service: garyVCam [mapPixelFdFromHandle]: no mappable pixel fd (w=1920 h=1080)
09-14 10:59:43.191   534  2954 E android.hardware.camera.provider-V1-service: garyVCam VCamMapper: lock failed w=1920 h=1080
09-14 10:59:43.191   534  2954 E android.hardware.camera.provider-V1-service: garyVCam [VCam_CopyLatestTo:1513]:VCam_CopyLatestTo: copy failed -4
09-14 10:59:43.191   534  2954 E RKISP2OutputFrameWorker: VCam InjectVirtualIfNeeded: stream 1920x1080 fmt=0x22 -> ret=-4
09-14 10:59:43.191   534  2954 E android.hardware.camera.provider-V1-service: garyVCam [VCam_Tick:1535]:VCam_Tick: fallback=0 desired=1 state=E_VIRTUAL_RUNNING lastFrameUs=1757818783168004 lastPingUs=1757818782632464 outputs=1
09-14 10:59:43.191   534  3005 E android.hardware.camera.provider-V1-service: garyVCam [client_thread_func:955]:client 43[0]> header cmdFlag=0 cmd=0 p1=1920 p2=1080 p3=19 p4=3110400 p5=1920 p6=1080
09-14 10:59:43.200   534  3005 E android.hardware.camera.provider-V1-service: garyVCam [save_frame:832]:VCam save_frame: + width=1920 height=1080 fmt=19 len=3110400 yStride=1920 ySlice=1080 desired=1 state=E_VIRTUAL_RUNNING outputs=1
09-14 10:59:43.203   534  3005 E android.hardware.camera.provider-V1-service: garyVCam [save_frame:884]:VCam save_frame: updated lastFrameUs=1757818783203398
09-14 10:59:43.203   534  3005 E android.hardware.camera.provider-V1-service: garyVCam [rga_data_convert_transform:259]:VCam rga_data_convert_transform: enter
09-14 10:59:43.203   534  3005 E android.hardware.camera.provider-V1-service: garyVCam [rga_data_convert:217]:VCam rga_data_convert: 1920x1080 I420 -> 1920x1080 NV12 rot=0 flipH=0 flipV=0
09-14 10:59:43.204   534  3005 E android.hardware.camera.provider-V1-service: garyVCam [build_transform_flags:203]:VCam build_transform_flags: rot=0 flipH=0 flipV=0 -> tf=0x0
09-14 10:59:43.204   534  3005 E android.hardware.camera.provider-V1-service: garyVCam [rga_data_convert:239]:VCam rga_data_convert: improcess path usage=0x0
09-14 10:59:43.206   534  3005 E android.hardware.camera.provider-V1-service: garyVCam [rga_data_convert:251]:VCam rga_data_convert: success
09-14 10:59:43.207   534  3005 E android.hardware.camera.provider-V1-service: garyVCam [rga_data_convert_transform:263]:VCam rga_data_convert_transform: exit ok=1
09-14 10:59:43.207   534  3005 E android.hardware.camera.provider-V1-service: garyVCam [applyEffectsAll:790]:VCam applyEffectsAll: mask=0x4 fmt=NV12 w=1920 h=1080
09-14 10:59:43.209   534  3005 E android.hardware.camera.provider-V1-service: garyVCam [save_frame:920]:VCam save_frame: slot ready 1920x1080 NV12 stamp=1757818783209385
09-14 10:59:43.209   534  3005 E android.hardware.camera.provider-V1-service: garyVCam [save_frame:927]:VCam save_frame: -
09-14 10:59:43.221   534  2954 E android.hardware.camera.provider-V1-service: garyVCam [guessYuvLayout:1117]:VCam guessYuvLayout: fmt=0x22 -> NV12
09-14 10:59:43.222   534  3005 E android.hardware.camera.provider-V1-service: garyVCam [client_thread_func:955]:client 43[0]> header cmdFlag=0 cmd=0 p1=1920 p2=1080 p3=19 p4=3110400 p5=1920 p6=1080
09-14 10:59:43.224   534  2954 E android.hardware.camera.provider-V1-service: garyVCam [mapPixelFdFromHandle]: no mappable pixel fd (w=1920 h=1080)
09-14 10:59:43.224   534  2954 E android.hardware.camera.provider-V1-service: garyVCam VCamMapper: lock failed w=1920 h=1080
09-14 10:59:43.224   534  2954 E android.hardware.camera.provider-V1-service: garyVCam [VCam_CopyLatestTo:1513]:VCam_CopyLatestTo: copy failed -4
09-14 10:59:43.224   534  2954 E RKISP2OutputFrameWorker: VCam InjectVirtualIfNeeded: stream 1920x1080 fmt=0x22 -> ret=-4
09-14 10:59:43.224   534  2954 E android.hardware.camera.provider-V1-service: garyVCam [VCam_Tick:1535]:VCam_Tick: fallback=0 desired=1 state=E_VIRTUAL_RUNNING lastFrameUs=1757818783203398 lastPingUs=1757818782632464 outputs=1
09-14 10:59:43.230   534  3005 E android.hardware.camera.provider-V1-service: garyVCam [save_frame:832]:VCam save_frame: + width=1920 height=1080 fmt=19 len=3110400 yStride=1920 ySlice=1080 desired=1 state=E_VIRTUAL_RUNNING outputs=1
09-14 10:59:43.231   534  3005 E android.hardware.camera.provider-V1-service: garyVCam [save_frame:884]:VCam save_frame: updated lastFrameUs=1757818783231702
09-14 10:59:43.231   534  3005 E android.hardware.camera.provider-V1-service: garyVCam [rga_data_convert_transform:259]:VCam rga_data_convert_transform: enter
09-14 10:59:43.231   534  3005 E android.hardware.camera.provider-V1-service: garyVCam [rga_data_convert:217]:VCam rga_data_convert: 1920x1080 I420 -> 1920x1080 NV12 rot=0 flipH=0 flipV=0
09-14 10:59:43.233   534  3005 E android.hardware.camera.provider-V1-service: garyVCam [build_transform_flags:203]:VCam build_transform_flags: rot=0 flipH=0 flipV=0 -> tf=0x0
09-14 10:59:43.233   534  3005 E android.hardware.camera.provider-V1-service: garyVCam [rga_data_convert:239]:VCam rga_data_convert: improcess path usage=0x0
09-14 10:59:43.236   534  3005 E android.hardware.camera.provider-V1-service: garyVCam [rga_data_convert:251]:VCam rga_data_convert: success
09-14 10:59:43.237   534  3005 E android.hardware.camera.provider-V1-service: garyVCam [rga_data_convert_transform:263]:VCam rga_data_convert_transform: exit ok=1
09-14 10:59:43.237   534  3005 E android.hardware.camera.provider-V1-service: garyVCam [applyEffectsAll:790]:VCam applyEffectsAll: mask=0x4 fmt=NV12 w=1920 h=1080
09-14 10:59:43.238   534  3005 E android.hardware.camera.provider-V1-service: garyVCam [save_frame:920]:VCam save_frame: slot ready 1920x1080 NV12 stamp=1757818783238920
09-14 10:59:43.239   534  3005 E android.hardware.camera.provider-V1-service: garyVCam [save_frame:927]:VCam save_frame: -
09-14 10:59:43.253   534  3005 E android.hardware.camera.provider-V1-service: garyVCam [client_thread_func:955]:client 43[0]> header cmdFlag=0 cmd=0 p1=1920 p2=1080 p3=19 p4=3110400 p5=1920 p6=1080
09-14 10:59:43.255   534  2954 E android.hardware.camera.provider-V1-service: garyVCam [guessYuvLayout:1117]:VCam guessYuvLayout: fmt=0x22 -> NV12
09-14 10:59:43.261   534  2954 E android.hardware.camera.provider-V1-service: garyVCam [mapPixelFdFromHandle]: no mappable pixel fd (w=1920 h=1080)
09-14 10:59:43.261   534  2954 E android.hardware.camera.provider-V1-service: garyVCam VCamMapper: lock failed w=1920 h=1080
09-14 10:59:43.261   534  2954 E android.hardware.camera.provider-V1-service: garyVCam [VCam_CopyLatestTo:1513]:VCam_CopyLatestTo: copy failed -4
09-14 10:59:43.261   534  2954 E RKISP2OutputFrameWorker: VCam InjectVirtualIfNeeded: stream 1920x1080 fmt=0x22 -> ret=-4
09-14 10:59:43.261   534  2954 E android.hardware.camera.provider-V1-service: garyVCam [VCam_Tick:1535]:VCam_Tick: fallback=0 desired=1 state=E_VIRTUAL_RUNNING lastFrameUs=1757818783231702 lastPingUs=1757818782632464 outputs=1
09-14 10:59:43.263   534  3005 E android.hardware.camera.provider-V1-service: garyVCam [save_frame:832]:VCam save_frame: + width=1920 height=1080 fmt=19 len=3110400 yStride=1920 ySlice=1080 desired=1 state=E_VIRTUAL_RUNNING outputs=1
09-14 10:59:43.264   534  3005 E android.hardware.camera.provider-V1-service: garyVCam [save_frame:884]:VCam save_frame: updated lastFrameUs=1757818783264390
09-14 10:59:43.264   534  3005 E android.hardware.camera.provider-V1-service: garyVCam [rga_data_convert_transform:259]:VCam rga_data_convert_transform: enter
09-14 10:59:43.264   534  3005 E android.hardware.camera.provider-V1-service: garyVCam [rga_data_convert:217]:VCam rga_data_convert: 1920x1080 I420 -> 1920x1080 NV12 rot=0 flipH=0 flipV=0
09-14 10:59:43.265   534  3005 E android.hardware.camera.provider-V1-service: garyVCam [build_transform_flags:203]:VCam build_transform_flags: rot=0 flipH=0 flipV=0 -> tf=0x0
09-14 10:59:43.265   534  3005 E android.hardware.camera.provider-V1-service: garyVCam [rga_data_convert:239]:VCam rga_data_convert: improcess path usage=0x0
09-14 10:59:43.269   534  3005 E android.hardware.camera.provider-V1-service: garyVCam [rga_data_convert:251]:VCam rga_data_convert: success
09-14 10:59:43.269   534  3005 E android.hardware.camera.provider-V1-service: garyVCam [rga_data_convert_transform:263]:VCam rga_data_convert_transform: exit ok=1
09-14 10:59:43.269   534  3005 E android.hardware.camera.provider-V1-service: garyVCam [applyEffectsAll:790]:VCam applyEffectsAll: mask=0x4 fmt=NV12 w=1920 h=1080
09-14 10:59:43.273   534  3005 E android.hardware.camera.provider-V1-service: garyVCam [save_frame:920]:VCam save_frame: slot ready 1920x1080 NV12 stamp=1757818783272992
09-14 10:59:43.273   534  3005 E android.hardware.camera.provider-V1-service: garyVCam [save_frame:927]:VCam save_frame: -
09-14 10:59:43.286   534  3005 E android.hardware.camera.provider-V1-service: garyVCam [client_thread_func:955]:client 43[0]> header cmdFlag=0 cmd=0 p1=1920 p2=1080 p3=19 p4=3110400 p5=1920 p6=1080
09-14 10:59:43.289   534  2954 E android.hardware.camera.provider-V1-service: garyVCam [guessYuvLayout:1117]:VCam guessYuvLayout: fmt=0x22 -> NV12
09-14 10:59:43.293   534  2954 E android.hardware.camera.provider-V1-service: garyVCam [mapPixelFdFromHandle]: no mappable pixel fd (w=1920 h=1080)
09-14 10:59:43.293   534  2954 E android.hardware.camera.provider-V1-service: garyVCam VCamMapper: lock failed w=1920 h=1080
09-14 10:59:43.293   534  2954 E android.hardware.camera.provider-V1-service: garyVCam [VCam_CopyLatestTo:1513]:VCam_CopyLatestTo: copy failed -4
09-14 10:59:43.293   534  2954 E RKISP2OutputFrameWorker: VCam InjectVirtualIfNeeded: stream 1920x1080 fmt=0x22 -> ret=-4
09-14 10:59:43.293   534  2954 E android.hardware.camera.provider-V1-service: garyVCam [VCam_Tick:1535]:VCam_Tick: fallback=0 desired=1 state=E_VIRTUAL_RUNNING lastFrameUs=1757818783264390 lastPingUs=1757818782632464 outputs=1
09-14 10:59:43.294   534  3005 E android.hardware.camera.provider-V1-service: garyVCam [save_frame:832]:VCam save_frame: + width=1920 height=1080 fmt=19 len=3110400 yStride=1920 ySlice=1080 desired=1 state=E_VIRTUAL_RUNNING outputs=1
09-14 10:59:43.295   534  3005 E android.hardware.camera.provider-V1-service: garyVCam [save_frame:884]:VCam save_frame: updated lastFrameUs=1757818783295482
09-14 10:59:43.295   534  3005 E android.hardware.camera.provider-V1-service: garyVCam [rga_data_convert_transform:259]:VCam rga_data_convert_transform: enter
09-14 10:59:43.295   534  3005 E android.hardware.camera.provider-V1-service: garyVCam [rga_data_convert:217]:VCam rga_data_convert: 1920x1080 I420 -> 1920x1080 NV12 rot=0 flipH=0 flipV=0
09-14 10:59:43.296   534  3005 E android.hardware.camera.provider-V1-service: garyVCam [build_transform_flags:203]:VCam build_transform_flags: rot=0 flipH=0 flipV=0 -> tf=0x0
09-14 10:59:43.296   534  3005 E android.hardware.camera.provider-V1-service: garyVCam [rga_data_convert:239]:VCam rga_data_convert: improcess path usage=0x0
09-14 10:59:43.300   534  3005 E android.hardware.camera.provider-V1-service: garyVCam [rga_data_convert:251]:VCam rga_data_convert: success
09-14 10:59:43.300   534  3005 E android.hardware.camera.provider-V1-service: garyVCam [rga_data_convert_transform:263]:VCam rga_data_convert_transform: exit ok=1
09-14 10:59:43.300   534  3005 E android.hardware.camera.provider-V1-service: garyVCam [applyEffectsAll:790]:VCam applyEffectsAll: mask=0x4 fmt=NV12 w=1920 h=1080
09-14 10:59:43.302   534  3005 E android.hardware.camera.provider-V1-service: garyVCam [save_frame:920]:VCam save_frame: slot ready 1920x1080 NV12 stamp=1757818783302765
09-14 10:59:43.303   534  3005 E android.hardware.camera.provider-V1-service: garyVCam [save_frame:927]:VCam save_frame: -
09-14 10:59:43.321   534  3005 E android.hardware.camera.provider-V1-service: garyVCam [client_thread_func:955]:client 43[0]> header cmdFlag=0 cmd=0 p1=1920 p2=1080 p3=19 p4=3110400 p5=1920 p6=1080
09-14 10:59:43.324   534  2954 E android.hardware.camera.provider-V1-service: garyVCam [guessYuvLayout:1117]:VCam guessYuvLayout: fmt=0x22 -> NV12
09-14 10:59:43.327   534  2954 E android.hardware.camera.provider-V1-service: garyVCam [mapPixelFdFromHandle]: no mappable pixel fd (w=1920 h=1080)
09-14 10:59:43.328   534  2954 E android.hardware.camera.provider-V1-service: garyVCam VCamMapper: lock failed w=1920 h=1080
09-14 10:59:43.328   534  2954 E android.hardware.camera.provider-V1-service: garyVCam [VCam_CopyLatestTo:1513]:VCam_CopyLatestTo: copy failed -4
09-14 10:59:43.328   534  2954 E RKISP2OutputFrameWorker: VCam InjectVirtualIfNeeded: stream 1920x1080 fmt=0x22 -> ret=-4
09-14 10:59:43.328   534  2954 E android.hardware.camera.provider-V1-service: garyVCam [VCam_Tick:1535]:VCam_Tick: fallback=0 desired=1 state=E_VIRTUAL_RUNNING lastFrameUs=1757818783295482 lastPingUs=1757818782632464 outputs=1
09-14 10:59:43.328   534  3005 E android.hardware.camera.provider-V1-service: garyVCam [save_frame:832]:VCam save_frame: + width=1920 height=1080 fmt=19 len=3110400 yStride=1920 ySlice=1080 desired=1 state=E_VIRTUAL_RUNNING outputs=1
09-14 10:59:43.329   534  3005 E android.hardware.camera.provider-V1-service: garyVCam [save_frame:884]:VCam save_frame: updated lastFrameUs=1757818783329461
09-14 10:59:43.329   534  3005 E android.hardware.camera.provider-V1-service: garyVCam [rga_data_convert_transform:259]:VCam rga_data_convert_transform: enter
09-14 10:59:43.329   534  3005 E android.hardware.camera.provider-V1-service: garyVCam [rga_data_convert:217]:VCam rga_data_convert: 1920x1080 I420 -> 1920x1080 NV12 rot=0 flipH=0 flipV=0
09-14 10:59:43.330   534  3005 E android.hardware.camera.provider-V1-service: garyVCam [build_transform_flags:203]:VCam build_transform_flags: rot=0 flipH=0 flipV=0 -> tf=0x0
09-14 10:59:43.330   534  3005 E android.hardware.camera.provider-V1-service: garyVCam [rga_data_convert:239]:VCam rga_data_convert: improcess path usage=0x0
09-14 10:59:43.333   534  3005 E android.hardware.camera.provider-V1-service: garyVCam [rga_data_convert:251]:VCam rga_data_convert: success
09-14 10:59:43.333   534  3005 E android.hardware.camera.provider-V1-service: garyVCam [rga_data_convert_transform:263]:VCam rga_data_convert_transform: exit ok=1
09-14 10:59:43.333   534  3005 E android.hardware.camera.provider-V1-service: garyVCam [applyEffectsAll:790]:VCam applyEffectsAll: mask=0x4 fmt=NV12 w=1920 h=1080
09-14 10:59:43.336   534  3005 E android.hardware.camera.provider-V1-service: garyVCam [save_frame:920]:VCam save_frame: slot ready 1920x1080 NV12 stamp=1757818783336299
09-14 10:59:43.336   534  3005 E android.hardware.camera.provider-V1-service: garyVCam [save_frame:927]:VCam save_frame: -
09-14 10:59:43.353   534  3005 E android.hardware.camera.provider-V1-service: garyVCam [client_thread_func:955]:client 43[0]> header cmdFlag=0 cmd=0 p1=1920 p2=1080 p3=19 p4=3110400 p5=1920 p6=1080
09-14 10:59:43.356   534  2954 E android.hardware.camera.provider-V1-service: garyVCam [guessYuvLayout:1117]:VCam guessYuvLayout: fmt=0x22 -> NV12
09-14 10:59:43.363   534  2954 E android.hardware.camera.provider-V1-service: garyVCam [mapPixelFdFromHandle]: no mappable pixel fd (w=1920 h=1080)
09-14 10:59:43.364   534  2954 E android.hardware.camera.provider-V1-service: garyVCam VCamMapper: lock failed w=1920 h=1080
09-14 10:59:43.364   534  2954 E android.hardware.camera.provider-V1-service: garyVCam [VCam_CopyLatestTo:1513]:VCam_CopyLatestTo: copy failed -4
09-14 10:59:43.364   534  2954 E RKISP2OutputFrameWorker: VCam InjectVirtualIfNeeded: stream 1920x1080 fmt=0x22 -> ret=-4
09-14 10:59:43.364   534  2954 E android.hardware.camera.provider-V1-service: garyVCam [VCam_Tick:1535]:VCam_Tick: fallback=0 desired=1 state=E_VIRTUAL_RUNNING lastFrameUs=1757818783329461 lastPingUs=1757818782632464 outputs=1
09-14 10:59:43.364   534  3005 E android.hardware.camera.provider-V1-service: garyVCam [save_frame:832]:VCam save_frame: + width=1920 height=1080 fmt=19 len=3110400 yStride=1920 ySlice=1080 desired=1 state=E_VIRTUAL_RUNNING outputs=1
09-14 10:59:43.366   534  3005 E android.hardware.camera.provider-V1-service: garyVCam [save_frame:884]:VCam save_frame: updated lastFrameUs=1757818783366296
09-14 10:59:43.366   534  3005 E android.hardware.camera.provider-V1-service: garyVCam [rga_data_convert_transform:259]:VCam rga_data_convert_transform: enter
09-14 10:59:43.366   534  3005 E android.hardware.camera.provider-V1-service: garyVCam [rga_data_convert:217]:VCam rga_data_convert: 1920x1080 I420 -> 1920x1080 NV12 rot=0 flipH=0 flipV=0
09-14 10:59:43.367   534  3005 E android.hardware.camera.provider-V1-service: garyVCam [build_transform_flags:203]:VCam build_transform_flags: rot=0 flipH=0 flipV=0 -> tf=0x0
09-14 10:59:43.367   534  3005 E android.hardware.camera.provider-V1-service: garyVCam [rga_data_convert:239]:VCam rga_data_convert: improcess path usage=0x0
09-14 10:59:43.370   534  3005 E android.hardware.camera.provider-V1-service: garyVCam [rga_data_convert:251]:VCam rga_data_convert: success
09-14 10:59:43.370   534  3005 E android.hardware.camera.provider-V1-service: garyVCam [rga_data_convert_transform:263]:VCam rga_data_convert_transform: exit ok=1
09-14 10:59:43.370   534  3005 E android.hardware.camera.provider-V1-service: garyVCam [applyEffectsAll:790]:VCam applyEffectsAll: mask=0x4 fmt=NV12 w=1920 h=1080
09-14 10:59:43.373   534  3005 E android.hardware.camera.provider-V1-service: garyVCam [save_frame:920]:VCam save_frame: slot ready 1920x1080 NV12 stamp=1757818783373101
09-14 10:59:43.373   534  3005 E android.hardware.camera.provider-V1-service: garyVCam [save_frame:927]:VCam save_frame: -
09-14 10:59:43.386   534  3005 E android.hardware.camera.provider-V1-service: garyVCam [client_thread_func:955]:client 43[0]> header cmdFlag=0 cmd=0 p1=1920 p2=1080 p3=19 p4=3110400 p5=1920 p6=1080
09-14 10:59:43.388   534  2954 E android.hardware.camera.provider-V1-service: garyVCam [guessYuvLayout:1117]:VCam guessYuvLayout: fmt=0x22 -> NV12
09-14 10:59:43.393   534  2954 E android.hardware.camera.provider-V1-service: garyVCam [mapPixelFdFromHandle]: no mappable pixel fd (w=1920 h=1080)
09-14 10:59:43.393   534  2954 E android.hardware.camera.provider-V1-service: garyVCam VCamMapper: lock failed w=1920 h=1080
09-14 10:59:43.393   534  2954 E android.hardware.camera.provider-V1-service: garyVCam [VCam_CopyLatestTo:1513]:VCam_CopyLatestTo: copy failed -4
09-14 10:59:43.393   534  2954 E RKISP2OutputFrameWorker: VCam InjectVirtualIfNeeded: stream 1920x1080 fmt=0x22 -> ret=-4
09-14 10:59:43.393   534  2954 E android.hardware.camera.provider-V1-service: garyVCam [VCam_Tick:1535]:VCam_Tick: fallback=0 desired=1 state=E_VIRTUAL_RUNNING lastFrameUs=1757818783366296 lastPingUs=1757818782632464 outputs=1
09-14 10:59:43.395   534  3005 E android.hardware.camera.provider-V1-service: garyVCam [save_frame:832]:VCam save_frame: + width=1920 height=1080 fmt=19 len=3110400 yStride=1920 ySlice=1080 desired=1 state=E_VIRTUAL_RUNNING outputs=1
09-14 10:59:43.396   534  3005 E android.hardware.camera.provider-V1-service: garyVCam [save_frame:884]:VCam save_frame: updated lastFrameUs=1757818783396109
09-14 10:59:43.396   534  3005 E android.hardware.camera.provider-V1-service: garyVCam [rga_data_convert_transform:259]:VCam rga_data_convert_transform: enter
09-14 10:59:43.396   534  3005 E android.hardware.camera.provider-V1-service: garyVCam [rga_data_convert:217]:VCam rga_data_convert: 1920x1080 I420 -> 1920x1080 NV12 rot=0 flipH=0 flipV=0
09-14 10:59:43.396   534  3005 E android.hardware.camera.provider-V1-service: garyVCam [build_transform_flags:203]:VCam build_transform_flags: rot=0 flipH=0 flipV=0 -> tf=0x0
09-14 10:59:43.396   534  3005 E android.hardware.camera.provider-V1-service: garyVCam [rga_data_convert:239]:VCam rga_data_convert: improcess path usage=0x0
09-14 10:59:43.400   534  3005 E android.hardware.camera.provider-V1-service: garyVCam [rga_data_convert:251]:VCam rga_data_convert: success
09-14 10:59:43.400   534  3005 E android.hardware.camera.provider-V1-service: garyVCam [rga_data_convert_transform:263]:VCam rga_data_convert_transform: exit ok=1
09-14 10:59:43.400   534  3005 E android.hardware.camera.provider-V1-service: garyVCam [applyEffectsAll:790]:VCam applyEffectsAll: mask=0x4 fmt=NV12 w=1920 h=1080
09-14 10:59:43.402   534  3005 E android.hardware.camera.provider-V1-service: garyVCam [save_frame:920]:VCam save_frame: slot ready 1920x1080 NV12 stamp=1757818783402830
09-14 10:59:43.402   534  3005 E android.hardware.camera.provider-V1-service: garyVCam [save_frame:927]:VCam save_frame: -
09-14 10:59:43.420   534  3005 E android.hardware.camera.provider-V1-service: garyVCam [client_thread_func:955]:client 43[0]> header cmdFlag=0 cmd=0 p1=1920 p2=1080 p3=19 p4=3110400 p5=1920 p6=1080
09-14 10:59:43.422   534  2954 E android.hardware.camera.provider-V1-service: garyVCam [guessYuvLayout:1117]:VCam guessYuvLayout: fmt=0x22 -> NV12
09-14 10:59:43.425   534  2954 E android.hardware.camera.provider-V1-service: garyVCam [mapPixelFdFromHandle]: no mappable pixel fd (w=1920 h=1080)
09-14 10:59:43.426   534  2954 E android.hardware.camera.provider-V1-service: garyVCam VCamMapper: lock failed w=1920 h=1080
09-14 10:59:43.426   534  2954 E android.hardware.camera.provider-V1-service: garyVCam [VCam_CopyLatestTo:1513]:VCam_CopyLatestTo: copy failed -4
09-14 10:59:43.426   534  2954 E RKISP2OutputFrameWorker: VCam InjectVirtualIfNeeded: stream 1920x1080 fmt=0x22 -> ret=-4
09-14 10:59:43.426   534  2954 E android.hardware.camera.provider-V1-service: garyVCam [VCam_Tick:1535]:VCam_Tick: fallback=0 desired=1 state=E_VIRTUAL_RUNNING lastFrameUs=1757818783396109 lastPingUs=1757818782632464 outputs=1
09-14 10:59:43.428   534  3005 E android.hardware.camera.provider-V1-service: garyVCam [save_frame:832]:VCam save_frame: + width=1920 height=1080 fmt=19 len=3110400 yStride=1920 ySlice=1080 desired=1 state=E_VIRTUAL_RUNNING outputs=1
09-14 10:59:43.429   534  3005 E android.hardware.camera.provider-V1-service: garyVCam [save_frame:884]:VCam save_frame: updated lastFrameUs=1757818783428991
09-14 10:59:43.429   534  3005 E android.hardware.camera.provider-V1-service: garyVCam [rga_data_convert_transform:259]:VCam rga_data_convert_transform: enter
09-14 10:59:43.429   534  3005 E android.hardware.camera.provider-V1-service: garyVCam [rga_data_convert:217]:VCam rga_data_convert: 1920x1080 I420 -> 1920x1080 NV12 rot=0 flipH=0 flipV=0
09-14 10:59:43.430   534  3005 E android.hardware.camera.provider-V1-service: garyVCam [build_transform_flags:203]:VCam build_transform_flags: rot=0 flipH=0 flipV=0 -> tf=0x0
09-14 10:59:43.430   534  3005 E android.hardware.camera.provider-V1-service: garyVCam [rga_data_convert:239]:VCam rga_data_convert: improcess path usage=0x0
09-14 10:59:43.433   534  3005 E android.hardware.camera.provider-V1-service: garyVCam [rga_data_convert:251]:VCam rga_data_convert: success
09-14 10:59:43.433   534  3005 E android.hardware.camera.provider-V1-service: garyVCam [rga_data_convert_transform:263]:VCam rga_data_convert_transform: exit ok=1
09-14 10:59:43.433   534  3005 E android.hardware.camera.provider-V1-service: garyVCam [applyEffectsAll:790]:VCam applyEffectsAll: mask=0x4 fmt=NV12 w=1920 h=1080
09-14 10:59:43.435   534  3005 E android.hardware.camera.provider-V1-service: garyVCam [save_frame:920]:VCam save_frame: slot ready 1920x1080 NV12 stamp=1757818783435502
09-14 10:59:43.435   534  3005 E android.hardware.camera.provider-V1-service: garyVCam [save_frame:927]:VCam save_frame: -
09-14 10:59:43.455   534  3005 E android.hardware.camera.provider-V1-service: garyVCam [client_thread_func:955]:client 43[0]> header cmdFlag=0 cmd=0 p1=1920 p2=1080 p3=19 p4=3110400 p5=1920 p6=1080
09-14 10:59:43.457   534  2954 E android.hardware.camera.provider-V1-service: garyVCam [guessYuvLayout:1117]:VCam guessYuvLayout: fmt=0x22 -> NV12
09-14 10:59:43.459   534  2954 E android.hardware.camera.provider-V1-service: garyVCam [mapPixelFdFromHandle]: picked fd[42]=124 mappedLen=3317760 (st_size=4149248)
09-14 10:59:43.459   534  2954 E android.hardware.camera.provider-V1-service: garyVCam [dmaSync:1089]:VCam dmaSync: fd=98 start=1
09-14 10:59:43.461   534  2954 E android.hardware.camera.provider-V1-service: garyVCam [estimateStrideFromSize]: bestSize=3317760 w=1920 h=1080 -> stride=2048 need=3317760
09-14 10:59:43.464   534  2954 E android.hardware.camera.provider-V1-service: garyVCam [dmaSync:1089]:VCam dmaSync: fd=98 start=0
09-14 10:59:43.465   534  3005 E android.hardware.camera.provider-V1-service: garyVCam [save_frame:832]:VCam save_frame: + width=1920 height=1080 fmt=19 len=3110400 yStride=1920 ySlice=1080 desired=1 state=E_VIRTUAL_RUNNING outputs=1
09-14 10:59:43.466   534  2954 E android.hardware.camera.provider-V1-service: garyVCam [VCam_CopyLatestTo:1511]:VCam_CopyLatestTo: OK slot 1920x1080 NV12 lastPingUs=1757818783466479
09-14 10:59:43.466   534  2954 E RKISP2OutputFrameWorker: VCam InjectVirtualIfNeeded: stream 1920x1080 fmt=0x22 -> ret=0
09-14 10:59:43.466   534  2954 E android.hardware.camera.provider-V1-service: garyVCam [VCam_Tick:1535]:VCam_Tick: fallback=0 desired=1 state=E_VIRTUAL_RUNNING lastFrameUs=1757818783428991 lastPingUs=1757818783466479 outputs=1
09-14 10:59:43.468   534  3005 E android.hardware.camera.provider-V1-service: garyVCam [save_frame:884]:VCam save_frame: updated lastFrameUs=1757818783468654
09-14 10:59:43.468   534  3005 E android.hardware.camera.provider-V1-service: garyVCam [rga_data_convert_transform:259]:VCam rga_data_convert_transform: enter
09-14 10:59:43.469   534  3005 E android.hardware.camera.provider-V1-service: garyVCam [rga_data_convert:217]:VCam rga_data_convert: 1920x1080 I420 -> 1920x1080 NV12 rot=0 flipH=0 flipV=0
09-14 10:59:43.469   534  3005 E android.hardware.camera.provider-V1-service: garyVCam [build_transform_flags:203]:VCam build_transform_flags: rot=0 flipH=0 flipV=0 -> tf=0x0
09-14 10:59:43.469   534  3005 E android.hardware.camera.provider-V1-service: garyVCam [rga_data_convert:239]:VCam rga_data_convert: improcess path usage=0x0
09-14 10:59:43.473   534  3005 E android.hardware.camera.provider-V1-service: garyVCam [rga_data_convert:251]:VCam rga_data_convert: success
09-14 10:59:43.473   534  3005 E android.hardware.camera.provider-V1-service: garyVCam [rga_data_convert_transform:263]:VCam rga_data_convert_transform: exit ok=1
09-14 10:59:43.473   534  3005 E android.hardware.camera.provider-V1-service: garyVCam [applyEffectsAll:790]:VCam applyEffectsAll: mask=0x4 fmt=NV12 w=1920 h=1080
09-14 10:59:43.477   534  3005 E android.hardware.camera.provider-V1-service: garyVCam [save_frame:920]:VCam save_frame: slot ready 1920x1080 NV12 stamp=1757818783477542
09-14 10:59:43.478   534  3005 E android.hardware.camera.provider-V1-service: garyVCam [save_frame:927]:VCam save_frame: -
09-14 10:59:43.488   534  3005 E android.hardware.camera.provider-V1-service: garyVCam [client_thread_func:955]:client 43[0]> header cmdFlag=0 cmd=0 p1=1920 p2=1080 p3=19 p4=3110400 p5=1920 p6=1080
09-14 10:59:43.490   534  2954 E android.hardware.camera.provider-V1-service: garyVCam [guessYuvLayout:1117]:VCam guessYuvLayout: fmt=0x22 -> NV12
09-14 10:59:43.492   534  2954 E android.hardware.camera.provider-V1-service: garyVCam [mapPixelFdFromHandle]: picked fd[42]=124 mappedLen=3317760 (st_size=4149248)
09-14 10:59:43.492   534  2954 E android.hardware.camera.provider-V1-service: garyVCam [dmaSync:1089]:VCam dmaSync: fd=86 start=1
09-14 10:59:43.493   534  2954 E android.hardware.camera.provider-V1-service: garyVCam [estimateStrideFromSize]: bestSize=3317760 w=1920 h=1080 -> stride=2048 need=3317760
09-14 10:59:43.497   534  2954 E android.hardware.camera.provider-V1-service: garyVCam [dmaSync:1089]:VCam dmaSync: fd=86 start=0
09-14 10:59:43.498   534  3005 E android.hardware.camera.provider-V1-service: garyVCam [save_frame:832]:VCam save_frame: + width=1920 height=1080 fmt=19 len=3110400 yStride=1920 ySlice=1080 desired=1 state=E_VIRTUAL_RUNNING outputs=1
09-14 10:59:43.499   534  2954 E android.hardware.camera.provider-V1-service: garyVCam [VCam_CopyLatestTo:1511]:VCam_CopyLatestTo: OK slot 1920x1080 NV12 lastPingUs=1757818783499343
09-14 10:59:43.499   534  2954 E RKISP2OutputFrameWorker: VCam InjectVirtualIfNeeded: stream 1920x1080 fmt=0x22 -> ret=0
09-14 10:59:43.500   534  2954 E android.hardware.camera.provider-V1-service: garyVCam [VCam_Tick:1535]:VCam_Tick: fallback=0 desired=1 state=E_VIRTUAL_RUNNING lastFrameUs=1757818783468654 lastPingUs=1757818783499343 outputs=1
09-14 10:59:43.501   534  3005 E android.hardware.camera.provider-V1-service: garyVCam [save_frame:884]:VCam save_frame: updated lastFrameUs=1757818783501711
09-14 10:59:43.501   534  3005 E android.hardware.camera.provider-V1-service: garyVCam [rga_data_convert_transform:259]:VCam rga_data_convert_transform: enter
09-14 10:59:43.501   534  3005 E android.hardware.camera.provider-V1-service: garyVCam [rga_data_convert:217]:VCam rga_data_convert: 1920x1080 I420 -> 1920x1080 NV12 rot=0 flipH=0 flipV=0
09-14 10:59:43.502   534  3005 E android.hardware.camera.provider-V1-service: garyVCam [build_transform_flags:203]:VCam build_transform_flags: rot=0 flipH=0 flipV=0 -> tf=0x0
09-14 10:59:43.502   534  3005 E android.hardware.camera.provider-V1-service: garyVCam [rga_data_convert:239]:VCam rga_data_convert: improcess path usage=0x0
09-14 10:59:43.505   534  3005 E android.hardware.camera.provider-V1-service: garyVCam [rga_data_convert:251]:VCam rga_data_convert: success
09-14 10:59:43.505   534  3005 E android.hardware.camera.provider-V1-service: garyVCam [rga_data_convert_transform:263]:VCam rga_data_convert_transform: exit ok=1
09-14 10:59:43.505   534  3005 E android.hardware.camera.provider-V1-service: garyVCam [applyEffectsAll:790]:VCam applyEffectsAll: mask=0x4 fmt=NV12 w=1920 h=1080
09-14 10:59:43.508   534  3005 E android.hardware.camera.provider-V1-service: garyVCam [save_frame:920]:VCam save_frame: slot ready 1920x1080 NV12 stamp=1757818783508590
09-14 10:59:43.508   534  3005 E android.hardware.camera.provider-V1-service: garyVCam [save_frame:927]:VCam save_frame: -
09-14 10:59:43.520   534  3005 E android.hardware.camera.provider-V1-service: garyVCam [client_thread_func:955]:client 43[0]> header cmdFlag=0 cmd=0 p1=1920 p2=1080 p3=19 p4=3110400 p5=1920 p6=1080
09-14 10:59:43.521   534  2954 E android.hardware.camera.provider-V1-service: garyVCam [guessYuvLayout:1117]:VCam guessYuvLayout: fmt=0x22 -> NV12
09-14 10:59:43.523   534  2954 E android.hardware.camera.provider-V1-service: garyVCam [mapPixelFdFromHandle]: picked fd[42]=124 mappedLen=3317760 (st_size=4149248)
09-14 10:59:43.523   534  2954 E android.hardware.camera.provider-V1-service: garyVCam [dmaSync:1089]:VCam dmaSync: fd=97 start=1
09-14 10:59:43.526   534  2954 E android.hardware.camera.provider-V1-service: garyVCam [estimateStrideFromSize]: bestSize=3317760 w=1920 h=1080 -> stride=2048 need=3317760
09-14 10:59:43.529   534  2954 E android.hardware.camera.provider-V1-service: garyVCam [dmaSync:1089]:VCam dmaSync: fd=97 start=0
09-14 10:59:43.530   534  3005 E android.hardware.camera.provider-V1-service: garyVCam [save_frame:832]:VCam save_frame: + width=1920 height=1080 fmt=19 len=3110400 yStride=1920 ySlice=1080 desired=1 state=E_VIRTUAL_RUNNING outputs=1
09-14 10:59:43.531   534  3005 E android.hardware.camera.provider-V1-service: garyVCam [save_frame:884]:VCam save_frame: updated lastFrameUs=1757818783531242
09-14 10:59:43.532   534  2954 E android.hardware.camera.provider-V1-service: garyVCam [VCam_CopyLatestTo:1511]:VCam_CopyLatestTo: OK slot 1920x1080 NV12 lastPingUs=1757818783532464
09-14 10:59:43.532   534  2954 E RKISP2OutputFrameWorker: VCam InjectVirtualIfNeeded: stream 1920x1080 fmt=0x22 -> ret=0
09-14 10:59:43.532   534  2954 E android.hardware.camera.provider-V1-service: garyVCam [VCam_Tick:1535]:VCam_Tick: fallback=0 desired=1 state=E_VIRTUAL_RUNNING lastFrameUs=1757818783531242 lastPingUs=1757818783532464 outputs=1
09-14 10:59:43.532   534  3005 E android.hardware.camera.provider-V1-service: garyVCam [rga_data_convert_transform:259]:VCam rga_data_convert_transform: enter
09-14 10:59:43.532   534  3005 E android.hardware.camera.provider-V1-service: garyVCam [rga_data_convert:217]:VCam rga_data_convert: 1920x1080 I420 -> 1920x1080 NV12 rot=0 flipH=0 flipV=0
09-14 10:59:43.533   534  3005 E android.hardware.camera.provider-V1-service: garyVCam [build_transform_flags:203]:VCam build_transform_flags: rot=0 flipH=0 flipV=0 -> tf=0x0
09-14 10:59:43.533   534  3005 E android.hardware.camera.provider-V1-service: garyVCam [rga_data_convert:239]:VCam rga_data_convert: improcess path usage=0x0
09-14 10:59:43.537   534  3005 E android.hardware.camera.provider-V1-service: garyVCam [rga_data_convert:251]:VCam rga_data_convert: success
09-14 10:59:43.537   534  3005 E android.hardware.camera.provider-V1-service: garyVCam [rga_data_convert_transform:263]:VCam rga_data_convert_transform: exit ok=1
09-14 10:59:43.537   534  3005 E android.hardware.camera.provider-V1-service: garyVCam [applyEffectsAll:790]:VCam applyEffectsAll: mask=0x4 fmt=NV12 w=1920 h=1080
09-14 10:59:43.539   534  3005 E android.hardware.camera.provider-V1-service: garyVCam [save_frame:920]:VCam save_frame: slot ready 1920x1080 NV12 stamp=1757818783539625
09-14 10:59:43.539   534  3005 E android.hardware.camera.provider-V1-service: garyVCam [save_frame:927]:VCam save_frame: -
09-14 10:59:43.553   534  3005 E android.hardware.camera.provider-V1-service: garyVCam [client_thread_func:955]:client 43[0]> header cmdFlag=0 cmd=0 p1=1920 p2=1080 p3=19 p4=3110400 p5=1920 p6=1080
09-14 10:59:43.555   534  2954 E android.hardware.camera.provider-V1-service: garyVCam [guessYuvLayout:1117]:VCam guessYuvLayout: fmt=0x22 -> NV12
09-14 10:59:43.556   534  2954 E android.hardware.camera.provider-V1-service: garyVCam [mapPixelFdFromHandle]: picked fd[42]=124 mappedLen=3317760 (st_size=4149248)
