09-14 10:59:38.978   534  3005 E android.hardware.camera.provider-V1-service: garyVCam [client_thread_func:955]:client 43[0]> header cmdFlag=1 cmd=7 p1=0 p2=0 p3=0 p4=0 p5=0 p6=0
09-14 10:59:38.978   534  3005 E android.hardware.camera.provider-V1-service: garyVCam [setEffects:158]:mask:0 bright:0 color:0 block:0 jitter:0
09-14 10:59:38.978   534  3005 E android.hardware.camera.provider-V1-service: garyVCam [client_thread_func:955]:client 43[0]> header cmdFlag=1 cmd=2 p1=0 p2=0 p3=0 p4=0 p5=0 p6=0
09-14 10:59:38.979   534  3005 E android.hardware.camera.provider-V1-service: garyVCam [requestVirtual:388]:requestVirtual: desire=VIRTUAL (old=0) state=E_TRUE outputs=1
09-14 10:59:38.979   534  3005 E android.hardware.camera.provider-V1-service: garyVCam [changeState:424]:changeState: E_TRUE -> E_VIRTUAL_RESP_READY
09-14 10:59:38.979   534  3005 E android.hardware.camera.provider-V1-service: garyVCam [responseToClients:364]:server> broadcast to 1 clients: [2,0,0,0]
09-14 10:59:38.979   534  3005 E android.hardware.camera.provider-V1-service: garyVCam [responseToClient:356]:server>client 43 send OK [2,0,0,0]
09-14 10:59:38.979   534  3005 E android.hardware.camera.provider-V1-service: garyVCam [requestVirtual:396]:requestVirtual: -> RESP_READY (outputs pre-set) lastFrameUs=1757818778979068
09-14 10:59:38.988   534  2954 E android.hardware.camera.provider-V1-service: garyVCam [VCam_ShouldUseVirtual:1451]:VCam_ShouldUseVirtual: false (desired=1 state=E_VIRTUAL_RESP_READY outputs=1)
09-14 10:59:38.988   534  2954 E android.hardware.camera.provider-V1-service: garyVCam [VCam_Tick:1535]:VCam_Tick: fallback=0 desired=1 state=E_VIRTUAL_RESP_READY lastFrameUs=1757818778979068 lastPingUs=1757818775458302 outputs=1
09-14 10:59:38.988   534  2954 E RKISP2OutputFrameWorker: VCam InjectVirtualIfNeeded should false
09-14 10:59:39.021   534  2954 E android.hardware.camera.provider-V1-service: garyVCam [VCam_ShouldUseVirtual:1451]:VCam_ShouldUseVirtual: false (desired=1 state=E_VIRTUAL_RESP_READY outputs=1)
09-14 10:59:39.021   534  2954 E android.hardware.camera.provider-V1-service: garyVCam [VCam_Tick:1535]:VCam_Tick: fallback=0 desired=1 state=E_VIRTUAL_RESP_READY lastFrameUs=1757818778979068 lastPingUs=1757818775458302 outputs=1
09-14 10:59:39.021   534  2954 E RKISP2OutputFrameWorker: VCam InjectVirtualIfNeeded should false
09-14 10:59:39.055   534  2954 E android.hardware.camera.provider-V1-service: garyVCam [VCam_ShouldUseVirtual:1451]:VCam_ShouldUseVirtual: false (desired=1 state=E_VIRTUAL_RESP_READY outputs=1)
09-14 10:59:39.055   534  2954 E android.hardware.camera.provider-V1-service: garyVCam [VCam_Tick:1535]:VCam_Tick: fallback=0 desired=1 state=E_VIRTUAL_RESP_READY lastFrameUs=1757818778979068 lastPingUs=1757818775458302 outputs=1
09-14 10:59:39.055   534  2954 E RKISP2OutputFrameWorker: VCam InjectVirtualIfNeeded should false
09-14 10:59:39.087   534  2954 E android.hardware.camera.provider-V1-service: garyVCam [VCam_ShouldUseVirtual:1451]:VCam_ShouldUseVirtual: false (desired=1 state=E_VIRTUAL_RESP_READY outputs=1)
09-14 10:59:39.087   534  2954 E android.hardware.camera.provider-V1-service: garyVCam [VCam_Tick:1535]:VCam_Tick: fallback=0 desired=1 state=E_VIRTUAL_RESP_READY lastFrameUs=1757818778979068 lastPingUs=1757818775458302 outputs=1
09-14 10:59:39.087   534  2954 E RKISP2OutputFrameWorker: VCam InjectVirtualIfNeeded should false
09-14 10:59:39.121   534  2954 E android.hardware.camera.provider-V1-service: garyVCam [VCam_ShouldUseVirtual:1451]:VCam_ShouldUseVirtual: false (desired=1 state=E_VIRTUAL_RESP_READY outputs=1)
09-14 10:59:39.121   534  2954 E android.hardware.camera.provider-V1-service: garyVCam [VCam_Tick:1535]:VCam_Tick: fallback=0 desired=1 state=E_VIRTUAL_RESP_READY lastFrameUs=1757818778979068 lastPingUs=1757818775458302 outputs=1
09-14 10:59:39.121   534  2954 E RKISP2OutputFrameWorker: VCam InjectVirtualIfNeeded should false
09-14 10:59:39.154   534  2954 E android.hardware.camera.provider-V1-service: garyVCam [VCam_ShouldUseVirtual:1451]:VCam_ShouldUseVirtual: false (desired=1 state=E_VIRTUAL_RESP_READY outputs=1)
09-14 10:59:39.154   534  2954 E android.hardware.camera.provider-V1-service: garyVCam [VCam_Tick:1535]:VCam_Tick: fallback=0 desired=1 state=E_VIRTUAL_RESP_READY lastFrameUs=1757818778979068 lastPingUs=1757818775458302 outputs=1
09-14 10:59:39.154   534  2954 E RKISP2OutputFrameWorker: VCam InjectVirtualIfNeeded should false
09-14 10:59:39.188   534  2954 E android.hardware.camera.provider-V1-service: garyVCam [VCam_ShouldUseVirtual:1451]:VCam_ShouldUseVirtual: false (desired=1 state=E_VIRTUAL_RESP_READY outputs=1)
09-14 10:59:39.188   534  2954 E android.hardware.camera.provider-V1-service: garyVCam [VCam_Tick:1535]:VCam_Tick: fallback=0 desired=1 state=E_VIRTUAL_RESP_READY lastFrameUs=1757818778979068 lastPingUs=1757818775458302 outputs=1
09-14 10:59:39.188   534  2954 E RKISP2OutputFrameWorker: VCam InjectVirtualIfNeeded should false
09-14 10:59:39.223   534  2954 E android.hardware.camera.provider-V1-service: garyVCam [VCam_ShouldUseVirtual:1451]:VCam_ShouldUseVirtual: false (desired=1 state=E_VIRTUAL_RESP_READY outputs=1)
09-14 10:59:39.223   534  2954 E android.hardware.camera.provider-V1-service: garyVCam [VCam_Tick:1535]:VCam_Tick: fallback=0 desired=1 state=E_VIRTUAL_RESP_READY lastFrameUs=1757818778979068 lastPingUs=1757818775458302 outputs=1
09-14 10:59:39.223   534  2954 E RKISP2OutputFrameWorker: VCam InjectVirtualIfNeeded should false
09-14 10:59:39.257   534  2954 E android.hardware.camera.provider-V1-service: garyVCam [VCam_ShouldUseVirtual:1451]:VCam_ShouldUseVirtual: false (desired=1 state=E_VIRTUAL_RESP_READY outputs=1)
09-14 10:59:39.257   534  2954 E android.hardware.camera.provider-V1-service: garyVCam [VCam_Tick:1535]:VCam_Tick: fallback=0 desired=1 state=E_VIRTUAL_RESP_READY lastFrameUs=1757818778979068 lastPingUs=1757818775458302 outputs=1
09-14 10:59:39.257   534  2954 E RKISP2OutputFrameWorker: VCam InjectVirtualIfNeeded should false
09-14 10:59:39.263   534  3005 E android.hardware.camera.provider-V1-service: garyVCam [client_thread_func:955]:client 43[0]> header cmdFlag=0 cmd=0 p1=1920 p2=1080 p3=19 p4=3110400 p5=1920 p6=1080
09-14 10:59:39.281   534  3005 E android.hardware.camera.provider-V1-service: garyVCam [save_frame:832]:VCam save_frame: + width=1920 height=1080 fmt=19 len=3110400 yStride=1920 ySlice=1080 desired=1 state=E_VIRTUAL_RESP_READY outputs=1
09-14 10:59:39.283   534  3005 E android.hardware.camera.provider-V1-service: garyVCam [rga_init_src_if_needed:158]:VCam rga_init_src: dma_buf_alloc src ret=0 fd=138 ptr=0x7c73931000
09-14 10:59:39.287   534  3005 E android.hardware.camera.provider-V1-service: garyVCam [rga_init_src_if_needed:168]:VCam rga_init_src: importbuffer_fd src_handle=202
09-14 10:59:39.295   534  3005 E android.hardware.camera.provider-V1-service: garyVCam [save_frame:884]:VCam save_frame: updated lastFrameUs=1757818779295787
09-14 10:59:39.295   534  3005 E android.hardware.camera.provider-V1-service: garyVCam [onFirstFrameArrived:434]:onFirstFrameArrived: desired=1 state=E_VIRTUAL_RESP_READY
09-14 10:59:39.295   534  3005 E android.hardware.camera.provider-V1-service: garyVCam [changeState:424]:changeState: E_VIRTUAL_RESP_READY -> E_VIRTUAL_FIRST_FRAME
09-14 10:59:39.295   534  3005 E android.hardware.camera.provider-V1-service: garyVCam [responseToClients:364]:server> broadcast to 1 clients: [3,0,0,0]
09-14 10:59:39.297   534  3005 E android.hardware.camera.provider-V1-service: garyVCam [responseToClient:356]:server>client 43 send OK [3,0,0,0]
09-14 10:59:39.298   534  3005 E android.hardware.camera.provider-V1-service: garyVCam [rga_data_convert_transform:259]:VCam rga_data_convert_transform: enter
09-14 10:59:39.298   534  3005 E android.hardware.camera.provider-V1-service: garyVCam [rga_data_convert:217]:VCam rga_data_convert: 1920x1080 I420 -> 1920x1080 NV12 rot=0 flipH=0 flipV=0
09-14 10:59:39.298   534  3005 E android.hardware.camera.provider-V1-service: garyVCam [build_transform_flags:203]:VCam build_transform_flags: rot=0 flipH=0 flipV=0 -> tf=0x0
09-14 10:59:39.299   534  3005 E android.hardware.camera.provider-V1-service: garyVCam [rga_data_convert:239]:VCam rga_data_convert: improcess path usage=0x0
09-14 10:59:39.301   534  2954 E android.hardware.camera.provider-V1-service: garyVCam [guessYuvLayout:1117]:VCam guessYuvLayout: fmt=0x22 -> NV12
09-14 10:59:39.308   534  3005 E android.hardware.camera.provider-V1-service: garyVCam [rga_data_convert:251]:VCam rga_data_convert: success
09-14 10:59:39.308   534  3005 E android.hardware.camera.provider-V1-service: garyVCam [rga_data_convert_transform:263]:VCam rga_data_convert_transform: exit ok=1
09-14 10:59:39.308   534  3005 E android.hardware.camera.provider-V1-service: garyVCam [save_frame:920]:VCam save_frame: slot ready 1920x1080 NV12 stamp=1757818779308910
09-14 10:59:39.308   534  3005 E android.hardware.camera.provider-V1-service: garyVCam [onVirtualFrameRunning:444]:onVirtualFrameRunning: desired=1 state=E_VIRTUAL_FIRST_FRAME
09-14 10:59:39.308   534  3005 E android.hardware.camera.provider-V1-service: garyVCam [changeState:424]:changeState: E_VIRTUAL_FIRST_FRAME -> E_VIRTUAL_RUNNING
09-14 10:59:39.309   534  3005 E android.hardware.camera.provider-V1-service: garyVCam [responseToClients:364]:server> broadcast to 1 clients: [4,0,0,0]
09-14 10:59:39.309   534  3005 E android.hardware.camera.provider-V1-service: garyVCam [responseToClient:356]:server>client 43 send OK [4,0,0,0]
09-14 10:59:39.309   534  3005 E android.hardware.camera.provider-V1-service: garyVCam [save_frame:927]:VCam save_frame: -
09-14 10:59:39.324   534  3005 E android.hardware.camera.provider-V1-service: garyVCam [client_thread_func:955]:client 43[0]> header cmdFlag=1 cmd=7 p1=4 p2=-2 p3=0 p4=0 p5=0 p6=0
09-14 10:59:39.325   534  3005 E android.hardware.camera.provider-V1-service: garyVCam [setEffects:158]:mask:4 bright:-2 color:0 block:0 jitter:0
09-14 10:59:39.325   534  3005 E android.hardware.camera.provider-V1-service: garyVCam [client_thread_func:955]:client 43[0]> header cmdFlag=0 cmd=0 p1=1920 p2=1080 p3=19 p4=3110400 p5=1920 p6=1080
09-14 10:59:39.327   534  2954 E android.hardware.camera.provider-V1-service: garyVCam [mapPixelFdFromHandle]: picked fd[42]=124 mappedLen=3317760 (st_size=4149248)
09-14 10:59:39.327   534  2954 E android.hardware.camera.provider-V1-service: garyVCam [dmaSync:1089]:VCam dmaSync: fd=91 start=1
09-14 10:59:39.329   534  2954 E android.hardware.camera.provider-V1-service: garyVCam [estimateStrideFromSize]: bestSize=3317760 w=1920 h=1080 -> stride=2048 need=3317760
09-14 10:59:39.335   534  2954 E android.hardware.camera.provider-V1-service: garyVCam [dmaSync:1089]:VCam dmaSync: fd=91 start=0
09-14 10:59:39.338   534  2954 E android.hardware.camera.provider-V1-service: garyVCam [VCam_CopyLatestTo:1511]:VCam_CopyLatestTo: OK slot 1920x1080 NV12 lastPingUs=1757818779338001
09-14 10:59:39.338   534  2954 E RKISP2OutputFrameWorker: VCam InjectVirtualIfNeeded: stream 1920x1080 fmt=0x22 -> ret=0
09-14 10:59:39.338   534  2954 E android.hardware.camera.provider-V1-service: garyVCam [VCam_Tick:1535]:VCam_Tick: fallback=0 desired=1 state=E_VIRTUAL_RUNNING lastFrameUs=1757818779295787 lastPingUs=1757818779338001 outputs=1
09-14 10:59:39.341   534  3005 E android.hardware.camera.provider-V1-service: garyVCam [save_frame:832]:VCam save_frame: + width=1920 height=1080 fmt=19 len=3110400 yStride=1920 ySlice=1080 desired=1 state=E_VIRTUAL_RUNNING outputs=1
09-14 10:59:39.343   534  3005 E android.hardware.camera.provider-V1-service: garyVCam [save_frame:884]:VCam save_frame: updated lastFrameUs=1757818779343893
09-14 10:59:39.344   534  3005 E android.hardware.camera.provider-V1-service: garyVCam [rga_data_convert_transform:259]:VCam rga_data_convert_transform: enter
09-14 10:59:39.344   534  3005 E android.hardware.camera.provider-V1-service: garyVCam [rga_data_convert:217]:VCam rga_data_convert: 1920x1080 I420 -> 1920x1080 NV12 rot=0 flipH=0 flipV=0
09-14 10:59:39.345   534  3005 E android.hardware.camera.provider-V1-service: garyVCam [build_transform_flags:203]:VCam build_transform_flags: rot=0 flipH=0 flipV=0 -> tf=0x0
09-14 10:59:39.345   534  3005 E android.hardware.camera.provider-V1-service: garyVCam [rga_data_convert:239]:VCam rga_data_convert: improcess path usage=0x0
09-14 10:59:39.346   534  2954 E android.hardware.camera.provider-V1-service: garyVCam [guessYuvLayout:1117]:VCam guessYuvLayout: fmt=0x22 -> NV12
09-14 10:59:39.350   534  3005 E android.hardware.camera.provider-V1-service: garyVCam [rga_data_convert:251]:VCam rga_data_convert: success
09-14 10:59:39.350   534  3005 E android.hardware.camera.provider-V1-service: garyVCam [rga_data_convert_transform:263]:VCam rga_data_convert_transform: exit ok=1
09-14 10:59:39.350   534  3005 E android.hardware.camera.provider-V1-service: garyVCam [applyEffectsAll:790]:VCam applyEffectsAll: mask=0x4 fmt=NV12 w=1920 h=1080
09-14 10:59:39.357   534  3005 E android.hardware.camera.provider-V1-service: garyVCam [save_frame:920]:VCam save_frame: slot ready 1920x1080 NV12 stamp=1757818779357636
09-14 10:59:39.357   534  3005 E android.hardware.camera.provider-V1-service: garyVCam [save_frame:927]:VCam save_frame: -
09-14 10:59:39.360   534  2954 E android.hardware.camera.provider-V1-service: garyVCam [mapPixelFdFromHandle]: picked fd[42]=124 mappedLen=3317760 (st_size=4149248)
09-14 10:59:39.360   534  2954 E android.hardware.camera.provider-V1-service: garyVCam [dmaSync:1089]:VCam dmaSync: fd=101 start=1
09-14 10:59:39.361   534  2954 E android.hardware.camera.provider-V1-service: garyVCam [estimateStrideFromSize]: bestSize=3317760 w=1920 h=1080 -> stride=2048 need=3317760
09-14 10:59:39.364   534  3005 E android.hardware.camera.provider-V1-service: garyVCam [client_thread_func:955]:client 43[0]> header cmdFlag=0 cmd=0 p1=1920 p2=1080 p3=19 p4=3110400 p5=1920 p6=1080
09-14 10:59:39.368   534  2954 E android.hardware.camera.provider-V1-service: garyVCam [dmaSync:1089]:VCam dmaSync: fd=101 start=0
09-14 10:59:39.369   534  2954 E android.hardware.camera.provider-V1-service: garyVCam [VCam_CopyLatestTo:1511]:VCam_CopyLatestTo: OK slot 1920x1080 NV12 lastPingUs=1757818779369440
09-14 10:59:39.369   534  2954 E RKISP2OutputFrameWorker: VCam InjectVirtualIfNeeded: stream 1920x1080 fmt=0x22 -> ret=0
09-14 10:59:39.369   534  2954 E android.hardware.camera.provider-V1-service: garyVCam [VCam_Tick:1535]:VCam_Tick: fallback=0 desired=1 state=E_VIRTUAL_RUNNING lastFrameUs=1757818779343893 lastPingUs=1757818779369440 outputs=1
09-14 10:59:39.373   534  2954 E android.hardware.camera.provider-V1-service: garyVCam [guessYuvLayout:1117]:VCam guessYuvLayout: fmt=0x22 -> NV12
09-14 10:59:39.376   534  2954 E android.hardware.camera.provider-V1-service: garyVCam [mapPixelFdFromHandle]: picked fd[42]=124 mappedLen=3317760 (st_size=4149248)
09-14 10:59:39.377   534  2954 E android.hardware.camera.provider-V1-service: garyVCam [dmaSync:1089]:VCam dmaSync: fd=84 start=1
09-14 10:59:39.378   534  2954 E android.hardware.camera.provider-V1-service: garyVCam [estimateStrideFromSize]: bestSize=3317760 w=1920 h=1080 -> stride=2048 need=3317760
09-14 10:59:39.380   534  3005 E android.hardware.camera.provider-V1-service: garyVCam [save_frame:832]:VCam save_frame: + width=1920 height=1080 fmt=19 len=3110400 yStride=1920 ySlice=1080 desired=1 state=E_VIRTUAL_RUNNING outputs=1
09-14 10:59:39.384   534  3005 E android.hardware.camera.provider-V1-service: garyVCam [save_frame:884]:VCam save_frame: updated lastFrameUs=1757818779384263
09-14 10:59:39.387   534  2954 E android.hardware.camera.provider-V1-service: garyVCam [dmaSync:1089]:VCam dmaSync: fd=84 start=0
09-14 10:59:39.391   534  2954 E android.hardware.camera.provider-V1-service: garyVCam [VCam_CopyLatestTo:1511]:VCam_CopyLatestTo: OK slot 1920x1080 NV12 lastPingUs=1757818779391704
09-14 10:59:39.391   534  2954 E RKISP2OutputFrameWorker: VCam InjectVirtualIfNeeded: stream 1920x1080 fmt=0x22 -> ret=0
09-14 10:59:39.391   534  2954 E android.hardware.camera.provider-V1-service: garyVCam [VCam_Tick:1535]:VCam_Tick: fallback=0 desired=1 state=E_VIRTUAL_RUNNING lastFrameUs=1757818779384263 lastPingUs=1757818779391704 outputs=1
09-14 10:59:39.392   534  3005 E android.hardware.camera.provider-V1-service: garyVCam [rga_data_convert_transform:259]:VCam rga_data_convert_transform: enter
09-14 10:59:39.393   534  3005 E android.hardware.camera.provider-V1-service: garyVCam [rga_data_convert:217]:VCam rga_data_convert: 1920x1080 I420 -> 1920x1080 NV12 rot=0 flipH=0 flipV=0
09-14 10:59:39.395   534  3005 E android.hardware.camera.provider-V1-service: garyVCam [build_transform_flags:203]:VCam build_transform_flags: rot=0 flipH=0 flipV=0 -> tf=0x0
09-14 10:59:39.397   534  3005 E android.hardware.camera.provider-V1-service: garyVCam [rga_data_convert:239]:VCam rga_data_convert: improcess path usage=0x0
09-14 10:59:39.400   534  2954 E android.hardware.camera.provider-V1-service: garyVCam [guessYuvLayout:1117]:VCam guessYuvLayout: fmt=0x22 -> NV12
09-14 10:59:39.404   534  3005 E android.hardware.camera.provider-V1-service: garyVCam [rga_data_convert:251]:VCam rga_data_convert: success
09-14 10:59:39.404   534  3005 E android.hardware.camera.provider-V1-service: garyVCam [rga_data_convert_transform:263]:VCam rga_data_convert_transform: exit ok=1
09-14 10:59:39.404   534  3005 E android.hardware.camera.provider-V1-service: garyVCam [applyEffectsAll:790]:VCam applyEffectsAll: mask=0x4 fmt=NV12 w=1920 h=1080
09-14 10:59:39.406   534  3005 E android.hardware.camera.provider-V1-service: garyVCam [save_frame:920]:VCam save_frame: slot ready 1920x1080 NV12 stamp=1757818779406813
09-14 10:59:39.406   534  3005 E android.hardware.camera.provider-V1-service: garyVCam [save_frame:927]:VCam save_frame: -
09-14 10:59:39.407   534  3005 E android.hardware.camera.provider-V1-service: garyVCam [client_thread_func:955]:client 43[0]> header cmdFlag=0 cmd=0 p1=1920 p2=1080 p3=19 p4=3110400 p5=1920 p6=1080
09-14 10:59:39.411   534  2954 E android.hardware.camera.provider-V1-service: garyVCam [mapPixelFdFromHandle]: no mappable pixel fd (w=1920 h=1080)
09-14 10:59:39.419   534  2954 E android.hardware.camera.provider-V1-service: garyVCam VCamMapper: lock failed w=1920 h=1080
09-14 10:59:39.419   534  2954 E android.hardware.camera.provider-V1-service: garyVCam [VCam_CopyLatestTo:1513]:VCam_CopyLatestTo: copy failed -4
09-14 10:59:39.419   534  2954 E RKISP2OutputFrameWorker: VCam InjectVirtualIfNeeded: stream 1920x1080 fmt=0x22 -> ret=-4
09-14 10:59:39.420   534  2954 E android.hardware.camera.provider-V1-service: garyVCam [VCam_Tick:1535]:VCam_Tick: fallback=0 desired=1 state=E_VIRTUAL_RUNNING lastFrameUs=1757818779384263 lastPingUs=1757818779391704 outputs=1
09-14 10:59:39.420   534  3005 E android.hardware.camera.provider-V1-service: garyVCam [save_frame:832]:VCam save_frame: + width=1920 height=1080 fmt=19 len=3110400 yStride=1920 ySlice=1080 desired=1 state=E_VIRTUAL_RUNNING outputs=1
09-14 10:59:39.421   534  3005 E android.hardware.camera.provider-V1-service: garyVCam [save_frame:884]:VCam save_frame: updated lastFrameUs=1757818779421535
09-14 10:59:39.421   534  3005 E android.hardware.camera.provider-V1-service: garyVCam [rga_data_convert_transform:259]:VCam rga_data_convert_transform: enter
09-14 10:59:39.421   534  3005 E android.hardware.camera.provider-V1-service: garyVCam [rga_data_convert:217]:VCam rga_data_convert: 1920x1080 I420 -> 1920x1080 NV12 rot=0 flipH=0 flipV=0
09-14 10:59:39.424   534  3005 E android.hardware.camera.provider-V1-service: garyVCam [build_transform_flags:203]:VCam build_transform_flags: rot=0 flipH=0 flipV=0 -> tf=0x0
09-14 10:59:39.424   534  3005 E android.hardware.camera.provider-V1-service: garyVCam [rga_data_convert:239]:VCam rga_data_convert: improcess path usage=0x0
09-14 10:59:39.426   534  2954 E android.hardware.camera.provider-V1-service: garyVCam [guessYuvLayout:1117]:VCam guessYuvLayout: fmt=0x22 -> NV12
09-14 10:59:39.428   534  3005 E android.hardware.camera.provider-V1-service: garyVCam [rga_data_convert:251]:VCam rga_data_convert: success
09-14 10:59:39.428   534  3005 E android.hardware.camera.provider-V1-service: garyVCam [rga_data_convert_transform:263]:VCam rga_data_convert_transform: exit ok=1
09-14 10:59:39.428   534  3005 E android.hardware.camera.provider-V1-service: garyVCam [applyEffectsAll:790]:VCam applyEffectsAll: mask=0x4 fmt=NV12 w=1920 h=1080
09-14 10:59:39.431   534  3005 E android.hardware.camera.provider-V1-service: garyVCam [save_frame:920]:VCam save_frame: slot ready 1920x1080 NV12 stamp=1757818779431302
09-14 10:59:39.431   534  3005 E android.hardware.camera.provider-V1-service: garyVCam [save_frame:927]:VCam save_frame: -
09-14 10:59:39.434   534  2954 E android.hardware.camera.provider-V1-service: garyVCam [mapPixelFdFromHandle]: no mappable pixel fd (w=1920 h=1080)
09-14 10:59:39.435   534  2954 E android.hardware.camera.provider-V1-service: garyVCam VCamMapper: lock failed w=1920 h=1080
09-14 10:59:39.435   534  2954 E android.hardware.camera.provider-V1-service: garyVCam [VCam_CopyLatestTo:1513]:VCam_CopyLatestTo: copy failed -4
09-14 10:59:39.435   534  2954 E RKISP2OutputFrameWorker: VCam InjectVirtualIfNeeded: stream 1920x1080 fmt=0x22 -> ret=-4
09-14 10:59:39.435   534  2954 E android.hardware.camera.provider-V1-service: garyVCam [VCam_Tick:1535]:VCam_Tick: fallback=0 desired=1 state=E_VIRTUAL_RUNNING lastFrameUs=1757818779421535 lastPingUs=1757818779391704 outputs=1
09-14 10:59:39.441   534  3005 E android.hardware.camera.provider-V1-service: garyVCam [client_thread_func:955]:client 43[0]> header cmdFlag=0 cmd=0 p1=1920 p2=1080 p3=19 p4=3110400 p5=1920 p6=1080
09-14 10:59:39.450   534  3005 E android.hardware.camera.provider-V1-service: garyVCam [save_frame:832]:VCam save_frame: + width=1920 height=1080 fmt=19 len=3110400 yStride=1920 ySlice=1080 desired=1 state=E_VIRTUAL_RUNNING outputs=1
09-14 10:59:39.452   534  3005 E android.hardware.camera.provider-V1-service: garyVCam [save_frame:884]:VCam save_frame: updated lastFrameUs=1757818779452759
09-14 10:59:39.452   534  3005 E android.hardware.camera.provider-V1-service: garyVCam [rga_data_convert_transform:259]:VCam rga_data_convert_transform: enter
09-14 10:59:39.452   534  3005 E android.hardware.camera.provider-V1-service: garyVCam [rga_data_convert:217]:VCam rga_data_convert: 1920x1080 I420 -> 1920x1080 NV12 rot=0 flipH=0 flipV=0
09-14 10:59:39.453   534  3005 E android.hardware.camera.provider-V1-service: garyVCam [build_transform_flags:203]:VCam build_transform_flags: rot=0 flipH=0 flipV=0 -> tf=0x0
09-14 10:59:39.453   534  3005 E android.hardware.camera.provider-V1-service: garyVCam [rga_data_convert:239]:VCam rga_data_convert: improcess path usage=0x0
09-14 10:59:39.455   534  2954 E android.hardware.camera.provider-V1-service: garyVCam [guessYuvLayout:1117]:VCam guessYuvLayout: fmt=0x22 -> NV12
09-14 10:59:39.457   534  3005 E android.hardware.camera.provider-V1-service: garyVCam [rga_data_convert:251]:VCam rga_data_convert: success
09-14 10:59:39.457   534  3005 E android.hardware.camera.provider-V1-service: garyVCam [rga_data_convert_transform:263]:VCam rga_data_convert_transform: exit ok=1
09-14 10:59:39.457   534  3005 E android.hardware.camera.provider-V1-service: garyVCam [applyEffectsAll:790]:VCam applyEffectsAll: mask=0x4 fmt=NV12 w=1920 h=1080
09-14 10:59:39.460   534  3005 E android.hardware.camera.provider-V1-service: garyVCam [save_frame:920]:VCam save_frame: slot ready 1920x1080 NV12 stamp=1757818779460288
09-14 10:59:39.460   534  3005 E android.hardware.camera.provider-V1-service: garyVCam [save_frame:927]:VCam save_frame: -
09-14 10:59:39.462   534  2954 E android.hardware.camera.provider-V1-service: garyVCam [mapPixelFdFromHandle]: no mappable pixel fd (w=1920 h=1080)
09-14 10:59:39.462   534  2954 E android.hardware.camera.provider-V1-service: garyVCam VCamMapper: lock failed w=1920 h=1080
09-14 10:59:39.462   534  2954 E android.hardware.camera.provider-V1-service: garyVCam [VCam_CopyLatestTo:1513]:VCam_CopyLatestTo: copy failed -4
09-14 10:59:39.463   534  2954 E RKISP2OutputFrameWorker: VCam InjectVirtualIfNeeded: stream 1920x1080 fmt=0x22 -> ret=-4
09-14 10:59:39.463   534  2954 E android.hardware.camera.provider-V1-service: garyVCam [VCam_Tick:1535]:VCam_Tick: fallback=0 desired=1 state=E_VIRTUAL_RUNNING lastFrameUs=1757818779452759 lastPingUs=1757818779391704 outputs=1
09-14 10:59:39.464   534  3005 E android.hardware.camera.provider-V1-service: garyVCam [client_thread_func:955]:client 43[0]> header cmdFlag=0 cmd=0 p1=1920 p2=1080 p3=19 p4=3110400 p5=1920 p6=1080
09-14 10:59:39.474   534  3005 E android.hardware.camera.provider-V1-service: garyVCam [save_frame:832]:VCam save_frame: + width=1920 height=1080 fmt=19 len=3110400 yStride=1920 ySlice=1080 desired=1 state=E_VIRTUAL_RUNNING outputs=1
09-14 10:59:39.477   534  3005 E android.hardware.camera.provider-V1-service: garyVCam [save_frame:884]:VCam save_frame: updated lastFrameUs=1757818779476955
09-14 10:59:39.477   534  3005 E android.hardware.camera.provider-V1-service: garyVCam [rga_data_convert_transform:259]:VCam rga_data_convert_transform: enter
09-14 10:59:39.477   534  3005 E android.hardware.camera.provider-V1-service: garyVCam [rga_data_convert:217]:VCam rga_data_convert: 1920x1080 I420 -> 1920x1080 NV12 rot=0 flipH=0 flipV=0
09-14 10:59:39.479   534  3005 E android.hardware.camera.provider-V1-service: garyVCam [build_transform_flags:203]:VCam build_transform_flags: rot=0 flipH=0 flipV=0 -> tf=0x0
09-14 10:59:39.479   534  3005 E android.hardware.camera.provider-V1-service: garyVCam [rga_data_convert:239]:VCam rga_data_convert: improcess path usage=0x0
09-14 10:59:39.482   534  3005 E android.hardware.camera.provider-V1-service: garyVCam [rga_data_convert:251]:VCam rga_data_convert: success
09-14 10:59:39.483   534  3005 E android.hardware.camera.provider-V1-service: garyVCam [rga_data_convert_transform:263]:VCam rga_data_convert_transform: exit ok=1
09-14 10:59:39.483   534  3005 E android.hardware.camera.provider-V1-service: garyVCam [applyEffectsAll:790]:VCam applyEffectsAll: mask=0x4 fmt=NV12 w=1920 h=1080
09-14 10:59:39.487   534  3005 E android.hardware.camera.provider-V1-service: garyVCam [save_frame:920]:VCam save_frame: slot ready 1920x1080 NV12 stamp=1757818779487154
09-14 10:59:39.488   534  3005 E android.hardware.camera.provider-V1-service: garyVCam [save_frame:927]:VCam save_frame: -
09-14 10:59:39.491   534  2954 E android.hardware.camera.provider-V1-service: garyVCam [guessYuvLayout:1117]:VCam guessYuvLayout: fmt=0x22 -> NV12
09-14 10:59:39.492   534  3005 E android.hardware.camera.provider-V1-service: garyVCam [client_thread_func:955]:client 43[0]> header cmdFlag=0 cmd=0 p1=1920 p2=1080 p3=19 p4=3110400 p5=1920 p6=1080
09-14 10:59:39.493   534  2954 E android.hardware.camera.provider-V1-service: garyVCam [mapPixelFdFromHandle]: no mappable pixel fd (w=1920 h=1080)
09-14 10:59:39.494   534  2954 E android.hardware.camera.provider-V1-service: garyVCam VCamMapper: lock failed w=1920 h=1080
09-14 10:59:39.494   534  2954 E android.hardware.camera.provider-V1-service: garyVCam [VCam_CopyLatestTo:1513]:VCam_CopyLatestTo: copy failed -4
09-14 10:59:39.494   534  2954 E RKISP2OutputFrameWorker: VCam InjectVirtualIfNeeded: stream 1920x1080 fmt=0x22 -> ret=-4
09-14 10:59:39.494   534  2954 E android.hardware.camera.provider-V1-service: garyVCam [VCam_Tick:1535]:VCam_Tick: fallback=0 desired=1 state=E_VIRTUAL_RUNNING lastFrameUs=1757818779476955 lastPingUs=1757818779391704 outputs=1
09-14 10:59:39.501   534  3005 E android.hardware.camera.provider-V1-service: garyVCam [save_frame:832]:VCam save_frame: + width=1920 height=1080 fmt=19 len=3110400 yStride=1920 ySlice=1080 desired=1 state=E_VIRTUAL_RUNNING outputs=1
09-14 10:59:39.505   534  3005 E android.hardware.camera.provider-V1-service: garyVCam [save_frame:884]:VCam save_frame: updated lastFrameUs=1757818779505097
09-14 10:59:39.505   534  3005 E android.hardware.camera.provider-V1-service: garyVCam [rga_data_convert_transform:259]:VCam rga_data_convert_transform: enter
09-14 10:59:39.505   534  3005 E android.hardware.camera.provider-V1-service: garyVCam [rga_data_convert:217]:VCam rga_data_convert: 1920x1080 I420 -> 1920x1080 NV12 rot=0 flipH=0 flipV=0
09-14 10:59:39.506   534  3005 E android.hardware.camera.provider-V1-service: garyVCam [build_transform_flags:203]:VCam build_transform_flags: rot=0 flipH=0 flipV=0 -> tf=0x0
09-14 10:59:39.506   534  3005 E android.hardware.camera.provider-V1-service: garyVCam [rga_data_convert:239]:VCam rga_data_convert: improcess path usage=0x0
09-14 10:59:39.509   534  3005 E android.hardware.camera.provider-V1-service: garyVCam [rga_data_convert:251]:VCam rga_data_convert: success
09-14 10:59:39.509   534  3005 E android.hardware.camera.provider-V1-service: garyVCam [rga_data_convert_transform:263]:VCam rga_data_convert_transform: exit ok=1
09-14 10:59:39.509   534  3005 E android.hardware.camera.provider-V1-service: garyVCam [applyEffectsAll:790]:VCam applyEffectsAll: mask=0x4 fmt=NV12 w=1920 h=1080
09-14 10:59:39.514   534  3005 E android.hardware.camera.provider-V1-service: garyVCam [save_frame:920]:VCam save_frame: slot ready 1920x1080 NV12 stamp=1757818779514107
09-14 10:59:39.514   534  3005 E android.hardware.camera.provider-V1-service: garyVCam [save_frame:927]:VCam save_frame: -
09-14 10:59:39.519   534  3005 E android.hardware.camera.provider-V1-service: garyVCam [client_thread_func:955]:client 43[0]> header cmdFlag=0 cmd=0 p1=1920 p2=1080 p3=19 p4=3110400 p5=1920 p6=1080
09-14 10:59:39.523   534  2954 E android.hardware.camera.provider-V1-service: garyVCam [guessYuvLayout:1117]:VCam guessYuvLayout: fmt=0x22 -> NV12
09-14 10:59:39.525   534  2954 E android.hardware.camera.provider-V1-service: garyVCam [mapPixelFdFromHandle]: no mappable pixel fd (w=1920 h=1080)
09-14 10:59:39.526   534  2954 E android.hardware.camera.provider-V1-service: garyVCam VCamMapper: lock failed w=1920 h=1080
09-14 10:59:39.526   534  2954 E android.hardware.camera.provider-V1-service: garyVCam [VCam_CopyLatestTo:1513]:VCam_CopyLatestTo: copy failed -4
09-14 10:59:39.526   534  2954 E RKISP2OutputFrameWorker: VCam InjectVirtualIfNeeded: stream 1920x1080 fmt=0x22 -> ret=-4
09-14 10:59:39.526   534  2954 E android.hardware.camera.provider-V1-service: garyVCam [VCam_Tick:1535]:VCam_Tick: fallback=0 desired=1 state=E_VIRTUAL_RUNNING lastFrameUs=1757818779505097 lastPingUs=1757818779391704 outputs=1
09-14 10:59:39.530   534  3005 E android.hardware.camera.provider-V1-service: garyVCam [save_frame:832]:VCam save_frame: + width=1920 height=1080 fmt=19 len=3110400 yStride=1920 ySlice=1080 desired=1 state=E_VIRTUAL_RUNNING outputs=1
09-14 10:59:39.532   534  3005 E android.hardware.camera.provider-V1-service: garyVCam [save_frame:884]:VCam save_frame: updated lastFrameUs=1757818779532561
09-14 10:59:39.532   534  3005 E android.hardware.camera.provider-V1-service: garyVCam [rga_data_convert_transform:259]:VCam rga_data_convert_transform: enter
09-14 10:59:39.532   534  3005 E android.hardware.camera.provider-V1-service: garyVCam [rga_data_convert:217]:VCam rga_data_convert: 1920x1080 I420 -> 1920x1080 NV12 rot=0 flipH=0 flipV=0
09-14 10:59:39.533   534  3005 E android.hardware.camera.provider-V1-service: garyVCam [build_transform_flags:203]:VCam build_transform_flags: rot=0 flipH=0 flipV=0 -> tf=0x0
09-14 10:59:39.533   534  3005 E android.hardware.camera.provider-V1-service: garyVCam [rga_data_convert:239]:VCam rga_data_convert: improcess path usage=0x0
09-14 10:59:39.536   534  3005 E android.hardware.camera.provider-V1-service: garyVCam [rga_data_convert:251]:VCam rga_data_convert: success
09-14 10:59:39.536   534  3005 E android.hardware.camera.provider-V1-service: garyVCam [rga_data_convert_transform:263]:VCam rga_data_convert_transform: exit ok=1
09-14 10:59:39.536   534  3005 E android.hardware.camera.provider-V1-service: garyVCam [applyEffectsAll:790]:VCam applyEffectsAll: mask=0x4 fmt=NV12 w=1920 h=1080
09-14 10:59:39.538   534  3005 E android.hardware.camera.provider-V1-service: garyVCam [save_frame:920]:VCam save_frame: slot ready 1920x1080 NV12 stamp=1757818779538498
09-14 10:59:39.538   534  3005 E android.hardware.camera.provider-V1-service: garyVCam [save_frame:927]:VCam save_frame: -
09-14 10:59:39.548   534  3005 E android.hardware.camera.provider-V1-service: garyVCam [client_thread_func:955]:client 43[0]> header cmdFlag=0 cmd=0 p1=1920 p2=1080 p3=19 p4=3110400 p5=1920 p6=1080
09-14 10:59:39.556   534  2954 E android.hardware.camera.provider-V1-service: garyVCam [guessYuvLayout:1117]:VCam guessYuvLayout: fmt=0x22 -> NV12
09-14 10:59:39.560   534  3005 E android.hardware.camera.provider-V1-service: garyVCam [save_frame:832]:VCam save_frame: + width=1920 height=1080 fmt=19 len=3110400 yStride=1920 ySlice=1080 desired=1 state=E_VIRTUAL_RUNNING outputs=1
09-14 10:59:39.560   534  2954 E android.hardware.camera.provider-V1-service: garyVCam [mapPixelFdFromHandle]: no mappable pixel fd (w=1920 h=1080)
09-14 10:59:39.560   534  2954 E android.hardware.camera.provider-V1-service: garyVCam VCamMapper: lock failed w=1920 h=1080
09-14 10:59:39.560   534  2954 E android.hardware.camera.provider-V1-service: garyVCam [VCam_CopyLatestTo:1513]:VCam_CopyLatestTo: copy failed -4
09-14 10:59:39.560   534  2954 E RKISP2OutputFrameWorker: VCam InjectVirtualIfNeeded: stream 1920x1080 fmt=0x22 -> ret=-4
09-14 10:59:39.560   534  2954 E android.hardware.camera.provider-V1-service: garyVCam [VCam_Tick:1535]:VCam_Tick: fallback=0 desired=1 state=E_VIRTUAL_RUNNING lastFrameUs=1757818779532561 lastPingUs=1757818779391704 outputs=1
09-14 10:59:39.563   534  3005 E android.hardware.camera.provider-V1-service: garyVCam [save_frame:884]:VCam save_frame: updated lastFrameUs=1757818779563422
09-14 10:59:39.563   534  3005 E android.hardware.camera.provider-V1-service: garyVCam [rga_data_convert_transform:259]:VCam rga_data_convert_transform: enter
09-14 10:59:39.563   534  3005 E android.hardware.camera.provider-V1-service: garyVCam [rga_data_convert:217]:VCam rga_data_convert: 1920x1080 I420 -> 1920x1080 NV12 rot=0 flipH=0 flipV=0
09-14 10:59:39.564   534  3005 E android.hardware.camera.provider-V1-service: garyVCam [build_transform_flags:203]:VCam build_transform_flags: rot=0 flipH=0 flipV=0 -> tf=0x0
09-14 10:59:39.564   534  3005 E android.hardware.camera.provider-V1-service: garyVCam [rga_data_convert:239]:VCam rga_data_convert: improcess path usage=0x0
09-14 10:59:39.567   534  3005 E android.hardware.camera.provider-V1-service: garyVCam [rga_data_convert:251]:VCam rga_data_convert: success
09-14 10:59:39.567   534  3005 E android.hardware.camera.provider-V1-service: garyVCam [rga_data_convert_transform:263]:VCam rga_data_convert_transform: exit ok=1
09-14 10:59:39.567   534  3005 E android.hardware.camera.provider-V1-service: garyVCam [applyEffectsAll:790]:VCam applyEffectsAll: mask=0x4 fmt=NV12 w=1920 h=1080
09-14 10:59:39.573   534  3005 E android.hardware.camera.provider-V1-service: garyVCam [save_frame:920]:VCam save_frame: slot ready 1920x1080 NV12 stamp=1757818779573000
09-14 10:59:39.573   534  3005 E android.hardware.camera.provider-V1-service: garyVCam [save_frame:927]:VCam save_frame: -
09-14 10:59:39.577   534  3005 E android.hardware.camera.provider-V1-service: garyVCam [client_thread_func:955]:client 43[0]> header cmdFlag=0 cmd=0 p1=1920 p2=1080 p3=19 p4=3110400 p5=1920 p6=1080
09-14 10:59:39.587   534  3005 E android.hardware.camera.provider-V1-service: garyVCam [save_frame:832]:VCam save_frame: + width=1920 height=1080 fmt=19 len=3110400 yStride=1920 ySlice=1080 desired=1 state=E_VIRTUAL_RUNNING outputs=1
09-14 10:59:39.589   534  3005 E android.hardware.camera.provider-V1-service: garyVCam [save_frame:884]:VCam save_frame: updated lastFrameUs=1757818779589303
09-14 10:59:39.589   534  3005 E android.hardware.camera.provider-V1-service: garyVCam [rga_data_convert_transform:259]:VCam rga_data_convert_transform: enter
09-14 10:59:39.589   534  3005 E android.hardware.camera.provider-V1-service: garyVCam [rga_data_convert:217]:VCam rga_data_convert: 1920x1080 I420 -> 1920x1080 NV12 rot=0 flipH=0 flipV=0
09-14 10:59:39.591   534  2954 E android.hardware.camera.provider-V1-service: garyVCam [guessYuvLayout:1117]:VCam guessYuvLayout: fmt=0x22 -> NV12
09-14 10:59:39.590   534  3005 E android.hardware.camera.provider-V1-service: garyVCam [build_transform_flags:203]:VCam build_transform_flags: rot=0 flipH=0 flipV=0 -> tf=0x0
09-14 10:59:39.592   534  3005 E android.hardware.camera.provider-V1-service: garyVCam [rga_data_convert:239]:VCam rga_data_convert: improcess path usage=0x0
09-14 10:59:39.597   534  3005 E android.hardware.camera.provider-V1-service: garyVCam [rga_data_convert:251]:VCam rga_data_convert: success
09-14 10:59:39.597   534  3005 E android.hardware.camera.provider-V1-service: garyVCam [rga_data_convert_transform:263]:VCam rga_data_convert_transform: exit ok=1
09-14 10:59:39.597   534  3005 E android.hardware.camera.provider-V1-service: garyVCam [applyEffectsAll:790]:VCam applyEffectsAll: mask=0x4 fmt=NV12 w=1920 h=1080
09-14 10:59:39.599   534  3005 E android.hardware.camera.provider-V1-service: garyVCam [save_frame:920]:VCam save_frame: slot ready 1920x1080 NV12 stamp=1757818779599552
09-14 10:59:39.599   534  3005 E android.hardware.camera.provider-V1-service: garyVCam [save_frame:927]:VCam save_frame: -
09-14 10:59:39.602   534  2954 E android.hardware.camera.provider-V1-service: garyVCam [mapPixelFdFromHandle]: no mappable pixel fd (w=1920 h=1080)
09-14 10:59:39.602   534  2954 E android.hardware.camera.provider-V1-service: garyVCam VCamMapper: lock failed w=1920 h=1080
09-14 10:59:39.602   534  2954 E android.hardware.camera.provider-V1-service: garyVCam [VCam_CopyLatestTo:1513]:VCam_CopyLatestTo: copy failed -4
09-14 10:59:39.602   534  2954 E RKISP2OutputFrameWorker: VCam InjectVirtualIfNeeded: stream 1920x1080 fmt=0x22 -> ret=-4
09-14 10:59:39.602   534  2954 E android.hardware.camera.provider-V1-service: garyVCam [VCam_Tick:1535]:VCam_Tick: fallback=0 desired=1 state=E_VIRTUAL_RUNNING lastFrameUs=1757818779589303 lastPingUs=1757818779391704 outputs=1
09-14 10:59:39.614   534  3005 E android.hardware.camera.provider-V1-service: garyVCam [client_thread_func:955]:client 43[0]> header cmdFlag=0 cmd=0 p1=1920 p2=1080 p3=19 p4=3110400 p5=1920 p6=1080
09-14 10:59:39.621   534  2954 E android.hardware.camera.provider-V1-service: garyVCam [guessYuvLayout:1117]:VCam guessYuvLayout: fmt=0x22 -> NV12
09-14 10:59:39.623   534  3005 E android.hardware.camera.provider-V1-service: garyVCam [save_frame:832]:VCam save_frame: + width=1920 height=1080 fmt=19 len=3110400 yStride=1920 ySlice=1080 desired=1 state=E_VIRTUAL_RUNNING outputs=1
09-14 10:59:39.624   534  2954 E android.hardware.camera.provider-V1-service: garyVCam [mapPixelFdFromHandle]: no mappable pixel fd (w=1920 h=1080)
09-14 10:59:39.625   534  2954 E android.hardware.camera.provider-V1-service: garyVCam VCamMapper: lock failed w=1920 h=1080
09-14 10:59:39.625   534  2954 E android.hardware.camera.provider-V1-service: garyVCam [VCam_CopyLatestTo:1513]:VCam_CopyLatestTo: copy failed -4
09-14 10:59:39.625   534  2954 E RKISP2OutputFrameWorker: VCam InjectVirtualIfNeeded: stream 1920x1080 fmt=0x22 -> ret=-4
09-14 10:59:39.625   534  2954 E android.hardware.camera.provider-V1-service: garyVCam [VCam_Tick:1535]:VCam_Tick: fallback=0 desired=1 state=E_VIRTUAL_RUNNING lastFrameUs=1757818779589303 lastPingUs=1757818779391704 outputs=1
09-14 10:59:39.625   534  3005 E android.hardware.camera.provider-V1-service: garyVCam [save_frame:884]:VCam save_frame: updated lastFrameUs=1757818779625802
09-14 10:59:39.625   534  3005 E android.hardware.camera.provider-V1-service: garyVCam [rga_data_convert_transform:259]:VCam rga_data_convert_transform: enter
09-14 10:59:39.625   534  3005 E android.hardware.camera.provider-V1-service: garyVCam [rga_data_convert:217]:VCam rga_data_convert: 1920x1080 I420 -> 1920x1080 NV12 rot=0 flipH=0 flipV=0
09-14 10:59:39.626   534  3005 E android.hardware.camera.provider-V1-service: garyVCam [build_transform_flags:203]:VCam build_transform_flags: rot=0 flipH=0 flipV=0 -> tf=0x0
09-14 10:59:39.626   534  3005 E android.hardware.camera.provider-V1-service: garyVCam [rga_data_convert:239]:VCam rga_data_convert: improcess path usage=0x0
09-14 10:59:39.629   534  3005 E android.hardware.camera.provider-V1-service: garyVCam [rga_data_convert:251]:VCam rga_data_convert: success
09-14 10:59:39.629   534  3005 E android.hardware.camera.provider-V1-service: garyVCam [rga_data_convert_transform:263]:VCam rga_data_convert_transform: exit ok=1
09-14 10:59:39.629   534  3005 E android.hardware.camera.provider-V1-service: garyVCam [applyEffectsAll:790]:VCam applyEffectsAll: mask=0x4 fmt=NV12 w=1920 h=1080
09-14 10:59:39.632   534  3005 E android.hardware.camera.provider-V1-service: garyVCam [save_frame:920]:VCam save_frame: slot ready 1920x1080 NV12 stamp=1757818779632327
09-14 10:59:39.632   534  3005 E android.hardware.camera.provider-V1-service: garyVCam [save_frame:927]:VCam save_frame: -
09-14 10:59:39.636   534  3005 E android.hardware.camera.provider-V1-service: garyVCam [client_thread_func:955]:client 43[0]> header cmdFlag=0 cmd=0 p1=1920 p2=1080 p3=19 p4=3110400 p5=1920 p6=1080
09-14 10:59:39.644   534  3005 E android.hardware.camera.provider-V1-service: garyVCam [save_frame:832]:VCam save_frame: + width=1920 height=1080 fmt=19 len=3110400 yStride=1920 ySlice=1080 desired=1 state=E_VIRTUAL_RUNNING outputs=1
09-14 10:59:39.646   534  3005 E android.hardware.camera.provider-V1-service: garyVCam [save_frame:884]:VCam save_frame: updated lastFrameUs=1757818779646580
09-14 10:59:39.646   534  3005 E android.hardware.camera.provider-V1-service: garyVCam [rga_data_convert_transform:259]:VCam rga_data_convert_transform: enter
09-14 10:59:39.646   534  3005 E android.hardware.camera.provider-V1-service: garyVCam [rga_data_convert:217]:VCam rga_data_convert: 1920x1080 I420 -> 1920x1080 NV12 rot=0 flipH=0 flipV=0
09-14 10:59:39.648   534  3005 E android.hardware.camera.provider-V1-service: garyVCam [build_transform_flags:203]:VCam build_transform_flags: rot=0 flipH=0 flipV=0 -> tf=0x0
09-14 10:59:39.648   534  3005 E android.hardware.camera.provider-V1-service: garyVCam [rga_data_convert:239]:VCam rga_data_convert: improcess path usage=0x0
09-14 10:59:39.651   534  3005 E android.hardware.camera.provider-V1-service: garyVCam [rga_data_convert:251]:VCam rga_data_convert: success
09-14 10:59:39.651   534  3005 E android.hardware.camera.provider-V1-service: garyVCam [rga_data_convert_transform:263]:VCam rga_data_convert_transform: exit ok=1
09-14 10:59:39.651   534  3005 E android.hardware.camera.provider-V1-service: garyVCam [applyEffectsAll:790]:VCam applyEffectsAll: mask=0x4 fmt=NV12 w=1920 h=1080
09-14 10:59:39.655   534  3005 E android.hardware.camera.provider-V1-service: garyVCam [save_frame:920]:VCam save_frame: slot ready 1920x1080 NV12 stamp=1757818779655938
09-14 10:59:39.656   534  3005 E android.hardware.camera.provider-V1-service: garyVCam [save_frame:927]:VCam save_frame: -
09-14 10:59:39.657   534  2954 E android.hardware.camera.provider-V1-service: garyVCam [guessYuvLayout:1117]:VCam guessYuvLayout: fmt=0x22 -> NV12
09-14 10:59:39.658   534  3005 E android.hardware.camera.provider-V1-service: garyVCam [client_thread_func:955]:client 43[0]> header cmdFlag=0 cmd=0 p1=1920 p2=1080 p3=19 p4=3110400 p5=1920 p6=1080
09-14 10:59:39.660   534  2954 E android.hardware.camera.provider-V1-service: garyVCam [mapPixelFdFromHandle]: no mappable pixel fd (w=1920 h=1080)
09-14 10:59:39.660   534  2954 E android.hardware.camera.provider-V1-service: garyVCam VCamMapper: lock failed w=1920 h=1080
09-14 10:59:39.661   534  2954 E android.hardware.camera.provider-V1-service: garyVCam [VCam_CopyLatestTo:1513]:VCam_CopyLatestTo: copy failed -4
09-14 10:59:39.661   534  2954 E RKISP2OutputFrameWorker: VCam InjectVirtualIfNeeded: stream 1920x1080 fmt=0x22 -> ret=-4
09-14 10:59:39.661   534  2954 E android.hardware.camera.provider-V1-service: garyVCam [VCam_Tick:1535]:VCam_Tick: fallback=0 desired=1 state=E_VIRTUAL_RUNNING lastFrameUs=1757818779646580 lastPingUs=1757818779391704 outputs=1
09-14 10:59:39.664   534  3005 E android.hardware.camera.provider-V1-service: garyVCam [save_frame:832]:VCam save_frame: + width=1920 height=1080 fmt=19 len=3110400 yStride=1920 ySlice=1080 desired=1 state=E_VIRTUAL_RUNNING outputs=1
09-14 10:59:39.666   534  3005 E android.hardware.camera.provider-V1-service: garyVCam [save_frame:884]:VCam save_frame: updated lastFrameUs=1757818779666262
09-14 10:59:39.666   534  3005 E android.hardware.camera.provider-V1-service: garyVCam [rga_data_convert_transform:259]:VCam rga_data_convert_transform: enter
09-14 10:59:39.666   534  3005 E android.hardware.camera.provider-V1-service: garyVCam [rga_data_convert:217]:VCam rga_data_convert: 1920x1080 I420 -> 1920x1080 NV12 rot=0 flipH=0 flipV=0
09-14 10:59:39.668   534  3005 E android.hardware.camera.provider-V1-service: garyVCam [build_transform_flags:203]:VCam build_transform_flags: rot=0 flipH=0 flipV=0 -> tf=0x0
09-14 10:59:39.668   534  3005 E android.hardware.camera.provider-V1-service: garyVCam [rga_data_convert:239]:VCam rga_data_convert: improcess path usage=0x0
09-14 10:59:39.671   534  3005 E android.hardware.camera.provider-V1-service: garyVCam [rga_data_convert:251]:VCam rga_data_convert: success
09-14 10:59:39.671   534  3005 E android.hardware.camera.provider-V1-service: garyVCam [rga_data_convert_transform:263]:VCam rga_data_convert_transform: exit ok=1
09-14 10:59:39.672   534  3005 E android.hardware.camera.provider-V1-service: garyVCam [applyEffectsAll:790]:VCam applyEffectsAll: mask=0x4 fmt=NV12 w=1920 h=1080
09-14 10:59:39.674   534  3005 E android.hardware.camera.provider-V1-service: garyVCam [save_frame:920]:VCam save_frame: slot ready 1920x1080 NV12 stamp=1757818779674836
09-14 10:59:39.674   534  3005 E android.hardware.camera.provider-V1-service: garyVCam [save_frame:927]:VCam save_frame: -
09-14 10:59:39.688   534  3005 E android.hardware.camera.provider-V1-service: garyVCam [client_thread_func:955]:client 43[0]> header cmdFlag=0 cmd=0 p1=1920 p2=1080 p3=19 p4=3110400 p5=1920 p6=1080
09-14 10:59:39.688   534  2954 E android.hardware.camera.provider-V1-service: garyVCam [guessYuvLayout:1117]:VCam guessYuvLayout: fmt=0x22 -> NV12
09-14 10:59:39.691   534  2954 E android.hardware.camera.provider-V1-service: garyVCam [mapPixelFdFromHandle]: no mappable pixel fd (w=1920 h=1080)
09-14 10:59:39.692   534  2954 E android.hardware.camera.provider-V1-service: garyVCam VCamMapper: lock failed w=1920 h=1080
09-14 10:59:39.692   534  2954 E android.hardware.camera.provider-V1-service: garyVCam [VCam_CopyLatestTo:1513]:VCam_CopyLatestTo: copy failed -4
09-14 10:59:39.692   534  2954 E RKISP2OutputFrameWorker: VCam InjectVirtualIfNeeded: stream 1920x1080 fmt=0x22 -> ret=-4
09-14 10:59:39.692   534  2954 E android.hardware.camera.provider-V1-service: garyVCam [VCam_Tick:1535]:VCam_Tick: fallback=0 desired=1 state=E_VIRTUAL_RUNNING lastFrameUs=1757818779666262 lastPingUs=1757818779391704 outputs=1
09-14 10:59:39.694   534  3005 E android.hardware.camera.provider-V1-service: garyVCam [save_frame:832]:VCam save_frame: + width=1920 height=1080 fmt=19 len=3110400 yStride=1920 ySlice=1080 desired=1 state=E_VIRTUAL_RUNNING outputs=1
09-14 10:59:39.696   534  3005 E android.hardware.camera.provider-V1-service: garyVCam [save_frame:884]:VCam save_frame: updated lastFrameUs=1757818779696312
09-14 10:59:39.696   534  3005 E android.hardware.camera.provider-V1-service: garyVCam [rga_data_convert_transform:259]:VCam rga_data_convert_transform: enter
09-14 10:59:39.696   534  3005 E android.hardware.camera.provider-V1-service: garyVCam [rga_data_convert:217]:VCam rga_data_convert: 1920x1080 I420 -> 1920x1080 NV12 rot=0 flipH=0 flipV=0
09-14 10:59:39.697   534  3005 E android.hardware.camera.provider-V1-service: garyVCam [build_transform_flags:203]:VCam build_transform_flags: rot=0 flipH=0 flipV=0 -> tf=0x0
09-14 10:59:39.697   534  3005 E android.hardware.camera.provider-V1-service: garyVCam [rga_data_convert:239]:VCam rga_data_convert: improcess path usage=0x0
09-14 10:59:39.699   534  3005 E android.hardware.camera.provider-V1-service: garyVCam [rga_data_convert:251]:VCam rga_data_convert: success
09-14 10:59:39.699   534  3005 E android.hardware.camera.provider-V1-service: garyVCam [rga_data_convert_transform:263]:VCam rga_data_convert_transform: exit ok=1
09-14 10:59:39.699   534  3005 E android.hardware.camera.provider-V1-service: garyVCam [applyEffectsAll:790]:VCam applyEffectsAll: mask=0x4 fmt=NV12 w=1920 h=1080
09-14 10:59:39.702   534  3005 E android.hardware.camera.provider-V1-service: garyVCam [save_frame:920]:VCam save_frame: slot ready 1920x1080 NV12 stamp=1757818779702337
09-14 10:59:39.702   534  3005 E android.hardware.camera.provider-V1-service: garyVCam [save_frame:927]:VCam save_frame: -
09-14 10:59:39.721   534  2954 E android.hardware.camera.provider-V1-service: garyVCam [guessYuvLayout:1117]:VCam guessYuvLayout: fmt=0x22 -> NV12
09-14 10:59:39.722   534  2954 E android.hardware.camera.provider-V1-service: garyVCam [mapPixelFdFromHandle]: picked fd[42]=124 mappedLen=3317760 (st_size=4149248)
09-14 10:59:39.722   534  2954 E android.hardware.camera.provider-V1-service: garyVCam [dmaSync:1089]:VCam dmaSync: fd=90 start=1
09-14 10:59:39.723   534  3005 E android.hardware.camera.provider-V1-service: garyVCam [client_thread_func:955]:client 43[0]> header cmdFlag=0 cmd=0 p1=1920 p2=1080 p3=19 p4=3110400 p5=1920 p6=1080
09-14 10:59:39.724   534  2954 E android.hardware.camera.provider-V1-service: garyVCam [estimateStrideFromSize]: bestSize=3317760 w=1920 h=1080 -> stride=2048 need=3317760
