09-14 10:59:41.366   534  2954 E android.hardware.camera.provider-V1-service: garyVCam VCamMapper: lock failed w=1920 h=1080
09-14 10:59:41.366   534  2954 E android.hardware.camera.provider-V1-service: garyVCam [VCam_CopyLatestTo:1513]:VCam_CopyLatestTo: copy failed -4
09-14 10:59:41.366   534  2954 E RKISP2OutputFrameWorker: VCam InjectVirtualIfNeeded: stream 1920x1080 fmt=0x22 -> ret=-4
09-14 10:59:41.367   534  2954 E android.hardware.camera.provider-V1-service: garyVCam [VCam_Tick:1535]:VCam_Tick: fallback=0 desired=1 state=E_VIRTUAL_RUNNING lastFrameUs=1757818781364601 lastPingUs=1757818781238470 outputs=1
09-14 10:59:41.367   534  3005 E android.hardware.camera.provider-V1-service: garyVCam [rga_data_convert_transform:259]:VCam rga_data_convert_transform: enter
09-14 10:59:41.367   534  3005 E android.hardware.camera.provider-V1-service: garyVCam [rga_data_convert:217]:VCam rga_data_convert: 1920x1080 I420 -> 1920x1080 NV12 rot=0 flipH=0 flipV=0
09-14 10:59:41.367   534  3005 E android.hardware.camera.provider-V1-service: garyVCam [build_transform_flags:203]:VCam build_transform_flags: rot=0 flipH=0 flipV=0 -> tf=0x0
09-14 10:59:41.367   534  3005 E android.hardware.camera.provider-V1-service: garyVCam [rga_data_convert:239]:VCam rga_data_convert: improcess path usage=0x0
09-14 10:59:41.371   534  3005 E android.hardware.camera.provider-V1-service: garyVCam [rga_data_convert:251]:VCam rga_data_convert: success
09-14 10:59:41.371   534  3005 E android.hardware.camera.provider-V1-service: garyVCam [rga_data_convert_transform:263]:VCam rga_data_convert_transform: exit ok=1
09-14 10:59:41.371   534  3005 E android.hardware.camera.provider-V1-service: garyVCam [applyEffectsAll:790]:VCam applyEffectsAll: mask=0x4 fmt=NV12 w=1920 h=1080
09-14 10:59:41.373   534  3005 E android.hardware.camera.provider-V1-service: garyVCam [save_frame:920]:VCam save_frame: slot ready 1920x1080 NV12 stamp=1757818781373881
09-14 10:59:41.373   534  3005 E android.hardware.camera.provider-V1-service: garyVCam [save_frame:927]:VCam save_frame: -
09-14 10:59:41.387   534  3005 E android.hardware.camera.provider-V1-service: garyVCam [client_thread_func:955]:client 43[0]> header cmdFlag=0 cmd=0 p1=1920 p2=1080 p3=19 p4=3110400 p5=1920 p6=1080
09-14 10:59:41.389   534  2954 E android.hardware.camera.provider-V1-service: garyVCam [guessYuvLayout:1117]:VCam guessYuvLayout: fmt=0x22 -> NV12
09-14 10:59:41.393   534  2954 E android.hardware.camera.provider-V1-service: garyVCam [mapPixelFdFromHandle]: no mappable pixel fd (w=1920 h=1080)
09-14 10:59:41.394   534  2954 E android.hardware.camera.provider-V1-service: garyVCam VCamMapper: lock failed w=1920 h=1080
09-14 10:59:41.394   534  2954 E android.hardware.camera.provider-V1-service: garyVCam [VCam_CopyLatestTo:1513]:VCam_CopyLatestTo: copy failed -4
09-14 10:59:41.394   534  2954 E RKISP2OutputFrameWorker: VCam InjectVirtualIfNeeded: stream 1920x1080 fmt=0x22 -> ret=-4
09-14 10:59:41.394   534  2954 E android.hardware.camera.provider-V1-service: garyVCam [VCam_Tick:1535]:VCam_Tick: fallback=0 desired=1 state=E_VIRTUAL_RUNNING lastFrameUs=1757818781364601 lastPingUs=1757818781238470 outputs=1
09-14 10:59:41.394   534  3005 E android.hardware.camera.provider-V1-service: garyVCam [save_frame:832]:VCam save_frame: + width=1920 height=1080 fmt=19 len=3110400 yStride=1920 ySlice=1080 desired=1 state=E_VIRTUAL_RUNNING outputs=1
09-14 10:59:41.395   534  3005 E android.hardware.camera.provider-V1-service: garyVCam [save_frame:884]:VCam save_frame: updated lastFrameUs=1757818781395971
09-14 10:59:41.396   534  3005 E android.hardware.camera.provider-V1-service: garyVCam [rga_data_convert_transform:259]:VCam rga_data_convert_transform: enter
09-14 10:59:41.396   534  3005 E android.hardware.camera.provider-V1-service: garyVCam [rga_data_convert:217]:VCam rga_data_convert: 1920x1080 I420 -> 1920x1080 NV12 rot=0 flipH=0 flipV=0
09-14 10:59:41.397   534  3005 E android.hardware.camera.provider-V1-service: garyVCam [build_transform_flags:203]:VCam build_transform_flags: rot=0 flipH=0 flipV=0 -> tf=0x0
09-14 10:59:41.397   534  3005 E android.hardware.camera.provider-V1-service: garyVCam [rga_data_convert:239]:VCam rga_data_convert: improcess path usage=0x0
09-14 10:59:41.400   534  3005 E android.hardware.camera.provider-V1-service: garyVCam [rga_data_convert:251]:VCam rga_data_convert: success
09-14 10:59:41.400   534  3005 E android.hardware.camera.provider-V1-service: garyVCam [rga_data_convert_transform:263]:VCam rga_data_convert_transform: exit ok=1
09-14 10:59:41.400   534  3005 E android.hardware.camera.provider-V1-service: garyVCam [applyEffectsAll:790]:VCam applyEffectsAll: mask=0x4 fmt=NV12 w=1920 h=1080
09-14 10:59:41.402   534  3005 E android.hardware.camera.provider-V1-service: garyVCam [save_frame:920]:VCam save_frame: slot ready 1920x1080 NV12 stamp=1757818781402166
09-14 10:59:41.402   534  3005 E android.hardware.camera.provider-V1-service: garyVCam [save_frame:927]:VCam save_frame: -
09-14 10:59:41.421   534  3005 E android.hardware.camera.provider-V1-service: garyVCam [client_thread_func:955]:client 43[0]> header cmdFlag=0 cmd=0 p1=1920 p2=1080 p3=19 p4=3110400 p5=1920 p6=1080
09-14 10:59:41.427   534  2954 E android.hardware.camera.provider-V1-service: garyVCam [guessYuvLayout:1117]:VCam guessYuvLayout: fmt=0x22 -> NV12
09-14 10:59:41.427   534  3005 E android.hardware.camera.provider-V1-service: garyVCam [save_frame:832]:VCam save_frame: + width=1920 height=1080 fmt=19 len=3110400 yStride=1920 ySlice=1080 desired=1 state=E_VIRTUAL_RUNNING outputs=1
09-14 10:59:41.428   534  3005 E android.hardware.camera.provider-V1-service: garyVCam [save_frame:884]:VCam save_frame: updated lastFrameUs=1757818781428716
09-14 10:59:41.437   534  2954 E android.hardware.camera.provider-V1-service: garyVCam [mapPixelFdFromHandle]: no mappable pixel fd (w=1920 h=1080)
09-14 10:59:41.437   534  2954 E android.hardware.camera.provider-V1-service: garyVCam VCamMapper: lock failed w=1920 h=1080
09-14 10:59:41.437   534  2954 E android.hardware.camera.provider-V1-service: garyVCam [VCam_CopyLatestTo:1513]:VCam_CopyLatestTo: copy failed -4
09-14 10:59:41.437   534  2954 E RKISP2OutputFrameWorker: VCam InjectVirtualIfNeeded: stream 1920x1080 fmt=0x22 -> ret=-4
09-14 10:59:41.437   534  2954 E android.hardware.camera.provider-V1-service: garyVCam [VCam_Tick:1535]:VCam_Tick: fallback=0 desired=1 state=E_VIRTUAL_RUNNING lastFrameUs=1757818781428716 lastPingUs=1757818781238470 outputs=1
09-14 10:59:41.437   534  3005 E android.hardware.camera.provider-V1-service: garyVCam [rga_data_convert_transform:259]:VCam rga_data_convert_transform: enter
09-14 10:59:41.438   534  3005 E android.hardware.camera.provider-V1-service: garyVCam [rga_data_convert:217]:VCam rga_data_convert: 1920x1080 I420 -> 1920x1080 NV12 rot=0 flipH=0 flipV=0
09-14 10:59:41.439   534  3005 E android.hardware.camera.provider-V1-service: garyVCam [build_transform_flags:203]:VCam build_transform_flags: rot=0 flipH=0 flipV=0 -> tf=0x0
09-14 10:59:41.439   534  3005 E android.hardware.camera.provider-V1-service: garyVCam [rga_data_convert:239]:VCam rga_data_convert: improcess path usage=0x0
09-14 10:59:41.443   534  3005 E android.hardware.camera.provider-V1-service: garyVCam [rga_data_convert:251]:VCam rga_data_convert: success
09-14 10:59:41.443   534  3005 E android.hardware.camera.provider-V1-service: garyVCam [rga_data_convert_transform:263]:VCam rga_data_convert_transform: exit ok=1
09-14 10:59:41.443   534  3005 E android.hardware.camera.provider-V1-service: garyVCam [applyEffectsAll:790]:VCam applyEffectsAll: mask=0x4 fmt=NV12 w=1920 h=1080
09-14 10:59:41.445   534  3005 E android.hardware.camera.provider-V1-service: garyVCam [save_frame:920]:VCam save_frame: slot ready 1920x1080 NV12 stamp=1757818781445237
09-14 10:59:41.445   534  3005 E android.hardware.camera.provider-V1-service: garyVCam [save_frame:927]:VCam save_frame: -
09-14 10:59:41.453   534  3005 E android.hardware.camera.provider-V1-service: garyVCam [client_thread_func:955]:client 43[0]> header cmdFlag=0 cmd=0 p1=1920 p2=1080 p3=19 p4=3110400 p5=1920 p6=1080
09-14 10:59:41.458   534  2954 E android.hardware.camera.provider-V1-service: garyVCam [guessYuvLayout:1117]:VCam guessYuvLayout: fmt=0x22 -> NV12
09-14 10:59:41.459   534  3005 E android.hardware.camera.provider-V1-service: garyVCam [save_frame:832]:VCam save_frame: + width=1920 height=1080 fmt=19 len=3110400 yStride=1920 ySlice=1080 desired=1 state=E_VIRTUAL_RUNNING outputs=1
09-14 10:59:41.460   534  3005 E android.hardware.camera.provider-V1-service: garyVCam [save_frame:884]:VCam save_frame: updated lastFrameUs=1757818781460494
09-14 10:59:41.460   534  2954 E android.hardware.camera.provider-V1-service: garyVCam [mapPixelFdFromHandle]: no mappable pixel fd (w=1920 h=1080)
09-14 10:59:41.461   534  2954 E android.hardware.camera.provider-V1-service: garyVCam VCamMapper: lock failed w=1920 h=1080
09-14 10:59:41.461   534  2954 E android.hardware.camera.provider-V1-service: garyVCam [VCam_CopyLatestTo:1513]:VCam_CopyLatestTo: copy failed -4
09-14 10:59:41.461   534  2954 E RKISP2OutputFrameWorker: VCam InjectVirtualIfNeeded: stream 1920x1080 fmt=0x22 -> ret=-4
09-14 10:59:41.461   534  2954 E android.hardware.camera.provider-V1-service: garyVCam [VCam_Tick:1535]:VCam_Tick: fallback=0 desired=1 state=E_VIRTUAL_RUNNING lastFrameUs=1757818781460494 lastPingUs=1757818781238470 outputs=1
09-14 10:59:41.461   534  3005 E android.hardware.camera.provider-V1-service: garyVCam [rga_data_convert_transform:259]:VCam rga_data_convert_transform: enter
09-14 10:59:41.461   534  3005 E android.hardware.camera.provider-V1-service: garyVCam [rga_data_convert:217]:VCam rga_data_convert: 1920x1080 I420 -> 1920x1080 NV12 rot=0 flipH=0 flipV=0
09-14 10:59:41.462   534  3005 E android.hardware.camera.provider-V1-service: garyVCam [build_transform_flags:203]:VCam build_transform_flags: rot=0 flipH=0 flipV=0 -> tf=0x0
09-14 10:59:41.462   534  3005 E android.hardware.camera.provider-V1-service: garyVCam [rga_data_convert:239]:VCam rga_data_convert: improcess path usage=0x0
09-14 10:59:41.465   534  3005 E android.hardware.camera.provider-V1-service: garyVCam [rga_data_convert:251]:VCam rga_data_convert: success
09-14 10:59:41.465   534  3005 E android.hardware.camera.provider-V1-service: garyVCam [rga_data_convert_transform:263]:VCam rga_data_convert_transform: exit ok=1
09-14 10:59:41.465   534  3005 E android.hardware.camera.provider-V1-service: garyVCam [applyEffectsAll:790]:VCam applyEffectsAll: mask=0x4 fmt=NV12 w=1920 h=1080
09-14 10:59:41.467   534  3005 E android.hardware.camera.provider-V1-service: garyVCam [save_frame:920]:VCam save_frame: slot ready 1920x1080 NV12 stamp=1757818781467786
09-14 10:59:41.468   534  3005 E android.hardware.camera.provider-V1-service: garyVCam [save_frame:927]:VCam save_frame: -
09-14 10:59:41.486   534  3005 E android.hardware.camera.provider-V1-service: garyVCam [client_thread_func:955]:client 43[0]> header cmdFlag=0 cmd=0 p1=1920 p2=1080 p3=19 p4=3110400 p5=1920 p6=1080
09-14 10:59:41.488   534  2954 E android.hardware.camera.provider-V1-service: garyVCam [guessYuvLayout:1117]:VCam guessYuvLayout: fmt=0x22 -> NV12
09-14 10:59:41.494   534  3005 E android.hardware.camera.provider-V1-service: garyVCam [save_frame:832]:VCam save_frame: + width=1920 height=1080 fmt=19 len=3110400 yStride=1920 ySlice=1080 desired=1 state=E_VIRTUAL_RUNNING outputs=1
09-14 10:59:41.495   534  2954 E android.hardware.camera.provider-V1-service: garyVCam [mapPixelFdFromHandle]: no mappable pixel fd (w=1920 h=1080)
09-14 10:59:41.495   534  3005 E android.hardware.camera.provider-V1-service: garyVCam [save_frame:884]:VCam save_frame: updated lastFrameUs=1757818781495618
09-14 10:59:41.497   534  2954 E android.hardware.camera.provider-V1-service: garyVCam VCamMapper: lock failed w=1920 h=1080
09-14 10:59:41.497   534  2954 E android.hardware.camera.provider-V1-service: garyVCam [VCam_CopyLatestTo:1513]:VCam_CopyLatestTo: copy failed -4
09-14 10:59:41.497   534  2954 E RKISP2OutputFrameWorker: VCam InjectVirtualIfNeeded: stream 1920x1080 fmt=0x22 -> ret=-4
09-14 10:59:41.497   534  2954 E android.hardware.camera.provider-V1-service: garyVCam [VCam_Tick:1535]:VCam_Tick: fallback=0 desired=1 state=E_VIRTUAL_RUNNING lastFrameUs=1757818781495618 lastPingUs=1757818781238470 outputs=1
09-14 10:59:41.497   534  3005 E android.hardware.camera.provider-V1-service: garyVCam [rga_data_convert_transform:259]:VCam rga_data_convert_transform: enter
09-14 10:59:41.497   534  3005 E android.hardware.camera.provider-V1-service: garyVCam [rga_data_convert:217]:VCam rga_data_convert: 1920x1080 I420 -> 1920x1080 NV12 rot=0 flipH=0 flipV=0
09-14 10:59:41.498   534  3005 E android.hardware.camera.provider-V1-service: garyVCam [build_transform_flags:203]:VCam build_transform_flags: rot=0 flipH=0 flipV=0 -> tf=0x0
09-14 10:59:41.498   534  3005 E android.hardware.camera.provider-V1-service: garyVCam [rga_data_convert:239]:VCam rga_data_convert: improcess path usage=0x0
09-14 10:59:41.502   534  3005 E android.hardware.camera.provider-V1-service: garyVCam [rga_data_convert:251]:VCam rga_data_convert: success
09-14 10:59:41.502   534  3005 E android.hardware.camera.provider-V1-service: garyVCam [rga_data_convert_transform:263]:VCam rga_data_convert_transform: exit ok=1
09-14 10:59:41.502   534  3005 E android.hardware.camera.provider-V1-service: garyVCam [applyEffectsAll:790]:VCam applyEffectsAll: mask=0x4 fmt=NV12 w=1920 h=1080
09-14 10:59:41.504   534  3005 E android.hardware.camera.provider-V1-service: garyVCam [save_frame:920]:VCam save_frame: slot ready 1920x1080 NV12 stamp=1757818781504741
09-14 10:59:41.504   534  3005 E android.hardware.camera.provider-V1-service: garyVCam [save_frame:927]:VCam save_frame: -
09-14 10:59:41.521   534  3005 E android.hardware.camera.provider-V1-service: garyVCam [client_thread_func:955]:client 43[0]> header cmdFlag=0 cmd=0 p1=1920 p2=1080 p3=19 p4=3110400 p5=1920 p6=1080
09-14 10:59:41.521   534  2954 E android.hardware.camera.provider-V1-service: garyVCam [guessYuvLayout:1117]:VCam guessYuvLayout: fmt=0x22 -> NV12
09-14 10:59:41.525   534  2954 E android.hardware.camera.provider-V1-service: garyVCam [mapPixelFdFromHandle]: no mappable pixel fd (w=1920 h=1080)
09-14 10:59:41.526   534  2954 E android.hardware.camera.provider-V1-service: garyVCam VCamMapper: lock failed w=1920 h=1080
09-14 10:59:41.526   534  2954 E android.hardware.camera.provider-V1-service: garyVCam [VCam_CopyLatestTo:1513]:VCam_CopyLatestTo: copy failed -4
09-14 10:59:41.526   534  2954 E RKISP2OutputFrameWorker: VCam InjectVirtualIfNeeded: stream 1920x1080 fmt=0x22 -> ret=-4
09-14 10:59:41.526   534  2954 E android.hardware.camera.provider-V1-service: garyVCam [VCam_Tick:1535]:VCam_Tick: fallback=0 desired=1 state=E_VIRTUAL_RUNNING lastFrameUs=1757818781495618 lastPingUs=1757818781238470 outputs=1
09-14 10:59:41.529   534  3005 E android.hardware.camera.provider-V1-service: garyVCam [save_frame:832]:VCam save_frame: + width=1920 height=1080 fmt=19 len=3110400 yStride=1920 ySlice=1080 desired=1 state=E_VIRTUAL_RUNNING outputs=1
09-14 10:59:41.530   534  3005 E android.hardware.camera.provider-V1-service: garyVCam [save_frame:884]:VCam save_frame: updated lastFrameUs=1757818781530369
09-14 10:59:41.530   534  3005 E android.hardware.camera.provider-V1-service: garyVCam [rga_data_convert_transform:259]:VCam rga_data_convert_transform: enter
09-14 10:59:41.530   534  3005 E android.hardware.camera.provider-V1-service: garyVCam [rga_data_convert:217]:VCam rga_data_convert: 1920x1080 I420 -> 1920x1080 NV12 rot=0 flipH=0 flipV=0
09-14 10:59:41.531   534  3005 E android.hardware.camera.provider-V1-service: garyVCam [build_transform_flags:203]:VCam build_transform_flags: rot=0 flipH=0 flipV=0 -> tf=0x0
09-14 10:59:41.531   534  3005 E android.hardware.camera.provider-V1-service: garyVCam [rga_data_convert:239]:VCam rga_data_convert: improcess path usage=0x0
09-14 10:59:41.535   534  3005 E android.hardware.camera.provider-V1-service: garyVCam [rga_data_convert:251]:VCam rga_data_convert: success
09-14 10:59:41.535   534  3005 E android.hardware.camera.provider-V1-service: garyVCam [rga_data_convert_transform:263]:VCam rga_data_convert_transform: exit ok=1
09-14 10:59:41.535   534  3005 E android.hardware.camera.provider-V1-service: garyVCam [applyEffectsAll:790]:VCam applyEffectsAll: mask=0x4 fmt=NV12 w=1920 h=1080
09-14 10:59:41.537   534  3005 E android.hardware.camera.provider-V1-service: garyVCam [save_frame:920]:VCam save_frame: slot ready 1920x1080 NV12 stamp=1757818781537613
09-14 10:59:41.537   534  3005 E android.hardware.camera.provider-V1-service: garyVCam [save_frame:927]:VCam save_frame: -
09-14 10:59:41.555   534  2954 E android.hardware.camera.provider-V1-service: garyVCam [guessYuvLayout:1117]:VCam guessYuvLayout: fmt=0x22 -> NV12
09-14 10:59:41.555   534  3005 E android.hardware.camera.provider-V1-service: garyVCam [client_thread_func:955]:client 43[0]> header cmdFlag=0 cmd=0 p1=1920 p2=1080 p3=19 p4=3110400 p5=1920 p6=1080
09-14 10:59:41.559   534  2954 E android.hardware.camera.provider-V1-service: garyVCam [mapPixelFdFromHandle]: no mappable pixel fd (w=1920 h=1080)
09-14 10:59:41.559   534  2954 E android.hardware.camera.provider-V1-service: garyVCam VCamMapper: lock failed w=1920 h=1080
09-14 10:59:41.559   534  2954 E android.hardware.camera.provider-V1-service: garyVCam [VCam_CopyLatestTo:1513]:VCam_CopyLatestTo: copy failed -4
09-14 10:59:41.559   534  2954 E RKISP2OutputFrameWorker: VCam InjectVirtualIfNeeded: stream 1920x1080 fmt=0x22 -> ret=-4
09-14 10:59:41.559   534  2954 E android.hardware.camera.provider-V1-service: garyVCam [VCam_Tick:1535]:VCam_Tick: fallback=0 desired=1 state=E_VIRTUAL_RUNNING lastFrameUs=1757818781530369 lastPingUs=1757818781238470 outputs=1
09-14 10:59:41.564   534  3005 E android.hardware.camera.provider-V1-service: garyVCam [save_frame:832]:VCam save_frame: + width=1920 height=1080 fmt=19 len=3110400 yStride=1920 ySlice=1080 desired=1 state=E_VIRTUAL_RUNNING outputs=1
09-14 10:59:41.565   534  3005 E android.hardware.camera.provider-V1-service: garyVCam [save_frame:884]:VCam save_frame: updated lastFrameUs=1757818781565019
09-14 10:59:41.565   534  3005 E android.hardware.camera.provider-V1-service: garyVCam [rga_data_convert_transform:259]:VCam rga_data_convert_transform: enter
09-14 10:59:41.565   534  3005 E android.hardware.camera.provider-V1-service: garyVCam [rga_data_convert:217]:VCam rga_data_convert: 1920x1080 I420 -> 1920x1080 NV12 rot=0 flipH=0 flipV=0
09-14 10:59:41.568   534  3005 E android.hardware.camera.provider-V1-service: garyVCam [build_transform_flags:203]:VCam build_transform_flags: rot=0 flipH=0 flipV=0 -> tf=0x0
09-14 10:59:41.568   534  3005 E android.hardware.camera.provider-V1-service: garyVCam [rga_data_convert:239]:VCam rga_data_convert: improcess path usage=0x0
09-14 10:59:41.571   534  3005 E android.hardware.camera.provider-V1-service: garyVCam [rga_data_convert:251]:VCam rga_data_convert: success
09-14 10:59:41.571   534  3005 E android.hardware.camera.provider-V1-service: garyVCam [rga_data_convert_transform:263]:VCam rga_data_convert_transform: exit ok=1
09-14 10:59:41.571   534  3005 E android.hardware.camera.provider-V1-service: garyVCam [applyEffectsAll:790]:VCam applyEffectsAll: mask=0x4 fmt=NV12 w=1920 h=1080
09-14 10:59:41.573   534  3005 E android.hardware.camera.provider-V1-service: garyVCam [save_frame:920]:VCam save_frame: slot ready 1920x1080 NV12 stamp=1757818781573469
09-14 10:59:41.573   534  3005 E android.hardware.camera.provider-V1-service: garyVCam [save_frame:927]:VCam save_frame: -
09-14 10:59:41.587   534  2954 E android.hardware.camera.provider-V1-service: garyVCam [guessYuvLayout:1117]:VCam guessYuvLayout: fmt=0x22 -> NV12
09-14 10:59:41.591   534  2954 E android.hardware.camera.provider-V1-service: garyVCam [mapPixelFdFromHandle]: picked fd[42]=124 mappedLen=3317760 (st_size=4149248)
09-14 10:59:41.591   534  2954 E android.hardware.camera.provider-V1-service: garyVCam [dmaSync:1089]:VCam dmaSync: fd=90 start=1
09-14 10:59:41.592   534  2954 E android.hardware.camera.provider-V1-service: garyVCam [estimateStrideFromSize]: bestSize=3317760 w=1920 h=1080 -> stride=2048 need=3317760
09-14 10:59:41.592   534  3005 E android.hardware.camera.provider-V1-service: garyVCam [client_thread_func:955]:client 43[0]> header cmdFlag=0 cmd=0 p1=1920 p2=1080 p3=19 p4=3110400 p5=1920 p6=1080
09-14 10:59:41.595   534  2954 E android.hardware.camera.provider-V1-service: garyVCam [dmaSync:1089]:VCam dmaSync: fd=90 start=0
09-14 10:59:41.597   534  2954 E android.hardware.camera.provider-V1-service: garyVCam [VCam_CopyLatestTo:1511]:VCam_CopyLatestTo: OK slot 1920x1080 NV12 lastPingUs=1757818781596999
09-14 10:59:41.597   534  2954 E RKISP2OutputFrameWorker: VCam InjectVirtualIfNeeded: stream 1920x1080 fmt=0x22 -> ret=0
09-14 10:59:41.597   534  2954 E android.hardware.camera.provider-V1-service: garyVCam [VCam_Tick:1535]:VCam_Tick: fallback=0 desired=1 state=E_VIRTUAL_RUNNING lastFrameUs=1757818781565019 lastPingUs=1757818781596999 outputs=1
09-14 10:59:41.598   534  3005 E android.hardware.camera.provider-V1-service: garyVCam [save_frame:832]:VCam save_frame: + width=1920 height=1080 fmt=19 len=3110400 yStride=1920 ySlice=1080 desired=1 state=E_VIRTUAL_RUNNING outputs=1
09-14 10:59:41.602   534  3005 E android.hardware.camera.provider-V1-service: garyVCam [save_frame:884]:VCam save_frame: updated lastFrameUs=1757818781602087
09-14 10:59:41.602   534  3005 E android.hardware.camera.provider-V1-service: garyVCam [rga_data_convert_transform:259]:VCam rga_data_convert_transform: enter
09-14 10:59:41.602   534  3005 E android.hardware.camera.provider-V1-service: garyVCam [rga_data_convert:217]:VCam rga_data_convert: 1920x1080 I420 -> 1920x1080 NV12 rot=0 flipH=0 flipV=0
09-14 10:59:41.602   534  3005 E android.hardware.camera.provider-V1-service: garyVCam [build_transform_flags:203]:VCam build_transform_flags: rot=0 flipH=0 flipV=0 -> tf=0x0
09-14 10:59:41.602   534  3005 E android.hardware.camera.provider-V1-service: garyVCam [rga_data_convert:239]:VCam rga_data_convert: improcess path usage=0x0
09-14 10:59:41.608   534  3005 E android.hardware.camera.provider-V1-service: garyVCam [rga_data_convert:251]:VCam rga_data_convert: success
09-14 10:59:41.608   534  3005 E android.hardware.camera.provider-V1-service: garyVCam [rga_data_convert_transform:263]:VCam rga_data_convert_transform: exit ok=1
09-14 10:59:41.608   534  3005 E android.hardware.camera.provider-V1-service: garyVCam [applyEffectsAll:790]:VCam applyEffectsAll: mask=0x4 fmt=NV12 w=1920 h=1080
09-14 10:59:41.611   534  3005 E android.hardware.camera.provider-V1-service: garyVCam [save_frame:920]:VCam save_frame: slot ready 1920x1080 NV12 stamp=1757818781611486
09-14 10:59:41.611   534  3005 E android.hardware.camera.provider-V1-service: garyVCam [save_frame:927]:VCam save_frame: -
09-14 10:59:41.620   534  3005 E android.hardware.camera.provider-V1-service: garyVCam [client_thread_func:955]:client 43[0]> header cmdFlag=0 cmd=0 p1=1920 p2=1080 p3=19 p4=3110400 p5=1920 p6=1080
09-14 10:59:41.622   534  2954 E android.hardware.camera.provider-V1-service: garyVCam [guessYuvLayout:1117]:VCam guessYuvLayout: fmt=0x22 -> NV12
09-14 10:59:41.625   534  2954 E android.hardware.camera.provider-V1-service: garyVCam [mapPixelFdFromHandle]: picked fd[42]=124 mappedLen=3317760 (st_size=4149248)
09-14 10:59:41.625   534  2954 E android.hardware.camera.provider-V1-service: garyVCam [dmaSync:1089]:VCam dmaSync: fd=87 start=1
09-14 10:59:41.626   534  2954 E android.hardware.camera.provider-V1-service: garyVCam [estimateStrideFromSize]: bestSize=3317760 w=1920 h=1080 -> stride=2048 need=3317760
09-14 10:59:41.628   534  3005 E android.hardware.camera.provider-V1-service: garyVCam [save_frame:832]:VCam save_frame: + width=1920 height=1080 fmt=19 len=3110400 yStride=1920 ySlice=1080 desired=1 state=E_VIRTUAL_RUNNING outputs=1
09-14 10:59:41.630   534  3005 E android.hardware.camera.provider-V1-service: garyVCam [save_frame:884]:VCam save_frame: updated lastFrameUs=1757818781630217
09-14 10:59:41.632   534  2954 E android.hardware.camera.provider-V1-service: garyVCam [dmaSync:1089]:VCam dmaSync: fd=87 start=0
09-14 10:59:41.634   534  2954 E android.hardware.camera.provider-V1-service: garyVCam [VCam_CopyLatestTo:1511]:VCam_CopyLatestTo: OK slot 1920x1080 NV12 lastPingUs=1757818781634195
09-14 10:59:41.634   534  2954 E RKISP2OutputFrameWorker: VCam InjectVirtualIfNeeded: stream 1920x1080 fmt=0x22 -> ret=0
09-14 10:59:41.634   534  2954 E android.hardware.camera.provider-V1-service: garyVCam [VCam_Tick:1535]:VCam_Tick: fallback=0 desired=1 state=E_VIRTUAL_RUNNING lastFrameUs=1757818781630217 lastPingUs=1757818781634195 outputs=1
09-14 10:59:41.634   534  3005 E android.hardware.camera.provider-V1-service: garyVCam [rga_data_convert_transform:259]:VCam rga_data_convert_transform: enter
09-14 10:59:41.634   534  3005 E android.hardware.camera.provider-V1-service: garyVCam [rga_data_convert:217]:VCam rga_data_convert: 1920x1080 I420 -> 1920x1080 NV12 rot=0 flipH=0 flipV=0
09-14 10:59:41.635   534  3005 E android.hardware.camera.provider-V1-service: garyVCam [build_transform_flags:203]:VCam build_transform_flags: rot=0 flipH=0 flipV=0 -> tf=0x0
09-14 10:59:41.635   534  3005 E android.hardware.camera.provider-V1-service: garyVCam [rga_data_convert:239]:VCam rga_data_convert: improcess path usage=0x0
09-14 10:59:41.638   534  3005 E android.hardware.camera.provider-V1-service: garyVCam [rga_data_convert:251]:VCam rga_data_convert: success
09-14 10:59:41.638   534  3005 E android.hardware.camera.provider-V1-service: garyVCam [rga_data_convert_transform:263]:VCam rga_data_convert_transform: exit ok=1
09-14 10:59:41.638   534  3005 E android.hardware.camera.provider-V1-service: garyVCam [applyEffectsAll:790]:VCam applyEffectsAll: mask=0x4 fmt=NV12 w=1920 h=1080
09-14 10:59:41.641   534  3005 E android.hardware.camera.provider-V1-service: garyVCam [save_frame:920]:VCam save_frame: slot ready 1920x1080 NV12 stamp=1757818781641195
09-14 10:59:41.641   534  3005 E android.hardware.camera.provider-V1-service: garyVCam [save_frame:927]:VCam save_frame: -
09-14 10:59:41.653   534  3005 E android.hardware.camera.provider-V1-service: garyVCam [client_thread_func:955]:client 43[0]> header cmdFlag=0 cmd=0 p1=1920 p2=1080 p3=19 p4=3110400 p5=1920 p6=1080
09-14 10:59:41.655   534  2954 E android.hardware.camera.provider-V1-service: garyVCam [guessYuvLayout:1117]:VCam guessYuvLayout: fmt=0x22 -> NV12
09-14 10:59:41.657   534  2954 E android.hardware.camera.provider-V1-service: garyVCam [mapPixelFdFromHandle]: picked fd[42]=124 mappedLen=3317760 (st_size=4149248)
09-14 10:59:41.657   534  2954 E android.hardware.camera.provider-V1-service: garyVCam [dmaSync:1089]:VCam dmaSync: fd=98 start=1
09-14 10:59:41.660   534  2954 E android.hardware.camera.provider-V1-service: garyVCam [estimateStrideFromSize]: bestSize=3317760 w=1920 h=1080 -> stride=2048 need=3317760
09-14 10:59:41.661   534  3005 E android.hardware.camera.provider-V1-service: garyVCam [save_frame:832]:VCam save_frame: + width=1920 height=1080 fmt=19 len=3110400 yStride=1920 ySlice=1080 desired=1 state=E_VIRTUAL_RUNNING outputs=1
09-14 10:59:41.662   534  3005 E android.hardware.camera.provider-V1-service: garyVCam [save_frame:884]:VCam save_frame: updated lastFrameUs=1757818781662531
09-14 10:59:41.665   534  2954 E android.hardware.camera.provider-V1-service: garyVCam [dmaSync:1089]:VCam dmaSync: fd=98 start=0
09-14 10:59:41.667   534  2954 E android.hardware.camera.provider-V1-service: garyVCam [VCam_CopyLatestTo:1511]:VCam_CopyLatestTo: OK slot 1920x1080 NV12 lastPingUs=1757818781667746
09-14 10:59:41.667   534  2954 E RKISP2OutputFrameWorker: VCam InjectVirtualIfNeeded: stream 1920x1080 fmt=0x22 -> ret=0
09-14 10:59:41.668   534  2954 E android.hardware.camera.provider-V1-service: garyVCam [VCam_Tick:1535]:VCam_Tick: fallback=0 desired=1 state=E_VIRTUAL_RUNNING lastFrameUs=1757818781662531 lastPingUs=1757818781667746 outputs=1
09-14 10:59:41.668   534  3005 E android.hardware.camera.provider-V1-service: garyVCam [rga_data_convert_transform:259]:VCam rga_data_convert_transform: enter
09-14 10:59:41.668   534  3005 E android.hardware.camera.provider-V1-service: garyVCam [rga_data_convert:217]:VCam rga_data_convert: 1920x1080 I420 -> 1920x1080 NV12 rot=0 flipH=0 flipV=0
09-14 10:59:41.668   534  3005 E android.hardware.camera.provider-V1-service: garyVCam [build_transform_flags:203]:VCam build_transform_flags: rot=0 flipH=0 flipV=0 -> tf=0x0
09-14 10:59:41.668   534  3005 E android.hardware.camera.provider-V1-service: garyVCam [rga_data_convert:239]:VCam rga_data_convert: improcess path usage=0x0
09-14 10:59:41.671   534  3005 E android.hardware.camera.provider-V1-service: garyVCam [rga_data_convert:251]:VCam rga_data_convert: success
09-14 10:59:41.671   534  3005 E android.hardware.camera.provider-V1-service: garyVCam [rga_data_convert_transform:263]:VCam rga_data_convert_transform: exit ok=1
09-14 10:59:41.671   534  3005 E android.hardware.camera.provider-V1-service: garyVCam [applyEffectsAll:790]:VCam applyEffectsAll: mask=0x4 fmt=NV12 w=1920 h=1080
09-14 10:59:41.674   534  3005 E android.hardware.camera.provider-V1-service: garyVCam [save_frame:920]:VCam save_frame: slot ready 1920x1080 NV12 stamp=1757818781674155
09-14 10:59:41.674   534  3005 E android.hardware.camera.provider-V1-service: garyVCam [save_frame:927]:VCam save_frame: -
09-14 10:59:41.687   534  3005 E android.hardware.camera.provider-V1-service: garyVCam [client_thread_func:955]:client 43[0]> header cmdFlag=0 cmd=0 p1=1920 p2=1080 p3=19 p4=3110400 p5=1920 p6=1080
09-14 10:59:41.689   534  2954 E android.hardware.camera.provider-V1-service: garyVCam [guessYuvLayout:1117]:VCam guessYuvLayout: fmt=0x22 -> NV12
09-14 10:59:41.690   534  2954 E android.hardware.camera.provider-V1-service: garyVCam [mapPixelFdFromHandle]: picked fd[42]=124 mappedLen=3317760 (st_size=4149248)
09-14 10:59:41.691   534  2954 E android.hardware.camera.provider-V1-service: garyVCam [dmaSync:1089]:VCam dmaSync: fd=91 start=1
09-14 10:59:41.692   534  2954 E android.hardware.camera.provider-V1-service: garyVCam [estimateStrideFromSize]: bestSize=3317760 w=1920 h=1080 -> stride=2048 need=3317760
09-14 10:59:41.694   534  3005 E android.hardware.camera.provider-V1-service: garyVCam [save_frame:832]:VCam save_frame: + width=1920 height=1080 fmt=19 len=3110400 yStride=1920 ySlice=1080 desired=1 state=E_VIRTUAL_RUNNING outputs=1
09-14 10:59:41.695   534  3005 E android.hardware.camera.provider-V1-service: garyVCam [save_frame:884]:VCam save_frame: updated lastFrameUs=1757818781695959
09-14 10:59:41.698   534  2954 E android.hardware.camera.provider-V1-service: garyVCam [dmaSync:1089]:VCam dmaSync: fd=91 start=0
09-14 10:59:41.700   534  2954 E android.hardware.camera.provider-V1-service: garyVCam [VCam_CopyLatestTo:1511]:VCam_CopyLatestTo: OK slot 1920x1080 NV12 lastPingUs=1757818781700932
09-14 10:59:41.701   534  2954 E RKISP2OutputFrameWorker: VCam InjectVirtualIfNeeded: stream 1920x1080 fmt=0x22 -> ret=0
09-14 10:59:41.701   534  2954 E android.hardware.camera.provider-V1-service: garyVCam [VCam_Tick:1535]:VCam_Tick: fallback=0 desired=1 state=E_VIRTUAL_RUNNING lastFrameUs=1757818781695959 lastPingUs=1757818781700932 outputs=1
09-14 10:59:41.701   534  3005 E android.hardware.camera.provider-V1-service: garyVCam [rga_data_convert_transform:259]:VCam rga_data_convert_transform: enter
09-14 10:59:41.701   534  3005 E android.hardware.camera.provider-V1-service: garyVCam [rga_data_convert:217]:VCam rga_data_convert: 1920x1080 I420 -> 1920x1080 NV12 rot=0 flipH=0 flipV=0
09-14 10:59:41.702   534  3005 E android.hardware.camera.provider-V1-service: garyVCam [build_transform_flags:203]:VCam build_transform_flags: rot=0 flipH=0 flipV=0 -> tf=0x0
09-14 10:59:41.702   534  3005 E android.hardware.camera.provider-V1-service: garyVCam [rga_data_convert:239]:VCam rga_data_convert: improcess path usage=0x0
09-14 10:59:41.705   534  3005 E android.hardware.camera.provider-V1-service: garyVCam [rga_data_convert:251]:VCam rga_data_convert: success
09-14 10:59:41.705   534  3005 E android.hardware.camera.provider-V1-service: garyVCam [rga_data_convert_transform:263]:VCam rga_data_convert_transform: exit ok=1
09-14 10:59:41.705   534  3005 E android.hardware.camera.provider-V1-service: garyVCam [applyEffectsAll:790]:VCam applyEffectsAll: mask=0x4 fmt=NV12 w=1920 h=1080
09-14 10:59:41.708   534  3005 E android.hardware.camera.provider-V1-service: garyVCam [save_frame:920]:VCam save_frame: slot ready 1920x1080 NV12 stamp=1757818781708206
09-14 10:59:41.708   534  3005 E android.hardware.camera.provider-V1-service: garyVCam [save_frame:927]:VCam save_frame: -
09-14 10:59:41.721   534  3005 E android.hardware.camera.provider-V1-service: garyVCam [client_thread_func:955]:client 43[0]> header cmdFlag=0 cmd=0 p1=1920 p2=1080 p3=19 p4=3110400 p5=1920 p6=1080
09-14 10:59:41.724   534  2954 E android.hardware.camera.provider-V1-service: garyVCam [guessYuvLayout:1117]:VCam guessYuvLayout: fmt=0x22 -> NV12
09-14 10:59:41.726   534  2954 E android.hardware.camera.provider-V1-service: garyVCam [mapPixelFdFromHandle]: no mappable pixel fd (w=1920 h=1080)
09-14 10:59:41.726   534  2954 E android.hardware.camera.provider-V1-service: garyVCam VCamMapper: lock failed w=1920 h=1080
09-14 10:59:41.726   534  2954 E android.hardware.camera.provider-V1-service: garyVCam [VCam_CopyLatestTo:1513]:VCam_CopyLatestTo: copy failed -4
09-14 10:59:41.726   534  2954 E RKISP2OutputFrameWorker: VCam InjectVirtualIfNeeded: stream 1920x1080 fmt=0x22 -> ret=-4
09-14 10:59:41.726   534  2954 E android.hardware.camera.provider-V1-service: garyVCam [VCam_Tick:1535]:VCam_Tick: fallback=0 desired=1 state=E_VIRTUAL_RUNNING lastFrameUs=1757818781695959 lastPingUs=1757818781700932 outputs=1
09-14 10:59:41.728   534  3005 E android.hardware.camera.provider-V1-service: garyVCam [save_frame:832]:VCam save_frame: + width=1920 height=1080 fmt=19 len=3110400 yStride=1920 ySlice=1080 desired=1 state=E_VIRTUAL_RUNNING outputs=1
09-14 10:59:41.729   534  3005 E android.hardware.camera.provider-V1-service: garyVCam [save_frame:884]:VCam save_frame: updated lastFrameUs=1757818781729446
09-14 10:59:41.729   534  3005 E android.hardware.camera.provider-V1-service: garyVCam [rga_data_convert_transform:259]:VCam rga_data_convert_transform: enter
09-14 10:59:41.729   534  3005 E android.hardware.camera.provider-V1-service: garyVCam [rga_data_convert:217]:VCam rga_data_convert: 1920x1080 I420 -> 1920x1080 NV12 rot=0 flipH=0 flipV=0
09-14 10:59:41.730   534  3005 E android.hardware.camera.provider-V1-service: garyVCam [build_transform_flags:203]:VCam build_transform_flags: rot=0 flipH=0 flipV=0 -> tf=0x0
09-14 10:59:41.731   534  3005 E android.hardware.camera.provider-V1-service: garyVCam [rga_data_convert:239]:VCam rga_data_convert: improcess path usage=0x0
09-14 10:59:41.734   534  3005 E android.hardware.camera.provider-V1-service: garyVCam [rga_data_convert:251]:VCam rga_data_convert: success
09-14 10:59:41.734   534  3005 E android.hardware.camera.provider-V1-service: garyVCam [rga_data_convert_transform:263]:VCam rga_data_convert_transform: exit ok=1
09-14 10:59:41.734   534  3005 E android.hardware.camera.provider-V1-service: garyVCam [applyEffectsAll:790]:VCam applyEffectsAll: mask=0x4 fmt=NV12 w=1920 h=1080
09-14 10:59:41.737   534  3005 E android.hardware.camera.provider-V1-service: garyVCam [save_frame:920]:VCam save_frame: slot ready 1920x1080 NV12 stamp=1757818781737007
09-14 10:59:41.737   534  3005 E android.hardware.camera.provider-V1-service: garyVCam [save_frame:927]:VCam save_frame: -
09-14 10:59:41.754   534  3005 E android.hardware.camera.provider-V1-service: garyVCam [client_thread_func:955]:client 43[0]> header cmdFlag=0 cmd=0 p1=1920 p2=1080 p3=19 p4=3110400 p5=1920 p6=1080
09-14 10:59:41.758   534  2954 E android.hardware.camera.provider-V1-service: garyVCam [guessYuvLayout:1117]:VCam guessYuvLayout: fmt=0x22 -> NV12
09-14 10:59:41.763   534  2954 E android.hardware.camera.provider-V1-service: garyVCam [mapPixelFdFromHandle]: no mappable pixel fd (w=1920 h=1080)
09-14 10:59:41.763   534  2954 E android.hardware.camera.provider-V1-service: garyVCam VCamMapper: lock failed w=1920 h=1080
09-14 10:59:41.763   534  2954 E android.hardware.camera.provider-V1-service: garyVCam [VCam_CopyLatestTo:1513]:VCam_CopyLatestTo: copy failed -4
09-14 10:59:41.763   534  2954 E RKISP2OutputFrameWorker: VCam InjectVirtualIfNeeded: stream 1920x1080 fmt=0x22 -> ret=-4
09-14 10:59:41.763   534  3005 E android.hardware.camera.provider-V1-service: garyVCam [save_frame:832]:VCam save_frame: + width=1920 height=1080 fmt=19 len=3110400 yStride=1920 ySlice=1080 desired=1 state=E_VIRTUAL_RUNNING outputs=1
09-14 10:59:41.763   534  2954 E android.hardware.camera.provider-V1-service: garyVCam [VCam_Tick:1535]:VCam_Tick: fallback=0 desired=1 state=E_VIRTUAL_RUNNING lastFrameUs=1757818781729446 lastPingUs=1757818781700932 outputs=1
09-14 10:59:41.764   534  3005 E android.hardware.camera.provider-V1-service: garyVCam [save_frame:884]:VCam save_frame: updated lastFrameUs=1757818781764696
09-14 10:59:41.764   534  3005 E android.hardware.camera.provider-V1-service: garyVCam [rga_data_convert_transform:259]:VCam rga_data_convert_transform: enter
09-14 10:59:41.764   534  3005 E android.hardware.camera.provider-V1-service: garyVCam [rga_data_convert:217]:VCam rga_data_convert: 1920x1080 I420 -> 1920x1080 NV12 rot=0 flipH=0 flipV=0
09-14 10:59:41.765   534  3005 E android.hardware.camera.provider-V1-service: garyVCam [build_transform_flags:203]:VCam build_transform_flags: rot=0 flipH=0 flipV=0 -> tf=0x0
09-14 10:59:41.765   534  3005 E android.hardware.camera.provider-V1-service: garyVCam [rga_data_convert:239]:VCam rga_data_convert: improcess path usage=0x0
09-14 10:59:41.769   534  3005 E android.hardware.camera.provider-V1-service: garyVCam [rga_data_convert:251]:VCam rga_data_convert: success
09-14 10:59:41.769   534  3005 E android.hardware.camera.provider-V1-service: garyVCam [rga_data_convert_transform:263]:VCam rga_data_convert_transform: exit ok=1
09-14 10:59:41.769   534  3005 E android.hardware.camera.provider-V1-service: garyVCam [applyEffectsAll:790]:VCam applyEffectsAll: mask=0x4 fmt=NV12 w=1920 h=1080
09-14 10:59:41.774   534  3005 E android.hardware.camera.provider-V1-service: garyVCam [save_frame:920]:VCam save_frame: slot ready 1920x1080 NV12 stamp=1757818781774908
09-14 10:59:41.775   534  3005 E android.hardware.camera.provider-V1-service: garyVCam [save_frame:927]:VCam save_frame: -
09-14 10:59:41.786   534  3005 E android.hardware.camera.provider-V1-service: garyVCam [client_thread_func:955]:client 43[0]> header cmdFlag=0 cmd=0 p1=1920 p2=1080 p3=19 p4=3110400 p5=1920 p6=1080
09-14 10:59:41.791   534  2954 E android.hardware.camera.provider-V1-service: garyVCam [guessYuvLayout:1117]:VCam guessYuvLayout: fmt=0x22 -> NV12
09-14 10:59:41.797   534  2954 E android.hardware.camera.provider-V1-service: garyVCam [mapPixelFdFromHandle]: no mappable pixel fd (w=1920 h=1080)
09-14 10:59:41.798   534  2954 E android.hardware.camera.provider-V1-service: garyVCam VCamMapper: lock failed w=1920 h=1080
09-14 10:59:41.798   534  2954 E android.hardware.camera.provider-V1-service: garyVCam [VCam_CopyLatestTo:1513]:VCam_CopyLatestTo: copy failed -4
09-14 10:59:41.798   534  2954 E RKISP2OutputFrameWorker: VCam InjectVirtualIfNeeded: stream 1920x1080 fmt=0x22 -> ret=-4
09-14 10:59:41.798   534  2954 E android.hardware.camera.provider-V1-service: garyVCam [VCam_Tick:1535]:VCam_Tick: fallback=0 desired=1 state=E_VIRTUAL_RUNNING lastFrameUs=1757818781764696 lastPingUs=1757818781700932 outputs=1
09-14 10:59:41.799   534  3005 E android.hardware.camera.provider-V1-service: garyVCam [save_frame:832]:VCam save_frame: + width=1920 height=1080 fmt=19 len=3110400 yStride=1920 ySlice=1080 desired=1 state=E_VIRTUAL_RUNNING outputs=1
09-14 10:59:41.801   534  3005 E android.hardware.camera.provider-V1-service: garyVCam [save_frame:884]:VCam save_frame: updated lastFrameUs=1757818781801299
09-14 10:59:41.801   534  3005 E android.hardware.camera.provider-V1-service: garyVCam [rga_data_convert_transform:259]:VCam rga_data_convert_transform: enter
09-14 10:59:41.801   534  3005 E android.hardware.camera.provider-V1-service: garyVCam [rga_data_convert:217]:VCam rga_data_convert: 1920x1080 I420 -> 1920x1080 NV12 rot=0 flipH=0 flipV=0
09-14 10:59:41.802   534  3005 E android.hardware.camera.provider-V1-service: garyVCam [build_transform_flags:203]:VCam build_transform_flags: rot=0 flipH=0 flipV=0 -> tf=0x0
09-14 10:59:41.802   534  3005 E android.hardware.camera.provider-V1-service: garyVCam [rga_data_convert:239]:VCam rga_data_convert: improcess path usage=0x0
09-14 10:59:41.806   534  3005 E android.hardware.camera.provider-V1-service: garyVCam [rga_data_convert:251]:VCam rga_data_convert: success
09-14 10:59:41.806   534  3005 E android.hardware.camera.provider-V1-service: garyVCam [rga_data_convert_transform:263]:VCam rga_data_convert_transform: exit ok=1
09-14 10:59:41.806   534  3005 E android.hardware.camera.provider-V1-service: garyVCam [applyEffectsAll:790]:VCam applyEffectsAll: mask=0x4 fmt=NV12 w=1920 h=1080
09-14 10:59:41.812   534  3005 E android.hardware.camera.provider-V1-service: garyVCam [save_frame:920]:VCam save_frame: slot ready 1920x1080 NV12 stamp=1757818781812452
09-14 10:59:41.812   534  3005 E android.hardware.camera.provider-V1-service: garyVCam [save_frame:927]:VCam save_frame: -
09-14 10:59:41.821   534  3005 E android.hardware.camera.provider-V1-service: garyVCam [client_thread_func:955]:client 43[0]> header cmdFlag=0 cmd=0 p1=1920 p2=1080 p3=19 p4=3110400 p5=1920 p6=1080
09-14 10:59:41.822   534  2954 E android.hardware.camera.provider-V1-service: garyVCam [guessYuvLayout:1117]:VCam guessYuvLayout: fmt=0x22 -> NV12
09-14 10:59:41.829   534  2954 E android.hardware.camera.provider-V1-service: garyVCam [mapPixelFdFromHandle]: no mappable pixel fd (w=1920 h=1080)
09-14 10:59:41.829   534  2954 E android.hardware.camera.provider-V1-service: garyVCam VCamMapper: lock failed w=1920 h=1080
09-14 10:59:41.829   534  2954 E android.hardware.camera.provider-V1-service: garyVCam [VCam_CopyLatestTo:1513]:VCam_CopyLatestTo: copy failed -4
09-14 10:59:41.829   534  2954 E RKISP2OutputFrameWorker: VCam InjectVirtualIfNeeded: stream 1920x1080 fmt=0x22 -> ret=-4
09-14 10:59:41.829   534  2954 E android.hardware.camera.provider-V1-service: garyVCam [VCam_Tick:1535]:VCam_Tick: fallback=0 desired=1 state=E_VIRTUAL_RUNNING lastFrameUs=1757818781801299 lastPingUs=1757818781700932 outputs=1
09-14 10:59:41.830   534  3005 E android.hardware.camera.provider-V1-service: garyVCam [save_frame:832]:VCam save_frame: + width=1920 height=1080 fmt=19 len=3110400 yStride=1920 ySlice=1080 desired=1 state=E_VIRTUAL_RUNNING outputs=1
09-14 10:59:41.831   534  3005 E android.hardware.camera.provider-V1-service: garyVCam [save_frame:884]:VCam save_frame: updated lastFrameUs=1757818781831612
09-14 10:59:41.831   534  3005 E android.hardware.camera.provider-V1-service: garyVCam [rga_data_convert_transform:259]:VCam rga_data_convert_transform: enter
09-14 10:59:41.831   534  3005 E android.hardware.camera.provider-V1-service: garyVCam [rga_data_convert:217]:VCam rga_data_convert: 1920x1080 I420 -> 1920x1080 NV12 rot=0 flipH=0 flipV=0
09-14 10:59:41.834   534  3005 E android.hardware.camera.provider-V1-service: garyVCam [build_transform_flags:203]:VCam build_transform_flags: rot=0 flipH=0 flipV=0 -> tf=0x0
09-14 10:59:41.834   534  3005 E android.hardware.camera.provider-V1-service: garyVCam [rga_data_convert:239]:VCam rga_data_convert: improcess path usage=0x0
09-14 10:59:41.837   534  3005 E android.hardware.camera.provider-V1-service: garyVCam [rga_data_convert:251]:VCam rga_data_convert: success
09-14 10:59:41.837   534  3005 E android.hardware.camera.provider-V1-service: garyVCam [rga_data_convert_transform:263]:VCam rga_data_convert_transform: exit ok=1
09-14 10:59:41.837   534  3005 E android.hardware.camera.provider-V1-service: garyVCam [applyEffectsAll:790]:VCam applyEffectsAll: mask=0x4 fmt=NV12 w=1920 h=1080
09-14 10:59:41.839   534  3005 E android.hardware.camera.provider-V1-service: garyVCam [save_frame:920]:VCam save_frame: slot ready 1920x1080 NV12 stamp=1757818781839314
09-14 10:59:41.839   534  3005 E android.hardware.camera.provider-V1-service: garyVCam [save_frame:927]:VCam save_frame: -
09-14 10:59:41.854   534  3005 E android.hardware.camera.provider-V1-service: garyVCam [client_thread_func:955]:client 43[0]> header cmdFlag=0 cmd=0 p1=1920 p2=1080 p3=19 p4=3110400 p5=1920 p6=1080
09-14 10:59:41.856   534  2954 E android.hardware.camera.provider-V1-service: garyVCam [guessYuvLayout:1117]:VCam guessYuvLayout: fmt=0x22 -> NV12
09-14 10:59:41.861   534  2954 E android.hardware.camera.provider-V1-service: garyVCam [mapPixelFdFromHandle]: no mappable pixel fd (w=1920 h=1080)
09-14 10:59:41.861   534  2954 E android.hardware.camera.provider-V1-service: garyVCam VCamMapper: lock failed w=1920 h=1080
09-14 10:59:41.861   534  2954 E android.hardware.camera.provider-V1-service: garyVCam [VCam_CopyLatestTo:1513]:VCam_CopyLatestTo: copy failed -4
09-14 10:59:41.861   534  2954 E RKISP2OutputFrameWorker: VCam InjectVirtualIfNeeded: stream 1920x1080 fmt=0x22 -> ret=-4
09-14 10:59:41.861   534  2954 E android.hardware.camera.provider-V1-service: garyVCam [VCam_Tick:1535]:VCam_Tick: fallback=0 desired=1 state=E_VIRTUAL_RUNNING lastFrameUs=1757818781831612 lastPingUs=1757818781700932 outputs=1
09-14 10:59:41.862   534  3005 E android.hardware.camera.provider-V1-service: garyVCam [save_frame:832]:VCam save_frame: + width=1920 height=1080 fmt=19 len=3110400 yStride=1920 ySlice=1080 desired=1 state=E_VIRTUAL_RUNNING outputs=1
09-14 10:59:41.863   534  3005 E android.hardware.camera.provider-V1-service: garyVCam [save_frame:884]:VCam save_frame: updated lastFrameUs=1757818781863039
09-14 10:59:41.863   534  3005 E android.hardware.camera.provider-V1-service: garyVCam [rga_data_convert_transform:259]:VCam rga_data_convert_transform: enter
09-14 10:59:41.863   534  3005 E android.hardware.camera.provider-V1-service: garyVCam [rga_data_convert:217]:VCam rga_data_convert: 1920x1080 I420 -> 1920x1080 NV12 rot=0 flipH=0 flipV=0
09-14 10:59:41.866   534  3005 E android.hardware.camera.provider-V1-service: garyVCam [build_transform_flags:203]:VCam build_transform_flags: rot=0 flipH=0 flipV=0 -> tf=0x0
09-14 10:59:41.866   534  3005 E android.hardware.camera.provider-V1-service: garyVCam [rga_data_convert:239]:VCam rga_data_convert: improcess path usage=0x0
09-14 10:59:41.869   534  3005 E android.hardware.camera.provider-V1-service: garyVCam [rga_data_convert:251]:VCam rga_data_convert: success
09-14 10:59:41.869   534  3005 E android.hardware.camera.provider-V1-service: garyVCam [rga_data_convert_transform:263]:VCam rga_data_convert_transform: exit ok=1
09-14 10:59:41.869   534  3005 E android.hardware.camera.provider-V1-service: garyVCam [applyEffectsAll:790]:VCam applyEffectsAll: mask=0x4 fmt=NV12 w=1920 h=1080
09-14 10:59:41.872   534  3005 E android.hardware.camera.provider-V1-service: garyVCam [save_frame:920]:VCam save_frame: slot ready 1920x1080 NV12 stamp=1757818781872711
09-14 10:59:41.872   534  3005 E android.hardware.camera.provider-V1-service: garyVCam [save_frame:927]:VCam save_frame: -
09-14 10:59:41.887   534  3005 E android.hardware.camera.provider-V1-service: garyVCam [client_thread_func:955]:client 43[0]> header cmdFlag=0 cmd=0 p1=1920 p2=1080 p3=19 p4=3110400 p5=1920 p6=1080
09-14 10:59:41.890   534  2954 E android.hardware.camera.provider-V1-service: garyVCam [guessYuvLayout:1117]:VCam guessYuvLayout: fmt=0x22 -> NV12
09-14 10:59:41.894   534  3005 E android.hardware.camera.provider-V1-service: garyVCam [save_frame:832]:VCam save_frame: + width=1920 height=1080 fmt=19 len=3110400 yStride=1920 ySlice=1080 desired=1 state=E_VIRTUAL_RUNNING outputs=1
09-14 10:59:41.895   534  2954 E android.hardware.camera.provider-V1-service: garyVCam [mapPixelFdFromHandle]: no mappable pixel fd (w=1920 h=1080)
09-14 10:59:41.895   534  3005 E android.hardware.camera.provider-V1-service: garyVCam [save_frame:884]:VCam save_frame: updated lastFrameUs=1757818781895789
09-14 10:59:41.895   534  2954 E android.hardware.camera.provider-V1-service: garyVCam VCamMapper: lock failed w=1920 h=1080
09-14 10:59:41.896   534  2954 E android.hardware.camera.provider-V1-service: garyVCam [VCam_CopyLatestTo:1513]:VCam_CopyLatestTo: copy failed -4
09-14 10:59:41.896   534  2954 E RKISP2OutputFrameWorker: VCam InjectVirtualIfNeeded: stream 1920x1080 fmt=0x22 -> ret=-4
09-14 10:59:41.896   534  2954 E android.hardware.camera.provider-V1-service: garyVCam [VCam_Tick:1535]:VCam_Tick: fallback=0 desired=1 state=E_VIRTUAL_RUNNING lastFrameUs=1757818781895789 lastPingUs=1757818781700932 outputs=1
09-14 10:59:41.896   534  3005 E android.hardware.camera.provider-V1-service: garyVCam [rga_data_convert_transform:259]:VCam rga_data_convert_transform: enter
09-14 10:59:41.896   534  3005 E android.hardware.camera.provider-V1-service: garyVCam [rga_data_convert:217]:VCam rga_data_convert: 1920x1080 I420 -> 1920x1080 NV12 rot=0 flipH=0 flipV=0
09-14 10:59:41.897   534  3005 E android.hardware.camera.provider-V1-service: garyVCam [build_transform_flags:203]:VCam build_transform_flags: rot=0 flipH=0 flipV=0 -> tf=0x0
09-14 10:59:41.897   534  3005 E android.hardware.camera.provider-V1-service: garyVCam [rga_data_convert:239]:VCam rga_data_convert: improcess path usage=0x0
09-14 10:59:41.900   534  3005 E android.hardware.camera.provider-V1-service: garyVCam [rga_data_convert:251]:VCam rga_data_convert: success
