09-14 12:42:14.107   531  3174 E android.hardware.camera.provider-V1-service: garyVCam [guessYuvLayout:1117]:VCam guessYuvLayout: fmt=0x22 -> NV12
09-14 12:42:14.108   531  2924 E android.hardware.camera.provider-V1-service: garyVCam [rga_data_convert:251]:VCam rga_data_convert: success
09-14 12:42:14.108   531  2924 E android.hardware.camera.provider-V1-service: garyVCam [rga_data_convert_transform:263]:VCam rga_data_convert_transform: exit ok=1
09-14 12:42:14.108   531  2924 E android.hardware.camera.provider-V1-service: garyVCam [applyEffectsAll:790]:VCam applyEffectsAll: mask=0x10 fmt=NV12 w=1920 h=1080
09-14 12:42:14.108   531  2924 E android.hardware.camera.provider-V1-service: garyVCam [save_frame:920]:VCam save_frame: slot ready 1920x1080 NV12 stamp=1757824934108309
09-14 12:42:14.108   531  2924 E android.hardware.camera.provider-V1-service: garyVCam [save_frame:927]:VCam save_frame: -
09-14 12:42:14.111   531  3174 E android.hardware.camera.provider-V1-service: garyVCam [mapPixelFdFromHandle]: picked fd[42]=110 mappedLen=3317760 (st_size=4149248)
09-14 12:42:14.111   531  3174 E android.hardware.camera.provider-V1-service: garyVCam [dmaSync:1089]:VCam dmaSync: fd=101 start=1
09-14 12:42:14.119   531  3174 E android.hardware.camera.provider-V1-service: garyVCam [estimateStrideFromSize]: bestSize=3317760 w=1920 h=1080 -> stride=2048 need=3317760
09-14 12:42:14.123   531  3174 E android.hardware.camera.provider-V1-service: garyVCam [dmaSync:1089]:VCam dmaSync: fd=101 start=0
09-14 12:42:14.125   531  3174 E android.hardware.camera.provider-V1-service: garyVCam [VCam_CopyLatestTo:1629]:VCam_CopyLatestTo: OK slot 1920x1080 NV12 lastPingUs=1757824934125576
09-14 12:42:14.126   531  2924 E android.hardware.camera.provider-V1-service: garyVCam [client_thread_func:955]:client 42[0]> header cmdFlag=0 cmd=0 p1=1920 p2=1080 p3=19 p4=3110400 p5=1920 p6=1080
09-14 12:42:14.135   531  2924 E android.hardware.camera.provider-V1-service: garyVCam [save_frame:832]:VCam save_frame: + width=1920 height=1080 fmt=19 len=3110400 yStride=1920 ySlice=1080 desired=1 state=E_VIRTUAL_RUNNING outputs=1
09-14 12:42:14.136   531  2924 E android.hardware.camera.provider-V1-service: garyVCam [save_frame:884]:VCam save_frame: updated lastFrameUs=1757824934136582
09-14 12:42:14.136   531  2924 E android.hardware.camera.provider-V1-service: garyVCam [rga_data_convert_transform:259]:VCam rga_data_convert_transform: enter
09-14 12:42:14.136   531  2924 E android.hardware.camera.provider-V1-service: garyVCam [rga_data_convert:217]:VCam rga_data_convert: 1920x1080 I420 -> 1920x1080 NV12 rot=0 flipH=0 flipV=0
09-14 12:42:14.137   531  2924 E android.hardware.camera.provider-V1-service: garyVCam [build_transform_flags:203]:VCam build_transform_flags: rot=0 flipH=0 flipV=0 -> tf=0x0
09-14 12:42:14.137   531  2924 E android.hardware.camera.provider-V1-service: garyVCam [rga_data_convert:239]:VCam rga_data_convert: improcess path usage=0x0
09-14 12:42:14.137   531  3174 E android.hardware.camera.provider-V1-service: garyVCam [guessYuvLayout:1117]:VCam guessYuvLayout: fmt=0x22 -> NV12
09-14 12:42:14.141   531  2924 E android.hardware.camera.provider-V1-service: garyVCam [rga_data_convert:251]:VCam rga_data_convert: success
09-14 12:42:14.141   531  2924 E android.hardware.camera.provider-V1-service: garyVCam [rga_data_convert_transform:263]:VCam rga_data_convert_transform: exit ok=1
09-14 12:42:14.141   531  2924 E android.hardware.camera.provider-V1-service: garyVCam [applyEffectsAll:790]:VCam applyEffectsAll: mask=0x10 fmt=NV12 w=1920 h=1080
09-14 12:42:14.141   531  2924 E android.hardware.camera.provider-V1-service: garyVCam [save_frame:920]:VCam save_frame: slot ready 1920x1080 NV12 stamp=1757824934141334
09-14 12:42:14.141   531  2924 E android.hardware.camera.provider-V1-service: garyVCam [save_frame:927]:VCam save_frame: -
09-14 12:42:14.143   531  3174 E android.hardware.camera.provider-V1-service: garyVCam [mapPixelFdFromHandle]: picked fd[42]=110 mappedLen=3317760 (st_size=4149248)
09-14 12:42:14.143   531  3174 E android.hardware.camera.provider-V1-service: garyVCam [dmaSync:1089]:VCam dmaSync: fd=83 start=1
09-14 12:42:14.144   531  3174 E android.hardware.camera.provider-V1-service: garyVCam [estimateStrideFromSize]: bestSize=3317760 w=1920 h=1080 -> stride=2048 need=3317760
09-14 12:42:14.149   531  3174 E android.hardware.camera.provider-V1-service: garyVCam [dmaSync:1089]:VCam dmaSync: fd=83 start=0
09-14 12:42:14.151   531  3174 E android.hardware.camera.provider-V1-service: garyVCam [VCam_CopyLatestTo:1629]:VCam_CopyLatestTo: OK slot 1920x1080 NV12 lastPingUs=1757824934151529
09-14 12:42:14.160   531  2924 E android.hardware.camera.provider-V1-service: garyVCam [client_thread_func:955]:client 42[0]> header cmdFlag=0 cmd=0 p1=1920 p2=1080 p3=19 p4=3110400 p5=1920 p6=1080
09-14 12:42:14.168   531  2924 E android.hardware.camera.provider-V1-service: garyVCam [save_frame:832]:VCam save_frame: + width=1920 height=1080 fmt=19 len=3110400 yStride=1920 ySlice=1080 desired=1 state=E_VIRTUAL_RUNNING outputs=1
09-14 12:42:14.169   531  2924 E android.hardware.camera.provider-V1-service: garyVCam [save_frame:884]:VCam save_frame: updated lastFrameUs=1757824934169387
09-14 12:42:14.169   531  2924 E android.hardware.camera.provider-V1-service: garyVCam [rga_data_convert_transform:259]:VCam rga_data_convert_transform: enter
09-14 12:42:14.169   531  2924 E android.hardware.camera.provider-V1-service: garyVCam [rga_data_convert:217]:VCam rga_data_convert: 1920x1080 I420 -> 1920x1080 NV12 rot=0 flipH=0 flipV=0
09-14 12:42:14.171   531  2924 E android.hardware.camera.provider-V1-service: garyVCam [build_transform_flags:203]:VCam build_transform_flags: rot=0 flipH=0 flipV=0 -> tf=0x0
09-14 12:42:14.171   531  2924 E android.hardware.camera.provider-V1-service: garyVCam [rga_data_convert:239]:VCam rga_data_convert: improcess path usage=0x0
09-14 12:42:14.174   531  2924 E android.hardware.camera.provider-V1-service: garyVCam [rga_data_convert:251]:VCam rga_data_convert: success
09-14 12:42:14.174   531  2924 E android.hardware.camera.provider-V1-service: garyVCam [rga_data_convert_transform:263]:VCam rga_data_convert_transform: exit ok=1
09-14 12:42:14.174   531  2924 E android.hardware.camera.provider-V1-service: garyVCam [applyEffectsAll:790]:VCam applyEffectsAll: mask=0x10 fmt=NV12 w=1920 h=1080
09-14 12:42:14.174   531  2924 E android.hardware.camera.provider-V1-service: garyVCam [save_frame:920]:VCam save_frame: slot ready 1920x1080 NV12 stamp=1757824934174133
09-14 12:42:14.174   531  2924 E android.hardware.camera.provider-V1-service: garyVCam [save_frame:927]:VCam save_frame: -
09-14 12:42:14.174   531  3174 E android.hardware.camera.provider-V1-service: garyVCam [guessYuvLayout:1117]:VCam guessYuvLayout: fmt=0x22 -> NV12
09-14 12:42:14.176   531  3174 E android.hardware.camera.provider-V1-service: garyVCam [mapPixelFdFromHandle]: picked fd[42]=110 mappedLen=3317760 (st_size=4149248)
09-14 12:42:14.176   531  3174 E android.hardware.camera.provider-V1-service: garyVCam [dmaSync:1089]:VCam dmaSync: fd=104 start=1
09-14 12:42:14.178   531  3174 E android.hardware.camera.provider-V1-service: garyVCam [estimateStrideFromSize]: bestSize=3317760 w=1920 h=1080 -> stride=2048 need=3317760
09-14 12:42:14.182   531  3174 E android.hardware.camera.provider-V1-service: garyVCam [dmaSync:1089]:VCam dmaSync: fd=104 start=0
09-14 12:42:14.184   531  3174 E android.hardware.camera.provider-V1-service: garyVCam [VCam_CopyLatestTo:1629]:VCam_CopyLatestTo: OK slot 1920x1080 NV12 lastPingUs=1757824934184701
09-14 12:42:14.195   531  2924 E android.hardware.camera.provider-V1-service: garyVCam [client_thread_func:955]:client 42[0]> header cmdFlag=0 cmd=0 p1=1920 p2=1080 p3=19 p4=3110400 p5=1920 p6=1080
09-14 12:42:14.205   531  3174 E android.hardware.camera.provider-V1-service: garyVCam [guessYuvLayout:1117]:VCam guessYuvLayout: fmt=0x22 -> NV12
09-14 12:42:14.207   531  2924 E android.hardware.camera.provider-V1-service: garyVCam [save_frame:832]:VCam save_frame: + width=1920 height=1080 fmt=19 len=3110400 yStride=1920 ySlice=1080 desired=1 state=E_VIRTUAL_RUNNING outputs=1
09-14 12:42:14.208   531  3174 E android.hardware.camera.provider-V1-service: garyVCam [mapPixelFdFromHandle]: no mappable pixel fd (w=1920 h=1080)
09-14 12:42:14.208   531  2924 E android.hardware.camera.provider-V1-service: garyVCam [save_frame:884]:VCam save_frame: updated lastFrameUs=1757824934208520
09-14 12:42:14.208   531  3174 E android.hardware.camera.provider-V1-service: garyVCam VCamMapper: lock failed w=1920 h=1080
09-14 12:42:14.210   531  3174 E android.hardware.camera.provider-V1-service: garyVCam [mapPixelFdFromHandle]: no mappable pixel fd (w=1920 h=1080)
09-14 12:42:14.211   531  3174 E android.hardware.camera.provider-V1-service: garyVCam VCamMapper: lock failed w=1920 h=1080
09-14 12:42:14.211   531  3174 E android.hardware.camera.provider-V1-service: garyVCam [VCam_CopyLatestTo:1631]:VCam_CopyLatestTo: still failed after fallbacks ret=-4
09-14 12:42:14.212   531  2924 E android.hardware.camera.provider-V1-service: garyVCam [rga_data_convert_transform:259]:VCam rga_data_convert_transform: enter
09-14 12:42:14.212   531  2924 E android.hardware.camera.provider-V1-service: garyVCam [rga_data_convert:217]:VCam rga_data_convert: 1920x1080 I420 -> 1920x1080 NV12 rot=0 flipH=0 flipV=0
09-14 12:42:14.213   531  2924 E android.hardware.camera.provider-V1-service: garyVCam [build_transform_flags:203]:VCam build_transform_flags: rot=0 flipH=0 flipV=0 -> tf=0x0
09-14 12:42:14.213   531  2924 E android.hardware.camera.provider-V1-service: garyVCam [rga_data_convert:239]:VCam rga_data_convert: improcess path usage=0x0
09-14 12:42:14.216   531  2924 E android.hardware.camera.provider-V1-service: garyVCam [rga_data_convert:251]:VCam rga_data_convert: success
09-14 12:42:14.216   531  2924 E android.hardware.camera.provider-V1-service: garyVCam [rga_data_convert_transform:263]:VCam rga_data_convert_transform: exit ok=1
09-14 12:42:14.216   531  2924 E android.hardware.camera.provider-V1-service: garyVCam [applyEffectsAll:790]:VCam applyEffectsAll: mask=0x10 fmt=NV12 w=1920 h=1080
09-14 12:42:14.216   531  2924 E android.hardware.camera.provider-V1-service: garyVCam [save_frame:920]:VCam save_frame: slot ready 1920x1080 NV12 stamp=1757824934216993
09-14 12:42:14.217   531  2924 E android.hardware.camera.provider-V1-service: garyVCam [save_frame:927]:VCam save_frame: -
09-14 12:42:14.231   531  2924 E android.hardware.camera.provider-V1-service: garyVCam [client_thread_func:955]:client 42[0]> header cmdFlag=0 cmd=0 p1=1920 p2=1080 p3=19 p4=3110400 p5=1920 p6=1080
09-14 12:42:14.236   531  3174 E android.hardware.camera.provider-V1-service: garyVCam [guessYuvLayout:1117]:VCam guessYuvLayout: fmt=0x22 -> NV12
09-14 12:42:14.239   531  3174 E android.hardware.camera.provider-V1-service: garyVCam [mapPixelFdFromHandle]: no mappable pixel fd (w=1920 h=1080)
09-14 12:42:14.239   531  2924 E android.hardware.camera.provider-V1-service: garyVCam [save_frame:832]:VCam save_frame: + width=1920 height=1080 fmt=19 len=3110400 yStride=1920 ySlice=1080 desired=1 state=E_VIRTUAL_RUNNING outputs=1
09-14 12:42:14.239   531  3174 E android.hardware.camera.provider-V1-service: garyVCam VCamMapper: lock failed w=1920 h=1080
09-14 12:42:14.241   531  2924 E android.hardware.camera.provider-V1-service: garyVCam [save_frame:884]:VCam save_frame: updated lastFrameUs=1757824934241592
09-14 12:42:14.246   531  3174 E android.hardware.camera.provider-V1-service: garyVCam [mapPixelFdFromHandle]: no mappable pixel fd (w=1920 h=1080)
09-14 12:42:14.247   531  3174 E android.hardware.camera.provider-V1-service: garyVCam VCamMapper: lock failed w=1920 h=1080
09-14 12:42:14.247   531  3174 E android.hardware.camera.provider-V1-service: garyVCam [VCam_CopyLatestTo:1631]:VCam_CopyLatestTo: still failed after fallbacks ret=-4
09-14 12:42:14.248   531  2924 E android.hardware.camera.provider-V1-service: garyVCam [rga_data_convert_transform:259]:VCam rga_data_convert_transform: enter
09-14 12:42:14.248   531  2924 E android.hardware.camera.provider-V1-service: garyVCam [rga_data_convert:217]:VCam rga_data_convert: 1920x1080 I420 -> 1920x1080 NV12 rot=0 flipH=0 flipV=0
09-14 12:42:14.249   531  2924 E android.hardware.camera.provider-V1-service: garyVCam [build_transform_flags:203]:VCam build_transform_flags: rot=0 flipH=0 flipV=0 -> tf=0x0
09-14 12:42:14.249   531  2924 E android.hardware.camera.provider-V1-service: garyVCam [rga_data_convert:239]:VCam rga_data_convert: improcess path usage=0x0
09-14 12:42:14.252   531  2924 E android.hardware.camera.provider-V1-service: garyVCam [rga_data_convert:251]:VCam rga_data_convert: success
09-14 12:42:14.252   531  2924 E android.hardware.camera.provider-V1-service: garyVCam [rga_data_convert_transform:263]:VCam rga_data_convert_transform: exit ok=1
09-14 12:42:14.252   531  2924 E android.hardware.camera.provider-V1-service: garyVCam [applyEffectsAll:790]:VCam applyEffectsAll: mask=0x10 fmt=NV12 w=1920 h=1080
09-14 12:42:14.252   531  2924 E android.hardware.camera.provider-V1-service: garyVCam [save_frame:920]:VCam save_frame: slot ready 1920x1080 NV12 stamp=1757824934252775
09-14 12:42:14.252   531  2924 E android.hardware.camera.provider-V1-service: garyVCam [save_frame:927]:VCam save_frame: -
09-14 12:42:14.263   531  2924 E android.hardware.camera.provider-V1-service: garyVCam [client_thread_func:955]:client 42[0]> header cmdFlag=0 cmd=0 p1=1920 p2=1080 p3=19 p4=3110400 p5=1920 p6=1080
09-14 12:42:14.271   531  2924 E android.hardware.camera.provider-V1-service: garyVCam [save_frame:832]:VCam save_frame: + width=1920 height=1080 fmt=19 len=3110400 yStride=1920 ySlice=1080 desired=1 state=E_VIRTUAL_RUNNING outputs=1
09-14 12:42:14.271   531  2924 E android.hardware.camera.provider-V1-service: garyVCam [save_frame:884]:VCam save_frame: updated lastFrameUs=1757824934271927
09-14 12:42:14.272   531  2924 E android.hardware.camera.provider-V1-service: garyVCam [rga_data_convert_transform:259]:VCam rga_data_convert_transform: enter
09-14 12:42:14.272   531  2924 E android.hardware.camera.provider-V1-service: garyVCam [rga_data_convert:217]:VCam rga_data_convert: 1920x1080 I420 -> 1920x1080 NV12 rot=0 flipH=0 flipV=0
09-14 12:42:14.272   531  3174 E android.hardware.camera.provider-V1-service: garyVCam [guessYuvLayout:1117]:VCam guessYuvLayout: fmt=0x22 -> NV12
09-14 12:42:14.273   531  2924 E android.hardware.camera.provider-V1-service: garyVCam [build_transform_flags:203]:VCam build_transform_flags: rot=0 flipH=0 flipV=0 -> tf=0x0
09-14 12:42:14.273   531  2924 E android.hardware.camera.provider-V1-service: garyVCam [rga_data_convert:239]:VCam rga_data_convert: improcess path usage=0x0
09-14 12:42:14.276   531  2924 E android.hardware.camera.provider-V1-service: garyVCam [rga_data_convert:251]:VCam rga_data_convert: success
09-14 12:42:14.276   531  2924 E android.hardware.camera.provider-V1-service: garyVCam [rga_data_convert_transform:263]:VCam rga_data_convert_transform: exit ok=1
09-14 12:42:14.276   531  2924 E android.hardware.camera.provider-V1-service: garyVCam [applyEffectsAll:790]:VCam applyEffectsAll: mask=0x10 fmt=NV12 w=1920 h=1080
09-14 12:42:14.276   531  2924 E android.hardware.camera.provider-V1-service: garyVCam [save_frame:920]:VCam save_frame: slot ready 1920x1080 NV12 stamp=1757824934276363
09-14 12:42:14.276   531  2924 E android.hardware.camera.provider-V1-service: garyVCam [save_frame:927]:VCam save_frame: -
09-14 12:42:14.278   531  3174 E android.hardware.camera.provider-V1-service: garyVCam [mapPixelFdFromHandle]: no mappable pixel fd (w=1920 h=1080)
09-14 12:42:14.279   531  3174 E android.hardware.camera.provider-V1-service: garyVCam VCamMapper: lock failed w=1920 h=1080
09-14 12:42:14.282   531  3174 E android.hardware.camera.provider-V1-service: garyVCam [mapPixelFdFromHandle]: no mappable pixel fd (w=1920 h=1080)
09-14 12:42:14.282   531  3174 E android.hardware.camera.provider-V1-service: garyVCam VCamMapper: lock failed w=1920 h=1080
09-14 12:42:14.282   531  3174 E android.hardware.camera.provider-V1-service: garyVCam [VCam_CopyLatestTo:1631]:VCam_CopyLatestTo: still failed after fallbacks ret=-4
09-14 12:42:14.293   531  2924 E android.hardware.camera.provider-V1-service: garyVCam [client_thread_func:955]:client 42[0]> header cmdFlag=0 cmd=0 p1=1920 p2=1080 p3=19 p4=3110400 p5=1920 p6=1080
09-14 12:42:14.299   531  2924 E android.hardware.camera.provider-V1-service: garyVCam [save_frame:832]:VCam save_frame: + width=1920 height=1080 fmt=19 len=3110400 yStride=1920 ySlice=1080 desired=1 state=E_VIRTUAL_RUNNING outputs=1
09-14 12:42:14.300   531  2924 E android.hardware.camera.provider-V1-service: garyVCam [save_frame:884]:VCam save_frame: updated lastFrameUs=1757824934300751
09-14 12:42:14.300   531  2924 E android.hardware.camera.provider-V1-service: garyVCam [rga_data_convert_transform:259]:VCam rga_data_convert_transform: enter
09-14 12:42:14.300   531  2924 E android.hardware.camera.provider-V1-service: garyVCam [rga_data_convert:217]:VCam rga_data_convert: 1920x1080 I420 -> 1920x1080 NV12 rot=0 flipH=0 flipV=0
09-14 12:42:14.301   531  2924 E android.hardware.camera.provider-V1-service: garyVCam [build_transform_flags:203]:VCam build_transform_flags: rot=0 flipH=0 flipV=0 -> tf=0x0
09-14 12:42:14.301   531  2924 E android.hardware.camera.provider-V1-service: garyVCam [rga_data_convert:239]:VCam rga_data_convert: improcess path usage=0x0
09-14 12:42:14.305   531  2924 E android.hardware.camera.provider-V1-service: garyVCam [rga_data_convert:251]:VCam rga_data_convert: success
09-14 12:42:14.305   531  2924 E android.hardware.camera.provider-V1-service: garyVCam [rga_data_convert_transform:263]:VCam rga_data_convert_transform: exit ok=1
09-14 12:42:14.305   531  2924 E android.hardware.camera.provider-V1-service: garyVCam [applyEffectsAll:790]:VCam applyEffectsAll: mask=0x10 fmt=NV12 w=1920 h=1080
09-14 12:42:14.305   531  2924 E android.hardware.camera.provider-V1-service: garyVCam [save_frame:920]:VCam save_frame: slot ready 1920x1080 NV12 stamp=1757824934305345
09-14 12:42:14.305   531  2924 E android.hardware.camera.provider-V1-service: garyVCam [save_frame:927]:VCam save_frame: -
09-14 12:42:14.313   531  3174 E android.hardware.camera.provider-V1-service: garyVCam [guessYuvLayout:1117]:VCam guessYuvLayout: fmt=0x22 -> NV12
09-14 12:42:14.315   531  3174 E android.hardware.camera.provider-V1-service: garyVCam [mapPixelFdFromHandle]: no mappable pixel fd (w=1920 h=1080)
09-14 12:42:14.315   531  3174 E android.hardware.camera.provider-V1-service: garyVCam VCamMapper: lock failed w=1920 h=1080
09-14 12:42:14.318   531  3174 E android.hardware.camera.provider-V1-service: garyVCam [mapPixelFdFromHandle]: no mappable pixel fd (w=1920 h=1080)
09-14 12:42:14.318   531  3174 E android.hardware.camera.provider-V1-service: garyVCam VCamMapper: lock failed w=1920 h=1080
09-14 12:42:14.318   531  3174 E android.hardware.camera.provider-V1-service: garyVCam [VCam_CopyLatestTo:1631]:VCam_CopyLatestTo: still failed after fallbacks ret=-4
09-14 12:42:14.326   531  2924 E android.hardware.camera.provider-V1-service: garyVCam [client_thread_func:955]:client 42[0]> header cmdFlag=0 cmd=0 p1=1920 p2=1080 p3=19 p4=3110400 p5=1920 p6=1080
09-14 12:42:14.332   531  2924 E android.hardware.camera.provider-V1-service: garyVCam [save_frame:832]:VCam save_frame: + width=1920 height=1080 fmt=19 len=3110400 yStride=1920 ySlice=1080 desired=1 state=E_VIRTUAL_RUNNING outputs=1
09-14 12:42:14.333   531  2924 E android.hardware.camera.provider-V1-service: garyVCam [save_frame:884]:VCam save_frame: updated lastFrameUs=1757824934333559
09-14 12:42:14.333   531  2924 E android.hardware.camera.provider-V1-service: garyVCam [rga_data_convert_transform:259]:VCam rga_data_convert_transform: enter
09-14 12:42:14.333   531  2924 E android.hardware.camera.provider-V1-service: garyVCam [rga_data_convert:217]:VCam rga_data_convert: 1920x1080 I420 -> 1920x1080 NV12 rot=0 flipH=0 flipV=0
09-14 12:42:14.334   531  2924 E android.hardware.camera.provider-V1-service: garyVCam [build_transform_flags:203]:VCam build_transform_flags: rot=0 flipH=0 flipV=0 -> tf=0x0
09-14 12:42:14.334   531  2924 E android.hardware.camera.provider-V1-service: garyVCam [rga_data_convert:239]:VCam rga_data_convert: improcess path usage=0x0
09-14 12:42:14.337   531  2924 E android.hardware.camera.provider-V1-service: garyVCam [rga_data_convert:251]:VCam rga_data_convert: success
09-14 12:42:14.337   531  2924 E android.hardware.camera.provider-V1-service: garyVCam [rga_data_convert_transform:263]:VCam rga_data_convert_transform: exit ok=1
09-14 12:42:14.337   531  2924 E android.hardware.camera.provider-V1-service: garyVCam [applyEffectsAll:790]:VCam applyEffectsAll: mask=0x10 fmt=NV12 w=1920 h=1080
09-14 12:42:14.337   531  2924 E android.hardware.camera.provider-V1-service: garyVCam [save_frame:920]:VCam save_frame: slot ready 1920x1080 NV12 stamp=1757824934337305
09-14 12:42:14.337   531  2924 E android.hardware.camera.provider-V1-service: garyVCam [save_frame:927]:VCam save_frame: -
09-14 12:42:14.345   531  3174 E android.hardware.camera.provider-V1-service: garyVCam [guessYuvLayout:1117]:VCam guessYuvLayout: fmt=0x22 -> NV12
09-14 12:42:14.346   531  3174 E android.hardware.camera.provider-V1-service: garyVCam [mapPixelFdFromHandle]: no mappable pixel fd (w=1920 h=1080)
09-14 12:42:14.349   531  3174 E android.hardware.camera.provider-V1-service: garyVCam VCamMapper: lock failed w=1920 h=1080
09-14 12:42:14.355   531  3174 E android.hardware.camera.provider-V1-service: garyVCam [mapPixelFdFromHandle]: no mappable pixel fd (w=1920 h=1080)
09-14 12:42:14.356   531  3174 E android.hardware.camera.provider-V1-service: garyVCam VCamMapper: lock failed w=1920 h=1080
09-14 12:42:14.356   531  3174 E android.hardware.camera.provider-V1-service: garyVCam [VCam_CopyLatestTo:1631]:VCam_CopyLatestTo: still failed after fallbacks ret=-4
09-14 12:42:14.360   531  2924 E android.hardware.camera.provider-V1-service: garyVCam [client_thread_func:955]:client 42[0]> header cmdFlag=0 cmd=0 p1=1920 p2=1080 p3=19 p4=3110400 p5=1920 p6=1080
09-14 12:42:14.367   531  2924 E android.hardware.camera.provider-V1-service: garyVCam [save_frame:832]:VCam save_frame: + width=1920 height=1080 fmt=19 len=3110400 yStride=1920 ySlice=1080 desired=1 state=E_VIRTUAL_RUNNING outputs=1
09-14 12:42:14.368   531  2924 E android.hardware.camera.provider-V1-service: garyVCam [save_frame:884]:VCam save_frame: updated lastFrameUs=1757824934368138
09-14 12:42:14.368   531  2924 E android.hardware.camera.provider-V1-service: garyVCam [rga_data_convert_transform:259]:VCam rga_data_convert_transform: enter
09-14 12:42:14.368   531  2924 E android.hardware.camera.provider-V1-service: garyVCam [rga_data_convert:217]:VCam rga_data_convert: 1920x1080 I420 -> 1920x1080 NV12 rot=0 flipH=0 flipV=0
09-14 12:42:14.369   531  2924 E android.hardware.camera.provider-V1-service: garyVCam [build_transform_flags:203]:VCam build_transform_flags: rot=0 flipH=0 flipV=0 -> tf=0x0
09-14 12:42:14.369   531  2924 E android.hardware.camera.provider-V1-service: garyVCam [rga_data_convert:239]:VCam rga_data_convert: improcess path usage=0x0
09-14 12:42:14.372   531  2924 E android.hardware.camera.provider-V1-service: garyVCam [rga_data_convert:251]:VCam rga_data_convert: success
09-14 12:42:14.372   531  2924 E android.hardware.camera.provider-V1-service: garyVCam [rga_data_convert_transform:263]:VCam rga_data_convert_transform: exit ok=1
09-14 12:42:14.372   531  2924 E android.hardware.camera.provider-V1-service: garyVCam [applyEffectsAll:790]:VCam applyEffectsAll: mask=0x10 fmt=NV12 w=1920 h=1080
09-14 12:42:14.372   531  2924 E android.hardware.camera.provider-V1-service: garyVCam [save_frame:920]:VCam save_frame: slot ready 1920x1080 NV12 stamp=1757824934372860
09-14 12:42:14.372   531  2924 E android.hardware.camera.provider-V1-service: garyVCam [save_frame:927]:VCam save_frame: -
09-14 12:42:14.382   531  3174 E android.hardware.camera.provider-V1-service: garyVCam [guessYuvLayout:1117]:VCam guessYuvLayout: fmt=0x22 -> NV12
09-14 12:42:14.383   531  3174 E android.hardware.camera.provider-V1-service: garyVCam [mapPixelFdFromHandle]: no mappable pixel fd (w=1920 h=1080)
09-14 12:42:14.384   531  3174 E android.hardware.camera.provider-V1-service: garyVCam VCamMapper: lock failed w=1920 h=1080
09-14 12:42:14.386   531  3174 E android.hardware.camera.provider-V1-service: garyVCam [mapPixelFdFromHandle]: no mappable pixel fd (w=1920 h=1080)
09-14 12:42:14.387   531  3174 E android.hardware.camera.provider-V1-service: garyVCam VCamMapper: lock failed w=1920 h=1080
09-14 12:42:14.387   531  3174 E android.hardware.camera.provider-V1-service: garyVCam [VCam_CopyLatestTo:1631]:VCam_CopyLatestTo: still failed after fallbacks ret=-4
09-14 12:42:14.393   531  2924 E android.hardware.camera.provider-V1-service: garyVCam [client_thread_func:955]:client 42[0]> header cmdFlag=0 cmd=0 p1=1920 p2=1080 p3=19 p4=3110400 p5=1920 p6=1080
09-14 12:42:14.400   531  2924 E android.hardware.camera.provider-V1-service: garyVCam [save_frame:832]:VCam save_frame: + width=1920 height=1080 fmt=19 len=3110400 yStride=1920 ySlice=1080 desired=1 state=E_VIRTUAL_RUNNING outputs=1
09-14 12:42:14.401   531  2924 E android.hardware.camera.provider-V1-service: garyVCam [save_frame:884]:VCam save_frame: updated lastFrameUs=1757824934401367
09-14 12:42:14.401   531  2924 E android.hardware.camera.provider-V1-service: garyVCam [rga_data_convert_transform:259]:VCam rga_data_convert_transform: enter
09-14 12:42:14.401   531  2924 E android.hardware.camera.provider-V1-service: garyVCam [rga_data_convert:217]:VCam rga_data_convert: 1920x1080 I420 -> 1920x1080 NV12 rot=0 flipH=0 flipV=0
09-14 12:42:14.402   531  2924 E android.hardware.camera.provider-V1-service: garyVCam [build_transform_flags:203]:VCam build_transform_flags: rot=0 flipH=0 flipV=0 -> tf=0x0
09-14 12:42:14.402   531  2924 E android.hardware.camera.provider-V1-service: garyVCam [rga_data_convert:239]:VCam rga_data_convert: improcess path usage=0x0
09-14 12:42:14.405   531  2924 E android.hardware.camera.provider-V1-service: garyVCam [rga_data_convert:251]:VCam rga_data_convert: success
09-14 12:42:14.405   531  2924 E android.hardware.camera.provider-V1-service: garyVCam [rga_data_convert_transform:263]:VCam rga_data_convert_transform: exit ok=1
09-14 12:42:14.405   531  2924 E android.hardware.camera.provider-V1-service: garyVCam [applyEffectsAll:790]:VCam applyEffectsAll: mask=0x10 fmt=NV12 w=1920 h=1080
09-14 12:42:14.405   531  2924 E android.hardware.camera.provider-V1-service: garyVCam [save_frame:920]:VCam save_frame: slot ready 1920x1080 NV12 stamp=1757824934405739
09-14 12:42:14.405   531  2924 E android.hardware.camera.provider-V1-service: garyVCam [save_frame:927]:VCam save_frame: -
09-14 12:42:14.413   531  3174 E android.hardware.camera.provider-V1-service: garyVCam [guessYuvLayout:1117]:VCam guessYuvLayout: fmt=0x22 -> NV12
09-14 12:42:14.414   531  3174 E android.hardware.camera.provider-V1-service: garyVCam [mapPixelFdFromHandle]: no mappable pixel fd (w=1920 h=1080)
09-14 12:42:14.415   531  3174 E android.hardware.camera.provider-V1-service: garyVCam VCamMapper: lock failed w=1920 h=1080
09-14 12:42:14.417   531  3174 E android.hardware.camera.provider-V1-service: garyVCam [mapPixelFdFromHandle]: no mappable pixel fd (w=1920 h=1080)
09-14 12:42:14.417   531  3174 E android.hardware.camera.provider-V1-service: garyVCam VCamMapper: lock failed w=1920 h=1080
09-14 12:42:14.417   531  3174 E android.hardware.camera.provider-V1-service: garyVCam [VCam_CopyLatestTo:1631]:VCam_CopyLatestTo: still failed after fallbacks ret=-4
09-14 12:42:14.426   531  2924 E android.hardware.camera.provider-V1-service: garyVCam [client_thread_func:955]:client 42[0]> header cmdFlag=0 cmd=0 p1=1920 p2=1080 p3=19 p4=3110400 p5=1920 p6=1080
09-14 12:42:14.432   531  2924 E android.hardware.camera.provider-V1-service: garyVCam [save_frame:832]:VCam save_frame: + width=1920 height=1080 fmt=19 len=3110400 yStride=1920 ySlice=1080 desired=1 state=E_VIRTUAL_RUNNING outputs=1
09-14 12:42:14.433   531  2924 E android.hardware.camera.provider-V1-service: garyVCam [save_frame:884]:VCam save_frame: updated lastFrameUs=1757824934433799
09-14 12:42:14.433   531  2924 E android.hardware.camera.provider-V1-service: garyVCam [rga_data_convert_transform:259]:VCam rga_data_convert_transform: enter
09-14 12:42:14.433   531  2924 E android.hardware.camera.provider-V1-service: garyVCam [rga_data_convert:217]:VCam rga_data_convert: 1920x1080 I420 -> 1920x1080 NV12 rot=0 flipH=0 flipV=0
09-14 12:42:14.434   531  2924 E android.hardware.camera.provider-V1-service: garyVCam [build_transform_flags:203]:VCam build_transform_flags: rot=0 flipH=0 flipV=0 -> tf=0x0
09-14 12:42:14.434   531  2924 E android.hardware.camera.provider-V1-service: garyVCam [rga_data_convert:239]:VCam rga_data_convert: improcess path usage=0x0
09-14 12:42:14.437   531  2924 E android.hardware.camera.provider-V1-service: garyVCam [rga_data_convert:251]:VCam rga_data_convert: success
09-14 12:42:14.437   531  2924 E android.hardware.camera.provider-V1-service: garyVCam [rga_data_convert_transform:263]:VCam rga_data_convert_transform: exit ok=1
09-14 12:42:14.437   531  2924 E android.hardware.camera.provider-V1-service: garyVCam [applyEffectsAll:790]:VCam applyEffectsAll: mask=0x10 fmt=NV12 w=1920 h=1080
09-14 12:42:14.437   531  2924 E android.hardware.camera.provider-V1-service: garyVCam [save_frame:920]:VCam save_frame: slot ready 1920x1080 NV12 stamp=1757824934437357
09-14 12:42:14.437   531  2924 E android.hardware.camera.provider-V1-service: garyVCam [save_frame:927]:VCam save_frame: -
09-14 12:42:14.443   531  3174 E android.hardware.camera.provider-V1-service: garyVCam [guessYuvLayout:1117]:VCam guessYuvLayout: fmt=0x22 -> NV12
09-14 12:42:14.447   531  3174 E android.hardware.camera.provider-V1-service: garyVCam [mapPixelFdFromHandle]: no mappable pixel fd (w=1920 h=1080)
09-14 12:42:14.447   531  3174 E android.hardware.camera.provider-V1-service: garyVCam VCamMapper: lock failed w=1920 h=1080
09-14 12:42:14.450   531  3174 E android.hardware.camera.provider-V1-service: garyVCam [mapPixelFdFromHandle]: no mappable pixel fd (w=1920 h=1080)
09-14 12:42:14.450   531  3174 E android.hardware.camera.provider-V1-service: garyVCam VCamMapper: lock failed w=1920 h=1080
09-14 12:42:14.450   531  3174 E android.hardware.camera.provider-V1-service: garyVCam [VCam_CopyLatestTo:1631]:VCam_CopyLatestTo: still failed after fallbacks ret=-4
09-14 12:42:14.460   531  2924 E android.hardware.camera.provider-V1-service: garyVCam [client_thread_func:955]:client 42[0]> header cmdFlag=0 cmd=0 p1=1920 p2=1080 p3=19 p4=3110400 p5=1920 p6=1080
09-14 12:42:14.466   531  2924 E android.hardware.camera.provider-V1-service: garyVCam [save_frame:832]:VCam save_frame: + width=1920 height=1080 fmt=19 len=3110400 yStride=1920 ySlice=1080 desired=1 state=E_VIRTUAL_RUNNING outputs=1
09-14 12:42:14.467   531  2924 E android.hardware.camera.provider-V1-service: garyVCam [save_frame:884]:VCam save_frame: updated lastFrameUs=1757824934467548
09-14 12:42:14.467   531  2924 E android.hardware.camera.provider-V1-service: garyVCam [rga_data_convert_transform:259]:VCam rga_data_convert_transform: enter
09-14 12:42:14.467   531  2924 E android.hardware.camera.provider-V1-service: garyVCam [rga_data_convert:217]:VCam rga_data_convert: 1920x1080 I420 -> 1920x1080 NV12 rot=0 flipH=0 flipV=0
09-14 12:42:14.469   531  2924 E android.hardware.camera.provider-V1-service: garyVCam [build_transform_flags:203]:VCam build_transform_flags: rot=0 flipH=0 flipV=0 -> tf=0x0
09-14 12:42:14.469   531  2924 E android.hardware.camera.provider-V1-service: garyVCam [rga_data_convert:239]:VCam rga_data_convert: improcess path usage=0x0
09-14 12:42:14.471   531  2924 E android.hardware.camera.provider-V1-service: garyVCam [rga_data_convert:251]:VCam rga_data_convert: success
09-14 12:42:14.471   531  2924 E android.hardware.camera.provider-V1-service: garyVCam [rga_data_convert_transform:263]:VCam rga_data_convert_transform: exit ok=1
09-14 12:42:14.471   531  2924 E android.hardware.camera.provider-V1-service: garyVCam [applyEffectsAll:790]:VCam applyEffectsAll: mask=0x10 fmt=NV12 w=1920 h=1080
09-14 12:42:14.472   531  2924 E android.hardware.camera.provider-V1-service: garyVCam [save_frame:920]:VCam save_frame: slot ready 1920x1080 NV12 stamp=1757824934472034
09-14 12:42:14.472   531  2924 E android.hardware.camera.provider-V1-service: garyVCam [save_frame:927]:VCam save_frame: -
09-14 12:42:14.476   531  3174 E android.hardware.camera.provider-V1-service: garyVCam [guessYuvLayout:1117]:VCam guessYuvLayout: fmt=0x22 -> NV12
09-14 12:42:14.480   531  3174 E android.hardware.camera.provider-V1-service: garyVCam [mapPixelFdFromHandle]: no mappable pixel fd (w=1920 h=1080)
09-14 12:42:14.481   531  3174 E android.hardware.camera.provider-V1-service: garyVCam VCamMapper: lock failed w=1920 h=1080
09-14 12:42:14.483   531  3174 E android.hardware.camera.provider-V1-service: garyVCam [mapPixelFdFromHandle]: no mappable pixel fd (w=1920 h=1080)
09-14 12:42:14.484   531  3174 E android.hardware.camera.provider-V1-service: garyVCam VCamMapper: lock failed w=1920 h=1080
09-14 12:42:14.484   531  3174 E android.hardware.camera.provider-V1-service: garyVCam [VCam_CopyLatestTo:1631]:VCam_CopyLatestTo: still failed after fallbacks ret=-4
09-14 12:42:14.493   531  2924 E android.hardware.camera.provider-V1-service: garyVCam [client_thread_func:955]:client 42[0]> header cmdFlag=0 cmd=0 p1=1920 p2=1080 p3=19 p4=3110400 p5=1920 p6=1080
09-14 12:42:14.499   531  2924 E android.hardware.camera.provider-V1-service: garyVCam [save_frame:832]:VCam save_frame: + width=1920 height=1080 fmt=19 len=3110400 yStride=1920 ySlice=1080 desired=1 state=E_VIRTUAL_RUNNING outputs=1
09-14 12:42:14.500   531  2924 E android.hardware.camera.provider-V1-service: garyVCam [save_frame:884]:VCam save_frame: updated lastFrameUs=1757824934500272
09-14 12:42:14.500   531  2924 E android.hardware.camera.provider-V1-service: garyVCam [rga_data_convert_transform:259]:VCam rga_data_convert_transform: enter
09-14 12:42:14.500   531  2924 E android.hardware.camera.provider-V1-service: garyVCam [rga_data_convert:217]:VCam rga_data_convert: 1920x1080 I420 -> 1920x1080 NV12 rot=0 flipH=0 flipV=0
09-14 12:42:14.501   531  2924 E android.hardware.camera.provider-V1-service: garyVCam [build_transform_flags:203]:VCam build_transform_flags: rot=0 flipH=0 flipV=0 -> tf=0x0
09-14 12:42:14.501   531  2924 E android.hardware.camera.provider-V1-service: garyVCam [rga_data_convert:239]:VCam rga_data_convert: improcess path usage=0x0
09-14 12:42:14.504   531  2924 E android.hardware.camera.provider-V1-service: garyVCam [rga_data_convert:251]:VCam rga_data_convert: success
09-14 12:42:14.504   531  2924 E android.hardware.camera.provider-V1-service: garyVCam [rga_data_convert_transform:263]:VCam rga_data_convert_transform: exit ok=1
09-14 12:42:14.504   531  2924 E android.hardware.camera.provider-V1-service: garyVCam [applyEffectsAll:790]:VCam applyEffectsAll: mask=0x10 fmt=NV12 w=1920 h=1080
09-14 12:42:14.504   531  2924 E android.hardware.camera.provider-V1-service: garyVCam [save_frame:920]:VCam save_frame: slot ready 1920x1080 NV12 stamp=1757824934504785
09-14 12:42:14.504   531  2924 E android.hardware.camera.provider-V1-service: garyVCam [save_frame:927]:VCam save_frame: -
09-14 12:42:14.513   531  3174 E android.hardware.camera.provider-V1-service: garyVCam [guessYuvLayout:1117]:VCam guessYuvLayout: fmt=0x22 -> NV12
09-14 12:42:14.515   531  3174 E android.hardware.camera.provider-V1-service: garyVCam [mapPixelFdFromHandle]: no mappable pixel fd (w=1920 h=1080)
09-14 12:42:14.516   531  3174 E android.hardware.camera.provider-V1-service: garyVCam VCamMapper: lock failed w=1920 h=1080
09-14 12:42:14.518   531  3174 E android.hardware.camera.provider-V1-service: garyVCam [mapPixelFdFromHandle]: no mappable pixel fd (w=1920 h=1080)
09-14 12:42:14.518   531  3174 E android.hardware.camera.provider-V1-service: garyVCam VCamMapper: lock failed w=1920 h=1080
09-14 12:42:14.518   531  3174 E android.hardware.camera.provider-V1-service: garyVCam [VCam_CopyLatestTo:1631]:VCam_CopyLatestTo: still failed after fallbacks ret=-4
09-14 12:42:14.526   531  2924 E android.hardware.camera.provider-V1-service: garyVCam [client_thread_func:955]:client 42[0]> header cmdFlag=0 cmd=0 p1=1920 p2=1080 p3=19 p4=3110400 p5=1920 p6=1080
09-14 12:42:14.533   531  2924 E android.hardware.camera.provider-V1-service: garyVCam [save_frame:832]:VCam save_frame: + width=1920 height=1080 fmt=19 len=3110400 yStride=1920 ySlice=1080 desired=1 state=E_VIRTUAL_RUNNING outputs=1
09-14 12:42:14.534   531  2924 E android.hardware.camera.provider-V1-service: garyVCam [save_frame:884]:VCam save_frame: updated lastFrameUs=1757824934534317
09-14 12:42:14.534   531  2924 E android.hardware.camera.provider-V1-service: garyVCam [rga_data_convert_transform:259]:VCam rga_data_convert_transform: enter
09-14 12:42:14.534   531  2924 E android.hardware.camera.provider-V1-service: garyVCam [rga_data_convert:217]:VCam rga_data_convert: 1920x1080 I420 -> 1920x1080 NV12 rot=0 flipH=0 flipV=0
09-14 12:42:14.535   531  2924 E android.hardware.camera.provider-V1-service: garyVCam [build_transform_flags:203]:VCam build_transform_flags: rot=0 flipH=0 flipV=0 -> tf=0x0
09-14 12:42:14.535   531  2924 E android.hardware.camera.provider-V1-service: garyVCam [rga_data_convert:239]:VCam rga_data_convert: improcess path usage=0x0
09-14 12:42:14.538   531  2924 E android.hardware.camera.provider-V1-service: garyVCam [rga_data_convert:251]:VCam rga_data_convert: success
09-14 12:42:14.538   531  2924 E android.hardware.camera.provider-V1-service: garyVCam [rga_data_convert_transform:263]:VCam rga_data_convert_transform: exit ok=1
09-14 12:42:14.538   531  2924 E android.hardware.camera.provider-V1-service: garyVCam [applyEffectsAll:790]:VCam applyEffectsAll: mask=0x10 fmt=NV12 w=1920 h=1080
09-14 12:42:14.538   531  2924 E android.hardware.camera.provider-V1-service: garyVCam [save_frame:920]:VCam save_frame: slot ready 1920x1080 NV12 stamp=1757824934538689
09-14 12:42:14.538   531  2924 E android.hardware.camera.provider-V1-service: garyVCam [save_frame:927]:VCam save_frame: -
09-14 12:42:14.542   531  3174 E android.hardware.camera.provider-V1-service: garyVCam [guessYuvLayout:1117]:VCam guessYuvLayout: fmt=0x22 -> NV12
09-14 12:42:14.544   531  3174 E android.hardware.camera.provider-V1-service: garyVCam [mapPixelFdFromHandle]: no mappable pixel fd (w=1920 h=1080)
09-14 12:42:14.544   531  3174 E android.hardware.camera.provider-V1-service: garyVCam VCamMapper: lock failed w=1920 h=1080
09-14 12:42:14.546   531  3174 E android.hardware.camera.provider-V1-service: garyVCam [mapPixelFdFromHandle]: no mappable pixel fd (w=1920 h=1080)
09-14 12:42:14.546   531  3174 E android.hardware.camera.provider-V1-service: garyVCam VCamMapper: lock failed w=1920 h=1080
09-14 12:42:14.546   531  3174 E android.hardware.camera.provider-V1-service: garyVCam [VCam_CopyLatestTo:1631]:VCam_CopyLatestTo: still failed after fallbacks ret=-4
09-14 12:42:14.565   531  2924 E android.hardware.camera.provider-V1-service: garyVCam [client_thread_func:955]:client 42[0]> header cmdFlag=0 cmd=0 p1=1920 p2=1080 p3=19 p4=3110400 p5=1920 p6=1080
09-14 12:42:14.570   531  3174 E android.hardware.camera.provider-V1-service: garyVCam [guessYuvLayout:1117]:VCam guessYuvLayout: fmt=0x22 -> NV12
09-14 12:42:14.571   531  3174 E android.hardware.camera.provider-V1-service: garyVCam [mapPixelFdFromHandle]: picked fd[42]=110 mappedLen=3317760 (st_size=4149248)
09-14 12:42:14.571   531  3174 E android.hardware.camera.provider-V1-service: garyVCam [dmaSync:1089]:VCam dmaSync: fd=103 start=1
09-14 12:42:14.572   531  3174 E android.hardware.camera.provider-V1-service: garyVCam [estimateStrideFromSize]: bestSize=3317760 w=1920 h=1080 -> stride=2048 need=3317760
09-14 12:42:14.574   531  2924 E android.hardware.camera.provider-V1-service: garyVCam [save_frame:832]:VCam save_frame: + width=1920 height=1080 fmt=19 len=3110400 yStride=1920 ySlice=1080 desired=1 state=E_VIRTUAL_RUNNING outputs=1
09-14 12:42:14.575   531  2924 E android.hardware.camera.provider-V1-service: garyVCam [save_frame:884]:VCam save_frame: updated lastFrameUs=1757824934575676
09-14 12:42:14.575   531  3174 E android.hardware.camera.provider-V1-service: garyVCam [dmaSync:1089]:VCam dmaSync: fd=103 start=0
09-14 12:42:14.577   531  3174 E android.hardware.camera.provider-V1-service: garyVCam [VCam_CopyLatestTo:1629]:VCam_CopyLatestTo: OK slot 1920x1080 NV12 lastPingUs=1757824934577894
09-14 12:42:14.578   531  2924 E android.hardware.camera.provider-V1-service: garyVCam [rga_data_convert_transform:259]:VCam rga_data_convert_transform: enter
09-14 12:42:14.578   531  2924 E android.hardware.camera.provider-V1-service: garyVCam [rga_data_convert:217]:VCam rga_data_convert: 1920x1080 I420 -> 1920x1080 NV12 rot=0 flipH=0 flipV=0
09-14 12:42:14.578   531  2924 E android.hardware.camera.provider-V1-service: garyVCam [build_transform_flags:203]:VCam build_transform_flags: rot=0 flipH=0 flipV=0 -> tf=0x0
09-14 12:42:14.578   531  2924 E android.hardware.camera.provider-V1-service: garyVCam [rga_data_convert:239]:VCam rga_data_convert: improcess path usage=0x0
09-14 12:42:14.581   531  2924 E android.hardware.camera.provider-V1-service: garyVCam [rga_data_convert:251]:VCam rga_data_convert: success
09-14 12:42:14.581   531  2924 E android.hardware.camera.provider-V1-service: garyVCam [rga_data_convert_transform:263]:VCam rga_data_convert_transform: exit ok=1
09-14 12:42:14.581   531  2924 E android.hardware.camera.provider-V1-service: garyVCam [applyEffectsAll:790]:VCam applyEffectsAll: mask=0x10 fmt=NV12 w=1920 h=1080
09-14 12:42:14.581   531  2924 E android.hardware.camera.provider-V1-service: garyVCam [save_frame:920]:VCam save_frame: slot ready 1920x1080 NV12 stamp=1757824934581624
09-14 12:42:14.581   531  2924 E android.hardware.camera.provider-V1-service: garyVCam [save_frame:927]:VCam save_frame: -
09-14 12:42:14.596   531  2924 E android.hardware.camera.provider-V1-service: garyVCam [client_thread_func:955]:client 42[0]> header cmdFlag=0 cmd=0 p1=1920 p2=1080 p3=19 p4=3110400 p5=1920 p6=1080
09-14 12:42:14.603   531  3174 E android.hardware.camera.provider-V1-service: garyVCam [guessYuvLayout:1117]:VCam guessYuvLayout: fmt=0x22 -> NV12
09-14 12:42:14.603   531  2924 E android.hardware.camera.provider-V1-service: garyVCam [save_frame:832]:VCam save_frame: + width=1920 height=1080 fmt=19 len=3110400 yStride=1920 ySlice=1080 desired=1 state=E_VIRTUAL_RUNNING outputs=1
09-14 12:42:14.604   531  3174 E android.hardware.camera.provider-V1-service: garyVCam [mapPixelFdFromHandle]: picked fd[42]=110 mappedLen=3317760 (st_size=4149248)
09-14 12:42:14.604   531  3174 E android.hardware.camera.provider-V1-service: garyVCam [dmaSync:1089]:VCam dmaSync: fd=84 start=1
09-14 12:42:14.604   531  2924 E android.hardware.camera.provider-V1-service: garyVCam [save_frame:884]:VCam save_frame: updated lastFrameUs=1757824934604945
09-14 12:42:14.606   531  3174 E android.hardware.camera.provider-V1-service: garyVCam [estimateStrideFromSize]: bestSize=3317760 w=1920 h=1080 -> stride=2048 need=3317760
09-14 12:42:14.608   531  3174 E android.hardware.camera.provider-V1-service: garyVCam [dmaSync:1089]:VCam dmaSync: fd=84 start=0
09-14 12:42:14.610   531  3174 E android.hardware.camera.provider-V1-service: garyVCam [VCam_CopyLatestTo:1629]:VCam_CopyLatestTo: OK slot 1920x1080 NV12 lastPingUs=1757824934610350
09-14 12:42:14.610   531  2924 E android.hardware.camera.provider-V1-service: garyVCam [rga_data_convert_transform:259]:VCam rga_data_convert_transform: enter
09-14 12:42:14.610   531  2924 E android.hardware.camera.provider-V1-service: garyVCam [rga_data_convert:217]:VCam rga_data_convert: 1920x1080 I420 -> 1920x1080 NV12 rot=0 flipH=0 flipV=0
09-14 12:42:14.611   531  2924 E android.hardware.camera.provider-V1-service: garyVCam [build_transform_flags:203]:VCam build_transform_flags: rot=0 flipH=0 flipV=0 -> tf=0x0
09-14 12:42:14.611   531  2924 E android.hardware.camera.provider-V1-service: garyVCam [rga_data_convert:239]:VCam rga_data_convert: improcess path usage=0x0
09-14 12:42:14.615   531  2924 E android.hardware.camera.provider-V1-service: garyVCam [rga_data_convert:251]:VCam rga_data_convert: success
09-14 12:42:14.615   531  2924 E android.hardware.camera.provider-V1-service: garyVCam [rga_data_convert_transform:263]:VCam rga_data_convert_transform: exit ok=1
09-14 12:42:14.615   531  2924 E android.hardware.camera.provider-V1-service: garyVCam [applyEffectsAll:790]:VCam applyEffectsAll: mask=0x10 fmt=NV12 w=1920 h=1080
09-14 12:42:14.615   531  2924 E android.hardware.camera.provider-V1-service: garyVCam [save_frame:920]:VCam save_frame: slot ready 1920x1080 NV12 stamp=1757824934615372
09-14 12:42:14.615   531  2924 E android.hardware.camera.provider-V1-service: garyVCam [save_frame:927]:VCam save_frame: -
09-14 12:42:14.628   531  2924 E android.hardware.camera.provider-V1-service: garyVCam [client_thread_func:955]:client 42[0]> header cmdFlag=0 cmd=0 p1=1920 p2=1080 p3=19 p4=3110400 p5=1920 p6=1080
09-14 12:42:14.636   531  2924 E android.hardware.camera.provider-V1-service: garyVCam [save_frame:832]:VCam save_frame: + width=1920 height=1080 fmt=19 len=3110400 yStride=1920 ySlice=1080 desired=1 state=E_VIRTUAL_RUNNING outputs=1
09-14 12:42:14.638   531  2924 E android.hardware.camera.provider-V1-service: garyVCam [save_frame:884]:VCam save_frame: updated lastFrameUs=1757824934638015
09-14 12:42:14.638   531  2924 E android.hardware.camera.provider-V1-service: garyVCam [rga_data_convert_transform:259]:VCam rga_data_convert_transform: enter
09-14 12:42:14.638   531  2924 E android.hardware.camera.provider-V1-service: garyVCam [rga_data_convert:217]:VCam rga_data_convert: 1920x1080 I420 -> 1920x1080 NV12 rot=0 flipH=0 flipV=0
09-14 12:42:14.638   531  3174 E android.hardware.camera.provider-V1-service: garyVCam [guessYuvLayout:1117]:VCam guessYuvLayout: fmt=0x22 -> NV12
09-14 12:42:14.638   531  2924 E android.hardware.camera.provider-V1-service: garyVCam [build_transform_flags:203]:VCam build_transform_flags: rot=0 flipH=0 flipV=0 -> tf=0x0
09-14 12:42:14.638   531  2924 E android.hardware.camera.provider-V1-service: garyVCam [rga_data_convert:239]:VCam rga_data_convert: improcess path usage=0x0
09-14 12:42:14.641   531  2924 E android.hardware.camera.provider-V1-service: garyVCam [rga_data_convert:251]:VCam rga_data_convert: success
09-14 12:42:14.641   531  2924 E android.hardware.camera.provider-V1-service: garyVCam [rga_data_convert_transform:263]:VCam rga_data_convert_transform: exit ok=1
09-14 12:42:14.641   531  2924 E android.hardware.camera.provider-V1-service: garyVCam [applyEffectsAll:790]:VCam applyEffectsAll: mask=0x10 fmt=NV12 w=1920 h=1080
09-14 12:42:14.641   531  2924 E android.hardware.camera.provider-V1-service: garyVCam [save_frame:920]:VCam save_frame: slot ready 1920x1080 NV12 stamp=1757824934641551
09-14 12:42:14.641   531  2924 E android.hardware.camera.provider-V1-service: garyVCam [save_frame:927]:VCam save_frame: -
09-14 12:42:14.643   531  3174 E android.hardware.camera.provider-V1-service: garyVCam [mapPixelFdFromHandle]: picked fd[42]=110 mappedLen=3317760 (st_size=4149248)
09-14 12:42:14.643   531  3174 E android.hardware.camera.provider-V1-service: garyVCam [dmaSync:1089]:VCam dmaSync: fd=101 start=1
09-14 12:42:14.644   531  3174 E android.hardware.camera.provider-V1-service: garyVCam [estimateStrideFromSize]: bestSize=3317760 w=1920 h=1080 -> stride=2048 need=3317760
09-14 12:42:14.655   531  3174 E android.hardware.camera.provider-V1-service: garyVCam [dmaSync:1089]:VCam dmaSync: fd=101 start=0
09-14 12:42:14.656   531  3174 E android.hardware.camera.provider-V1-service: garyVCam [VCam_CopyLatestTo:1629]:VCam_CopyLatestTo: OK slot 1920x1080 NV12 lastPingUs=1757824934656664
09-14 12:42:14.661   531  2924 E android.hardware.camera.provider-V1-service: garyVCam [client_thread_func:955]:client 42[0]> header cmdFlag=0 cmd=0 p1=1920 p2=1080 p3=19 p4=3110400 p5=1920 p6=1080
09-14 12:42:14.667   531  2924 E android.hardware.camera.provider-V1-service: garyVCam [save_frame:832]:VCam save_frame: + width=1920 height=1080 fmt=19 len=3110400 yStride=1920 ySlice=1080 desired=1 state=E_VIRTUAL_RUNNING outputs=1
09-14 12:42:14.668   531  2924 E android.hardware.camera.provider-V1-service: garyVCam [save_frame:884]:VCam save_frame: updated lastFrameUs=1757824934668976
09-14 12:42:14.669   531  2924 E android.hardware.camera.provider-V1-service: garyVCam [rga_data_convert_transform:259]:VCam rga_data_convert_transform: enter
09-14 12:42:14.669   531  2924 E android.hardware.camera.provider-V1-service: garyVCam [rga_data_convert:217]:VCam rga_data_convert: 1920x1080 I420 -> 1920x1080 NV12 rot=0 flipH=0 flipV=0
09-14 12:42:14.669   531  2924 E android.hardware.camera.provider-V1-service: garyVCam [build_transform_flags:203]:VCam build_transform_flags: rot=0 flipH=0 flipV=0 -> tf=0x0
09-14 12:42:14.669   531  2924 E android.hardware.camera.provider-V1-service: garyVCam [rga_data_convert:239]:VCam rga_data_convert: improcess path usage=0x0
09-14 12:42:14.672   531  2924 E android.hardware.camera.provider-V1-service: garyVCam [rga_data_convert:251]:VCam rga_data_convert: success
09-14 12:42:14.672   531  2924 E android.hardware.camera.provider-V1-service: garyVCam [rga_data_convert_transform:263]:VCam rga_data_convert_transform: exit ok=1
