09-14 12:42:12.934   531  2924 E android.hardware.camera.provider-V1-service: garyVCam [build_transform_flags:203]:VCam build_transform_flags: rot=0 flipH=0 flipV=0 -> tf=0x0
09-14 12:42:12.934   531  2924 E android.hardware.camera.provider-V1-service: garyVCam [rga_data_convert:239]:VCam rga_data_convert: improcess path usage=0x0
09-14 12:42:12.938   531  2924 E android.hardware.camera.provider-V1-service: garyVCam [rga_data_convert:251]:VCam rga_data_convert: success
09-14 12:42:12.938   531  2924 E android.hardware.camera.provider-V1-service: garyVCam [rga_data_convert_transform:263]:VCam rga_data_convert_transform: exit ok=1
09-14 12:42:12.938   531  2924 E android.hardware.camera.provider-V1-service: garyVCam [save_frame:920]:VCam save_frame: slot ready 1920x1080 NV12 stamp=1757824932938910
09-14 12:42:12.938   531  2924 E android.hardware.camera.provider-V1-service: garyVCam [save_frame:927]:VCam save_frame: -
09-14 12:42:12.940   531  3174 E android.hardware.camera.provider-V1-service: garyVCam [guessYuvLayout:1117]:VCam guessYuvLayout: fmt=0x22 -> NV12
09-14 12:42:12.941   531  3174 E android.hardware.camera.provider-V1-service: garyVCam [mapPixelFdFromHandle]: picked fd[42]=110 mappedLen=3317760 (st_size=4149248)
09-14 12:42:12.941   531  3174 E android.hardware.camera.provider-V1-service: garyVCam [dmaSync:1089]:VCam dmaSync: fd=83 start=1
09-14 12:42:12.942   531  3174 E android.hardware.camera.provider-V1-service: garyVCam [estimateStrideFromSize]: bestSize=3317760 w=1920 h=1080 -> stride=2048 need=3317760
09-14 12:42:12.947   531  3174 E android.hardware.camera.provider-V1-service: garyVCam [dmaSync:1089]:VCam dmaSync: fd=83 start=0
09-14 12:42:12.948   531  3174 E android.hardware.camera.provider-V1-service: garyVCam [VCam_CopyLatestTo:1629]:VCam_CopyLatestTo: OK slot 1920x1080 NV12 lastPingUs=1757824932948316
09-14 12:42:12.964   531  2924 E android.hardware.camera.provider-V1-service: garyVCam [client_thread_func:955]:client 42[0]> header cmdFlag=0 cmd=0 p1=1920 p2=1080 p3=19 p4=3110400 p5=1920 p6=1080
09-14 12:42:12.970   531  3174 E android.hardware.camera.provider-V1-service: garyVCam [guessYuvLayout:1117]:VCam guessYuvLayout: fmt=0x22 -> NV12
09-14 12:42:12.970   531  2924 E android.hardware.camera.provider-V1-service: garyVCam [save_frame:832]:VCam save_frame: + width=1920 height=1080 fmt=19 len=3110400 yStride=1920 ySlice=1080 desired=1 state=E_VIRTUAL_RUNNING outputs=1
09-14 12:42:12.971   531  3174 E android.hardware.camera.provider-V1-service: garyVCam [mapPixelFdFromHandle]: picked fd[42]=110 mappedLen=3317760 (st_size=4149248)
09-14 12:42:12.971   531  3174 E android.hardware.camera.provider-V1-service: garyVCam [dmaSync:1089]:VCam dmaSync: fd=101 start=1
09-14 12:42:12.972   531  2924 E android.hardware.camera.provider-V1-service: garyVCam [save_frame:884]:VCam save_frame: updated lastFrameUs=1757824932972873
09-14 12:42:12.973   531  3174 E android.hardware.camera.provider-V1-service: garyVCam [estimateStrideFromSize]: bestSize=3317760 w=1920 h=1080 -> stride=2048 need=3317760
09-14 12:42:12.977   531  3174 E android.hardware.camera.provider-V1-service: garyVCam [dmaSync:1089]:VCam dmaSync: fd=101 start=0
09-14 12:42:12.978   531  3174 E android.hardware.camera.provider-V1-service: garyVCam [VCam_CopyLatestTo:1629]:VCam_CopyLatestTo: OK slot 1920x1080 NV12 lastPingUs=1757824932978745
09-14 12:42:12.978   531  2924 E android.hardware.camera.provider-V1-service: garyVCam [rga_data_convert_transform:259]:VCam rga_data_convert_transform: enter
09-14 12:42:12.978   531  2924 E android.hardware.camera.provider-V1-service: garyVCam [rga_data_convert:217]:VCam rga_data_convert: 1920x1080 I420 -> 1920x1080 NV12 rot=0 flipH=0 flipV=0
09-14 12:42:12.979   531  2924 E android.hardware.camera.provider-V1-service: garyVCam [build_transform_flags:203]:VCam build_transform_flags: rot=0 flipH=0 flipV=0 -> tf=0x0
09-14 12:42:12.979   531  2924 E android.hardware.camera.provider-V1-service: garyVCam [rga_data_convert:239]:VCam rga_data_convert: improcess path usage=0x0
09-14 12:42:12.982   531  2924 E android.hardware.camera.provider-V1-service: garyVCam [rga_data_convert:251]:VCam rga_data_convert: success
09-14 12:42:12.982   531  2924 E android.hardware.camera.provider-V1-service: garyVCam [rga_data_convert_transform:263]:VCam rga_data_convert_transform: exit ok=1
09-14 12:42:12.983   531  2924 E android.hardware.camera.provider-V1-service: garyVCam [save_frame:920]:VCam save_frame: slot ready 1920x1080 NV12 stamp=1757824932983015
09-14 12:42:12.983   531  2924 E android.hardware.camera.provider-V1-service: garyVCam [save_frame:927]:VCam save_frame: -
09-14 12:42:12.995   531  2924 E android.hardware.camera.provider-V1-service: garyVCam [client_thread_func:955]:client 42[0]> header cmdFlag=0 cmd=0 p1=1920 p2=1080 p3=19 p4=3110400 p5=1920 p6=1080
09-14 12:42:13.004   531  3174 E android.hardware.camera.provider-V1-service: garyVCam [guessYuvLayout:1117]:VCam guessYuvLayout: fmt=0x22 -> NV12
09-14 12:42:13.006   531  2924 E android.hardware.camera.provider-V1-service: garyVCam [save_frame:832]:VCam save_frame: + width=1920 height=1080 fmt=19 len=3110400 yStride=1920 ySlice=1080 desired=1 state=E_VIRTUAL_RUNNING outputs=1
09-14 12:42:13.007   531  3174 E android.hardware.camera.provider-V1-service: garyVCam [mapPixelFdFromHandle]: no mappable pixel fd (w=1920 h=1080)
09-14 12:42:13.008   531  3174 E android.hardware.camera.provider-V1-service: garyVCam VCamMapper: lock failed w=1920 h=1080
09-14 12:42:13.008   531  2924 E android.hardware.camera.provider-V1-service: garyVCam [save_frame:884]:VCam save_frame: updated lastFrameUs=1757824933008312
09-14 12:42:13.009   531  3174 E android.hardware.camera.provider-V1-service: garyVCam [mapPixelFdFromHandle]: no mappable pixel fd (w=1920 h=1080)
09-14 12:42:13.009   531  3174 E android.hardware.camera.provider-V1-service: garyVCam VCamMapper: lock failed w=1920 h=1080
09-14 12:42:13.009   531  3174 E android.hardware.camera.provider-V1-service: garyVCam [VCam_CopyLatestTo:1631]:VCam_CopyLatestTo: still failed after fallbacks ret=-4
09-14 12:42:13.010   531  2924 E android.hardware.camera.provider-V1-service: garyVCam [rga_data_convert_transform:259]:VCam rga_data_convert_transform: enter
09-14 12:42:13.010   531  2924 E android.hardware.camera.provider-V1-service: garyVCam [rga_data_convert:217]:VCam rga_data_convert: 1920x1080 I420 -> 1920x1080 NV12 rot=0 flipH=0 flipV=0
09-14 12:42:13.011   531  2924 E android.hardware.camera.provider-V1-service: garyVCam [build_transform_flags:203]:VCam build_transform_flags: rot=0 flipH=0 flipV=0 -> tf=0x0
09-14 12:42:13.012   531  2924 E android.hardware.camera.provider-V1-service: garyVCam [rga_data_convert:239]:VCam rga_data_convert: improcess path usage=0x0
09-14 12:42:13.016   531  2924 E android.hardware.camera.provider-V1-service: garyVCam [rga_data_convert:251]:VCam rga_data_convert: success
09-14 12:42:13.017   531  2924 E android.hardware.camera.provider-V1-service: garyVCam [rga_data_convert_transform:263]:VCam rga_data_convert_transform: exit ok=1
09-14 12:42:13.017   531  2924 E android.hardware.camera.provider-V1-service: garyVCam [save_frame:920]:VCam save_frame: slot ready 1920x1080 NV12 stamp=1757824933017041
09-14 12:42:13.017   531  2924 E android.hardware.camera.provider-V1-service: garyVCam [save_frame:927]:VCam save_frame: -
09-14 12:42:13.026   531  2924 E android.hardware.camera.provider-V1-service: garyVCam [client_thread_func:955]:client 42[0]> header cmdFlag=0 cmd=0 p1=1920 p2=1080 p3=19 p4=3110400 p5=1920 p6=1080
09-14 12:42:13.032   531  2924 E android.hardware.camera.provider-V1-service: garyVCam [save_frame:832]:VCam save_frame: + width=1920 height=1080 fmt=19 len=3110400 yStride=1920 ySlice=1080 desired=1 state=E_VIRTUAL_RUNNING outputs=1
09-14 12:42:13.033   531  2924 E android.hardware.camera.provider-V1-service: garyVCam [save_frame:884]:VCam save_frame: updated lastFrameUs=1757824933033808
09-14 12:42:13.033   531  2924 E android.hardware.camera.provider-V1-service: garyVCam [rga_data_convert_transform:259]:VCam rga_data_convert_transform: enter
09-14 12:42:13.033   531  2924 E android.hardware.camera.provider-V1-service: garyVCam [rga_data_convert:217]:VCam rga_data_convert: 1920x1080 I420 -> 1920x1080 NV12 rot=0 flipH=0 flipV=0
09-14 12:42:13.034   531  2924 E android.hardware.camera.provider-V1-service: garyVCam [build_transform_flags:203]:VCam build_transform_flags: rot=0 flipH=0 flipV=0 -> tf=0x0
09-14 12:42:13.034   531  2924 E android.hardware.camera.provider-V1-service: garyVCam [rga_data_convert:239]:VCam rga_data_convert: improcess path usage=0x0
09-14 12:42:13.037   531  2924 E android.hardware.camera.provider-V1-service: garyVCam [rga_data_convert:251]:VCam rga_data_convert: success
09-14 12:42:13.037   531  2924 E android.hardware.camera.provider-V1-service: garyVCam [rga_data_convert_transform:263]:VCam rga_data_convert_transform: exit ok=1
09-14 12:42:13.037   531  2924 E android.hardware.camera.provider-V1-service: garyVCam [save_frame:920]:VCam save_frame: slot ready 1920x1080 NV12 stamp=1757824933037700
09-14 12:42:13.037   531  2924 E android.hardware.camera.provider-V1-service: garyVCam [save_frame:927]:VCam save_frame: -
09-14 12:42:13.040   531  3174 E android.hardware.camera.provider-V1-service: garyVCam [guessYuvLayout:1117]:VCam guessYuvLayout: fmt=0x22 -> NV12
09-14 12:42:13.042   531  3174 E android.hardware.camera.provider-V1-service: garyVCam [mapPixelFdFromHandle]: no mappable pixel fd (w=1920 h=1080)
09-14 12:42:13.042   531  3174 E android.hardware.camera.provider-V1-service: garyVCam VCamMapper: lock failed w=1920 h=1080
09-14 12:42:13.044   531  3174 E android.hardware.camera.provider-V1-service: garyVCam [mapPixelFdFromHandle]: no mappable pixel fd (w=1920 h=1080)
09-14 12:42:13.045   531  3174 E android.hardware.camera.provider-V1-service: garyVCam VCamMapper: lock failed w=1920 h=1080
09-14 12:42:13.045   531  3174 E android.hardware.camera.provider-V1-service: garyVCam [VCam_CopyLatestTo:1631]:VCam_CopyLatestTo: still failed after fallbacks ret=-4
09-14 12:42:13.060   531  2924 E android.hardware.camera.provider-V1-service: garyVCam [client_thread_func:955]:client 42[0]> header cmdFlag=0 cmd=0 p1=1920 p2=1080 p3=19 p4=3110400 p5=1920 p6=1080
09-14 12:42:13.066   531  2924 E android.hardware.camera.provider-V1-service: garyVCam [save_frame:832]:VCam save_frame: + width=1920 height=1080 fmt=19 len=3110400 yStride=1920 ySlice=1080 desired=1 state=E_VIRTUAL_RUNNING outputs=1
09-14 12:42:13.067   531  2924 E android.hardware.camera.provider-V1-service: garyVCam [save_frame:884]:VCam save_frame: updated lastFrameUs=1757824933067657
09-14 12:42:13.067   531  2924 E android.hardware.camera.provider-V1-service: garyVCam [rga_data_convert_transform:259]:VCam rga_data_convert_transform: enter
09-14 12:42:13.067   531  2924 E android.hardware.camera.provider-V1-service: garyVCam [rga_data_convert:217]:VCam rga_data_convert: 1920x1080 I420 -> 1920x1080 NV12 rot=0 flipH=0 flipV=0
09-14 12:42:13.069   531  2924 E android.hardware.camera.provider-V1-service: garyVCam [build_transform_flags:203]:VCam build_transform_flags: rot=0 flipH=0 flipV=0 -> tf=0x0
09-14 12:42:13.069   531  2924 E android.hardware.camera.provider-V1-service: garyVCam [rga_data_convert:239]:VCam rga_data_convert: improcess path usage=0x0
09-14 12:42:13.072   531  2924 E android.hardware.camera.provider-V1-service: garyVCam [rga_data_convert:251]:VCam rga_data_convert: success
09-14 12:42:13.072   531  2924 E android.hardware.camera.provider-V1-service: garyVCam [rga_data_convert_transform:263]:VCam rga_data_convert_transform: exit ok=1
09-14 12:42:13.072   531  2924 E android.hardware.camera.provider-V1-service: garyVCam [save_frame:920]:VCam save_frame: slot ready 1920x1080 NV12 stamp=1757824933072251
09-14 12:42:13.072   531  2924 E android.hardware.camera.provider-V1-service: garyVCam [save_frame:927]:VCam save_frame: -
09-14 12:42:13.075   531  3174 E android.hardware.camera.provider-V1-service: garyVCam [guessYuvLayout:1117]:VCam guessYuvLayout: fmt=0x22 -> NV12
09-14 12:42:13.077   531  3174 E android.hardware.camera.provider-V1-service: garyVCam [mapPixelFdFromHandle]: no mappable pixel fd (w=1920 h=1080)
09-14 12:42:13.077   531  3174 E android.hardware.camera.provider-V1-service: garyVCam VCamMapper: lock failed w=1920 h=1080
09-14 12:42:13.081   531  3174 E android.hardware.camera.provider-V1-service: garyVCam [mapPixelFdFromHandle]: no mappable pixel fd (w=1920 h=1080)
09-14 12:42:13.081   531  3174 E android.hardware.camera.provider-V1-service: garyVCam VCamMapper: lock failed w=1920 h=1080
09-14 12:42:13.081   531  3174 E android.hardware.camera.provider-V1-service: garyVCam [VCam_CopyLatestTo:1631]:VCam_CopyLatestTo: still failed after fallbacks ret=-4
09-14 12:42:13.093   531  2924 E android.hardware.camera.provider-V1-service: garyVCam [client_thread_func:955]:client 42[0]> header cmdFlag=0 cmd=0 p1=1920 p2=1080 p3=19 p4=3110400 p5=1920 p6=1080
09-14 12:42:13.099   531  2924 E android.hardware.camera.provider-V1-service: garyVCam [save_frame:832]:VCam save_frame: + width=1920 height=1080 fmt=19 len=3110400 yStride=1920 ySlice=1080 desired=1 state=E_VIRTUAL_RUNNING outputs=1
09-14 12:42:13.100   531  2924 E android.hardware.camera.provider-V1-service: garyVCam [save_frame:884]:VCam save_frame: updated lastFrameUs=1757824933100677
09-14 12:42:13.100   531  2924 E android.hardware.camera.provider-V1-service: garyVCam [rga_data_convert_transform:259]:VCam rga_data_convert_transform: enter
09-14 12:42:13.100   531  2924 E android.hardware.camera.provider-V1-service: garyVCam [rga_data_convert:217]:VCam rga_data_convert: 1920x1080 I420 -> 1920x1080 NV12 rot=0 flipH=0 flipV=0
09-14 12:42:13.102   531  2924 E android.hardware.camera.provider-V1-service: garyVCam [build_transform_flags:203]:VCam build_transform_flags: rot=0 flipH=0 flipV=0 -> tf=0x0
09-14 12:42:13.102   531  2924 E android.hardware.camera.provider-V1-service: garyVCam [rga_data_convert:239]:VCam rga_data_convert: improcess path usage=0x0
09-14 12:42:13.105   531  2924 E android.hardware.camera.provider-V1-service: garyVCam [rga_data_convert:251]:VCam rga_data_convert: success
09-14 12:42:13.105   531  2924 E android.hardware.camera.provider-V1-service: garyVCam [rga_data_convert_transform:263]:VCam rga_data_convert_transform: exit ok=1
09-14 12:42:13.105   531  2924 E android.hardware.camera.provider-V1-service: garyVCam [save_frame:920]:VCam save_frame: slot ready 1920x1080 NV12 stamp=1757824933105127
09-14 12:42:13.105   531  2924 E android.hardware.camera.provider-V1-service: garyVCam [save_frame:927]:VCam save_frame: -
09-14 12:42:13.109   531  3174 E android.hardware.camera.provider-V1-service: garyVCam [guessYuvLayout:1117]:VCam guessYuvLayout: fmt=0x22 -> NV12
09-14 12:42:13.110   531  3174 E android.hardware.camera.provider-V1-service: garyVCam [mapPixelFdFromHandle]: no mappable pixel fd (w=1920 h=1080)
09-14 12:42:13.111   531  3174 E android.hardware.camera.provider-V1-service: garyVCam VCamMapper: lock failed w=1920 h=1080
09-14 12:42:13.113   531  3174 E android.hardware.camera.provider-V1-service: garyVCam [mapPixelFdFromHandle]: no mappable pixel fd (w=1920 h=1080)
09-14 12:42:13.114   531  3174 E android.hardware.camera.provider-V1-service: garyVCam VCamMapper: lock failed w=1920 h=1080
09-14 12:42:13.114   531  3174 E android.hardware.camera.provider-V1-service: garyVCam [VCam_CopyLatestTo:1631]:VCam_CopyLatestTo: still failed after fallbacks ret=-4
09-14 12:42:13.134   531  2924 E android.hardware.camera.provider-V1-service: garyVCam [client_thread_func:955]:client 42[0]> header cmdFlag=0 cmd=0 p1=1920 p2=1080 p3=19 p4=3110400 p5=1920 p6=1080
09-14 12:42:13.137   531  3174 E android.hardware.camera.provider-V1-service: garyVCam [guessYuvLayout:1117]:VCam guessYuvLayout: fmt=0x22 -> NV12
09-14 12:42:13.139   531  3174 E android.hardware.camera.provider-V1-service: garyVCam [mapPixelFdFromHandle]: no mappable pixel fd (w=1920 h=1080)
09-14 12:42:13.140   531  3174 E android.hardware.camera.provider-V1-service: garyVCam VCamMapper: lock failed w=1920 h=1080
09-14 12:42:13.142   531  3174 E android.hardware.camera.provider-V1-service: garyVCam [mapPixelFdFromHandle]: no mappable pixel fd (w=1920 h=1080)
09-14 12:42:13.142   531  3174 E android.hardware.camera.provider-V1-service: garyVCam VCamMapper: lock failed w=1920 h=1080
09-14 12:42:13.142   531  3174 E android.hardware.camera.provider-V1-service: garyVCam [VCam_CopyLatestTo:1631]:VCam_CopyLatestTo: still failed after fallbacks ret=-4
09-14 12:42:13.142   531  2924 E android.hardware.camera.provider-V1-service: garyVCam [save_frame:832]:VCam save_frame: + width=1920 height=1080 fmt=19 len=3110400 yStride=1920 ySlice=1080 desired=1 state=E_VIRTUAL_RUNNING outputs=1
09-14 12:42:13.144   531  2924 E android.hardware.camera.provider-V1-service: garyVCam [save_frame:884]:VCam save_frame: updated lastFrameUs=1757824933144831
09-14 12:42:13.145   531  2924 E android.hardware.camera.provider-V1-service: garyVCam [rga_data_convert_transform:259]:VCam rga_data_convert_transform: enter
09-14 12:42:13.145   531  2924 E android.hardware.camera.provider-V1-service: garyVCam [rga_data_convert:217]:VCam rga_data_convert: 1920x1080 I420 -> 1920x1080 NV12 rot=0 flipH=0 flipV=0
09-14 12:42:13.146   531  2924 E android.hardware.camera.provider-V1-service: garyVCam [build_transform_flags:203]:VCam build_transform_flags: rot=0 flipH=0 flipV=0 -> tf=0x0
09-14 12:42:13.146   531  2924 E android.hardware.camera.provider-V1-service: garyVCam [rga_data_convert:239]:VCam rga_data_convert: improcess path usage=0x0
09-14 12:42:13.149   531  2924 E android.hardware.camera.provider-V1-service: garyVCam [rga_data_convert:251]:VCam rga_data_convert: success
09-14 12:42:13.149   531  2924 E android.hardware.camera.provider-V1-service: garyVCam [rga_data_convert_transform:263]:VCam rga_data_convert_transform: exit ok=1
09-14 12:42:13.149   531  2924 E android.hardware.camera.provider-V1-service: garyVCam [save_frame:920]:VCam save_frame: slot ready 1920x1080 NV12 stamp=1757824933149198
09-14 12:42:13.149   531  2924 E android.hardware.camera.provider-V1-service: garyVCam [save_frame:927]:VCam save_frame: -
09-14 12:42:13.162   531  2924 E android.hardware.camera.provider-V1-service: garyVCam [client_thread_func:955]:client 42[0]> header cmdFlag=0 cmd=0 p1=1920 p2=1080 p3=19 p4=3110400 p5=1920 p6=1080
09-14 12:42:13.170   531  3174 E android.hardware.camera.provider-V1-service: garyVCam [guessYuvLayout:1117]:VCam guessYuvLayout: fmt=0x22 -> NV12
09-14 12:42:13.171   531  2924 E android.hardware.camera.provider-V1-service: garyVCam [save_frame:832]:VCam save_frame: + width=1920 height=1080 fmt=19 len=3110400 yStride=1920 ySlice=1080 desired=1 state=E_VIRTUAL_RUNNING outputs=1
09-14 12:42:13.172   531  3174 E android.hardware.camera.provider-V1-service: garyVCam [mapPixelFdFromHandle]: no mappable pixel fd (w=1920 h=1080)
09-14 12:42:13.172   531  3174 E android.hardware.camera.provider-V1-service: garyVCam VCamMapper: lock failed w=1920 h=1080
09-14 12:42:13.173   531  2924 E android.hardware.camera.provider-V1-service: garyVCam [save_frame:884]:VCam save_frame: updated lastFrameUs=1757824933173657
09-14 12:42:13.174   531  3174 E android.hardware.camera.provider-V1-service: garyVCam [mapPixelFdFromHandle]: no mappable pixel fd (w=1920 h=1080)
09-14 12:42:13.174   531  3174 E android.hardware.camera.provider-V1-service: garyVCam VCamMapper: lock failed w=1920 h=1080
09-14 12:42:13.174   531  3174 E android.hardware.camera.provider-V1-service: garyVCam [VCam_CopyLatestTo:1631]:VCam_CopyLatestTo: still failed after fallbacks ret=-4
09-14 12:42:13.174   531  2924 E android.hardware.camera.provider-V1-service: garyVCam [rga_data_convert_transform:259]:VCam rga_data_convert_transform: enter
09-14 12:42:13.174   531  2924 E android.hardware.camera.provider-V1-service: garyVCam [rga_data_convert:217]:VCam rga_data_convert: 1920x1080 I420 -> 1920x1080 NV12 rot=0 flipH=0 flipV=0
09-14 12:42:13.175   531  2924 E android.hardware.camera.provider-V1-service: garyVCam [build_transform_flags:203]:VCam build_transform_flags: rot=0 flipH=0 flipV=0 -> tf=0x0
09-14 12:42:13.175   531  2924 E android.hardware.camera.provider-V1-service: garyVCam [rga_data_convert:239]:VCam rga_data_convert: improcess path usage=0x0
09-14 12:42:13.180   531  2924 E android.hardware.camera.provider-V1-service: garyVCam [rga_data_convert:251]:VCam rga_data_convert: success
09-14 12:42:13.181   531  2924 E android.hardware.camera.provider-V1-service: garyVCam [rga_data_convert_transform:263]:VCam rga_data_convert_transform: exit ok=1
09-14 12:42:13.181   531  2924 E android.hardware.camera.provider-V1-service: garyVCam [save_frame:920]:VCam save_frame: slot ready 1920x1080 NV12 stamp=1757824933181105
09-14 12:42:13.181   531  2924 E android.hardware.camera.provider-V1-service: garyVCam [save_frame:927]:VCam save_frame: -
09-14 12:42:13.193   531  2924 E android.hardware.camera.provider-V1-service: garyVCam [client_thread_func:955]:client 42[0]> header cmdFlag=0 cmd=0 p1=1920 p2=1080 p3=19 p4=3110400 p5=1920 p6=1080
09-14 12:42:13.200   531  2924 E android.hardware.camera.provider-V1-service: garyVCam [save_frame:832]:VCam save_frame: + width=1920 height=1080 fmt=19 len=3110400 yStride=1920 ySlice=1080 desired=1 state=E_VIRTUAL_RUNNING outputs=1
09-14 12:42:13.201   531  2924 E android.hardware.camera.provider-V1-service: garyVCam [save_frame:884]:VCam save_frame: updated lastFrameUs=1757824933201179
09-14 12:42:13.201   531  2924 E android.hardware.camera.provider-V1-service: garyVCam [rga_data_convert_transform:259]:VCam rga_data_convert_transform: enter
09-14 12:42:13.201   531  2924 E android.hardware.camera.provider-V1-service: garyVCam [rga_data_convert:217]:VCam rga_data_convert: 1920x1080 I420 -> 1920x1080 NV12 rot=0 flipH=0 flipV=0
09-14 12:42:13.202   531  2924 E android.hardware.camera.provider-V1-service: garyVCam [build_transform_flags:203]:VCam build_transform_flags: rot=0 flipH=0 flipV=0 -> tf=0x0
09-14 12:42:13.202   531  2924 E android.hardware.camera.provider-V1-service: garyVCam [rga_data_convert:239]:VCam rga_data_convert: improcess path usage=0x0
09-14 12:42:13.205   531  2924 E android.hardware.camera.provider-V1-service: garyVCam [rga_data_convert:251]:VCam rga_data_convert: success
09-14 12:42:13.205   531  2924 E android.hardware.camera.provider-V1-service: garyVCam [rga_data_convert_transform:263]:VCam rga_data_convert_transform: exit ok=1
09-14 12:42:13.206   531  2924 E android.hardware.camera.provider-V1-service: garyVCam [save_frame:920]:VCam save_frame: slot ready 1920x1080 NV12 stamp=1757824933206019
09-14 12:42:13.206   531  2924 E android.hardware.camera.provider-V1-service: garyVCam [save_frame:927]:VCam save_frame: -
09-14 12:42:13.210   531  3174 E android.hardware.camera.provider-V1-service: garyVCam [guessYuvLayout:1117]:VCam guessYuvLayout: fmt=0x22 -> NV12
09-14 12:42:13.211   531  3174 E android.hardware.camera.provider-V1-service: garyVCam [mapPixelFdFromHandle]: no mappable pixel fd (w=1920 h=1080)
09-14 12:42:13.211   531  3174 E android.hardware.camera.provider-V1-service: garyVCam VCamMapper: lock failed w=1920 h=1080
09-14 12:42:13.214   531  3174 E android.hardware.camera.provider-V1-service: garyVCam [mapPixelFdFromHandle]: no mappable pixel fd (w=1920 h=1080)
09-14 12:42:13.214   531  3174 E android.hardware.camera.provider-V1-service: garyVCam VCamMapper: lock failed w=1920 h=1080
09-14 12:42:13.214   531  3174 E android.hardware.camera.provider-V1-service: garyVCam [VCam_CopyLatestTo:1631]:VCam_CopyLatestTo: still failed after fallbacks ret=-4
09-14 12:42:13.226   531  2924 E android.hardware.camera.provider-V1-service: garyVCam [client_thread_func:955]:client 42[0]> header cmdFlag=0 cmd=0 p1=1920 p2=1080 p3=19 p4=3110400 p5=1920 p6=1080
09-14 12:42:13.232   531  2924 E android.hardware.camera.provider-V1-service: garyVCam [save_frame:832]:VCam save_frame: + width=1920 height=1080 fmt=19 len=3110400 yStride=1920 ySlice=1080 desired=1 state=E_VIRTUAL_RUNNING outputs=1
09-14 12:42:13.233   531  2924 E android.hardware.camera.provider-V1-service: garyVCam [save_frame:884]:VCam save_frame: updated lastFrameUs=1757824933233584
09-14 12:42:13.233   531  2924 E android.hardware.camera.provider-V1-service: garyVCam [rga_data_convert_transform:259]:VCam rga_data_convert_transform: enter
09-14 12:42:13.233   531  2924 E android.hardware.camera.provider-V1-service: garyVCam [rga_data_convert:217]:VCam rga_data_convert: 1920x1080 I420 -> 1920x1080 NV12 rot=0 flipH=0 flipV=0
09-14 12:42:13.234   531  2924 E android.hardware.camera.provider-V1-service: garyVCam [build_transform_flags:203]:VCam build_transform_flags: rot=0 flipH=0 flipV=0 -> tf=0x0
09-14 12:42:13.234   531  2924 E android.hardware.camera.provider-V1-service: garyVCam [rga_data_convert:239]:VCam rga_data_convert: improcess path usage=0x0
09-14 12:42:13.237   531  2924 E android.hardware.camera.provider-V1-service: garyVCam [rga_data_convert:251]:VCam rga_data_convert: success
09-14 12:42:13.237   531  2924 E android.hardware.camera.provider-V1-service: garyVCam [rga_data_convert_transform:263]:VCam rga_data_convert_transform: exit ok=1
09-14 12:42:13.237   531  2924 E android.hardware.camera.provider-V1-service: garyVCam [save_frame:920]:VCam save_frame: slot ready 1920x1080 NV12 stamp=1757824933237655
09-14 12:42:13.237   531  2924 E android.hardware.camera.provider-V1-service: garyVCam [save_frame:927]:VCam save_frame: -
09-14 12:42:13.243   531  3174 E android.hardware.camera.provider-V1-service: garyVCam [guessYuvLayout:1117]:VCam guessYuvLayout: fmt=0x22 -> NV12
09-14 12:42:13.245   531  3174 E android.hardware.camera.provider-V1-service: garyVCam [mapPixelFdFromHandle]: no mappable pixel fd (w=1920 h=1080)
09-14 12:42:13.245   531  3174 E android.hardware.camera.provider-V1-service: garyVCam VCamMapper: lock failed w=1920 h=1080
09-14 12:42:13.247   531  3174 E android.hardware.camera.provider-V1-service: garyVCam [mapPixelFdFromHandle]: no mappable pixel fd (w=1920 h=1080)
09-14 12:42:13.248   531  3174 E android.hardware.camera.provider-V1-service: garyVCam VCamMapper: lock failed w=1920 h=1080
09-14 12:42:13.248   531  3174 E android.hardware.camera.provider-V1-service: garyVCam [VCam_CopyLatestTo:1631]:VCam_CopyLatestTo: still failed after fallbacks ret=-4
09-14 12:42:13.261   531  2924 E android.hardware.camera.provider-V1-service: garyVCam [client_thread_func:955]:client 42[0]> header cmdFlag=0 cmd=0 p1=1920 p2=1080 p3=19 p4=3110400 p5=1920 p6=1080
09-14 12:42:13.267   531  2924 E android.hardware.camera.provider-V1-service: garyVCam [save_frame:832]:VCam save_frame: + width=1920 height=1080 fmt=19 len=3110400 yStride=1920 ySlice=1080 desired=1 state=E_VIRTUAL_RUNNING outputs=1
09-14 12:42:13.268   531  2924 E android.hardware.camera.provider-V1-service: garyVCam [save_frame:884]:VCam save_frame: updated lastFrameUs=1757824933268010
09-14 12:42:13.268   531  2924 E android.hardware.camera.provider-V1-service: garyVCam [rga_data_convert_transform:259]:VCam rga_data_convert_transform: enter
09-14 12:42:13.268   531  2924 E android.hardware.camera.provider-V1-service: garyVCam [rga_data_convert:217]:VCam rga_data_convert: 1920x1080 I420 -> 1920x1080 NV12 rot=0 flipH=0 flipV=0
09-14 12:42:13.269   531  2924 E android.hardware.camera.provider-V1-service: garyVCam [build_transform_flags:203]:VCam build_transform_flags: rot=0 flipH=0 flipV=0 -> tf=0x0
09-14 12:42:13.269   531  2924 E android.hardware.camera.provider-V1-service: garyVCam [rga_data_convert:239]:VCam rga_data_convert: improcess path usage=0x0
09-14 12:42:13.272   531  2924 E android.hardware.camera.provider-V1-service: garyVCam [rga_data_convert:251]:VCam rga_data_convert: success
09-14 12:42:13.272   531  2924 E android.hardware.camera.provider-V1-service: garyVCam [rga_data_convert_transform:263]:VCam rga_data_convert_transform: exit ok=1
09-14 12:42:13.272   531  2924 E android.hardware.camera.provider-V1-service: garyVCam [save_frame:920]:VCam save_frame: slot ready 1920x1080 NV12 stamp=1757824933272851
09-14 12:42:13.272   531  2924 E android.hardware.camera.provider-V1-service: garyVCam [save_frame:927]:VCam save_frame: -
09-14 12:42:13.275   531  3174 E android.hardware.camera.provider-V1-service: garyVCam [guessYuvLayout:1117]:VCam guessYuvLayout: fmt=0x22 -> NV12
09-14 12:42:13.276   531  3174 E android.hardware.camera.provider-V1-service: garyVCam [mapPixelFdFromHandle]: no mappable pixel fd (w=1920 h=1080)
09-14 12:42:13.277   531  3174 E android.hardware.camera.provider-V1-service: garyVCam VCamMapper: lock failed w=1920 h=1080
09-14 12:42:13.279   531  3174 E android.hardware.camera.provider-V1-service: garyVCam [mapPixelFdFromHandle]: no mappable pixel fd (w=1920 h=1080)
09-14 12:42:13.279   531  3174 E android.hardware.camera.provider-V1-service: garyVCam VCamMapper: lock failed w=1920 h=1080
09-14 12:42:13.279   531  3174 E android.hardware.camera.provider-V1-service: garyVCam [VCam_CopyLatestTo:1631]:VCam_CopyLatestTo: still failed after fallbacks ret=-4
09-14 12:42:13.296   531  2924 E android.hardware.camera.provider-V1-service: garyVCam [client_thread_func:955]:client 42[0]> header cmdFlag=0 cmd=0 p1=1920 p2=1080 p3=19 p4=3110400 p5=1920 p6=1080
09-14 12:42:13.303   531  2924 E android.hardware.camera.provider-V1-service: garyVCam [save_frame:832]:VCam save_frame: + width=1920 height=1080 fmt=19 len=3110400 yStride=1920 ySlice=1080 desired=1 state=E_VIRTUAL_RUNNING outputs=1
09-14 12:42:13.304   531  2924 E android.hardware.camera.provider-V1-service: garyVCam [save_frame:884]:VCam save_frame: updated lastFrameUs=1757824933304455
09-14 12:42:13.304   531  2924 E android.hardware.camera.provider-V1-service: garyVCam [rga_data_convert_transform:259]:VCam rga_data_convert_transform: enter
09-14 12:42:13.304   531  2924 E android.hardware.camera.provider-V1-service: garyVCam [rga_data_convert:217]:VCam rga_data_convert: 1920x1080 I420 -> 1920x1080 NV12 rot=0 flipH=0 flipV=0
09-14 12:42:13.304   531  3174 E android.hardware.camera.provider-V1-service: garyVCam [guessYuvLayout:1117]:VCam guessYuvLayout: fmt=0x22 -> NV12
09-14 12:42:13.305   531  2924 E android.hardware.camera.provider-V1-service: garyVCam [build_transform_flags:203]:VCam build_transform_flags: rot=0 flipH=0 flipV=0 -> tf=0x0
09-14 12:42:13.305   531  2924 E android.hardware.camera.provider-V1-service: garyVCam [rga_data_convert:239]:VCam rga_data_convert: improcess path usage=0x0
09-14 12:42:13.307   531  2924 E android.hardware.camera.provider-V1-service: garyVCam [rga_data_convert:251]:VCam rga_data_convert: success
09-14 12:42:13.307   531  2924 E android.hardware.camera.provider-V1-service: garyVCam [rga_data_convert_transform:263]:VCam rga_data_convert_transform: exit ok=1
09-14 12:42:13.307   531  2924 E android.hardware.camera.provider-V1-service: garyVCam [save_frame:920]:VCam save_frame: slot ready 1920x1080 NV12 stamp=1757824933307973
09-14 12:42:13.308   531  2924 E android.hardware.camera.provider-V1-service: garyVCam [save_frame:927]:VCam save_frame: -
09-14 12:42:13.310   531  3174 E android.hardware.camera.provider-V1-service: garyVCam [mapPixelFdFromHandle]: no mappable pixel fd (w=1920 h=1080)
09-14 12:42:13.311   531  3174 E android.hardware.camera.provider-V1-service: garyVCam VCamMapper: lock failed w=1920 h=1080
09-14 12:42:13.314   531  3174 E android.hardware.camera.provider-V1-service: garyVCam [mapPixelFdFromHandle]: no mappable pixel fd (w=1920 h=1080)
09-14 12:42:13.314   531  3174 E android.hardware.camera.provider-V1-service: garyVCam VCamMapper: lock failed w=1920 h=1080
09-14 12:42:13.314   531  3174 E android.hardware.camera.provider-V1-service: garyVCam [VCam_CopyLatestTo:1631]:VCam_CopyLatestTo: still failed after fallbacks ret=-4
09-14 12:42:13.328   531  2924 E android.hardware.camera.provider-V1-service: garyVCam [client_thread_func:955]:client 42[0]> header cmdFlag=0 cmd=0 p1=1920 p2=1080 p3=19 p4=3110400 p5=1920 p6=1080
09-14 12:42:13.337   531  2924 E android.hardware.camera.provider-V1-service: garyVCam [save_frame:832]:VCam save_frame: + width=1920 height=1080 fmt=19 len=3110400 yStride=1920 ySlice=1080 desired=1 state=E_VIRTUAL_RUNNING outputs=1
09-14 12:42:13.338   531  3174 E android.hardware.camera.provider-V1-service: garyVCam [guessYuvLayout:1117]:VCam guessYuvLayout: fmt=0x22 -> NV12
09-14 12:42:13.338   531  2924 E android.hardware.camera.provider-V1-service: garyVCam [save_frame:884]:VCam save_frame: updated lastFrameUs=1757824933338540
09-14 12:42:13.339   531  3174 E android.hardware.camera.provider-V1-service: garyVCam [mapPixelFdFromHandle]: no mappable pixel fd (w=1920 h=1080)
09-14 12:42:13.339   531  3174 E android.hardware.camera.provider-V1-service: garyVCam VCamMapper: lock failed w=1920 h=1080
09-14 12:42:13.342   531  3174 E android.hardware.camera.provider-V1-service: garyVCam [mapPixelFdFromHandle]: no mappable pixel fd (w=1920 h=1080)
09-14 12:42:13.343   531  3174 E android.hardware.camera.provider-V1-service: garyVCam VCamMapper: lock failed w=1920 h=1080
09-14 12:42:13.343   531  3174 E android.hardware.camera.provider-V1-service: garyVCam [VCam_CopyLatestTo:1631]:VCam_CopyLatestTo: still failed after fallbacks ret=-4
09-14 12:42:13.343   531  2924 E android.hardware.camera.provider-V1-service: garyVCam [rga_data_convert_transform:259]:VCam rga_data_convert_transform: enter
09-14 12:42:13.343   531  2924 E android.hardware.camera.provider-V1-service: garyVCam [rga_data_convert:217]:VCam rga_data_convert: 1920x1080 I420 -> 1920x1080 NV12 rot=0 flipH=0 flipV=0
09-14 12:42:13.344   531  2924 E android.hardware.camera.provider-V1-service: garyVCam [build_transform_flags:203]:VCam build_transform_flags: rot=0 flipH=0 flipV=0 -> tf=0x0
09-14 12:42:13.344   531  2924 E android.hardware.camera.provider-V1-service: garyVCam [rga_data_convert:239]:VCam rga_data_convert: improcess path usage=0x0
09-14 12:42:13.348   531  2924 E android.hardware.camera.provider-V1-service: garyVCam [rga_data_convert:251]:VCam rga_data_convert: success
09-14 12:42:13.348   531  2924 E android.hardware.camera.provider-V1-service: garyVCam [rga_data_convert_transform:263]:VCam rga_data_convert_transform: exit ok=1
09-14 12:42:13.348   531  2924 E android.hardware.camera.provider-V1-service: garyVCam [save_frame:920]:VCam save_frame: slot ready 1920x1080 NV12 stamp=1757824933348522
09-14 12:42:13.348   531  2924 E android.hardware.camera.provider-V1-service: garyVCam [save_frame:927]:VCam save_frame: -
09-14 12:42:13.358   531  2924 E android.hardware.camera.provider-V1-service: garyVCam [client_thread_func:955]:client 42[0]> header cmdFlag=1 cmd=7 p1=16 p2=0 p3=0 p4=12 p5=0 p6=0
09-14 12:42:13.358   531  2924 E android.hardware.camera.provider-V1-service: garyVCam [setEffects:158]:mask:16 bright:0 color:0 block:12 jitter:0
09-14 12:42:13.362   531  2924 E android.hardware.camera.provider-V1-service: garyVCam [client_thread_func:955]:client 42[0]> header cmdFlag=0 cmd=0 p1=1920 p2=1080 p3=19 p4=3110400 p5=1920 p6=1080
09-14 12:42:13.375   531  2924 E android.hardware.camera.provider-V1-service: garyVCam [save_frame:832]:VCam save_frame: + width=1920 height=1080 fmt=19 len=3110400 yStride=1920 ySlice=1080 desired=1 state=E_VIRTUAL_RUNNING outputs=1
09-14 12:42:13.376   531  2924 E android.hardware.camera.provider-V1-service: garyVCam [save_frame:884]:VCam save_frame: updated lastFrameUs=1757824933376603
09-14 12:42:13.376   531  2924 E android.hardware.camera.provider-V1-service: garyVCam [rga_data_convert_transform:259]:VCam rga_data_convert_transform: enter
09-14 12:42:13.376   531  2924 E android.hardware.camera.provider-V1-service: garyVCam [rga_data_convert:217]:VCam rga_data_convert: 1920x1080 I420 -> 1920x1080 NV12 rot=0 flipH=0 flipV=0
09-14 12:42:13.377   531  2924 E android.hardware.camera.provider-V1-service: garyVCam [build_transform_flags:203]:VCam build_transform_flags: rot=0 flipH=0 flipV=0 -> tf=0x0
09-14 12:42:13.377   531  2924 E android.hardware.camera.provider-V1-service: garyVCam [rga_data_convert:239]:VCam rga_data_convert: improcess path usage=0x0
09-14 12:42:13.380   531  2924 E android.hardware.camera.provider-V1-service: garyVCam [rga_data_convert:251]:VCam rga_data_convert: success
09-14 12:42:13.380   531  2924 E android.hardware.camera.provider-V1-service: garyVCam [rga_data_convert_transform:263]:VCam rga_data_convert_transform: exit ok=1
09-14 12:42:13.380   531  2924 E android.hardware.camera.provider-V1-service: garyVCam [applyEffectsAll:790]:VCam applyEffectsAll: mask=0x10 fmt=NV12 w=1920 h=1080
09-14 12:42:13.381   531  2924 E android.hardware.camera.provider-V1-service: garyVCam [save_frame:920]:VCam save_frame: slot ready 1920x1080 NV12 stamp=1757824933381009
09-14 12:42:13.381   531  2924 E android.hardware.camera.provider-V1-service: garyVCam [save_frame:927]:VCam save_frame: -
09-14 12:42:13.394   531  3174 E android.hardware.camera.provider-V1-service: garyVCam [guessYuvLayout:1117]:VCam guessYuvLayout: fmt=0x22 -> NV12
09-14 12:42:13.395   531  3174 E android.hardware.camera.provider-V1-service: garyVCam [mapPixelFdFromHandle]: picked fd[42]=110 mappedLen=3317760 (st_size=4149248)
09-14 12:42:13.396   531  3174 E android.hardware.camera.provider-V1-service: garyVCam [dmaSync:1089]:VCam dmaSync: fd=101 start=1
09-14 12:42:13.397   531  3174 E android.hardware.camera.provider-V1-service: garyVCam [estimateStrideFromSize]: bestSize=3317760 w=1920 h=1080 -> stride=2048 need=3317760
09-14 12:42:13.398   531  2924 E android.hardware.camera.provider-V1-service: garyVCam [client_thread_func:955]:client 42[0]> header cmdFlag=0 cmd=0 p1=1920 p2=1080 p3=19 p4=3110400 p5=1920 p6=1080
09-14 12:42:13.406   531  3174 E android.hardware.camera.provider-V1-service: garyVCam [dmaSync:1089]:VCam dmaSync: fd=101 start=0
09-14 12:42:13.407   531  3174 E android.hardware.camera.provider-V1-service: garyVCam [VCam_CopyLatestTo:1629]:VCam_CopyLatestTo: OK slot 1920x1080 NV12 lastPingUs=1757824933407847
09-14 12:42:13.408   531  2924 E android.hardware.camera.provider-V1-service: garyVCam [save_frame:832]:VCam save_frame: + width=1920 height=1080 fmt=19 len=3110400 yStride=1920 ySlice=1080 desired=1 state=E_VIRTUAL_RUNNING outputs=1
09-14 12:42:13.410   531  2924 E android.hardware.camera.provider-V1-service: garyVCam [save_frame:884]:VCam save_frame: updated lastFrameUs=1757824933410631
09-14 12:42:13.410   531  2924 E android.hardware.camera.provider-V1-service: garyVCam [rga_data_convert_transform:259]:VCam rga_data_convert_transform: enter
09-14 12:42:13.410   531  2924 E android.hardware.camera.provider-V1-service: garyVCam [rga_data_convert:217]:VCam rga_data_convert: 1920x1080 I420 -> 1920x1080 NV12 rot=0 flipH=0 flipV=0
09-14 12:42:13.411   531  2924 E android.hardware.camera.provider-V1-service: garyVCam [build_transform_flags:203]:VCam build_transform_flags: rot=0 flipH=0 flipV=0 -> tf=0x0
09-14 12:42:13.411   531  2924 E android.hardware.camera.provider-V1-service: garyVCam [rga_data_convert:239]:VCam rga_data_convert: improcess path usage=0x0
09-14 12:42:13.414   531  2924 E android.hardware.camera.provider-V1-service: garyVCam [rga_data_convert:251]:VCam rga_data_convert: success
09-14 12:42:13.414   531  2924 E android.hardware.camera.provider-V1-service: garyVCam [rga_data_convert_transform:263]:VCam rga_data_convert_transform: exit ok=1
09-14 12:42:13.414   531  3174 E android.hardware.camera.provider-V1-service: garyVCam [guessYuvLayout:1117]:VCam guessYuvLayout: fmt=0x22 -> NV12
09-14 12:42:13.414   531  2924 E android.hardware.camera.provider-V1-service: garyVCam [applyEffectsAll:790]:VCam applyEffectsAll: mask=0x10 fmt=NV12 w=1920 h=1080
09-14 12:42:13.414   531  2924 E android.hardware.camera.provider-V1-service: garyVCam [save_frame:920]:VCam save_frame: slot ready 1920x1080 NV12 stamp=1757824933414456
09-14 12:42:13.414   531  2924 E android.hardware.camera.provider-V1-service: garyVCam [save_frame:927]:VCam save_frame: -
09-14 12:42:13.414   531  3174 E android.hardware.camera.provider-V1-service: garyVCam VCamMapper: lock failed w=1920 h=1080
09-14 12:42:13.415   531  3174 E android.hardware.camera.provider-V1-service: garyVCam VCamMapper: lock failed w=1920 h=1080
09-14 12:42:13.415   531  3174 E android.hardware.camera.provider-V1-service: garyVCam [VCam_CopyLatestTo:1631]:VCam_CopyLatestTo: still failed after fallbacks ret=-4
09-14 12:42:13.428   531  2924 E android.hardware.camera.provider-V1-service: garyVCam [client_thread_func:955]:client 42[0]> header cmdFlag=0 cmd=0 p1=1920 p2=1080 p3=19 p4=3110400 p5=1920 p6=1080
09-14 12:42:13.436   531  2924 E android.hardware.camera.provider-V1-service: garyVCam [save_frame:832]:VCam save_frame: + width=1920 height=1080 fmt=19 len=3110400 yStride=1920 ySlice=1080 desired=1 state=E_VIRTUAL_RUNNING outputs=1
09-14 12:42:13.438   531  2924 E android.hardware.camera.provider-V1-service: garyVCam [save_frame:884]:VCam save_frame: updated lastFrameUs=1757824933438243
09-14 12:42:13.438   531  2924 E android.hardware.camera.provider-V1-service: garyVCam [rga_data_convert_transform:259]:VCam rga_data_convert_transform: enter
09-14 12:42:13.438   531  2924 E android.hardware.camera.provider-V1-service: garyVCam [rga_data_convert:217]:VCam rga_data_convert: 1920x1080 I420 -> 1920x1080 NV12 rot=0 flipH=0 flipV=0
09-14 12:42:13.443   531  2924 E android.hardware.camera.provider-V1-service: garyVCam [build_transform_flags:203]:VCam build_transform_flags: rot=0 flipH=0 flipV=0 -> tf=0x0
09-14 12:42:13.444   531  2924 E android.hardware.camera.provider-V1-service: garyVCam [rga_data_convert:239]:VCam rga_data_convert: improcess path usage=0x0
09-14 12:42:13.449   531  2924 E android.hardware.camera.provider-V1-service: garyVCam [rga_data_convert:251]:VCam rga_data_convert: success
09-14 12:42:13.449   531  2924 E android.hardware.camera.provider-V1-service: garyVCam [rga_data_convert_transform:263]:VCam rga_data_convert_transform: exit ok=1
09-14 12:42:13.449   531  2924 E android.hardware.camera.provider-V1-service: garyVCam [applyEffectsAll:790]:VCam applyEffectsAll: mask=0x10 fmt=NV12 w=1920 h=1080
09-14 12:42:13.450   531  2924 E android.hardware.camera.provider-V1-service: garyVCam [save_frame:920]:VCam save_frame: slot ready 1920x1080 NV12 stamp=1757824933450008
09-14 12:42:13.450   531  2924 E android.hardware.camera.provider-V1-service: garyVCam [save_frame:927]:VCam save_frame: -
09-14 12:42:13.462   531  2924 E android.hardware.camera.provider-V1-service: garyVCam [client_thread_func:955]:client 42[0]> header cmdFlag=0 cmd=0 p1=1920 p2=1080 p3=19 p4=3110400 p5=1920 p6=1080
09-14 12:42:13.470   531  2924 E android.hardware.camera.provider-V1-service: garyVCam [save_frame:832]:VCam save_frame: + width=1920 height=1080 fmt=19 len=3110400 yStride=1920 ySlice=1080 desired=1 state=E_VIRTUAL_RUNNING outputs=1
09-14 12:42:13.470   531  3174 E android.hardware.camera.provider-V1-service: garyVCam [guessYuvLayout:1117]:VCam guessYuvLayout: fmt=0x22 -> NV12
09-14 12:42:13.470   531  3174 E android.hardware.camera.provider-V1-service: garyVCam [mapPixelFdFromHandle]: no mappable pixel fd (w=1920 h=1080)
09-14 12:42:13.470   531  3174 E android.hardware.camera.provider-V1-service: garyVCam VCamMapper: lock failed w=1920 h=1080
09-14 12:42:13.470   531  3174 E android.hardware.camera.provider-V1-service: garyVCam [mapPixelFdFromHandle]: no mappable pixel fd (w=1920 h=1080)
09-14 12:42:13.471   531  3174 E android.hardware.camera.provider-V1-service: garyVCam VCamMapper: lock failed w=1920 h=1080
09-14 12:42:13.471   531  3174 E android.hardware.camera.provider-V1-service: garyVCam [VCam_CopyLatestTo:1631]:VCam_CopyLatestTo: still failed after fallbacks ret=-4
09-14 12:42:13.471   531  2924 E android.hardware.camera.provider-V1-service: garyVCam [save_frame:884]:VCam save_frame: updated lastFrameUs=1757824933471286
09-14 12:42:13.471   531  2924 E android.hardware.camera.provider-V1-service: garyVCam [rga_data_convert_transform:259]:VCam rga_data_convert_transform: enter
09-14 12:42:13.471   531  2924 E android.hardware.camera.provider-V1-service: garyVCam [rga_data_convert:217]:VCam rga_data_convert: 1920x1080 I420 -> 1920x1080 NV12 rot=0 flipH=0 flipV=0
09-14 12:42:13.472   531  2924 E android.hardware.camera.provider-V1-service: garyVCam [build_transform_flags:203]:VCam build_transform_flags: rot=0 flipH=0 flipV=0 -> tf=0x0
09-14 12:42:13.472   531  2924 E android.hardware.camera.provider-V1-service: garyVCam [rga_data_convert:239]:VCam rga_data_convert: improcess path usage=0x0
09-14 12:42:13.474   531  2924 E android.hardware.camera.provider-V1-service: garyVCam [rga_data_convert:251]:VCam rga_data_convert: success
09-14 12:42:13.474   531  2924 E android.hardware.camera.provider-V1-service: garyVCam [rga_data_convert_transform:263]:VCam rga_data_convert_transform: exit ok=1
09-14 12:42:13.474   531  2924 E android.hardware.camera.provider-V1-service: garyVCam [applyEffectsAll:790]:VCam applyEffectsAll: mask=0x10 fmt=NV12 w=1920 h=1080
09-14 12:42:13.474   531  2924 E android.hardware.camera.provider-V1-service: garyVCam [save_frame:920]:VCam save_frame: slot ready 1920x1080 NV12 stamp=1757824933474865
09-14 12:42:13.474   531  2924 E android.hardware.camera.provider-V1-service: garyVCam [save_frame:927]:VCam save_frame: -
09-14 12:42:13.493   531  2924 E android.hardware.camera.provider-V1-service: garyVCam [client_thread_func:955]:client 42[0]> header cmdFlag=0 cmd=0 p1=1920 p2=1080 p3=19 p4=3110400 p5=1920 p6=1080
09-14 12:42:13.498   531  3174 E android.hardware.camera.provider-V1-service: garyVCam [guessYuvLayout:1117]:VCam guessYuvLayout: fmt=0x22 -> NV12
09-14 12:42:13.502   531  3174 E android.hardware.camera.provider-V1-service: garyVCam [mapPixelFdFromHandle]: no mappable pixel fd (w=1920 h=1080)
09-14 12:42:13.502   531  3174 E android.hardware.camera.provider-V1-service: garyVCam VCamMapper: lock failed w=1920 h=1080
09-14 12:42:13.505   531  2924 E android.hardware.camera.provider-V1-service: garyVCam [save_frame:832]:VCam save_frame: + width=1920 height=1080 fmt=19 len=3110400 yStride=1920 ySlice=1080 desired=1 state=E_VIRTUAL_RUNNING outputs=1
09-14 12:42:13.505   531  3174 E android.hardware.camera.provider-V1-service: garyVCam [mapPixelFdFromHandle]: no mappable pixel fd (w=1920 h=1080)
09-14 12:42:13.505   531  3174 E android.hardware.camera.provider-V1-service: garyVCam VCamMapper: lock failed w=1920 h=1080
09-14 12:42:13.505   531  3174 E android.hardware.camera.provider-V1-service: garyVCam [VCam_CopyLatestTo:1631]:VCam_CopyLatestTo: still failed after fallbacks ret=-4
09-14 12:42:13.506   531  2924 E android.hardware.camera.provider-V1-service: garyVCam [save_frame:884]:VCam save_frame: updated lastFrameUs=1757824933506120
09-14 12:42:13.506   531  2924 E android.hardware.camera.provider-V1-service: garyVCam [rga_data_convert_transform:259]:VCam rga_data_convert_transform: enter
09-14 12:42:13.506   531  2924 E android.hardware.camera.provider-V1-service: garyVCam [rga_data_convert:217]:VCam rga_data_convert: 1920x1080 I420 -> 1920x1080 NV12 rot=0 flipH=0 flipV=0
09-14 12:42:13.507   531  2924 E android.hardware.camera.provider-V1-service: garyVCam [build_transform_flags:203]:VCam build_transform_flags: rot=0 flipH=0 flipV=0 -> tf=0x0
09-14 12:42:13.507   531  2924 E android.hardware.camera.provider-V1-service: garyVCam [rga_data_convert:239]:VCam rga_data_convert: improcess path usage=0x0
09-14 12:42:13.507   531  3174 E android.hardware.camera.provider-V1-service: garyVCam [guessYuvLayout:1117]:VCam guessYuvLayout: fmt=0x22 -> NV12
09-14 12:42:13.510   531  2924 E android.hardware.camera.provider-V1-service: garyVCam [rga_data_convert:251]:VCam rga_data_convert: success
09-14 12:42:13.510   531  2924 E android.hardware.camera.provider-V1-service: garyVCam [rga_data_convert_transform:263]:VCam rga_data_convert_transform: exit ok=1
09-14 12:42:13.510   531  2924 E android.hardware.camera.provider-V1-service: garyVCam [applyEffectsAll:790]:VCam applyEffectsAll: mask=0x10 fmt=NV12 w=1920 h=1080
09-14 12:42:13.510   531  2924 E android.hardware.camera.provider-V1-service: garyVCam [save_frame:920]:VCam save_frame: slot ready 1920x1080 NV12 stamp=1757824933510461
09-14 12:42:13.510   531  2924 E android.hardware.camera.provider-V1-service: garyVCam [save_frame:927]:VCam save_frame: -
09-14 12:42:13.511   531  3174 E android.hardware.camera.provider-V1-service: garyVCam [mapPixelFdFromHandle]: no mappable pixel fd (w=1920 h=1080)
09-14 12:42:13.511   531  3174 E android.hardware.camera.provider-V1-service: garyVCam VCamMapper: lock failed w=1920 h=1080
09-14 12:42:13.511   531  3174 E android.hardware.camera.provider-V1-service: garyVCam [mapPixelFdFromHandle]: no mappable pixel fd (w=1920 h=1080)
09-14 12:42:13.512   531  3174 E android.hardware.camera.provider-V1-service: garyVCam VCamMapper: lock failed w=1920 h=1080
09-14 12:42:13.512   531  3174 E android.hardware.camera.provider-V1-service: garyVCam [VCam_CopyLatestTo:1631]:VCam_CopyLatestTo: still failed after fallbacks ret=-4
09-14 12:42:13.527   531  2924 E android.hardware.camera.provider-V1-service: garyVCam [client_thread_func:955]:client 42[0]> header cmdFlag=0 cmd=0 p1=1920 p2=1080 p3=19 p4=3110400 p5=1920 p6=1080
09-14 12:42:13.533   531  2924 E android.hardware.camera.provider-V1-service: garyVCam [save_frame:832]:VCam save_frame: + width=1920 height=1080 fmt=19 len=3110400 yStride=1920 ySlice=1080 desired=1 state=E_VIRTUAL_RUNNING outputs=1
09-14 12:42:13.537   531  2924 E android.hardware.camera.provider-V1-service: garyVCam [save_frame:884]:VCam save_frame: updated lastFrameUs=1757824933537064
09-14 12:42:13.537   531  2924 E android.hardware.camera.provider-V1-service: garyVCam [rga_data_convert_transform:259]:VCam rga_data_convert_transform: enter
