09-14 12:42:12.334   531  2924 E android.hardware.camera.provider-V1-service: garyVCam [rga_data_convert:217]:VCam rga_data_convert: 1920x1080 I420 -> 1920x1080 NV12 rot=0 flipH=0 flipV=0
09-14 12:42:12.335   531  2924 E android.hardware.camera.provider-V1-service: garyVCam [build_transform_flags:203]:VCam build_transform_flags: rot=0 flipH=0 flipV=0 -> tf=0x0
09-14 12:42:12.335   531  2924 E android.hardware.camera.provider-V1-service: garyVCam [rga_data_convert:239]:VCam rga_data_convert: improcess path usage=0x0
09-14 12:42:12.338   531  2924 E android.hardware.camera.provider-V1-service: garyVCam [rga_data_convert:251]:VCam rga_data_convert: success
09-14 12:42:12.338   531  2924 E android.hardware.camera.provider-V1-service: garyVCam [rga_data_convert_transform:263]:VCam rga_data_convert_transform: exit ok=1
09-14 12:42:12.338   531  2924 E android.hardware.camera.provider-V1-service: garyVCam [save_frame:920]:VCam save_frame: slot ready 1920x1080 NV12 stamp=1757824932338174
09-14 12:42:12.338   531  2924 E android.hardware.camera.provider-V1-service: garyVCam [save_frame:927]:VCam save_frame: -
09-14 12:42:12.339   531  3174 E android.hardware.camera.provider-V1-service: garyVCam [guessYuvLayout:1117]:VCam guessYuvLayout: fmt=0x22 -> NV12
09-14 12:42:12.341   531  3174 E android.hardware.camera.provider-V1-service: garyVCam [mapPixelFdFromHandle]: no mappable pixel fd (w=1920 h=1080)
09-14 12:42:12.341   531  3174 E android.hardware.camera.provider-V1-service: garyVCam VCamMapper: lock failed w=1920 h=1080
09-14 12:42:12.344   531  3174 E android.hardware.camera.provider-V1-service: garyVCam [mapPixelFdFromHandle]: no mappable pixel fd (w=1920 h=1080)
09-14 12:42:12.344   531  3174 E android.hardware.camera.provider-V1-service: garyVCam VCamMapper: lock failed w=1920 h=1080
09-14 12:42:12.344   531  3174 E android.hardware.camera.provider-V1-service: garyVCam [VCam_CopyLatestTo:1631]:VCam_CopyLatestTo: still failed after fallbacks ret=-4
09-14 12:42:12.361   531  2924 E android.hardware.camera.provider-V1-service: garyVCam [client_thread_func:955]:client 42[0]> header cmdFlag=0 cmd=0 p1=1920 p2=1080 p3=19 p4=3110400 p5=1920 p6=1080
09-14 12:42:12.368   531  2924 E android.hardware.camera.provider-V1-service: garyVCam [save_frame:832]:VCam save_frame: + width=1920 height=1080 fmt=19 len=3110400 yStride=1920 ySlice=1080 desired=1 state=E_VIRTUAL_RUNNING outputs=1
09-14 12:42:12.369   531  2924 E android.hardware.camera.provider-V1-service: garyVCam [save_frame:884]:VCam save_frame: updated lastFrameUs=1757824932369430
09-14 12:42:12.369   531  2924 E android.hardware.camera.provider-V1-service: garyVCam [rga_data_convert_transform:259]:VCam rga_data_convert_transform: enter
09-14 12:42:12.369   531  2924 E android.hardware.camera.provider-V1-service: garyVCam [rga_data_convert:217]:VCam rga_data_convert: 1920x1080 I420 -> 1920x1080 NV12 rot=0 flipH=0 flipV=0
09-14 12:42:12.370   531  3174 E android.hardware.camera.provider-V1-service: garyVCam [guessYuvLayout:1117]:VCam guessYuvLayout: fmt=0x22 -> NV12
09-14 12:42:12.370   531  2924 E android.hardware.camera.provider-V1-service: garyVCam [build_transform_flags:203]:VCam build_transform_flags: rot=0 flipH=0 flipV=0 -> tf=0x0
09-14 12:42:12.370   531  2924 E android.hardware.camera.provider-V1-service: garyVCam [rga_data_convert:239]:VCam rga_data_convert: improcess path usage=0x0
09-14 12:42:12.373   531  2924 E android.hardware.camera.provider-V1-service: garyVCam [rga_data_convert:251]:VCam rga_data_convert: success
09-14 12:42:12.373   531  2924 E android.hardware.camera.provider-V1-service: garyVCam [rga_data_convert_transform:263]:VCam rga_data_convert_transform: exit ok=1
09-14 12:42:12.373   531  2924 E android.hardware.camera.provider-V1-service: garyVCam [save_frame:920]:VCam save_frame: slot ready 1920x1080 NV12 stamp=1757824932373726
09-14 12:42:12.373   531  2924 E android.hardware.camera.provider-V1-service: garyVCam [save_frame:927]:VCam save_frame: -
09-14 12:42:12.376   531  3174 E android.hardware.camera.provider-V1-service: garyVCam [mapPixelFdFromHandle]: no mappable pixel fd (w=1920 h=1080)
09-14 12:42:12.377   531  3174 E android.hardware.camera.provider-V1-service: garyVCam VCamMapper: lock failed w=1920 h=1080
09-14 12:42:12.380   531  3174 E android.hardware.camera.provider-V1-service: garyVCam [mapPixelFdFromHandle]: no mappable pixel fd (w=1920 h=1080)
09-14 12:42:12.380   531  3174 E android.hardware.camera.provider-V1-service: garyVCam VCamMapper: lock failed w=1920 h=1080
09-14 12:42:12.380   531  3174 E android.hardware.camera.provider-V1-service: garyVCam [VCam_CopyLatestTo:1631]:VCam_CopyLatestTo: still failed after fallbacks ret=-4
09-14 12:42:12.393   531  2924 E android.hardware.camera.provider-V1-service: garyVCam [client_thread_func:955]:client 42[0]> header cmdFlag=0 cmd=0 p1=1920 p2=1080 p3=19 p4=3110400 p5=1920 p6=1080
09-14 12:42:12.400   531  2924 E android.hardware.camera.provider-V1-service: garyVCam [save_frame:832]:VCam save_frame: + width=1920 height=1080 fmt=19 len=3110400 yStride=1920 ySlice=1080 desired=1 state=E_VIRTUAL_RUNNING outputs=1
09-14 12:42:12.402   531  2924 E android.hardware.camera.provider-V1-service: garyVCam [save_frame:884]:VCam save_frame: updated lastFrameUs=1757824932402126
09-14 12:42:12.402   531  2924 E android.hardware.camera.provider-V1-service: garyVCam [rga_data_convert_transform:259]:VCam rga_data_convert_transform: enter
09-14 12:42:12.402   531  2924 E android.hardware.camera.provider-V1-service: garyVCam [rga_data_convert:217]:VCam rga_data_convert: 1920x1080 I420 -> 1920x1080 NV12 rot=0 flipH=0 flipV=0
09-14 12:42:12.402   531  2924 E android.hardware.camera.provider-V1-service: garyVCam [build_transform_flags:203]:VCam build_transform_flags: rot=0 flipH=0 flipV=0 -> tf=0x0
09-14 12:42:12.402   531  2924 E android.hardware.camera.provider-V1-service: garyVCam [rga_data_convert:239]:VCam rga_data_convert: improcess path usage=0x0
09-14 12:42:12.406   531  2924 E android.hardware.camera.provider-V1-service: garyVCam [rga_data_convert:251]:VCam rga_data_convert: success
09-14 12:42:12.406   531  2924 E android.hardware.camera.provider-V1-service: garyVCam [rga_data_convert_transform:263]:VCam rga_data_convert_transform: exit ok=1
09-14 12:42:12.406   531  2924 E android.hardware.camera.provider-V1-service: garyVCam [save_frame:920]:VCam save_frame: slot ready 1920x1080 NV12 stamp=1757824932406151
09-14 12:42:12.406   531  2924 E android.hardware.camera.provider-V1-service: garyVCam [save_frame:927]:VCam save_frame: -
09-14 12:42:12.406   531  3174 E android.hardware.camera.provider-V1-service: garyVCam [guessYuvLayout:1117]:VCam guessYuvLayout: fmt=0x22 -> NV12
09-14 12:42:12.408   531  3174 E android.hardware.camera.provider-V1-service: garyVCam [mapPixelFdFromHandle]: no mappable pixel fd (w=1920 h=1080)
09-14 12:42:12.409   531  3174 E android.hardware.camera.provider-V1-service: garyVCam VCamMapper: lock failed w=1920 h=1080
09-14 12:42:12.410   531  3174 E android.hardware.camera.provider-V1-service: garyVCam [mapPixelFdFromHandle]: no mappable pixel fd (w=1920 h=1080)
09-14 12:42:12.411   531  3174 E android.hardware.camera.provider-V1-service: garyVCam VCamMapper: lock failed w=1920 h=1080
09-14 12:42:12.411   531  3174 E android.hardware.camera.provider-V1-service: garyVCam [VCam_CopyLatestTo:1631]:VCam_CopyLatestTo: still failed after fallbacks ret=-4
09-14 12:42:12.426   531  2924 E android.hardware.camera.provider-V1-service: garyVCam [client_thread_func:955]:client 42[0]> header cmdFlag=0 cmd=0 p1=1920 p2=1080 p3=19 p4=3110400 p5=1920 p6=1080
09-14 12:42:12.432   531  2924 E android.hardware.camera.provider-V1-service: garyVCam [save_frame:832]:VCam save_frame: + width=1920 height=1080 fmt=19 len=3110400 yStride=1920 ySlice=1080 desired=1 state=E_VIRTUAL_RUNNING outputs=1
09-14 12:42:12.433   531  2924 E android.hardware.camera.provider-V1-service: garyVCam [save_frame:884]:VCam save_frame: updated lastFrameUs=1757824932433812
09-14 12:42:12.433   531  2924 E android.hardware.camera.provider-V1-service: garyVCam [rga_data_convert_transform:259]:VCam rga_data_convert_transform: enter
09-14 12:42:12.433   531  2924 E android.hardware.camera.provider-V1-service: garyVCam [rga_data_convert:217]:VCam rga_data_convert: 1920x1080 I420 -> 1920x1080 NV12 rot=0 flipH=0 flipV=0
09-14 12:42:12.435   531  2924 E android.hardware.camera.provider-V1-service: garyVCam [build_transform_flags:203]:VCam build_transform_flags: rot=0 flipH=0 flipV=0 -> tf=0x0
09-14 12:42:12.435   531  2924 E android.hardware.camera.provider-V1-service: garyVCam [rga_data_convert:239]:VCam rga_data_convert: improcess path usage=0x0
09-14 12:42:12.438   531  2924 E android.hardware.camera.provider-V1-service: garyVCam [rga_data_convert:251]:VCam rga_data_convert: success
09-14 12:42:12.439   531  2924 E android.hardware.camera.provider-V1-service: garyVCam [rga_data_convert_transform:263]:VCam rga_data_convert_transform: exit ok=1
09-14 12:42:12.439   531  2924 E android.hardware.camera.provider-V1-service: garyVCam [save_frame:920]:VCam save_frame: slot ready 1920x1080 NV12 stamp=1757824932439022
09-14 12:42:12.439   531  2924 E android.hardware.camera.provider-V1-service: garyVCam [save_frame:927]:VCam save_frame: -
09-14 12:42:12.439   531  3174 E android.hardware.camera.provider-V1-service: garyVCam [guessYuvLayout:1117]:VCam guessYuvLayout: fmt=0x22 -> NV12
09-14 12:42:12.440   531  3174 E android.hardware.camera.provider-V1-service: garyVCam [mapPixelFdFromHandle]: picked fd[42]=110 mappedLen=3317760 (st_size=4149248)
09-14 12:42:12.440   531  3174 E android.hardware.camera.provider-V1-service: garyVCam [dmaSync:1089]:VCam dmaSync: fd=101 start=1
09-14 12:42:12.442   531  3174 E android.hardware.camera.provider-V1-service: garyVCam [estimateStrideFromSize]: bestSize=3317760 w=1920 h=1080 -> stride=2048 need=3317760
09-14 12:42:12.447   531  3174 E android.hardware.camera.provider-V1-service: garyVCam [dmaSync:1089]:VCam dmaSync: fd=101 start=0
09-14 12:42:12.449   531  3174 E android.hardware.camera.provider-V1-service: garyVCam [VCam_CopyLatestTo:1629]:VCam_CopyLatestTo: OK slot 1920x1080 NV12 lastPingUs=1757824932449499
09-14 12:42:12.460   531  2924 E android.hardware.camera.provider-V1-service: garyVCam [client_thread_func:955]:client 42[0]> header cmdFlag=0 cmd=0 p1=1920 p2=1080 p3=19 p4=3110400 p5=1920 p6=1080
09-14 12:42:12.466   531  2924 E android.hardware.camera.provider-V1-service: garyVCam [save_frame:832]:VCam save_frame: + width=1920 height=1080 fmt=19 len=3110400 yStride=1920 ySlice=1080 desired=1 state=E_VIRTUAL_RUNNING outputs=1
09-14 12:42:12.468   531  2924 E android.hardware.camera.provider-V1-service: garyVCam [save_frame:884]:VCam save_frame: updated lastFrameUs=1757824932468083
09-14 12:42:12.468   531  2924 E android.hardware.camera.provider-V1-service: garyVCam [rga_data_convert_transform:259]:VCam rga_data_convert_transform: enter
09-14 12:42:12.468   531  2924 E android.hardware.camera.provider-V1-service: garyVCam [rga_data_convert:217]:VCam rga_data_convert: 1920x1080 I420 -> 1920x1080 NV12 rot=0 flipH=0 flipV=0
09-14 12:42:12.469   531  2924 E android.hardware.camera.provider-V1-service: garyVCam [build_transform_flags:203]:VCam build_transform_flags: rot=0 flipH=0 flipV=0 -> tf=0x0
09-14 12:42:12.469   531  2924 E android.hardware.camera.provider-V1-service: garyVCam [rga_data_convert:239]:VCam rga_data_convert: improcess path usage=0x0
09-14 12:42:12.472   531  3174 E android.hardware.camera.provider-V1-service: garyVCam [guessYuvLayout:1117]:VCam guessYuvLayout: fmt=0x22 -> NV12
09-14 12:42:12.473   531  2924 E android.hardware.camera.provider-V1-service: garyVCam [rga_data_convert:251]:VCam rga_data_convert: success
09-14 12:42:12.473   531  2924 E android.hardware.camera.provider-V1-service: garyVCam [rga_data_convert_transform:263]:VCam rga_data_convert_transform: exit ok=1
09-14 12:42:12.473   531  2924 E android.hardware.camera.provider-V1-service: garyVCam [save_frame:920]:VCam save_frame: slot ready 1920x1080 NV12 stamp=1757824932473474
09-14 12:42:12.473   531  2924 E android.hardware.camera.provider-V1-service: garyVCam [save_frame:927]:VCam save_frame: -
09-14 12:42:12.475   531  3174 E android.hardware.camera.provider-V1-service: garyVCam [mapPixelFdFromHandle]: picked fd[42]=110 mappedLen=3317760 (st_size=4149248)
09-14 12:42:12.475   531  3174 E android.hardware.camera.provider-V1-service: garyVCam [dmaSync:1089]:VCam dmaSync: fd=87 start=1
09-14 12:42:12.476   531  3174 E android.hardware.camera.provider-V1-service: garyVCam [estimateStrideFromSize]: bestSize=3317760 w=1920 h=1080 -> stride=2048 need=3317760
09-14 12:42:12.481   531  3174 E android.hardware.camera.provider-V1-service: garyVCam [dmaSync:1089]:VCam dmaSync: fd=87 start=0
09-14 12:42:12.482   531  3174 E android.hardware.camera.provider-V1-service: garyVCam [VCam_CopyLatestTo:1629]:VCam_CopyLatestTo: OK slot 1920x1080 NV12 lastPingUs=1757824932482788
09-14 12:42:12.494   531  2924 E android.hardware.camera.provider-V1-service: garyVCam [client_thread_func:955]:client 42[0]> header cmdFlag=0 cmd=0 p1=1920 p2=1080 p3=19 p4=3110400 p5=1920 p6=1080
09-14 12:42:12.500   531  2924 E android.hardware.camera.provider-V1-service: garyVCam [save_frame:832]:VCam save_frame: + width=1920 height=1080 fmt=19 len=3110400 yStride=1920 ySlice=1080 desired=1 state=E_VIRTUAL_RUNNING outputs=1
09-14 12:42:12.501   531  2924 E android.hardware.camera.provider-V1-service: garyVCam [save_frame:884]:VCam save_frame: updated lastFrameUs=1757824932501338
09-14 12:42:12.501   531  2924 E android.hardware.camera.provider-V1-service: garyVCam [rga_data_convert_transform:259]:VCam rga_data_convert_transform: enter
09-14 12:42:12.501   531  2924 E android.hardware.camera.provider-V1-service: garyVCam [rga_data_convert:217]:VCam rga_data_convert: 1920x1080 I420 -> 1920x1080 NV12 rot=0 flipH=0 flipV=0
09-14 12:42:12.502   531  2924 E android.hardware.camera.provider-V1-service: garyVCam [build_transform_flags:203]:VCam build_transform_flags: rot=0 flipH=0 flipV=0 -> tf=0x0
09-14 12:42:12.502   531  2924 E android.hardware.camera.provider-V1-service: garyVCam [rga_data_convert:239]:VCam rga_data_convert: improcess path usage=0x0
09-14 12:42:12.504   531  3174 E android.hardware.camera.provider-V1-service: garyVCam [guessYuvLayout:1117]:VCam guessYuvLayout: fmt=0x22 -> NV12
09-14 12:42:12.505   531  2924 E android.hardware.camera.provider-V1-service: garyVCam [rga_data_convert:251]:VCam rga_data_convert: success
09-14 12:42:12.505   531  2924 E android.hardware.camera.provider-V1-service: garyVCam [rga_data_convert_transform:263]:VCam rga_data_convert_transform: exit ok=1
09-14 12:42:12.505   531  2924 E android.hardware.camera.provider-V1-service: garyVCam [save_frame:920]:VCam save_frame: slot ready 1920x1080 NV12 stamp=1757824932505168
09-14 12:42:12.505   531  2924 E android.hardware.camera.provider-V1-service: garyVCam [save_frame:927]:VCam save_frame: -
09-14 12:42:12.507   531  3174 E android.hardware.camera.provider-V1-service: garyVCam [mapPixelFdFromHandle]: picked fd[42]=110 mappedLen=3317760 (st_size=4149248)
09-14 12:42:12.507   531  3174 E android.hardware.camera.provider-V1-service: garyVCam [dmaSync:1089]:VCam dmaSync: fd=102 start=1
09-14 12:42:12.509   531  3174 E android.hardware.camera.provider-V1-service: garyVCam [estimateStrideFromSize]: bestSize=3317760 w=1920 h=1080 -> stride=2048 need=3317760
09-14 12:42:12.513   531  3174 E android.hardware.camera.provider-V1-service: garyVCam [dmaSync:1089]:VCam dmaSync: fd=102 start=0
09-14 12:42:12.515   531  3174 E android.hardware.camera.provider-V1-service: garyVCam [VCam_CopyLatestTo:1629]:VCam_CopyLatestTo: OK slot 1920x1080 NV12 lastPingUs=1757824932515194
09-14 12:42:12.526   531  2924 E android.hardware.camera.provider-V1-service: garyVCam [client_thread_func:955]:client 42[0]> header cmdFlag=0 cmd=0 p1=1920 p2=1080 p3=19 p4=3110400 p5=1920 p6=1080
09-14 12:42:12.534   531  2924 E android.hardware.camera.provider-V1-service: garyVCam [save_frame:832]:VCam save_frame: + width=1920 height=1080 fmt=19 len=3110400 yStride=1920 ySlice=1080 desired=1 state=E_VIRTUAL_RUNNING outputs=1
09-14 12:42:12.534   531  2924 E android.hardware.camera.provider-V1-service: garyVCam [save_frame:884]:VCam save_frame: updated lastFrameUs=1757824932534850
09-14 12:42:12.534   531  2924 E android.hardware.camera.provider-V1-service: garyVCam [rga_data_convert_transform:259]:VCam rga_data_convert_transform: enter
09-14 12:42:12.534   531  2924 E android.hardware.camera.provider-V1-service: garyVCam [rga_data_convert:217]:VCam rga_data_convert: 1920x1080 I420 -> 1920x1080 NV12 rot=0 flipH=0 flipV=0
09-14 12:42:12.536   531  2924 E android.hardware.camera.provider-V1-service: garyVCam [build_transform_flags:203]:VCam build_transform_flags: rot=0 flipH=0 flipV=0 -> tf=0x0
09-14 12:42:12.536   531  2924 E android.hardware.camera.provider-V1-service: garyVCam [rga_data_convert:239]:VCam rga_data_convert: improcess path usage=0x0
09-14 12:42:12.538   531  3174 E android.hardware.camera.provider-V1-service: garyVCam [guessYuvLayout:1117]:VCam guessYuvLayout: fmt=0x22 -> NV12
09-14 12:42:12.539   531  2924 E android.hardware.camera.provider-V1-service: garyVCam [rga_data_convert:251]:VCam rga_data_convert: success
09-14 12:42:12.539   531  2924 E android.hardware.camera.provider-V1-service: garyVCam [rga_data_convert_transform:263]:VCam rga_data_convert_transform: exit ok=1
09-14 12:42:12.539   531  2924 E android.hardware.camera.provider-V1-service: garyVCam [save_frame:920]:VCam save_frame: slot ready 1920x1080 NV12 stamp=1757824932539412
09-14 12:42:12.539   531  2924 E android.hardware.camera.provider-V1-service: garyVCam [save_frame:927]:VCam save_frame: -
09-14 12:42:12.541   531  3174 E android.hardware.camera.provider-V1-service: garyVCam [mapPixelFdFromHandle]: no mappable pixel fd (w=1920 h=1080)
09-14 12:42:12.541   531  3174 E android.hardware.camera.provider-V1-service: garyVCam VCamMapper: lock failed w=1920 h=1080
09-14 12:42:12.543   531  3174 E android.hardware.camera.provider-V1-service: garyVCam [mapPixelFdFromHandle]: no mappable pixel fd (w=1920 h=1080)
09-14 12:42:12.545   531  3174 E android.hardware.camera.provider-V1-service: garyVCam VCamMapper: lock failed w=1920 h=1080
09-14 12:42:12.545   531  3174 E android.hardware.camera.provider-V1-service: garyVCam [VCam_CopyLatestTo:1631]:VCam_CopyLatestTo: still failed after fallbacks ret=-4
09-14 12:42:12.560   531  2924 E android.hardware.camera.provider-V1-service: garyVCam [client_thread_func:955]:client 42[0]> header cmdFlag=0 cmd=0 p1=1920 p2=1080 p3=19 p4=3110400 p5=1920 p6=1080
09-14 12:42:12.567   531  2924 E android.hardware.camera.provider-V1-service: garyVCam [save_frame:832]:VCam save_frame: + width=1920 height=1080 fmt=19 len=3110400 yStride=1920 ySlice=1080 desired=1 state=E_VIRTUAL_RUNNING outputs=1
09-14 12:42:12.570   531  2924 E android.hardware.camera.provider-V1-service: garyVCam [save_frame:884]:VCam save_frame: updated lastFrameUs=1757824932570204
09-14 12:42:12.570   531  2924 E android.hardware.camera.provider-V1-service: garyVCam [rga_data_convert_transform:259]:VCam rga_data_convert_transform: enter
09-14 12:42:12.570   531  2924 E android.hardware.camera.provider-V1-service: garyVCam [rga_data_convert:217]:VCam rga_data_convert: 1920x1080 I420 -> 1920x1080 NV12 rot=0 flipH=0 flipV=0
09-14 12:42:12.571   531  2924 E android.hardware.camera.provider-V1-service: garyVCam [build_transform_flags:203]:VCam build_transform_flags: rot=0 flipH=0 flipV=0 -> tf=0x0
09-14 12:42:12.571   531  2924 E android.hardware.camera.provider-V1-service: garyVCam [rga_data_convert:239]:VCam rga_data_convert: improcess path usage=0x0
09-14 12:42:12.572   531  3174 E android.hardware.camera.provider-V1-service: garyVCam [guessYuvLayout:1117]:VCam guessYuvLayout: fmt=0x22 -> NV12
09-14 12:42:12.574   531  2924 E android.hardware.camera.provider-V1-service: garyVCam [rga_data_convert:251]:VCam rga_data_convert: success
09-14 12:42:12.574   531  2924 E android.hardware.camera.provider-V1-service: garyVCam [rga_data_convert_transform:263]:VCam rga_data_convert_transform: exit ok=1
09-14 12:42:12.574   531  2924 E android.hardware.camera.provider-V1-service: garyVCam [save_frame:920]:VCam save_frame: slot ready 1920x1080 NV12 stamp=1757824932574543
09-14 12:42:12.574   531  2924 E android.hardware.camera.provider-V1-service: garyVCam [save_frame:927]:VCam save_frame: -
09-14 12:42:12.576   531  3174 E android.hardware.camera.provider-V1-service: garyVCam [mapPixelFdFromHandle]: no mappable pixel fd (w=1920 h=1080)
09-14 12:42:12.577   531  3174 E android.hardware.camera.provider-V1-service: garyVCam VCamMapper: lock failed w=1920 h=1080
09-14 12:42:12.580   531  3174 E android.hardware.camera.provider-V1-service: garyVCam [mapPixelFdFromHandle]: no mappable pixel fd (w=1920 h=1080)
09-14 12:42:12.580   531  3174 E android.hardware.camera.provider-V1-service: garyVCam VCamMapper: lock failed w=1920 h=1080
09-14 12:42:12.580   531  3174 E android.hardware.camera.provider-V1-service: garyVCam [VCam_CopyLatestTo:1631]:VCam_CopyLatestTo: still failed after fallbacks ret=-4
09-14 12:42:12.593   531  2924 E android.hardware.camera.provider-V1-service: garyVCam [client_thread_func:955]:client 42[0]> header cmdFlag=0 cmd=0 p1=1920 p2=1080 p3=19 p4=3110400 p5=1920 p6=1080
09-14 12:42:12.599   531  2924 E android.hardware.camera.provider-V1-service: garyVCam [save_frame:832]:VCam save_frame: + width=1920 height=1080 fmt=19 len=3110400 yStride=1920 ySlice=1080 desired=1 state=E_VIRTUAL_RUNNING outputs=1
09-14 12:42:12.600   531  2924 E android.hardware.camera.provider-V1-service: garyVCam [save_frame:884]:VCam save_frame: updated lastFrameUs=1757824932600555
09-14 12:42:12.600   531  2924 E android.hardware.camera.provider-V1-service: garyVCam [rga_data_convert_transform:259]:VCam rga_data_convert_transform: enter
09-14 12:42:12.600   531  2924 E android.hardware.camera.provider-V1-service: garyVCam [rga_data_convert:217]:VCam rga_data_convert: 1920x1080 I420 -> 1920x1080 NV12 rot=0 flipH=0 flipV=0
09-14 12:42:12.602   531  2924 E android.hardware.camera.provider-V1-service: garyVCam [build_transform_flags:203]:VCam build_transform_flags: rot=0 flipH=0 flipV=0 -> tf=0x0
09-14 12:42:12.602   531  2924 E android.hardware.camera.provider-V1-service: garyVCam [rga_data_convert:239]:VCam rga_data_convert: improcess path usage=0x0
09-14 12:42:12.605   531  2924 E android.hardware.camera.provider-V1-service: garyVCam [rga_data_convert:251]:VCam rga_data_convert: success
09-14 12:42:12.605   531  2924 E android.hardware.camera.provider-V1-service: garyVCam [rga_data_convert_transform:263]:VCam rga_data_convert_transform: exit ok=1
09-14 12:42:12.605   531  2924 E android.hardware.camera.provider-V1-service: garyVCam [save_frame:920]:VCam save_frame: slot ready 1920x1080 NV12 stamp=1757824932605797
09-14 12:42:12.605   531  2924 E android.hardware.camera.provider-V1-service: garyVCam [save_frame:927]:VCam save_frame: -
09-14 12:42:12.607   531  3174 E android.hardware.camera.provider-V1-service: garyVCam [guessYuvLayout:1117]:VCam guessYuvLayout: fmt=0x22 -> NV12
09-14 12:42:12.609   531  3174 E android.hardware.camera.provider-V1-service: garyVCam [mapPixelFdFromHandle]: no mappable pixel fd (w=1920 h=1080)
09-14 12:42:12.609   531  3174 E android.hardware.camera.provider-V1-service: garyVCam VCamMapper: lock failed w=1920 h=1080
09-14 12:42:12.613   531  3174 E android.hardware.camera.provider-V1-service: garyVCam [mapPixelFdFromHandle]: no mappable pixel fd (w=1920 h=1080)
09-14 12:42:12.613   531  3174 E android.hardware.camera.provider-V1-service: garyVCam VCamMapper: lock failed w=1920 h=1080
09-14 12:42:12.613   531  3174 E android.hardware.camera.provider-V1-service: garyVCam [VCam_CopyLatestTo:1631]:VCam_CopyLatestTo: still failed after fallbacks ret=-4
09-14 12:42:12.627   531  2924 E android.hardware.camera.provider-V1-service: garyVCam [client_thread_func:955]:client 42[0]> header cmdFlag=0 cmd=0 p1=1920 p2=1080 p3=19 p4=3110400 p5=1920 p6=1080
09-14 12:42:12.633   531  2924 E android.hardware.camera.provider-V1-service: garyVCam [save_frame:832]:VCam save_frame: + width=1920 height=1080 fmt=19 len=3110400 yStride=1920 ySlice=1080 desired=1 state=E_VIRTUAL_RUNNING outputs=1
09-14 12:42:12.633   531  2924 E android.hardware.camera.provider-V1-service: garyVCam [save_frame:884]:VCam save_frame: updated lastFrameUs=1757824932633861
09-14 12:42:12.633   531  2924 E android.hardware.camera.provider-V1-service: garyVCam [rga_data_convert_transform:259]:VCam rga_data_convert_transform: enter
09-14 12:42:12.633   531  2924 E android.hardware.camera.provider-V1-service: garyVCam [rga_data_convert:217]:VCam rga_data_convert: 1920x1080 I420 -> 1920x1080 NV12 rot=0 flipH=0 flipV=0
09-14 12:42:12.634   531  2924 E android.hardware.camera.provider-V1-service: garyVCam [build_transform_flags:203]:VCam build_transform_flags: rot=0 flipH=0 flipV=0 -> tf=0x0
09-14 12:42:12.634   531  2924 E android.hardware.camera.provider-V1-service: garyVCam [rga_data_convert:239]:VCam rga_data_convert: improcess path usage=0x0
09-14 12:42:12.637   531  2924 E android.hardware.camera.provider-V1-service: garyVCam [rga_data_convert:251]:VCam rga_data_convert: success
09-14 12:42:12.637   531  2924 E android.hardware.camera.provider-V1-service: garyVCam [rga_data_convert_transform:263]:VCam rga_data_convert_transform: exit ok=1
09-14 12:42:12.637   531  2924 E android.hardware.camera.provider-V1-service: garyVCam [save_frame:920]:VCam save_frame: slot ready 1920x1080 NV12 stamp=1757824932637543
09-14 12:42:12.637   531  2924 E android.hardware.camera.provider-V1-service: garyVCam [save_frame:927]:VCam save_frame: -
09-14 12:42:12.641   531  3174 E android.hardware.camera.provider-V1-service: garyVCam [guessYuvLayout:1117]:VCam guessYuvLayout: fmt=0x22 -> NV12
09-14 12:42:12.642   531  3174 E android.hardware.camera.provider-V1-service: garyVCam [mapPixelFdFromHandle]: no mappable pixel fd (w=1920 h=1080)
09-14 12:42:12.643   531  3174 E android.hardware.camera.provider-V1-service: garyVCam VCamMapper: lock failed w=1920 h=1080
09-14 12:42:12.644   531  3174 E android.hardware.camera.provider-V1-service: garyVCam [mapPixelFdFromHandle]: no mappable pixel fd (w=1920 h=1080)
09-14 12:42:12.645   531  3174 E android.hardware.camera.provider-V1-service: garyVCam VCamMapper: lock failed w=1920 h=1080
09-14 12:42:12.645   531  3174 E android.hardware.camera.provider-V1-service: garyVCam [VCam_CopyLatestTo:1631]:VCam_CopyLatestTo: still failed after fallbacks ret=-4
09-14 12:42:12.660   531  2924 E android.hardware.camera.provider-V1-service: garyVCam [client_thread_func:955]:client 42[0]> header cmdFlag=0 cmd=0 p1=1920 p2=1080 p3=19 p4=3110400 p5=1920 p6=1080
09-14 12:42:12.667   531  2924 E android.hardware.camera.provider-V1-service: garyVCam [save_frame:832]:VCam save_frame: + width=1920 height=1080 fmt=19 len=3110400 yStride=1920 ySlice=1080 desired=1 state=E_VIRTUAL_RUNNING outputs=1
09-14 12:42:12.668   531  2924 E android.hardware.camera.provider-V1-service: garyVCam [save_frame:884]:VCam save_frame: updated lastFrameUs=1757824932668860
09-14 12:42:12.668   531  2924 E android.hardware.camera.provider-V1-service: garyVCam [rga_data_convert_transform:259]:VCam rga_data_convert_transform: enter
09-14 12:42:12.668   531  2924 E android.hardware.camera.provider-V1-service: garyVCam [rga_data_convert:217]:VCam rga_data_convert: 1920x1080 I420 -> 1920x1080 NV12 rot=0 flipH=0 flipV=0
09-14 12:42:12.669   531  2924 E android.hardware.camera.provider-V1-service: garyVCam [build_transform_flags:203]:VCam build_transform_flags: rot=0 flipH=0 flipV=0 -> tf=0x0
09-14 12:42:12.669   531  2924 E android.hardware.camera.provider-V1-service: garyVCam [rga_data_convert:239]:VCam rga_data_convert: improcess path usage=0x0
09-14 12:42:12.670   531  3174 E android.hardware.camera.provider-V1-service: garyVCam [guessYuvLayout:1117]:VCam guessYuvLayout: fmt=0x22 -> NV12
09-14 12:42:12.673   531  2924 E android.hardware.camera.provider-V1-service: garyVCam [rga_data_convert:251]:VCam rga_data_convert: success
09-14 12:42:12.673   531  2924 E android.hardware.camera.provider-V1-service: garyVCam [rga_data_convert_transform:263]:VCam rga_data_convert_transform: exit ok=1
09-14 12:42:12.674   531  2924 E android.hardware.camera.provider-V1-service: garyVCam [save_frame:920]:VCam save_frame: slot ready 1920x1080 NV12 stamp=1757824932674009
09-14 12:42:12.674   531  2924 E android.hardware.camera.provider-V1-service: garyVCam [save_frame:927]:VCam save_frame: -
09-14 12:42:12.676   531  3174 E android.hardware.camera.provider-V1-service: garyVCam [mapPixelFdFromHandle]: no mappable pixel fd (w=1920 h=1080)
09-14 12:42:12.677   531  3174 E android.hardware.camera.provider-V1-service: garyVCam VCamMapper: lock failed w=1920 h=1080
09-14 12:42:12.679   531  3174 E android.hardware.camera.provider-V1-service: garyVCam [mapPixelFdFromHandle]: no mappable pixel fd (w=1920 h=1080)
09-14 12:42:12.679   531  3174 E android.hardware.camera.provider-V1-service: garyVCam VCamMapper: lock failed w=1920 h=1080
09-14 12:42:12.679   531  3174 E android.hardware.camera.provider-V1-service: garyVCam [VCam_CopyLatestTo:1631]:VCam_CopyLatestTo: still failed after fallbacks ret=-4
09-14 12:42:12.693   531  2924 E android.hardware.camera.provider-V1-service: garyVCam [client_thread_func:955]:client 42[0]> header cmdFlag=0 cmd=0 p1=1920 p2=1080 p3=19 p4=3110400 p5=1920 p6=1080
09-14 12:42:12.700   531  2924 E android.hardware.camera.provider-V1-service: garyVCam [save_frame:832]:VCam save_frame: + width=1920 height=1080 fmt=19 len=3110400 yStride=1920 ySlice=1080 desired=1 state=E_VIRTUAL_RUNNING outputs=1
09-14 12:42:12.701   531  2924 E android.hardware.camera.provider-V1-service: garyVCam [save_frame:884]:VCam save_frame: updated lastFrameUs=1757824932701960
09-14 12:42:12.702   531  2924 E android.hardware.camera.provider-V1-service: garyVCam [rga_data_convert_transform:259]:VCam rga_data_convert_transform: enter
09-14 12:42:12.702   531  2924 E android.hardware.camera.provider-V1-service: garyVCam [rga_data_convert:217]:VCam rga_data_convert: 1920x1080 I420 -> 1920x1080 NV12 rot=0 flipH=0 flipV=0
09-14 12:42:12.702   531  2924 E android.hardware.camera.provider-V1-service: garyVCam [build_transform_flags:203]:VCam build_transform_flags: rot=0 flipH=0 flipV=0 -> tf=0x0
09-14 12:42:12.702   531  2924 E android.hardware.camera.provider-V1-service: garyVCam [rga_data_convert:239]:VCam rga_data_convert: improcess path usage=0x0
09-14 12:42:12.705   531  3174 E android.hardware.camera.provider-V1-service: garyVCam [guessYuvLayout:1117]:VCam guessYuvLayout: fmt=0x22 -> NV12
09-14 12:42:12.706   531  2924 E android.hardware.camera.provider-V1-service: garyVCam [rga_data_convert:251]:VCam rga_data_convert: success
09-14 12:42:12.706   531  2924 E android.hardware.camera.provider-V1-service: garyVCam [rga_data_convert_transform:263]:VCam rga_data_convert_transform: exit ok=1
09-14 12:42:12.706   531  2924 E android.hardware.camera.provider-V1-service: garyVCam [save_frame:920]:VCam save_frame: slot ready 1920x1080 NV12 stamp=1757824932706589
09-14 12:42:12.706   531  2924 E android.hardware.camera.provider-V1-service: garyVCam [save_frame:927]:VCam save_frame: -
09-14 12:42:12.708   531  3174 E android.hardware.camera.provider-V1-service: garyVCam [mapPixelFdFromHandle]: no mappable pixel fd (w=1920 h=1080)
09-14 12:42:12.709   531  3174 E android.hardware.camera.provider-V1-service: garyVCam VCamMapper: lock failed w=1920 h=1080
09-14 12:42:12.711   531  3174 E android.hardware.camera.provider-V1-service: garyVCam [mapPixelFdFromHandle]: no mappable pixel fd (w=1920 h=1080)
09-14 12:42:12.712   531  3174 E android.hardware.camera.provider-V1-service: garyVCam VCamMapper: lock failed w=1920 h=1080
09-14 12:42:12.712   531  3174 E android.hardware.camera.provider-V1-service: garyVCam [VCam_CopyLatestTo:1631]:VCam_CopyLatestTo: still failed after fallbacks ret=-4
09-14 12:42:12.718   531  2924 E android.hardware.camera.provider-V1-service: garyVCam [client_thread_func:955]:client 42[0]> header cmdFlag=1 cmd=5 p1=0 p2=0 p3=0 p4=0 p5=0 p6=0
09-14 12:42:12.718   531  2924 E android.hardware.camera.provider-V1-service: garyVCam [client_thread_func:963]:client 42[0]> ping lastPingUs=1757824932718206
09-14 12:42:12.726   531  2924 E android.hardware.camera.provider-V1-service: garyVCam [client_thread_func:955]:client 42[0]> header cmdFlag=0 cmd=0 p1=1920 p2=1080 p3=19 p4=3110400 p5=1920 p6=1080
09-14 12:42:12.733   531  2924 E android.hardware.camera.provider-V1-service: garyVCam [save_frame:832]:VCam save_frame: + width=1920 height=1080 fmt=19 len=3110400 yStride=1920 ySlice=1080 desired=1 state=E_VIRTUAL_RUNNING outputs=1
09-14 12:42:12.734   531  2924 E android.hardware.camera.provider-V1-service: garyVCam [save_frame:884]:VCam save_frame: updated lastFrameUs=1757824932734509
09-14 12:42:12.734   531  2924 E android.hardware.camera.provider-V1-service: garyVCam [rga_data_convert_transform:259]:VCam rga_data_convert_transform: enter
09-14 12:42:12.734   531  2924 E android.hardware.camera.provider-V1-service: garyVCam [rga_data_convert:217]:VCam rga_data_convert: 1920x1080 I420 -> 1920x1080 NV12 rot=0 flipH=0 flipV=0
09-14 12:42:12.735   531  2924 E android.hardware.camera.provider-V1-service: garyVCam [build_transform_flags:203]:VCam build_transform_flags: rot=0 flipH=0 flipV=0 -> tf=0x0
09-14 12:42:12.735   531  2924 E android.hardware.camera.provider-V1-service: garyVCam [rga_data_convert:239]:VCam rga_data_convert: improcess path usage=0x0
09-14 12:42:12.738   531  2924 E android.hardware.camera.provider-V1-service: garyVCam [rga_data_convert:251]:VCam rga_data_convert: success
09-14 12:42:12.738   531  2924 E android.hardware.camera.provider-V1-service: garyVCam [rga_data_convert_transform:263]:VCam rga_data_convert_transform: exit ok=1
09-14 12:42:12.738   531  2924 E android.hardware.camera.provider-V1-service: garyVCam [save_frame:920]:VCam save_frame: slot ready 1920x1080 NV12 stamp=1757824932738113
09-14 12:42:12.738   531  2924 E android.hardware.camera.provider-V1-service: garyVCam [save_frame:927]:VCam save_frame: -
09-14 12:42:12.739   531  3174 E android.hardware.camera.provider-V1-service: garyVCam [guessYuvLayout:1117]:VCam guessYuvLayout: fmt=0x22 -> NV12
09-14 12:42:12.741   531  3174 E android.hardware.camera.provider-V1-service: garyVCam [mapPixelFdFromHandle]: no mappable pixel fd (w=1920 h=1080)
09-14 12:42:12.741   531  3174 E android.hardware.camera.provider-V1-service: garyVCam VCamMapper: lock failed w=1920 h=1080
09-14 12:42:12.744   531  3174 E android.hardware.camera.provider-V1-service: garyVCam [mapPixelFdFromHandle]: no mappable pixel fd (w=1920 h=1080)
09-14 12:42:12.744   531  3174 E android.hardware.camera.provider-V1-service: garyVCam VCamMapper: lock failed w=1920 h=1080
09-14 12:42:12.744   531  3174 E android.hardware.camera.provider-V1-service: garyVCam [VCam_CopyLatestTo:1631]:VCam_CopyLatestTo: still failed after fallbacks ret=-4
09-14 12:42:12.760   531  2924 E android.hardware.camera.provider-V1-service: garyVCam [client_thread_func:955]:client 42[0]> header cmdFlag=0 cmd=0 p1=1920 p2=1080 p3=19 p4=3110400 p5=1920 p6=1080
09-14 12:42:12.766   531  2924 E android.hardware.camera.provider-V1-service: garyVCam [save_frame:832]:VCam save_frame: + width=1920 height=1080 fmt=19 len=3110400 yStride=1920 ySlice=1080 desired=1 state=E_VIRTUAL_RUNNING outputs=1
09-14 12:42:12.767   531  2924 E android.hardware.camera.provider-V1-service: garyVCam [save_frame:884]:VCam save_frame: updated lastFrameUs=1757824932767191
09-14 12:42:12.767   531  2924 E android.hardware.camera.provider-V1-service: garyVCam [rga_data_convert_transform:259]:VCam rga_data_convert_transform: enter
09-14 12:42:12.767   531  2924 E android.hardware.camera.provider-V1-service: garyVCam [rga_data_convert:217]:VCam rga_data_convert: 1920x1080 I420 -> 1920x1080 NV12 rot=0 flipH=0 flipV=0
09-14 12:42:12.769   531  2924 E android.hardware.camera.provider-V1-service: garyVCam [build_transform_flags:203]:VCam build_transform_flags: rot=0 flipH=0 flipV=0 -> tf=0x0
09-14 12:42:12.769   531  2924 E android.hardware.camera.provider-V1-service: garyVCam [rga_data_convert:239]:VCam rga_data_convert: improcess path usage=0x0
09-14 12:42:12.772   531  3174 E android.hardware.camera.provider-V1-service: garyVCam [guessYuvLayout:1117]:VCam guessYuvLayout: fmt=0x22 -> NV12
09-14 12:42:12.772   531  2924 E android.hardware.camera.provider-V1-service: garyVCam [rga_data_convert:251]:VCam rga_data_convert: success
09-14 12:42:12.773   531  2924 E android.hardware.camera.provider-V1-service: garyVCam [rga_data_convert_transform:263]:VCam rga_data_convert_transform: exit ok=1
09-14 12:42:12.773   531  2924 E android.hardware.camera.provider-V1-service: garyVCam [save_frame:920]:VCam save_frame: slot ready 1920x1080 NV12 stamp=1757824932773024
09-14 12:42:12.773   531  2924 E android.hardware.camera.provider-V1-service: garyVCam [save_frame:927]:VCam save_frame: -
09-14 12:42:12.775   531  3174 E android.hardware.camera.provider-V1-service: garyVCam [mapPixelFdFromHandle]: no mappable pixel fd (w=1920 h=1080)
09-14 12:42:12.775   531  3174 E android.hardware.camera.provider-V1-service: garyVCam VCamMapper: lock failed w=1920 h=1080
09-14 12:42:12.779   531  3174 E android.hardware.camera.provider-V1-service: garyVCam [mapPixelFdFromHandle]: no mappable pixel fd (w=1920 h=1080)
09-14 12:42:12.780   531  3174 E android.hardware.camera.provider-V1-service: garyVCam VCamMapper: lock failed w=1920 h=1080
09-14 12:42:12.781   531  3174 E android.hardware.camera.provider-V1-service: garyVCam [VCam_CopyLatestTo:1631]:VCam_CopyLatestTo: still failed after fallbacks ret=-4
09-14 12:42:12.794   531  2924 E android.hardware.camera.provider-V1-service: garyVCam [client_thread_func:955]:client 42[0]> header cmdFlag=0 cmd=0 p1=1920 p2=1080 p3=19 p4=3110400 p5=1920 p6=1080
09-14 12:42:12.800   531  2924 E android.hardware.camera.provider-V1-service: garyVCam [save_frame:832]:VCam save_frame: + width=1920 height=1080 fmt=19 len=3110400 yStride=1920 ySlice=1080 desired=1 state=E_VIRTUAL_RUNNING outputs=1
09-14 12:42:12.801   531  2924 E android.hardware.camera.provider-V1-service: garyVCam [save_frame:884]:VCam save_frame: updated lastFrameUs=1757824932801731
09-14 12:42:12.801   531  2924 E android.hardware.camera.provider-V1-service: garyVCam [rga_data_convert_transform:259]:VCam rga_data_convert_transform: enter
09-14 12:42:12.801   531  2924 E android.hardware.camera.provider-V1-service: garyVCam [rga_data_convert:217]:VCam rga_data_convert: 1920x1080 I420 -> 1920x1080 NV12 rot=0 flipH=0 flipV=0
09-14 12:42:12.802   531  2924 E android.hardware.camera.provider-V1-service: garyVCam [build_transform_flags:203]:VCam build_transform_flags: rot=0 flipH=0 flipV=0 -> tf=0x0
09-14 12:42:12.802   531  2924 E android.hardware.camera.provider-V1-service: garyVCam [rga_data_convert:239]:VCam rga_data_convert: improcess path usage=0x0
09-14 12:42:12.804   531  3174 E android.hardware.camera.provider-V1-service: garyVCam [guessYuvLayout:1117]:VCam guessYuvLayout: fmt=0x22 -> NV12
09-14 12:42:12.806   531  2924 E android.hardware.camera.provider-V1-service: garyVCam [rga_data_convert:251]:VCam rga_data_convert: success
09-14 12:42:12.806   531  2924 E android.hardware.camera.provider-V1-service: garyVCam [rga_data_convert_transform:263]:VCam rga_data_convert_transform: exit ok=1
09-14 12:42:12.806   531  2924 E android.hardware.camera.provider-V1-service: garyVCam [save_frame:920]:VCam save_frame: slot ready 1920x1080 NV12 stamp=1757824932806365
09-14 12:42:12.806   531  2924 E android.hardware.camera.provider-V1-service: garyVCam [save_frame:927]:VCam save_frame: -
09-14 12:42:12.809   531  3174 E android.hardware.camera.provider-V1-service: garyVCam [mapPixelFdFromHandle]: no mappable pixel fd (w=1920 h=1080)
09-14 12:42:12.809   531  3174 E android.hardware.camera.provider-V1-service: garyVCam VCamMapper: lock failed w=1920 h=1080
09-14 12:42:12.812   531  3174 E android.hardware.camera.provider-V1-service: garyVCam [mapPixelFdFromHandle]: no mappable pixel fd (w=1920 h=1080)
09-14 12:42:12.812   531  3174 E android.hardware.camera.provider-V1-service: garyVCam VCamMapper: lock failed w=1920 h=1080
09-14 12:42:12.812   531  3174 E android.hardware.camera.provider-V1-service: garyVCam [VCam_CopyLatestTo:1631]:VCam_CopyLatestTo: still failed after fallbacks ret=-4
09-14 12:42:12.826   531  2924 E android.hardware.camera.provider-V1-service: garyVCam [client_thread_func:955]:client 42[0]> header cmdFlag=0 cmd=0 p1=1920 p2=1080 p3=19 p4=3110400 p5=1920 p6=1080
09-14 12:42:12.833   531  2924 E android.hardware.camera.provider-V1-service: garyVCam [save_frame:832]:VCam save_frame: + width=1920 height=1080 fmt=19 len=3110400 yStride=1920 ySlice=1080 desired=1 state=E_VIRTUAL_RUNNING outputs=1
09-14 12:42:12.834   531  2924 E android.hardware.camera.provider-V1-service: garyVCam [save_frame:884]:VCam save_frame: updated lastFrameUs=1757824932834571
09-14 12:42:12.834   531  2924 E android.hardware.camera.provider-V1-service: garyVCam [rga_data_convert_transform:259]:VCam rga_data_convert_transform: enter
09-14 12:42:12.834   531  2924 E android.hardware.camera.provider-V1-service: garyVCam [rga_data_convert:217]:VCam rga_data_convert: 1920x1080 I420 -> 1920x1080 NV12 rot=0 flipH=0 flipV=0
09-14 12:42:12.835   531  2924 E android.hardware.camera.provider-V1-service: garyVCam [build_transform_flags:203]:VCam build_transform_flags: rot=0 flipH=0 flipV=0 -> tf=0x0
09-14 12:42:12.835   531  2924 E android.hardware.camera.provider-V1-service: garyVCam [rga_data_convert:239]:VCam rga_data_convert: improcess path usage=0x0
09-14 12:42:12.838   531  2924 E android.hardware.camera.provider-V1-service: garyVCam [rga_data_convert:251]:VCam rga_data_convert: success
09-14 12:42:12.839   531  2924 E android.hardware.camera.provider-V1-service: garyVCam [rga_data_convert_transform:263]:VCam rga_data_convert_transform: exit ok=1
09-14 12:42:12.839   531  3174 E android.hardware.camera.provider-V1-service: garyVCam [guessYuvLayout:1117]:VCam guessYuvLayout: fmt=0x22 -> NV12
09-14 12:42:12.839   531  2924 E android.hardware.camera.provider-V1-service: garyVCam [save_frame:920]:VCam save_frame: slot ready 1920x1080 NV12 stamp=1757824932839065
09-14 12:42:12.839   531  2924 E android.hardware.camera.provider-V1-service: garyVCam [save_frame:927]:VCam save_frame: -
09-14 12:42:12.841   531  3174 E android.hardware.camera.provider-V1-service: garyVCam [mapPixelFdFromHandle]: no mappable pixel fd (w=1920 h=1080)
09-14 12:42:12.841   531  3174 E android.hardware.camera.provider-V1-service: garyVCam VCamMapper: lock failed w=1920 h=1080
09-14 12:42:12.844   531  3174 E android.hardware.camera.provider-V1-service: garyVCam [mapPixelFdFromHandle]: no mappable pixel fd (w=1920 h=1080)
09-14 12:42:12.844   531  3174 E android.hardware.camera.provider-V1-service: garyVCam VCamMapper: lock failed w=1920 h=1080
09-14 12:42:12.846   531  3174 E android.hardware.camera.provider-V1-service: garyVCam [VCam_CopyLatestTo:1631]:VCam_CopyLatestTo: still failed after fallbacks ret=-4
09-14 12:42:12.860   531  2924 E android.hardware.camera.provider-V1-service: garyVCam [client_thread_func:955]:client 42[0]> header cmdFlag=0 cmd=0 p1=1920 p2=1080 p3=19 p4=3110400 p5=1920 p6=1080
09-14 12:42:12.867   531  2924 E android.hardware.camera.provider-V1-service: garyVCam [save_frame:832]:VCam save_frame: + width=1920 height=1080 fmt=19 len=3110400 yStride=1920 ySlice=1080 desired=1 state=E_VIRTUAL_RUNNING outputs=1
09-14 12:42:12.869   531  2924 E android.hardware.camera.provider-V1-service: garyVCam [save_frame:884]:VCam save_frame: updated lastFrameUs=1757824932869622
09-14 12:42:12.869   531  2924 E android.hardware.camera.provider-V1-service: garyVCam [rga_data_convert_transform:259]:VCam rga_data_convert_transform: enter
09-14 12:42:12.869   531  2924 E android.hardware.camera.provider-V1-service: garyVCam [rga_data_convert:217]:VCam rga_data_convert: 1920x1080 I420 -> 1920x1080 NV12 rot=0 flipH=0 flipV=0
09-14 12:42:12.871   531  2924 E android.hardware.camera.provider-V1-service: garyVCam [build_transform_flags:203]:VCam build_transform_flags: rot=0 flipH=0 flipV=0 -> tf=0x0
09-14 12:42:12.871   531  2924 E android.hardware.camera.provider-V1-service: garyVCam [rga_data_convert:239]:VCam rga_data_convert: improcess path usage=0x0
09-14 12:42:12.871   531  3174 E android.hardware.camera.provider-V1-service: garyVCam [guessYuvLayout:1117]:VCam guessYuvLayout: fmt=0x22 -> NV12
09-14 12:42:12.874   531  2924 E android.hardware.camera.provider-V1-service: garyVCam [rga_data_convert:251]:VCam rga_data_convert: success
09-14 12:42:12.874   531  2924 E android.hardware.camera.provider-V1-service: garyVCam [rga_data_convert_transform:263]:VCam rga_data_convert_transform: exit ok=1
09-14 12:42:12.874   531  2924 E android.hardware.camera.provider-V1-service: garyVCam [save_frame:920]:VCam save_frame: slot ready 1920x1080 NV12 stamp=1757824932874151
09-14 12:42:12.874   531  2924 E android.hardware.camera.provider-V1-service: garyVCam [save_frame:927]:VCam save_frame: -
09-14 12:42:12.876   531  3174 E android.hardware.camera.provider-V1-service: garyVCam [mapPixelFdFromHandle]: no mappable pixel fd (w=1920 h=1080)
09-14 12:42:12.876   531  3174 E android.hardware.camera.provider-V1-service: garyVCam VCamMapper: lock failed w=1920 h=1080
09-14 12:42:12.879   531  3174 E android.hardware.camera.provider-V1-service: garyVCam [mapPixelFdFromHandle]: no mappable pixel fd (w=1920 h=1080)
09-14 12:42:12.879   531  3174 E android.hardware.camera.provider-V1-service: garyVCam VCamMapper: lock failed w=1920 h=1080
09-14 12:42:12.879   531  3174 E android.hardware.camera.provider-V1-service: garyVCam [VCam_CopyLatestTo:1631]:VCam_CopyLatestTo: still failed after fallbacks ret=-4
09-14 12:42:12.893   531  2924 E android.hardware.camera.provider-V1-service: garyVCam [client_thread_func:955]:client 42[0]> header cmdFlag=0 cmd=0 p1=1920 p2=1080 p3=19 p4=3110400 p5=1920 p6=1080
09-14 12:42:12.900   531  2924 E android.hardware.camera.provider-V1-service: garyVCam [save_frame:832]:VCam save_frame: + width=1920 height=1080 fmt=19 len=3110400 yStride=1920 ySlice=1080 desired=1 state=E_VIRTUAL_RUNNING outputs=1
09-14 12:42:12.901   531  2924 E android.hardware.camera.provider-V1-service: garyVCam [save_frame:884]:VCam save_frame: updated lastFrameUs=1757824932901760
09-14 12:42:12.901   531  2924 E android.hardware.camera.provider-V1-service: garyVCam [rga_data_convert_transform:259]:VCam rga_data_convert_transform: enter
09-14 12:42:12.901   531  2924 E android.hardware.camera.provider-V1-service: garyVCam [rga_data_convert:217]:VCam rga_data_convert: 1920x1080 I420 -> 1920x1080 NV12 rot=0 flipH=0 flipV=0
09-14 12:42:12.903   531  2924 E android.hardware.camera.provider-V1-service: garyVCam [build_transform_flags:203]:VCam build_transform_flags: rot=0 flipH=0 flipV=0 -> tf=0x0
09-14 12:42:12.903   531  2924 E android.hardware.camera.provider-V1-service: garyVCam [rga_data_convert:239]:VCam rga_data_convert: improcess path usage=0x0
09-14 12:42:12.906   531  3174 E android.hardware.camera.provider-V1-service: garyVCam [guessYuvLayout:1117]:VCam guessYuvLayout: fmt=0x22 -> NV12
09-14 12:42:12.906   531  2924 E android.hardware.camera.provider-V1-service: garyVCam [rga_data_convert:251]:VCam rga_data_convert: success
09-14 12:42:12.906   531  2924 E android.hardware.camera.provider-V1-service: garyVCam [rga_data_convert_transform:263]:VCam rga_data_convert_transform: exit ok=1
09-14 12:42:12.906   531  2924 E android.hardware.camera.provider-V1-service: garyVCam [save_frame:920]:VCam save_frame: slot ready 1920x1080 NV12 stamp=1757824932906934
09-14 12:42:12.906   531  2924 E android.hardware.camera.provider-V1-service: garyVCam [save_frame:927]:VCam save_frame: -
09-14 12:42:12.908   531  3174 E android.hardware.camera.provider-V1-service: garyVCam [mapPixelFdFromHandle]: picked fd[42]=110 mappedLen=3317760 (st_size=4149248)
09-14 12:42:12.908   531  3174 E android.hardware.camera.provider-V1-service: garyVCam [dmaSync:1089]:VCam dmaSync: fd=102 start=1
09-14 12:42:12.910   531  3174 E android.hardware.camera.provider-V1-service: garyVCam [estimateStrideFromSize]: bestSize=3317760 w=1920 h=1080 -> stride=2048 need=3317760
09-14 12:42:12.915   531  3174 E android.hardware.camera.provider-V1-service: garyVCam [dmaSync:1089]:VCam dmaSync: fd=102 start=0
09-14 12:42:12.917   531  3174 E android.hardware.camera.provider-V1-service: garyVCam [VCam_CopyLatestTo:1629]:VCam_CopyLatestTo: OK slot 1920x1080 NV12 lastPingUs=1757824932917802
09-14 12:42:12.926   531  2924 E android.hardware.camera.provider-V1-service: garyVCam [client_thread_func:955]:client 42[0]> header cmdFlag=0 cmd=0 p1=1920 p2=1080 p3=19 p4=3110400 p5=1920 p6=1080
09-14 12:42:12.932   531  2924 E android.hardware.camera.provider-V1-service: garyVCam [save_frame:832]:VCam save_frame: + width=1920 height=1080 fmt=19 len=3110400 yStride=1920 ySlice=1080 desired=1 state=E_VIRTUAL_RUNNING outputs=1
09-14 12:42:12.933   531  2924 E android.hardware.camera.provider-V1-service: garyVCam [save_frame:884]:VCam save_frame: updated lastFrameUs=1757824932933524
09-14 12:42:12.933   531  2924 E android.hardware.camera.provider-V1-service: garyVCam [rga_data_convert_transform:259]:VCam rga_data_convert_transform: enter
09-14 12:42:12.933   531  2924 E android.hardware.camera.provider-V1-service: garyVCam [rga_data_convert:217]:VCam rga_data_convert: 1920x1080 I420 -> 1920x1080 NV12 rot=0 flipH=0 flipV=0
