09-14 12:42:09.136   531  3174 E android.hardware.camera.provider-V1-service: garyVCam [VCam_ShouldUseVirtual:1551]:VCam_ShouldUseVirtual: false (desired=0 state=E_TRUE outputs=1)
09-14 12:42:09.169   531  3174 E android.hardware.camera.provider-V1-service: garyVCam [VCam_ShouldUseVirtual:1551]:VCam_ShouldUseVirtual: false (desired=0 state=E_TRUE outputs=1)
09-14 12:42:09.203   531  3174 E android.hardware.camera.provider-V1-service: garyVCam [VCam_ShouldUseVirtual:1551]:VCam_ShouldUseVirtual: false (desired=0 state=E_TRUE outputs=1)
09-14 12:42:09.236   531  3174 E android.hardware.camera.provider-V1-service: garyVCam [VCam_ShouldUseVirtual:1551]:VCam_ShouldUseVirtual: false (desired=0 state=E_TRUE outputs=1)
09-14 12:42:09.273   531  3174 E android.hardware.camera.provider-V1-service: garyVCam [VCam_ShouldUseVirtual:1551]:VCam_ShouldUseVirtual: false (desired=0 state=E_TRUE outputs=1)
09-14 12:42:09.302   531  3174 E android.hardware.camera.provider-V1-service: garyVCam [VCam_ShouldUseVirtual:1551]:VCam_ShouldUseVirtual: false (desired=0 state=E_TRUE outputs=1)
09-14 12:42:09.336   531  3174 E android.hardware.camera.provider-V1-service: garyVCam [VCam_ShouldUseVirtual:1551]:VCam_ShouldUseVirtual: false (desired=0 state=E_TRUE outputs=1)
09-14 12:42:09.370   531  3174 E android.hardware.camera.provider-V1-service: garyVCam [VCam_ShouldUseVirtual:1551]:VCam_ShouldUseVirtual: false (desired=0 state=E_TRUE outputs=1)
09-14 12:42:09.403   531  3174 E android.hardware.camera.provider-V1-service: garyVCam [VCam_ShouldUseVirtual:1551]:VCam_ShouldUseVirtual: false (desired=0 state=E_TRUE outputs=1)
09-14 12:42:09.436   531  3174 E android.hardware.camera.provider-V1-service: garyVCam [VCam_ShouldUseVirtual:1551]:VCam_ShouldUseVirtual: false (desired=0 state=E_TRUE outputs=1)
09-14 12:42:09.470   531  3174 E android.hardware.camera.provider-V1-service: garyVCam [VCam_ShouldUseVirtual:1551]:VCam_ShouldUseVirtual: false (desired=0 state=E_TRUE outputs=1)
09-14 12:42:09.503   531  3174 E android.hardware.camera.provider-V1-service: garyVCam [VCam_ShouldUseVirtual:1551]:VCam_ShouldUseVirtual: false (desired=0 state=E_TRUE outputs=1)
09-14 12:42:09.536   531  3174 E android.hardware.camera.provider-V1-service: garyVCam [VCam_ShouldUseVirtual:1551]:VCam_ShouldUseVirtual: false (desired=0 state=E_TRUE outputs=1)
09-14 12:42:09.571   531  3174 E android.hardware.camera.provider-V1-service: garyVCam [VCam_ShouldUseVirtual:1551]:VCam_ShouldUseVirtual: false (desired=0 state=E_TRUE outputs=1)
09-14 12:42:09.604   531  3174 E android.hardware.camera.provider-V1-service: garyVCam [VCam_ShouldUseVirtual:1551]:VCam_ShouldUseVirtual: false (desired=0 state=E_TRUE outputs=1)
09-14 12:42:09.637   531  3174 E android.hardware.camera.provider-V1-service: garyVCam [VCam_ShouldUseVirtual:1551]:VCam_ShouldUseVirtual: false (desired=0 state=E_TRUE outputs=1)
09-14 12:42:09.669   531  3174 E android.hardware.camera.provider-V1-service: garyVCam [VCam_ShouldUseVirtual:1551]:VCam_ShouldUseVirtual: false (desired=0 state=E_TRUE outputs=1)
09-14 12:42:09.703   531  3174 E android.hardware.camera.provider-V1-service: garyVCam [VCam_ShouldUseVirtual:1551]:VCam_ShouldUseVirtual: false (desired=0 state=E_TRUE outputs=1)
09-14 12:42:09.715   531  2924 E android.hardware.camera.provider-V1-service: garyVCam [client_thread_func:955]:client 42[0]> header cmdFlag=1 cmd=5 p1=0 p2=0 p3=0 p4=0 p5=0 p6=0
09-14 12:42:09.715   531  2924 E android.hardware.camera.provider-V1-service: garyVCam [client_thread_func:963]:client 42[0]> ping lastPingUs=1757824929715839
09-14 12:42:09.738   531  3174 E android.hardware.camera.provider-V1-service: garyVCam [VCam_ShouldUseVirtual:1551]:VCam_ShouldUseVirtual: false (desired=0 state=E_TRUE outputs=1)
09-14 12:42:09.769   531  3174 E android.hardware.camera.provider-V1-service: garyVCam [VCam_ShouldUseVirtual:1551]:VCam_ShouldUseVirtual: false (desired=0 state=E_TRUE outputs=1)
09-14 12:42:09.803   531  3174 E android.hardware.camera.provider-V1-service: garyVCam [VCam_ShouldUseVirtual:1551]:VCam_ShouldUseVirtual: false (desired=0 state=E_TRUE outputs=1)
09-14 12:42:09.836   531  3174 E android.hardware.camera.provider-V1-service: garyVCam [VCam_ShouldUseVirtual:1551]:VCam_ShouldUseVirtual: false (desired=0 state=E_TRUE outputs=1)
09-14 12:42:09.870   531  3174 E android.hardware.camera.provider-V1-service: garyVCam [VCam_ShouldUseVirtual:1551]:VCam_ShouldUseVirtual: false (desired=0 state=E_TRUE outputs=1)
09-14 12:42:09.905   531  3174 E android.hardware.camera.provider-V1-service: garyVCam [VCam_ShouldUseVirtual:1551]:VCam_ShouldUseVirtual: false (desired=0 state=E_TRUE outputs=1)
09-14 12:42:09.936   531  3174 E android.hardware.camera.provider-V1-service: garyVCam [VCam_ShouldUseVirtual:1551]:VCam_ShouldUseVirtual: false (desired=0 state=E_TRUE outputs=1)
09-14 12:42:09.970   531  3174 E android.hardware.camera.provider-V1-service: garyVCam [VCam_ShouldUseVirtual:1551]:VCam_ShouldUseVirtual: false (desired=0 state=E_TRUE outputs=1)
09-14 12:42:10.003   531  3174 E android.hardware.camera.provider-V1-service: garyVCam [VCam_ShouldUseVirtual:1551]:VCam_ShouldUseVirtual: false (desired=0 state=E_TRUE outputs=1)
09-14 12:42:10.037   531  3174 E android.hardware.camera.provider-V1-service: garyVCam [VCam_ShouldUseVirtual:1551]:VCam_ShouldUseVirtual: false (desired=0 state=E_TRUE outputs=1)
09-14 12:42:10.069   531  3174 E android.hardware.camera.provider-V1-service: garyVCam [VCam_ShouldUseVirtual:1551]:VCam_ShouldUseVirtual: false (desired=0 state=E_TRUE outputs=1)
09-14 12:42:10.103   531  3174 E android.hardware.camera.provider-V1-service: garyVCam [VCam_ShouldUseVirtual:1551]:VCam_ShouldUseVirtual: false (desired=0 state=E_TRUE outputs=1)
09-14 12:42:10.136   531  3174 E android.hardware.camera.provider-V1-service: garyVCam [VCam_ShouldUseVirtual:1551]:VCam_ShouldUseVirtual: false (desired=0 state=E_TRUE outputs=1)
09-14 12:42:10.169   531  3174 E android.hardware.camera.provider-V1-service: garyVCam [VCam_ShouldUseVirtual:1551]:VCam_ShouldUseVirtual: false (desired=0 state=E_TRUE outputs=1)
09-14 12:42:10.203   531  3174 E android.hardware.camera.provider-V1-service: garyVCam [VCam_ShouldUseVirtual:1551]:VCam_ShouldUseVirtual: false (desired=0 state=E_TRUE outputs=1)
09-14 12:42:10.236   531  3174 E android.hardware.camera.provider-V1-service: garyVCam [VCam_ShouldUseVirtual:1551]:VCam_ShouldUseVirtual: false (desired=0 state=E_TRUE outputs=1)
09-14 12:42:10.269   531  3174 E android.hardware.camera.provider-V1-service: garyVCam [VCam_ShouldUseVirtual:1551]:VCam_ShouldUseVirtual: false (desired=0 state=E_TRUE outputs=1)
09-14 12:42:10.303   531  3174 E android.hardware.camera.provider-V1-service: garyVCam [VCam_ShouldUseVirtual:1551]:VCam_ShouldUseVirtual: false (desired=0 state=E_TRUE outputs=1)
09-14 12:42:10.336   531  3174 E android.hardware.camera.provider-V1-service: garyVCam [VCam_ShouldUseVirtual:1551]:VCam_ShouldUseVirtual: false (desired=0 state=E_TRUE outputs=1)
09-14 12:42:10.369   531  3174 E android.hardware.camera.provider-V1-service: garyVCam [VCam_ShouldUseVirtual:1551]:VCam_ShouldUseVirtual: false (desired=0 state=E_TRUE outputs=1)
09-14 12:42:10.403   531  3174 E android.hardware.camera.provider-V1-service: garyVCam [VCam_ShouldUseVirtual:1551]:VCam_ShouldUseVirtual: false (desired=0 state=E_TRUE outputs=1)
09-14 12:42:10.436   531  3174 E android.hardware.camera.provider-V1-service: garyVCam [VCam_ShouldUseVirtual:1551]:VCam_ShouldUseVirtual: false (desired=0 state=E_TRUE outputs=1)
09-14 12:42:10.469   531  3174 E android.hardware.camera.provider-V1-service: garyVCam [VCam_ShouldUseVirtual:1551]:VCam_ShouldUseVirtual: false (desired=0 state=E_TRUE outputs=1)
09-14 12:42:10.503   531  3174 E android.hardware.camera.provider-V1-service: garyVCam [VCam_ShouldUseVirtual:1551]:VCam_ShouldUseVirtual: false (desired=0 state=E_TRUE outputs=1)
09-14 12:42:10.536   531  3174 E android.hardware.camera.provider-V1-service: garyVCam [VCam_ShouldUseVirtual:1551]:VCam_ShouldUseVirtual: false (desired=0 state=E_TRUE outputs=1)
09-14 12:42:10.569   531  3174 E android.hardware.camera.provider-V1-service: garyVCam [VCam_ShouldUseVirtual:1551]:VCam_ShouldUseVirtual: false (desired=0 state=E_TRUE outputs=1)
09-14 12:42:10.603   531  3174 E android.hardware.camera.provider-V1-service: garyVCam [VCam_ShouldUseVirtual:1551]:VCam_ShouldUseVirtual: false (desired=0 state=E_TRUE outputs=1)
09-14 12:42:10.636   531  3174 E android.hardware.camera.provider-V1-service: garyVCam [VCam_ShouldUseVirtual:1551]:VCam_ShouldUseVirtual: false (desired=0 state=E_TRUE outputs=1)
09-14 12:42:10.669   531  3174 E android.hardware.camera.provider-V1-service: garyVCam [VCam_ShouldUseVirtual:1551]:VCam_ShouldUseVirtual: false (desired=0 state=E_TRUE outputs=1)
09-14 12:42:10.703   531  3174 E android.hardware.camera.provider-V1-service: garyVCam [VCam_ShouldUseVirtual:1551]:VCam_ShouldUseVirtual: false (desired=0 state=E_TRUE outputs=1)
09-14 12:42:10.745   531  3174 E android.hardware.camera.provider-V1-service: garyVCam [VCam_ShouldUseVirtual:1551]:VCam_ShouldUseVirtual: false (desired=0 state=E_TRUE outputs=1)
09-14 12:42:10.773   531  3174 E android.hardware.camera.provider-V1-service: garyVCam [VCam_ShouldUseVirtual:1551]:VCam_ShouldUseVirtual: false (desired=0 state=E_TRUE outputs=1)
09-14 12:42:10.840   531  3174 E android.hardware.camera.provider-V1-service: garyVCam [VCam_ShouldUseVirtual:1551]:VCam_ShouldUseVirtual: false (desired=0 state=E_TRUE outputs=1)
09-14 12:42:10.844   531  3174 E android.hardware.camera.provider-V1-service: garyVCam [VCam_ShouldUseVirtual:1551]:VCam_ShouldUseVirtual: false (desired=0 state=E_TRUE outputs=1)
09-14 12:42:10.870   531  3174 E android.hardware.camera.provider-V1-service: garyVCam [VCam_ShouldUseVirtual:1551]:VCam_ShouldUseVirtual: false (desired=0 state=E_TRUE outputs=1)
09-14 12:42:10.907   531  3174 E android.hardware.camera.provider-V1-service: garyVCam [VCam_ShouldUseVirtual:1551]:VCam_ShouldUseVirtual: false (desired=0 state=E_TRUE outputs=1)
09-14 12:42:10.936   531  3174 E android.hardware.camera.provider-V1-service: garyVCam [VCam_ShouldUseVirtual:1551]:VCam_ShouldUseVirtual: false (desired=0 state=E_TRUE outputs=1)
09-14 12:42:10.974   531  3174 E android.hardware.camera.provider-V1-service: garyVCam [VCam_ShouldUseVirtual:1551]:VCam_ShouldUseVirtual: false (desired=0 state=E_TRUE outputs=1)
09-14 12:42:11.003   531  3174 E android.hardware.camera.provider-V1-service: garyVCam [VCam_ShouldUseVirtual:1551]:VCam_ShouldUseVirtual: false (desired=0 state=E_TRUE outputs=1)
09-14 12:42:11.029   531  2924 E android.hardware.camera.provider-V1-service: garyVCam [client_thread_func:955]:client 42[0]> header cmdFlag=1 cmd=2 p1=0 p2=0 p3=0 p4=0 p5=0 p6=0
09-14 12:42:11.029   531  2924 E android.hardware.camera.provider-V1-service: garyVCam [requestVirtual:388]:requestVirtual: desire=VIRTUAL (old=0) state=E_TRUE outputs=1
09-14 12:42:11.029   531  2924 E android.hardware.camera.provider-V1-service: garyVCam [changeState:424]:changeState: E_TRUE -> E_VIRTUAL_RESP_READY
09-14 12:42:11.029   531  2924 E android.hardware.camera.provider-V1-service: garyVCam [responseToClients:364]:server> broadcast to 1 clients: [2,0,0,0]
09-14 12:42:11.029   531  2924 E android.hardware.camera.provider-V1-service: garyVCam [responseToClient:356]:server>client 42 send OK [2,0,0,0]
09-14 12:42:11.029   531  2924 E android.hardware.camera.provider-V1-service: garyVCam [requestVirtual:396]:requestVirtual: -> RESP_READY (outputs pre-set) lastFrameUs=1757824931029657
09-14 12:42:11.038   531  3174 E android.hardware.camera.provider-V1-service: garyVCam [VCam_ShouldUseVirtual:1551]:VCam_ShouldUseVirtual: false (desired=1 state=E_VIRTUAL_RESP_READY outputs=1)
09-14 12:42:11.069   531  3174 E android.hardware.camera.provider-V1-service: garyVCam [VCam_ShouldUseVirtual:1551]:VCam_ShouldUseVirtual: false (desired=1 state=E_VIRTUAL_RESP_READY outputs=1)
09-14 12:42:11.109   531  3174 E android.hardware.camera.provider-V1-service: garyVCam [VCam_ShouldUseVirtual:1551]:VCam_ShouldUseVirtual: false (desired=1 state=E_VIRTUAL_RESP_READY outputs=1)
09-14 12:42:11.138   531  3174 E android.hardware.camera.provider-V1-service: garyVCam [VCam_ShouldUseVirtual:1551]:VCam_ShouldUseVirtual: false (desired=1 state=E_VIRTUAL_RESP_READY outputs=1)
09-14 12:42:11.169   531  3174 E android.hardware.camera.provider-V1-service: garyVCam [VCam_ShouldUseVirtual:1551]:VCam_ShouldUseVirtual: false (desired=1 state=E_VIRTUAL_RESP_READY outputs=1)
09-14 12:42:11.205   531  3174 E android.hardware.camera.provider-V1-service: garyVCam [VCam_ShouldUseVirtual:1551]:VCam_ShouldUseVirtual: false (desired=1 state=E_VIRTUAL_RESP_READY outputs=1)
09-14 12:42:11.235   531  3174 E android.hardware.camera.provider-V1-service: garyVCam [VCam_ShouldUseVirtual:1551]:VCam_ShouldUseVirtual: false (desired=1 state=E_VIRTUAL_RESP_READY outputs=1)
09-14 12:42:11.270   531  3174 E android.hardware.camera.provider-V1-service: garyVCam [VCam_ShouldUseVirtual:1551]:VCam_ShouldUseVirtual: false (desired=1 state=E_VIRTUAL_RESP_READY outputs=1)
09-14 12:42:11.301   531  2924 E android.hardware.camera.provider-V1-service: garyVCam [client_thread_func:955]:client 42[0]> header cmdFlag=0 cmd=0 p1=1920 p2=1080 p3=19 p4=3110400 p5=1920 p6=1080
09-14 12:42:11.309   531  3174 E android.hardware.camera.provider-V1-service: garyVCam [VCam_ShouldUseVirtual:1551]:VCam_ShouldUseVirtual: false (desired=1 state=E_VIRTUAL_RESP_READY outputs=1)
09-14 12:42:11.325   531  2924 E android.hardware.camera.provider-V1-service: garyVCam [save_frame:832]:VCam save_frame: + width=1920 height=1080 fmt=19 len=3110400 yStride=1920 ySlice=1080 desired=1 state=E_VIRTUAL_RESP_READY outputs=1
09-14 12:42:11.326   531  2924 E android.hardware.camera.provider-V1-service: garyVCam [rga_init_src_if_needed:158]:VCam rga_init_src: dma_buf_alloc src ret=0 fd=138 ptr=0x6e23cc3000
09-14 12:42:11.327   531  2924 E android.hardware.camera.provider-V1-service: garyVCam [rga_init_src_if_needed:168]:VCam rga_init_src_if_needed: importbuffer_fd src_handle=2056
09-14 12:42:11.334   531  2924 E android.hardware.camera.provider-V1-service: garyVCam [save_frame:884]:VCam save_frame: updated lastFrameUs=1757824931334169
09-14 12:42:11.334   531  2924 E android.hardware.camera.provider-V1-service: garyVCam [onFirstFrameArrived:434]:onFirstFrameArrived: desired=1 state=E_VIRTUAL_RESP_READY
09-14 12:42:11.334   531  2924 E android.hardware.camera.provider-V1-service: garyVCam [changeState:424]:changeState: E_VIRTUAL_RESP_READY -> E_VIRTUAL_FIRST_FRAME
09-14 12:42:11.334   531  2924 E android.hardware.camera.provider-V1-service: garyVCam [responseToClients:364]:server> broadcast to 1 clients: [3,0,0,0]
09-14 12:42:11.335   531  2924 E android.hardware.camera.provider-V1-service: garyVCam [responseToClient:356]:server>client 42 send OK [3,0,0,0]
09-14 12:42:11.336   531  2924 E android.hardware.camera.provider-V1-service: garyVCam [rga_data_convert_transform:259]:VCam rga_data_convert_transform: enter
09-14 12:42:11.336   531  2924 E android.hardware.camera.provider-V1-service: garyVCam [rga_data_convert:217]:VCam rga_data_convert: 1920x1080 I420 -> 1920x1080 NV12 rot=0 flipH=0 flipV=0
09-14 12:42:11.337   531  2924 E android.hardware.camera.provider-V1-service: garyVCam [build_transform_flags:203]:VCam build_transform_flags: rot=0 flipH=0 flipV=0 -> tf=0x0
09-14 12:42:11.337   531  2924 E android.hardware.camera.provider-V1-service: garyVCam [rga_data_convert:239]:VCam rga_data_convert: improcess path usage=0x0
09-14 12:42:11.340   531  2924 E android.hardware.camera.provider-V1-service: garyVCam [rga_data_convert:251]:VCam rga_data_convert: success
09-14 12:42:11.340   531  2924 E android.hardware.camera.provider-V1-service: garyVCam [rga_data_convert_transform:263]:VCam rga_data_convert_transform: exit ok=1
09-14 12:42:11.340   531  2924 E android.hardware.camera.provider-V1-service: garyVCam [save_frame:920]:VCam save_frame: slot ready 1920x1080 NV12 stamp=1757824931340184
09-14 12:42:11.340   531  2924 E android.hardware.camera.provider-V1-service: garyVCam [onVirtualFrameRunning:444]:onVirtualFrameRunning: desired=1 state=E_VIRTUAL_FIRST_FRAME
09-14 12:42:11.340   531  2924 E android.hardware.camera.provider-V1-service: garyVCam [changeState:424]:changeState: E_VIRTUAL_FIRST_FRAME -> E_VIRTUAL_RUNNING
09-14 12:42:11.340   531  2924 E android.hardware.camera.provider-V1-service: garyVCam [responseToClients:364]:server> broadcast to 1 clients: [4,0,0,0]
09-14 12:42:11.341   531  2924 E android.hardware.camera.provider-V1-service: garyVCam [responseToClient:356]:server>client 42 send OK [4,0,0,0]
09-14 12:42:11.341   531  2924 E android.hardware.camera.provider-V1-service: garyVCam [save_frame:927]:VCam save_frame: -
09-14 12:42:11.344   531  2924 E android.hardware.camera.provider-V1-service: garyVCam [client_thread_func:955]:client 42[0]> header cmdFlag=0 cmd=0 p1=1920 p2=1080 p3=19 p4=3110400 p5=1920 p6=1080
09-14 12:42:11.348   531  3174 E android.hardware.camera.provider-V1-service: garyVCam [guessYuvLayout:1117]:VCam guessYuvLayout: fmt=0x22 -> NV12
09-14 12:42:11.350   531  3174 E android.hardware.camera.provider-V1-service: garyVCam [mapPixelFdFromHandle]: no mappable pixel fd (w=1920 h=1080)
09-14 12:42:11.354   531  2924 E android.hardware.camera.provider-V1-service: garyVCam [save_frame:832]:VCam save_frame: + width=1920 height=1080 fmt=19 len=3110400 yStride=1920 ySlice=1080 desired=1 state=E_VIRTUAL_RUNNING outputs=1
09-14 12:42:11.356   531  2924 E android.hardware.camera.provider-V1-service: garyVCam [save_frame:884]:VCam save_frame: updated lastFrameUs=1757824931356300
09-14 12:42:11.360   531  3174 E android.hardware.camera.provider-V1-service: garyVCam VCamMapper: lock failed w=1920 h=1080
09-14 12:42:11.363   531  3174 E android.hardware.camera.provider-V1-service: garyVCam [mapPixelFdFromHandle]: no mappable pixel fd (w=1920 h=1080)
09-14 12:42:11.363   531  3174 E android.hardware.camera.provider-V1-service: garyVCam VCamMapper: lock failed w=1920 h=1080
09-14 12:42:11.363   531  3174 E android.hardware.camera.provider-V1-service: garyVCam [VCam_CopyLatestTo:1631]:VCam_CopyLatestTo: still failed after fallbacks ret=-4
09-14 12:42:11.363   531  2924 E android.hardware.camera.provider-V1-service: garyVCam [rga_data_convert_transform:259]:VCam rga_data_convert_transform: enter
09-14 12:42:11.363   531  2924 E android.hardware.camera.provider-V1-service: garyVCam [rga_data_convert:217]:VCam rga_data_convert: 1920x1080 I420 -> 1920x1080 NV12 rot=0 flipH=0 flipV=0
09-14 12:42:11.365   531  2924 E android.hardware.camera.provider-V1-service: garyVCam [build_transform_flags:203]:VCam build_transform_flags: rot=0 flipH=0 flipV=0 -> tf=0x0
09-14 12:42:11.365   531  2924 E android.hardware.camera.provider-V1-service: garyVCam [rga_data_convert:239]:VCam rga_data_convert: improcess path usage=0x0
09-14 12:42:11.369   531  2924 E android.hardware.camera.provider-V1-service: garyVCam [rga_data_convert:251]:VCam rga_data_convert: success
09-14 12:42:11.369   531  2924 E android.hardware.camera.provider-V1-service: garyVCam [rga_data_convert_transform:263]:VCam rga_data_convert_transform: exit ok=1
09-14 12:42:11.369   531  2924 E android.hardware.camera.provider-V1-service: garyVCam [save_frame:920]:VCam save_frame: slot ready 1920x1080 NV12 stamp=1757824931369323
09-14 12:42:11.369   531  2924 E android.hardware.camera.provider-V1-service: garyVCam [save_frame:927]:VCam save_frame: -
09-14 12:42:11.370   531  2924 E android.hardware.camera.provider-V1-service: garyVCam [client_thread_func:955]:client 42[0]> header cmdFlag=0 cmd=0 p1=1920 p2=1080 p3=19 p4=3110400 p5=1920 p6=1080
09-14 12:42:11.379   531  3174 E android.hardware.camera.provider-V1-service: garyVCam [guessYuvLayout:1117]:VCam guessYuvLayout: fmt=0x22 -> NV12
09-14 12:42:11.382   531  3174 E android.hardware.camera.provider-V1-service: garyVCam [mapPixelFdFromHandle]: no mappable pixel fd (w=1920 h=1080)
09-14 12:42:11.382   531  2924 E android.hardware.camera.provider-V1-service: garyVCam [save_frame:832]:VCam save_frame: + width=1920 height=1080 fmt=19 len=3110400 yStride=1920 ySlice=1080 desired=1 state=E_VIRTUAL_RUNNING outputs=1
09-14 12:42:11.384   531  2924 E android.hardware.camera.provider-V1-service: garyVCam [save_frame:884]:VCam save_frame: updated lastFrameUs=1757824931384135
09-14 12:42:11.385   531  3174 E android.hardware.camera.provider-V1-service: garyVCam VCamMapper: lock failed w=1920 h=1080
09-14 12:42:11.389   531  3174 E android.hardware.camera.provider-V1-service: garyVCam [mapPixelFdFromHandle]: no mappable pixel fd (w=1920 h=1080)
09-14 12:42:11.390   531  3174 E android.hardware.camera.provider-V1-service: garyVCam VCamMapper: lock failed w=1920 h=1080
09-14 12:42:11.390   531  3174 E android.hardware.camera.provider-V1-service: garyVCam [VCam_CopyLatestTo:1631]:VCam_CopyLatestTo: still failed after fallbacks ret=-4
09-14 12:42:11.390   531  2924 E android.hardware.camera.provider-V1-service: garyVCam [rga_data_convert_transform:259]:VCam rga_data_convert_transform: enter
09-14 12:42:11.390   531  2924 E android.hardware.camera.provider-V1-service: garyVCam [rga_data_convert:217]:VCam rga_data_convert: 1920x1080 I420 -> 1920x1080 NV12 rot=0 flipH=0 flipV=0
09-14 12:42:11.395   531  2924 E android.hardware.camera.provider-V1-service: garyVCam [build_transform_flags:203]:VCam build_transform_flags: rot=0 flipH=0 flipV=0 -> tf=0x0
09-14 12:42:11.395   531  2924 E android.hardware.camera.provider-V1-service: garyVCam [rga_data_convert:239]:VCam rga_data_convert: improcess path usage=0x0
09-14 12:42:11.398   531  2924 E android.hardware.camera.provider-V1-service: garyVCam [rga_data_convert:251]:VCam rga_data_convert: success
09-14 12:42:11.398   531  2924 E android.hardware.camera.provider-V1-service: garyVCam [rga_data_convert_transform:263]:VCam rga_data_convert_transform: exit ok=1
09-14 12:42:11.398   531  2924 E android.hardware.camera.provider-V1-service: garyVCam [save_frame:920]:VCam save_frame: slot ready 1920x1080 NV12 stamp=1757824931398483
09-14 12:42:11.398   531  2924 E android.hardware.camera.provider-V1-service: garyVCam [save_frame:927]:VCam save_frame: -
09-14 12:42:11.399   531  2924 E android.hardware.camera.provider-V1-service: garyVCam [client_thread_func:955]:client 42[0]> header cmdFlag=0 cmd=0 p1=1920 p2=1080 p3=19 p4=3110400 p5=1920 p6=1080
09-14 12:42:11.405   531  2924 E android.hardware.camera.provider-V1-service: garyVCam [save_frame:832]:VCam save_frame: + width=1920 height=1080 fmt=19 len=3110400 yStride=1920 ySlice=1080 desired=1 state=E_VIRTUAL_RUNNING outputs=1
09-14 12:42:11.406   531  2924 E android.hardware.camera.provider-V1-service: garyVCam [save_frame:884]:VCam save_frame: updated lastFrameUs=1757824931406685
09-14 12:42:11.406   531  2924 E android.hardware.camera.provider-V1-service: garyVCam [rga_data_convert_transform:259]:VCam rga_data_convert_transform: enter
09-14 12:42:11.406   531  2924 E android.hardware.camera.provider-V1-service: garyVCam [rga_data_convert:217]:VCam rga_data_convert: 1920x1080 I420 -> 1920x1080 NV12 rot=0 flipH=0 flipV=0
09-14 12:42:11.407   531  3174 E android.hardware.camera.provider-V1-service: garyVCam [guessYuvLayout:1117]:VCam guessYuvLayout: fmt=0x22 -> NV12
09-14 12:42:11.408   531  2924 E android.hardware.camera.provider-V1-service: garyVCam [build_transform_flags:203]:VCam build_transform_flags: rot=0 flipH=0 flipV=0 -> tf=0x0
09-14 12:42:11.408   531  2924 E android.hardware.camera.provider-V1-service: garyVCam [rga_data_convert:239]:VCam rga_data_convert: improcess path usage=0x0
09-14 12:42:11.411   531  2924 E android.hardware.camera.provider-V1-service: garyVCam [rga_data_convert:251]:VCam rga_data_convert: success
09-14 12:42:11.411   531  2924 E android.hardware.camera.provider-V1-service: garyVCam [rga_data_convert_transform:263]:VCam rga_data_convert_transform: exit ok=1
09-14 12:42:11.411   531  2924 E android.hardware.camera.provider-V1-service: garyVCam [save_frame:920]:VCam save_frame: slot ready 1920x1080 NV12 stamp=1757824931411148
09-14 12:42:11.411   531  2924 E android.hardware.camera.provider-V1-service: garyVCam [save_frame:927]:VCam save_frame: -
09-14 12:42:11.413   531  3174 E android.hardware.camera.provider-V1-service: garyVCam [mapPixelFdFromHandle]: no mappable pixel fd (w=1920 h=1080)
09-14 12:42:11.413   531  3174 E android.hardware.camera.provider-V1-service: garyVCam VCamMapper: lock failed w=1920 h=1080
09-14 12:42:11.416   531  3174 E android.hardware.camera.provider-V1-service: garyVCam [mapPixelFdFromHandle]: no mappable pixel fd (w=1920 h=1080)
09-14 12:42:11.417   531  3174 E android.hardware.camera.provider-V1-service: garyVCam VCamMapper: lock failed w=1920 h=1080
09-14 12:42:11.417   531  3174 E android.hardware.camera.provider-V1-service: garyVCam [VCam_CopyLatestTo:1631]:VCam_CopyLatestTo: still failed after fallbacks ret=-4
09-14 12:42:11.426   531  2924 E android.hardware.camera.provider-V1-service: garyVCam [client_thread_func:955]:client 42[0]> header cmdFlag=0 cmd=0 p1=1920 p2=1080 p3=19 p4=3110400 p5=1920 p6=1080
09-14 12:42:11.433   531  2924 E android.hardware.camera.provider-V1-service: garyVCam [save_frame:832]:VCam save_frame: + width=1920 height=1080 fmt=19 len=3110400 yStride=1920 ySlice=1080 desired=1 state=E_VIRTUAL_RUNNING outputs=1
09-14 12:42:11.436   531  2924 E android.hardware.camera.provider-V1-service: garyVCam [save_frame:884]:VCam save_frame: updated lastFrameUs=1757824931436476
09-14 12:42:11.436   531  2924 E android.hardware.camera.provider-V1-service: garyVCam [rga_data_convert_transform:259]:VCam rga_data_convert_transform: enter
09-14 12:42:11.436   531  2924 E android.hardware.camera.provider-V1-service: garyVCam [rga_data_convert:217]:VCam rga_data_convert: 1920x1080 I420 -> 1920x1080 NV12 rot=0 flipH=0 flipV=0
09-14 12:42:11.436   531  3174 E android.hardware.camera.provider-V1-service: garyVCam [guessYuvLayout:1117]:VCam guessYuvLayout: fmt=0x22 -> NV12
09-14 12:42:11.437   531  2924 E android.hardware.camera.provider-V1-service: garyVCam [build_transform_flags:203]:VCam build_transform_flags: rot=0 flipH=0 flipV=0 -> tf=0x0
09-14 12:42:11.437   531  2924 E android.hardware.camera.provider-V1-service: garyVCam [rga_data_convert:239]:VCam rga_data_convert: improcess path usage=0x0
09-14 12:42:11.439   531  2924 E android.hardware.camera.provider-V1-service: garyVCam [rga_data_convert:251]:VCam rga_data_convert: success
09-14 12:42:11.439   531  2924 E android.hardware.camera.provider-V1-service: garyVCam [rga_data_convert_transform:263]:VCam rga_data_convert_transform: exit ok=1
09-14 12:42:11.439   531  2924 E android.hardware.camera.provider-V1-service: garyVCam [save_frame:920]:VCam save_frame: slot ready 1920x1080 NV12 stamp=1757824931439852
09-14 12:42:11.439   531  2924 E android.hardware.camera.provider-V1-service: garyVCam [save_frame:927]:VCam save_frame: -
09-14 12:42:11.441   531  3174 E android.hardware.camera.provider-V1-service: garyVCam [mapPixelFdFromHandle]: no mappable pixel fd (w=1920 h=1080)
09-14 12:42:11.442   531  3174 E android.hardware.camera.provider-V1-service: garyVCam VCamMapper: lock failed w=1920 h=1080
09-14 12:42:11.443   531  3174 E android.hardware.camera.provider-V1-service: garyVCam [mapPixelFdFromHandle]: no mappable pixel fd (w=1920 h=1080)
09-14 12:42:11.443   531  3174 E android.hardware.camera.provider-V1-service: garyVCam VCamMapper: lock failed w=1920 h=1080
09-14 12:42:11.443   531  3174 E android.hardware.camera.provider-V1-service: garyVCam [VCam_CopyLatestTo:1631]:VCam_CopyLatestTo: still failed after fallbacks ret=-4
09-14 12:42:11.460   531  2924 E android.hardware.camera.provider-V1-service: garyVCam [client_thread_func:955]:client 42[0]> header cmdFlag=0 cmd=0 p1=1920 p2=1080 p3=19 p4=3110400 p5=1920 p6=1080
09-14 12:42:11.466   531  2924 E android.hardware.camera.provider-V1-service: garyVCam [save_frame:832]:VCam save_frame: + width=1920 height=1080 fmt=19 len=3110400 yStride=1920 ySlice=1080 desired=1 state=E_VIRTUAL_RUNNING outputs=1
09-14 12:42:11.469   531  2924 E android.hardware.camera.provider-V1-service: garyVCam [save_frame:884]:VCam save_frame: updated lastFrameUs=1757824931469496
09-14 12:42:11.469   531  2924 E android.hardware.camera.provider-V1-service: garyVCam [rga_data_convert_transform:259]:VCam rga_data_convert_transform: enter
09-14 12:42:11.469   531  2924 E android.hardware.camera.provider-V1-service: garyVCam [rga_data_convert:217]:VCam rga_data_convert: 1920x1080 I420 -> 1920x1080 NV12 rot=0 flipH=0 flipV=0
09-14 12:42:11.470   531  2924 E android.hardware.camera.provider-V1-service: garyVCam [build_transform_flags:203]:VCam build_transform_flags: rot=0 flipH=0 flipV=0 -> tf=0x0
09-14 12:42:11.470   531  2924 E android.hardware.camera.provider-V1-service: garyVCam [rga_data_convert:239]:VCam rga_data_convert: improcess path usage=0x0
09-14 12:42:11.470   531  3174 E android.hardware.camera.provider-V1-service: garyVCam [guessYuvLayout:1117]:VCam guessYuvLayout: fmt=0x22 -> NV12
09-14 12:42:11.473   531  2924 E android.hardware.camera.provider-V1-service: garyVCam [rga_data_convert:251]:VCam rga_data_convert: success
09-14 12:42:11.473   531  2924 E android.hardware.camera.provider-V1-service: garyVCam [rga_data_convert_transform:263]:VCam rga_data_convert_transform: exit ok=1
09-14 12:42:11.473   531  2924 E android.hardware.camera.provider-V1-service: garyVCam [save_frame:920]:VCam save_frame: slot ready 1920x1080 NV12 stamp=1757824931473525
09-14 12:42:11.473   531  2924 E android.hardware.camera.provider-V1-service: garyVCam [save_frame:927]:VCam save_frame: -
09-14 12:42:11.475   531  3174 E android.hardware.camera.provider-V1-service: garyVCam [mapPixelFdFromHandle]: no mappable pixel fd (w=1920 h=1080)
09-14 12:42:11.475   531  3174 E android.hardware.camera.provider-V1-service: garyVCam VCamMapper: lock failed w=1920 h=1080
09-14 12:42:11.476   531  3174 E android.hardware.camera.provider-V1-service: garyVCam [mapPixelFdFromHandle]: no mappable pixel fd (w=1920 h=1080)
09-14 12:42:11.477   531  3174 E android.hardware.camera.provider-V1-service: garyVCam VCamMapper: lock failed w=1920 h=1080
09-14 12:42:11.477   531  3174 E android.hardware.camera.provider-V1-service: garyVCam [VCam_CopyLatestTo:1631]:VCam_CopyLatestTo: still failed after fallbacks ret=-4
09-14 12:42:11.493   531  2924 E android.hardware.camera.provider-V1-service: garyVCam [client_thread_func:955]:client 42[0]> header cmdFlag=0 cmd=0 p1=1920 p2=1080 p3=19 p4=3110400 p5=1920 p6=1080
09-14 12:42:11.498   531  2924 E android.hardware.camera.provider-V1-service: garyVCam [save_frame:832]:VCam save_frame: + width=1920 height=1080 fmt=19 len=3110400 yStride=1920 ySlice=1080 desired=1 state=E_VIRTUAL_RUNNING outputs=1
09-14 12:42:11.499   531  2924 E android.hardware.camera.provider-V1-service: garyVCam [save_frame:884]:VCam save_frame: updated lastFrameUs=1757824931499468
09-14 12:42:11.499   531  2924 E android.hardware.camera.provider-V1-service: garyVCam [rga_data_convert_transform:259]:VCam rga_data_convert_transform: enter
09-14 12:42:11.499   531  2924 E android.hardware.camera.provider-V1-service: garyVCam [rga_data_convert:217]:VCam rga_data_convert: 1920x1080 I420 -> 1920x1080 NV12 rot=0 flipH=0 flipV=0
09-14 12:42:11.500   531  2924 E android.hardware.camera.provider-V1-service: garyVCam [build_transform_flags:203]:VCam build_transform_flags: rot=0 flipH=0 flipV=0 -> tf=0x0
09-14 12:42:11.500   531  2924 E android.hardware.camera.provider-V1-service: garyVCam [rga_data_convert:239]:VCam rga_data_convert: improcess path usage=0x0
09-14 12:42:11.503   531  3174 E android.hardware.camera.provider-V1-service: garyVCam [guessYuvLayout:1117]:VCam guessYuvLayout: fmt=0x22 -> NV12
09-14 12:42:11.505   531  2924 E android.hardware.camera.provider-V1-service: garyVCam [rga_data_convert:251]:VCam rga_data_convert: success
09-14 12:42:11.505   531  2924 E android.hardware.camera.provider-V1-service: garyVCam [rga_data_convert_transform:263]:VCam rga_data_convert_transform: exit ok=1
09-14 12:42:11.505   531  2924 E android.hardware.camera.provider-V1-service: garyVCam [save_frame:920]:VCam save_frame: slot ready 1920x1080 NV12 stamp=1757824931505224
09-14 12:42:11.505   531  2924 E android.hardware.camera.provider-V1-service: garyVCam [save_frame:927]:VCam save_frame: -
09-14 12:42:11.507   531  3174 E android.hardware.camera.provider-V1-service: garyVCam [mapPixelFdFromHandle]: picked fd[42]=110 mappedLen=3317760 (st_size=4149248)
09-14 12:42:11.507   531  3174 E android.hardware.camera.provider-V1-service: garyVCam [dmaSync:1089]:VCam dmaSync: fd=102 start=1
09-14 12:42:11.508   531  3174 E android.hardware.camera.provider-V1-service: garyVCam [estimateStrideFromSize]: bestSize=3317760 w=1920 h=1080 -> stride=2048 need=3317760
09-14 12:42:11.510   531  3174 E android.hardware.camera.provider-V1-service: garyVCam [dmaSync:1089]:VCam dmaSync: fd=102 start=0
09-14 12:42:11.512   531  3174 E android.hardware.camera.provider-V1-service: garyVCam [VCam_CopyLatestTo:1629]:VCam_CopyLatestTo: OK slot 1920x1080 NV12 lastPingUs=1757824931512563
09-14 12:42:11.528   531  2924 E android.hardware.camera.provider-V1-service: garyVCam [client_thread_func:955]:client 42[0]> header cmdFlag=0 cmd=0 p1=1920 p2=1080 p3=19 p4=3110400 p5=1920 p6=1080
09-14 12:42:11.532   531  2924 E android.hardware.camera.provider-V1-service: garyVCam [save_frame:832]:VCam save_frame: + width=1920 height=1080 fmt=19 len=3110400 yStride=1920 ySlice=1080 desired=1 state=E_VIRTUAL_RUNNING outputs=1
09-14 12:42:11.533   531  2924 E android.hardware.camera.provider-V1-service: garyVCam [save_frame:884]:VCam save_frame: updated lastFrameUs=1757824931533303
09-14 12:42:11.533   531  2924 E android.hardware.camera.provider-V1-service: garyVCam [rga_data_convert_transform:259]:VCam rga_data_convert_transform: enter
09-14 12:42:11.533   531  2924 E android.hardware.camera.provider-V1-service: garyVCam [rga_data_convert:217]:VCam rga_data_convert: 1920x1080 I420 -> 1920x1080 NV12 rot=0 flipH=0 flipV=0
09-14 12:42:11.534   531  2924 E android.hardware.camera.provider-V1-service: garyVCam [build_transform_flags:203]:VCam build_transform_flags: rot=0 flipH=0 flipV=0 -> tf=0x0
09-14 12:42:11.534   531  2924 E android.hardware.camera.provider-V1-service: garyVCam [rga_data_convert:239]:VCam rga_data_convert: improcess path usage=0x0
09-14 12:42:11.536   531  3174 E android.hardware.camera.provider-V1-service: garyVCam [guessYuvLayout:1117]:VCam guessYuvLayout: fmt=0x22 -> NV12
09-14 12:42:11.536   531  2924 E android.hardware.camera.provider-V1-service: garyVCam [rga_data_convert:251]:VCam rga_data_convert: success
09-14 12:42:11.536   531  2924 E android.hardware.camera.provider-V1-service: garyVCam [rga_data_convert_transform:263]:VCam rga_data_convert_transform: exit ok=1
09-14 12:42:11.537   531  2924 E android.hardware.camera.provider-V1-service: garyVCam [save_frame:920]:VCam save_frame: slot ready 1920x1080 NV12 stamp=1757824931537001
09-14 12:42:11.537   531  2924 E android.hardware.camera.provider-V1-service: garyVCam [save_frame:927]:VCam save_frame: -
09-14 12:42:11.538   531  3174 E android.hardware.camera.provider-V1-service: garyVCam [mapPixelFdFromHandle]: picked fd[42]=110 mappedLen=3317760 (st_size=4149248)
09-14 12:42:11.538   531  3174 E android.hardware.camera.provider-V1-service: garyVCam [dmaSync:1089]:VCam dmaSync: fd=87 start=1
09-14 12:42:11.540   531  3174 E android.hardware.camera.provider-V1-service: garyVCam [estimateStrideFromSize]: bestSize=3317760 w=1920 h=1080 -> stride=2048 need=3317760
09-14 12:42:11.543   531  3174 E android.hardware.camera.provider-V1-service: garyVCam [dmaSync:1089]:VCam dmaSync: fd=87 start=0
09-14 12:42:11.545   531  3174 E android.hardware.camera.provider-V1-service: garyVCam [VCam_CopyLatestTo:1629]:VCam_CopyLatestTo: OK slot 1920x1080 NV12 lastPingUs=1757824931545014
09-14 12:42:11.560   531  2924 E android.hardware.camera.provider-V1-service: garyVCam [client_thread_func:955]:client 42[0]> header cmdFlag=0 cmd=0 p1=1920 p2=1080 p3=19 p4=3110400 p5=1920 p6=1080
09-14 12:42:11.566   531  2924 E android.hardware.camera.provider-V1-service: garyVCam [save_frame:832]:VCam save_frame: + width=1920 height=1080 fmt=19 len=3110400 yStride=1920 ySlice=1080 desired=1 state=E_VIRTUAL_RUNNING outputs=1
09-14 12:42:11.568   531  2924 E android.hardware.camera.provider-V1-service: garyVCam [save_frame:884]:VCam save_frame: updated lastFrameUs=1757824931568062
09-14 12:42:11.568   531  2924 E android.hardware.camera.provider-V1-service: garyVCam [rga_data_convert_transform:259]:VCam rga_data_convert_transform: enter
09-14 12:42:11.568   531  2924 E android.hardware.camera.provider-V1-service: garyVCam [rga_data_convert:217]:VCam rga_data_convert: 1920x1080 I420 -> 1920x1080 NV12 rot=0 flipH=0 flipV=0
09-14 12:42:11.569   531  2924 E android.hardware.camera.provider-V1-service: garyVCam [build_transform_flags:203]:VCam build_transform_flags: rot=0 flipH=0 flipV=0 -> tf=0x0
09-14 12:42:11.569   531  2924 E android.hardware.camera.provider-V1-service: garyVCam [rga_data_convert:239]:VCam rga_data_convert: improcess path usage=0x0
09-14 12:42:11.573   531  2924 E android.hardware.camera.provider-V1-service: garyVCam [rga_data_convert:251]:VCam rga_data_convert: success
09-14 12:42:11.573   531  2924 E android.hardware.camera.provider-V1-service: garyVCam [rga_data_convert_transform:263]:VCam rga_data_convert_transform: exit ok=1
09-14 12:42:11.573   531  2924 E android.hardware.camera.provider-V1-service: garyVCam [save_frame:920]:VCam save_frame: slot ready 1920x1080 NV12 stamp=1757824931573204
09-14 12:42:11.573   531  2924 E android.hardware.camera.provider-V1-service: garyVCam [save_frame:927]:VCam save_frame: -
09-14 12:42:11.573   531  3174 E android.hardware.camera.provider-V1-service: garyVCam [guessYuvLayout:1117]:VCam guessYuvLayout: fmt=0x22 -> NV12
09-14 12:42:11.574   531  3174 E android.hardware.camera.provider-V1-service: garyVCam [mapPixelFdFromHandle]: picked fd[42]=110 mappedLen=3317760 (st_size=4149248)
09-14 12:42:11.574   531  3174 E android.hardware.camera.provider-V1-service: garyVCam [dmaSync:1089]:VCam dmaSync: fd=83 start=1
09-14 12:42:11.575   531  3174 E android.hardware.camera.provider-V1-service: garyVCam [estimateStrideFromSize]: bestSize=3317760 w=1920 h=1080 -> stride=2048 need=3317760
09-14 12:42:11.580   531  3174 E android.hardware.camera.provider-V1-service: garyVCam [dmaSync:1089]:VCam dmaSync: fd=83 start=0
09-14 12:42:11.581   531  3174 E android.hardware.camera.provider-V1-service: garyVCam [VCam_CopyLatestTo:1629]:VCam_CopyLatestTo: OK slot 1920x1080 NV12 lastPingUs=1757824931581368
09-14 12:42:11.593   531  2924 E android.hardware.camera.provider-V1-service: garyVCam [client_thread_func:955]:client 42[0]> header cmdFlag=0 cmd=0 p1=1920 p2=1080 p3=19 p4=3110400 p5=1920 p6=1080
09-14 12:42:11.600   531  2924 E android.hardware.camera.provider-V1-service: garyVCam [save_frame:832]:VCam save_frame: + width=1920 height=1080 fmt=19 len=3110400 yStride=1920 ySlice=1080 desired=1 state=E_VIRTUAL_RUNNING outputs=1
09-14 12:42:11.601   531  2924 E android.hardware.camera.provider-V1-service: garyVCam [save_frame:884]:VCam save_frame: updated lastFrameUs=1757824931601429
09-14 12:42:11.601   531  2924 E android.hardware.camera.provider-V1-service: garyVCam [rga_data_convert_transform:259]:VCam rga_data_convert_transform: enter
09-14 12:42:11.601   531  2924 E android.hardware.camera.provider-V1-service: garyVCam [rga_data_convert:217]:VCam rga_data_convert: 1920x1080 I420 -> 1920x1080 NV12 rot=0 flipH=0 flipV=0
09-14 12:42:11.602   531  2924 E android.hardware.camera.provider-V1-service: garyVCam [build_transform_flags:203]:VCam build_transform_flags: rot=0 flipH=0 flipV=0 -> tf=0x0
09-14 12:42:11.602   531  2924 E android.hardware.camera.provider-V1-service: garyVCam [rga_data_convert:239]:VCam rga_data_convert: improcess path usage=0x0
09-14 12:42:11.605   531  2924 E android.hardware.camera.provider-V1-service: garyVCam [rga_data_convert:251]:VCam rga_data_convert: success
09-14 12:42:11.605   531  2924 E android.hardware.camera.provider-V1-service: garyVCam [rga_data_convert_transform:263]:VCam rga_data_convert_transform: exit ok=1
09-14 12:42:11.605   531  2924 E android.hardware.camera.provider-V1-service: garyVCam [save_frame:920]:VCam save_frame: slot ready 1920x1080 NV12 stamp=1757824931605148
09-14 12:42:11.605   531  2924 E android.hardware.camera.provider-V1-service: garyVCam [save_frame:927]:VCam save_frame: -
09-14 12:42:11.609   531  3174 E android.hardware.camera.provider-V1-service: garyVCam [guessYuvLayout:1117]:VCam guessYuvLayout: fmt=0x22 -> NV12
09-14 12:42:11.611   531  3174 E android.hardware.camera.provider-V1-service: garyVCam [mapPixelFdFromHandle]: no mappable pixel fd (w=1920 h=1080)
09-14 12:42:11.611   531  3174 E android.hardware.camera.provider-V1-service: garyVCam VCamMapper: lock failed w=1920 h=1080
09-14 12:42:11.614   531  3174 E android.hardware.camera.provider-V1-service: garyVCam [mapPixelFdFromHandle]: no mappable pixel fd (w=1920 h=1080)
09-14 12:42:11.614   531  3174 E android.hardware.camera.provider-V1-service: garyVCam VCamMapper: lock failed w=1920 h=1080
09-14 12:42:11.614   531  3174 E android.hardware.camera.provider-V1-service: garyVCam [VCam_CopyLatestTo:1631]:VCam_CopyLatestTo: still failed after fallbacks ret=-4
09-14 12:42:11.630   531  2924 E android.hardware.camera.provider-V1-service: garyVCam [client_thread_func:955]:client 42[0]> header cmdFlag=0 cmd=0 p1=1920 p2=1080 p3=19 p4=3110400 p5=1920 p6=1080
09-14 12:42:11.640   531  2924 E android.hardware.camera.provider-V1-service: garyVCam [save_frame:832]:VCam save_frame: + width=1920 height=1080 fmt=19 len=3110400 yStride=1920 ySlice=1080 desired=1 state=E_VIRTUAL_RUNNING outputs=1
09-14 12:42:11.641   531  2924 E android.hardware.camera.provider-V1-service: garyVCam [save_frame:884]:VCam save_frame: updated lastFrameUs=1757824931641690
09-14 12:42:11.641   531  2924 E android.hardware.camera.provider-V1-service: garyVCam [rga_data_convert_transform:259]:VCam rga_data_convert_transform: enter
09-14 12:42:11.641   531  2924 E android.hardware.camera.provider-V1-service: garyVCam [rga_data_convert:217]:VCam rga_data_convert: 1920x1080 I420 -> 1920x1080 NV12 rot=0 flipH=0 flipV=0
09-14 12:42:11.643   531  2924 E android.hardware.camera.provider-V1-service: garyVCam [build_transform_flags:203]:VCam build_transform_flags: rot=0 flipH=0 flipV=0 -> tf=0x0
09-14 12:42:11.643   531  2924 E android.hardware.camera.provider-V1-service: garyVCam [rga_data_convert:239]:VCam rga_data_convert: improcess path usage=0x0
09-14 12:42:11.645   531  3174 E android.hardware.camera.provider-V1-service: garyVCam [guessYuvLayout:1117]:VCam guessYuvLayout: fmt=0x22 -> NV12
09-14 12:42:11.646   531  2924 E android.hardware.camera.provider-V1-service: garyVCam [rga_data_convert:251]:VCam rga_data_convert: success
09-14 12:42:11.646   531  2924 E android.hardware.camera.provider-V1-service: garyVCam [rga_data_convert_transform:263]:VCam rga_data_convert_transform: exit ok=1
09-14 12:42:11.646   531  2924 E android.hardware.camera.provider-V1-service: garyVCam [save_frame:920]:VCam save_frame: slot ready 1920x1080 NV12 stamp=1757824931646339
09-14 12:42:11.646   531  2924 E android.hardware.camera.provider-V1-service: garyVCam [save_frame:927]:VCam save_frame: -
09-14 12:42:11.648   531  3174 E android.hardware.camera.provider-V1-service: garyVCam [mapPixelFdFromHandle]: no mappable pixel fd (w=1920 h=1080)
09-14 12:42:11.649   531  3174 E android.hardware.camera.provider-V1-service: garyVCam VCamMapper: lock failed w=1920 h=1080
09-14 12:42:11.654   531  3174 E android.hardware.camera.provider-V1-service: garyVCam [mapPixelFdFromHandle]: no mappable pixel fd (w=1920 h=1080)
09-14 12:42:11.654   531  3174 E android.hardware.camera.provider-V1-service: garyVCam VCamMapper: lock failed w=1920 h=1080
09-14 12:42:11.654   531  3174 E android.hardware.camera.provider-V1-service: garyVCam [VCam_CopyLatestTo:1631]:VCam_CopyLatestTo: still failed after fallbacks ret=-4
09-14 12:42:11.661   531  2924 E android.hardware.camera.provider-V1-service: garyVCam [client_thread_func:955]:client 42[0]> header cmdFlag=0 cmd=0 p1=1920 p2=1080 p3=19 p4=3110400 p5=1920 p6=1080
09-14 12:42:11.669   531  2924 E android.hardware.camera.provider-V1-service: garyVCam [save_frame:832]:VCam save_frame: + width=1920 height=1080 fmt=19 len=3110400 yStride=1920 ySlice=1080 desired=1 state=E_VIRTUAL_RUNNING outputs=1
09-14 12:42:11.671   531  2924 E android.hardware.camera.provider-V1-service: garyVCam [save_frame:884]:VCam save_frame: updated lastFrameUs=1757824931671562
09-14 12:42:11.671   531  2924 E android.hardware.camera.provider-V1-service: garyVCam [rga_data_convert_transform:259]:VCam rga_data_convert_transform: enter
09-14 12:42:11.671   531  2924 E android.hardware.camera.provider-V1-service: garyVCam [rga_data_convert:217]:VCam rga_data_convert: 1920x1080 I420 -> 1920x1080 NV12 rot=0 flipH=0 flipV=0
09-14 12:42:11.673   531  2924 E android.hardware.camera.provider-V1-service: garyVCam [build_transform_flags:203]:VCam build_transform_flags: rot=0 flipH=0 flipV=0 -> tf=0x0
09-14 12:42:11.673   531  2924 E android.hardware.camera.provider-V1-service: garyVCam [rga_data_convert:239]:VCam rga_data_convert: improcess path usage=0x0
09-14 12:42:11.676   531  2924 E android.hardware.camera.provider-V1-service: garyVCam [rga_data_convert:251]:VCam rga_data_convert: success
09-14 12:42:11.676   531  2924 E android.hardware.camera.provider-V1-service: garyVCam [rga_data_convert_transform:263]:VCam rga_data_convert_transform: exit ok=1
09-14 12:42:11.676   531  2924 E android.hardware.camera.provider-V1-service: garyVCam [save_frame:920]:VCam save_frame: slot ready 1920x1080 NV12 stamp=1757824931676159
09-14 12:42:11.676   531  2924 E android.hardware.camera.provider-V1-service: garyVCam [save_frame:927]:VCam save_frame: -
09-14 12:42:11.693   531  3174 E android.hardware.camera.provider-V1-service: garyVCam [guessYuvLayout:1117]:VCam guessYuvLayout: fmt=0x22 -> NV12
09-14 12:42:11.694   531  2924 E android.hardware.camera.provider-V1-service: garyVCam [client_thread_func:955]:client 42[0]> header cmdFlag=0 cmd=0 p1=1920 p2=1080 p3=19 p4=3110400 p5=1920 p6=1080
09-14 12:42:11.695   531  3174 E android.hardware.camera.provider-V1-service: garyVCam [mapPixelFdFromHandle]: no mappable pixel fd (w=1920 h=1080)
09-14 12:42:11.695   531  3174 E android.hardware.camera.provider-V1-service: garyVCam VCamMapper: lock failed w=1920 h=1080
09-14 12:42:11.698   531  3174 E android.hardware.camera.provider-V1-service: garyVCam [mapPixelFdFromHandle]: no mappable pixel fd (w=1920 h=1080)
09-14 12:42:11.698   531  3174 E android.hardware.camera.provider-V1-service: garyVCam VCamMapper: lock failed w=1920 h=1080
09-14 12:42:11.698   531  3174 E android.hardware.camera.provider-V1-service: garyVCam [VCam_CopyLatestTo:1631]:VCam_CopyLatestTo: still failed after fallbacks ret=-4
09-14 12:42:11.701   531  2924 E android.hardware.camera.provider-V1-service: garyVCam [save_frame:832]:VCam save_frame: + width=1920 height=1080 fmt=19 len=3110400 yStride=1920 ySlice=1080 desired=1 state=E_VIRTUAL_RUNNING outputs=1
09-14 12:42:11.703   531  2924 E android.hardware.camera.provider-V1-service: garyVCam [save_frame:884]:VCam save_frame: updated lastFrameUs=1757824931703085
09-14 12:42:11.703   531  2924 E android.hardware.camera.provider-V1-service: garyVCam [rga_data_convert_transform:259]:VCam rga_data_convert_transform: enter
09-14 12:42:11.703   531  2924 E android.hardware.camera.provider-V1-service: garyVCam [rga_data_convert:217]:VCam rga_data_convert: 1920x1080 I420 -> 1920x1080 NV12 rot=0 flipH=0 flipV=0
09-14 12:42:11.704   531  2924 E android.hardware.camera.provider-V1-service: garyVCam [build_transform_flags:203]:VCam build_transform_flags: rot=0 flipH=0 flipV=0 -> tf=0x0
09-14 12:42:11.704   531  2924 E android.hardware.camera.provider-V1-service: garyVCam [rga_data_convert:239]:VCam rga_data_convert: improcess path usage=0x0
09-14 12:42:11.707   531  2924 E android.hardware.camera.provider-V1-service: garyVCam [rga_data_convert:251]:VCam rga_data_convert: success
09-14 12:42:11.707   531  2924 E android.hardware.camera.provider-V1-service: garyVCam [rga_data_convert_transform:263]:VCam rga_data_convert_transform: exit ok=1
09-14 12:42:11.707   531  2924 E android.hardware.camera.provider-V1-service: garyVCam [save_frame:920]:VCam save_frame: slot ready 1920x1080 NV12 stamp=1757824931707391
09-14 12:42:11.707   531  2924 E android.hardware.camera.provider-V1-service: garyVCam [save_frame:927]:VCam save_frame: -
09-14 12:42:11.709   531  3174 E android.hardware.camera.provider-V1-service: garyVCam [guessYuvLayout:1117]:VCam guessYuvLayout: fmt=0x22 -> NV12
09-14 12:42:11.709   531  3174 E android.hardware.camera.provider-V1-service: garyVCam [mapPixelFdFromHandle]: no mappable pixel fd (w=1920 h=1080)
09-14 12:42:11.709   531  3174 E android.hardware.camera.provider-V1-service: garyVCam VCamMapper: lock failed w=1920 h=1080
09-14 12:42:11.709   531  3174 E android.hardware.camera.provider-V1-service: garyVCam [mapPixelFdFromHandle]: no mappable pixel fd (w=1920 h=1080)
09-14 12:42:11.709   531  3174 E android.hardware.camera.provider-V1-service: garyVCam VCamMapper: lock failed w=1920 h=1080
09-14 12:42:11.709   531  3174 E android.hardware.camera.provider-V1-service: garyVCam [VCam_CopyLatestTo:1631]:VCam_CopyLatestTo: still failed after fallbacks ret=-4
09-14 12:42:11.727   531  2924 E android.hardware.camera.provider-V1-service: garyVCam [client_thread_func:955]:client 42[0]> header cmdFlag=0 cmd=0 p1=1920 p2=1080 p3=19 p4=3110400 p5=1920 p6=1080
