09-14 12:54:54.189   532   532 E android.hardware.camera.provider-V1-service: garyVCam [VCam_ServerStart:1482]:VCam_ServerStart...
09-14 12:54:54.189   532   532 E android.hardware.camera.provider-V1-service: garyVCam [VCam_ServerStart:1485]:VCam_ServerStart: new ServerControl 0xb40000760b445090
09-14 12:54:54.189   532   532 E android.hardware.camera.provider-V1-service: garyVCam [VCam_ServerStart:1491]:VCam_ServerStart: server_running=0
09-14 12:54:54.189   532   532 E android.hardware.camera.provider-V1-service: garyVCam [changeState:421]:changeState: same E_TRUE, ignore
09-14 12:54:54.189   532   532 E android.hardware.camera.provider-V1-service: garyVCam [start:284]:ServerControl> start (server_running=0)
09-14 12:54:54.189   532   532 E android.hardware.camera.provider-V1-service: garyVCam [start:292]:ServerControl> start: thread launched (joinable=1)
09-14 12:54:54.189   532   532 E android.hardware.camera.provider-V1-service: garyVCam [VCam_ServerStart:1498]:VCam_ServerStart: started
09-14 12:54:54.190   532  2432 E android.hardware.camera.provider-V1-service: garyVCam [server_thread_func:1014]:server>start
09-14 12:54:54.190   532  2432 E android.hardware.camera.provider-V1-service: garyVCam [server_thread_func:1028]:server>setsockopt SO_RCVTIMEO ret=0 errno=2(No such file or directory)
09-14 12:54:54.190   532  2432 E android.hardware.camera.provider-V1-service: garyVCam [server_thread_func:1048]:server>listening abstract camera_hal_socket
09-14 12:54:54.382   532  2429 E android.hardware.camera.provider-V1-service: garyVCam [VCam_ResetOutputs:1421]:VCam_ResetOutputs: clear 0 slots
09-14 12:54:54.384   532  2429 E android.hardware.camera.provider-V1-service: garyVCam [VCam_AddOutput:1458]:VCam_AddOutput: add slot 1920x1080 NV12 (size=3110400) total=1
09-14 12:54:54.384   532  2429 I RequestThread: VCam add output: 1920x1080 fmt=0x22
09-14 12:54:54.518   532  2431 E android.hardware.camera.provider-V1-service: garyVCam [VCam_ShouldUseVirtual:1551]:VCam_ShouldUseVirtual: false (desired=0 state=E_TRUE outputs=1)
09-14 12:54:54.571   532  2431 E android.hardware.camera.provider-V1-service: garyVCam [VCam_ShouldUseVirtual:1551]:VCam_ShouldUseVirtual: false (desired=0 state=E_TRUE outputs=1)
09-14 12:54:54.594   532  2431 E android.hardware.camera.provider-V1-service: garyVCam [VCam_ShouldUseVirtual:1551]:VCam_ShouldUseVirtual: false (desired=0 state=E_TRUE outputs=1)
09-14 12:54:54.620   532  2431 E android.hardware.camera.provider-V1-service: garyVCam [VCam_ShouldUseVirtual:1551]:VCam_ShouldUseVirtual: false (desired=0 state=E_TRUE outputs=1)
09-14 12:54:54.651   532  2431 E android.hardware.camera.provider-V1-service: garyVCam [VCam_ShouldUseVirtual:1551]:VCam_ShouldUseVirtual: false (desired=0 state=E_TRUE outputs=1)
09-14 12:54:54.684   532  2431 E android.hardware.camera.provider-V1-service: garyVCam [VCam_ShouldUseVirtual:1551]:VCam_ShouldUseVirtual: false (desired=0 state=E_TRUE outputs=1)
09-14 12:54:54.720   532  2431 E android.hardware.camera.provider-V1-service: garyVCam [VCam_ShouldUseVirtual:1551]:VCam_ShouldUseVirtual: false (desired=0 state=E_TRUE outputs=1)
09-14 12:54:54.754   532  2431 E android.hardware.camera.provider-V1-service: garyVCam [VCam_ShouldUseVirtual:1551]:VCam_ShouldUseVirtual: false (desired=0 state=E_TRUE outputs=1)
09-14 12:54:54.785   532  2431 E android.hardware.camera.provider-V1-service: garyVCam [VCam_ShouldUseVirtual:1551]:VCam_ShouldUseVirtual: false (desired=0 state=E_TRUE outputs=1)
09-14 12:54:54.819   532  2431 E android.hardware.camera.provider-V1-service: garyVCam [VCam_ShouldUseVirtual:1551]:VCam_ShouldUseVirtual: false (desired=0 state=E_TRUE outputs=1)
09-14 12:54:54.852   532  2431 E android.hardware.camera.provider-V1-service: garyVCam [VCam_ShouldUseVirtual:1551]:VCam_ShouldUseVirtual: false (desired=0 state=E_TRUE outputs=1)
09-14 12:54:54.885   532  2431 E android.hardware.camera.provider-V1-service: garyVCam [VCam_ShouldUseVirtual:1551]:VCam_ShouldUseVirtual: false (desired=0 state=E_TRUE outputs=1)
09-14 12:54:54.920   532  2431 E android.hardware.camera.provider-V1-service: garyVCam [VCam_ShouldUseVirtual:1551]:VCam_ShouldUseVirtual: false (desired=0 state=E_TRUE outputs=1)
09-14 12:54:54.953   532  2431 E android.hardware.camera.provider-V1-service: garyVCam [VCam_ShouldUseVirtual:1551]:VCam_ShouldUseVirtual: false (desired=0 state=E_TRUE outputs=1)
09-14 12:54:54.986   532  2431 E android.hardware.camera.provider-V1-service: garyVCam [VCam_ShouldUseVirtual:1551]:VCam_ShouldUseVirtual: false (desired=0 state=E_TRUE outputs=1)
09-14 12:54:55.018   532  2431 E android.hardware.camera.provider-V1-service: garyVCam [VCam_ShouldUseVirtual:1551]:VCam_ShouldUseVirtual: false (desired=0 state=E_TRUE outputs=1)
09-14 12:54:55.051   532  2431 E android.hardware.camera.provider-V1-service: garyVCam [VCam_ShouldUseVirtual:1551]:VCam_ShouldUseVirtual: false (desired=0 state=E_TRUE outputs=1)
09-14 12:54:55.085   532  2431 E android.hardware.camera.provider-V1-service: garyVCam [VCam_ShouldUseVirtual:1551]:VCam_ShouldUseVirtual: false (desired=0 state=E_TRUE outputs=1)
09-14 12:54:55.119   532  2431 E android.hardware.camera.provider-V1-service: garyVCam [VCam_ShouldUseVirtual:1551]:VCam_ShouldUseVirtual: false (desired=0 state=E_TRUE outputs=1)
09-14 12:54:55.152   532  2431 E android.hardware.camera.provider-V1-service: garyVCam [VCam_ShouldUseVirtual:1551]:VCam_ShouldUseVirtual: false (desired=0 state=E_TRUE outputs=1)
09-14 12:54:55.184   532  2431 E android.hardware.camera.provider-V1-service: garyVCam [VCam_ShouldUseVirtual:1551]:VCam_ShouldUseVirtual: false (desired=0 state=E_TRUE outputs=1)
09-14 12:54:55.218   532  2431 E android.hardware.camera.provider-V1-service: garyVCam [VCam_ShouldUseVirtual:1551]:VCam_ShouldUseVirtual: false (desired=0 state=E_TRUE outputs=1)
09-14 12:54:55.251   532  2431 E android.hardware.camera.provider-V1-service: garyVCam [VCam_ShouldUseVirtual:1551]:VCam_ShouldUseVirtual: false (desired=0 state=E_TRUE outputs=1)
09-14 12:54:55.285   532  2431 E android.hardware.camera.provider-V1-service: garyVCam [VCam_ShouldUseVirtual:1551]:VCam_ShouldUseVirtual: false (desired=0 state=E_TRUE outputs=1)
09-14 12:54:55.317   532  2431 E android.hardware.camera.provider-V1-service: garyVCam [VCam_ShouldUseVirtual:1551]:VCam_ShouldUseVirtual: false (desired=0 state=E_TRUE outputs=1)
09-14 12:54:55.350   532  2431 E android.hardware.camera.provider-V1-service: garyVCam [VCam_ShouldUseVirtual:1551]:VCam_ShouldUseVirtual: false (desired=0 state=E_TRUE outputs=1)
09-14 12:54:55.384   532  2431 E android.hardware.camera.provider-V1-service: garyVCam [VCam_ShouldUseVirtual:1551]:VCam_ShouldUseVirtual: false (desired=0 state=E_TRUE outputs=1)
09-14 12:54:55.418   532  2431 E android.hardware.camera.provider-V1-service: garyVCam [VCam_ShouldUseVirtual:1551]:VCam_ShouldUseVirtual: false (desired=0 state=E_TRUE outputs=1)
09-14 12:54:55.450   532  2431 E android.hardware.camera.provider-V1-service: garyVCam [VCam_ShouldUseVirtual:1551]:VCam_ShouldUseVirtual: false (desired=0 state=E_TRUE outputs=1)
09-14 12:54:55.484   532  2431 E android.hardware.camera.provider-V1-service: garyVCam [VCam_ShouldUseVirtual:1551]:VCam_ShouldUseVirtual: false (desired=0 state=E_TRUE outputs=1)
09-14 12:54:55.517   532  2431 E android.hardware.camera.provider-V1-service: garyVCam [VCam_ShouldUseVirtual:1551]:VCam_ShouldUseVirtual: false (desired=0 state=E_TRUE outputs=1)
09-14 12:54:55.552   532  2431 E android.hardware.camera.provider-V1-service: garyVCam [VCam_ShouldUseVirtual:1551]:VCam_ShouldUseVirtual: false (desired=0 state=E_TRUE outputs=1)
09-14 12:54:55.586   532  2431 E android.hardware.camera.provider-V1-service: garyVCam [VCam_ShouldUseVirtual:1551]:VCam_ShouldUseVirtual: false (desired=0 state=E_TRUE outputs=1)
09-14 12:54:55.617   532  2431 E android.hardware.camera.provider-V1-service: garyVCam [VCam_ShouldUseVirtual:1551]:VCam_ShouldUseVirtual: false (desired=0 state=E_TRUE outputs=1)
09-14 12:54:55.651   532  2431 E android.hardware.camera.provider-V1-service: garyVCam [VCam_ShouldUseVirtual:1551]:VCam_ShouldUseVirtual: false (desired=0 state=E_TRUE outputs=1)
09-14 12:54:55.670   532  2432 E android.hardware.camera.provider-V1-service: garyVCam [server_thread_func:1067]:server> client accepted fd=42 idx=0
09-14 12:54:55.670   532  2462 E android.hardware.camera.provider-V1-service: garyVCam [client_thread_func:935]:client 42>start idx=0
09-14 12:54:55.676   532  2462 E android.hardware.camera.provider-V1-service: garyVCam [client_thread_func:955]:client 42[0]> header cmdFlag=1 cmd=1 p1=0 p2=0 p3=0 p4=0 p5=0 p6=0
09-14 12:54:55.676   532  2462 E android.hardware.camera.provider-V1-service: garyVCam [responseToClient:356]:server>client 42 send OK [0,0,0,0]
09-14 12:54:55.676   532  2462 E android.hardware.camera.provider-V1-service: garyVCam [client_thread_func:955]:client 42[0]> header cmdFlag=1 cmd=4 p1=0 p2=0 p3=0 p4=0 p5=0 p6=0
09-14 12:54:55.676   532  2462 E android.hardware.camera.provider-V1-service: garyVCam [client_thread_func:955]:client 42[0]> header cmdFlag=1 cmd=6 p1=0 p2=0 p3=0 p4=0 p5=0 p6=0
09-14 12:54:55.676   532  2462 E android.hardware.camera.provider-V1-service: garyVCam [client_thread_func:964]:client 42[0]> setPaused 0
09-14 12:54:55.676   532  2462 E android.hardware.camera.provider-V1-service: garyVCam [client_thread_func:955]:client 42[0]> header cmdFlag=1 cmd=7 p1=1 p2=0 p3=0 p4=0 p5=0 p6=0
09-14 12:54:55.676   532  2462 E android.hardware.camera.provider-V1-service: garyVCam [setEffects:158]:mask:1 bright:0 color:0 block:0 jitter:0
09-14 12:54:55.677   532  2462 E android.hardware.camera.provider-V1-service: garyVCam [client_thread_func:955]:client 42[0]> header cmdFlag=1 cmd=3 p1=0 p2=0 p3=0 p4=0 p5=0 p6=0
09-14 12:54:55.677   532  2462 E android.hardware.camera.provider-V1-service: garyVCam [requestReal:405]:requestReal: desire=REAL (old=0) state=E_TRUE
09-14 12:54:55.677   532  2462 E android.hardware.camera.provider-V1-service: garyVCam [changeState:421]:changeState: same E_TRUE, ignore
09-14 12:54:55.677   532  2462 E android.hardware.camera.provider-V1-service: garyVCam [requestReal:408]:requestReal: -> REAL
09-14 12:54:55.685   532  2431 E android.hardware.camera.provider-V1-service: garyVCam [VCam_ShouldUseVirtual:1551]:VCam_ShouldUseVirtual: false (desired=0 state=E_TRUE outputs=1)
09-14 12:54:55.719   532  2431 E android.hardware.camera.provider-V1-service: garyVCam [VCam_ShouldUseVirtual:1551]:VCam_ShouldUseVirtual: false (desired=0 state=E_TRUE outputs=1)
09-14 12:54:55.750   532  2431 E android.hardware.camera.provider-V1-service: garyVCam [VCam_ShouldUseVirtual:1551]:VCam_ShouldUseVirtual: false (desired=0 state=E_TRUE outputs=1)
09-14 12:54:55.783   532  2431 E android.hardware.camera.provider-V1-service: garyVCam [VCam_ShouldUseVirtual:1551]:VCam_ShouldUseVirtual: false (desired=0 state=E_TRUE outputs=1)
09-14 12:54:55.817   532  2431 E android.hardware.camera.provider-V1-service: garyVCam [VCam_ShouldUseVirtual:1551]:VCam_ShouldUseVirtual: false (desired=0 state=E_TRUE outputs=1)
09-14 12:54:55.850   532  2431 E android.hardware.camera.provider-V1-service: garyVCam [VCam_ShouldUseVirtual:1551]:VCam_ShouldUseVirtual: false (desired=0 state=E_TRUE outputs=1)
09-14 12:54:55.885   532  2431 E android.hardware.camera.provider-V1-service: garyVCam [VCam_ShouldUseVirtual:1551]:VCam_ShouldUseVirtual: false (desired=0 state=E_TRUE outputs=1)
09-14 12:54:55.916   532  2431 E android.hardware.camera.provider-V1-service: garyVCam [VCam_ShouldUseVirtual:1551]:VCam_ShouldUseVirtual: false (desired=0 state=E_TRUE outputs=1)
09-14 12:54:55.950   532  2431 E android.hardware.camera.provider-V1-service: garyVCam [VCam_ShouldUseVirtual:1551]:VCam_ShouldUseVirtual: false (desired=0 state=E_TRUE outputs=1)
09-14 12:54:55.983   532  2431 E android.hardware.camera.provider-V1-service: garyVCam [VCam_ShouldUseVirtual:1551]:VCam_ShouldUseVirtual: false (desired=0 state=E_TRUE outputs=1)
09-14 12:54:56.016   532  2431 E android.hardware.camera.provider-V1-service: garyVCam [VCam_ShouldUseVirtual:1551]:VCam_ShouldUseVirtual: false (desired=0 state=E_TRUE outputs=1)
09-14 12:54:56.049   532  2431 E android.hardware.camera.provider-V1-service: garyVCam [VCam_ShouldUseVirtual:1551]:VCam_ShouldUseVirtual: false (desired=0 state=E_TRUE outputs=1)
09-14 12:54:56.082   532  2431 E android.hardware.camera.provider-V1-service: garyVCam [VCam_ShouldUseVirtual:1551]:VCam_ShouldUseVirtual: false (desired=0 state=E_TRUE outputs=1)
09-14 12:54:56.116   532  2431 E android.hardware.camera.provider-V1-service: garyVCam [VCam_ShouldUseVirtual:1551]:VCam_ShouldUseVirtual: false (desired=0 state=E_TRUE outputs=1)
09-14 12:54:56.149   532  2431 E android.hardware.camera.provider-V1-service: garyVCam [VCam_ShouldUseVirtual:1551]:VCam_ShouldUseVirtual: false (desired=0 state=E_TRUE outputs=1)
09-14 12:54:56.182   532  2431 E android.hardware.camera.provider-V1-service: garyVCam [VCam_ShouldUseVirtual:1551]:VCam_ShouldUseVirtual: false (desired=0 state=E_TRUE outputs=1)
09-14 12:54:56.216   532  2431 E android.hardware.camera.provider-V1-service: garyVCam [VCam_ShouldUseVirtual:1551]:VCam_ShouldUseVirtual: false (desired=0 state=E_TRUE outputs=1)
09-14 12:54:56.249   532  2431 E android.hardware.camera.provider-V1-service: garyVCam [VCam_ShouldUseVirtual:1551]:VCam_ShouldUseVirtual: false (desired=0 state=E_TRUE outputs=1)
09-14 12:54:56.282   532  2431 E android.hardware.camera.provider-V1-service: garyVCam [VCam_ShouldUseVirtual:1551]:VCam_ShouldUseVirtual: false (desired=0 state=E_TRUE outputs=1)
09-14 12:54:56.316   532  2431 E android.hardware.camera.provider-V1-service: garyVCam [VCam_ShouldUseVirtual:1551]:VCam_ShouldUseVirtual: false (desired=0 state=E_TRUE outputs=1)
09-14 12:54:56.349   532  2431 E android.hardware.camera.provider-V1-service: garyVCam [VCam_ShouldUseVirtual:1551]:VCam_ShouldUseVirtual: false (desired=0 state=E_TRUE outputs=1)
09-14 12:54:56.383   532  2431 E android.hardware.camera.provider-V1-service: garyVCam [VCam_ShouldUseVirtual:1551]:VCam_ShouldUseVirtual: false (desired=0 state=E_TRUE outputs=1)
09-14 12:54:56.416   532  2431 E android.hardware.camera.provider-V1-service: garyVCam [VCam_ShouldUseVirtual:1551]:VCam_ShouldUseVirtual: false (desired=0 state=E_TRUE outputs=1)
09-14 12:54:56.449   532  2431 E android.hardware.camera.provider-V1-service: garyVCam [VCam_ShouldUseVirtual:1551]:VCam_ShouldUseVirtual: false (desired=0 state=E_TRUE outputs=1)
09-14 12:54:56.483   532  2431 E android.hardware.camera.provider-V1-service: garyVCam [VCam_ShouldUseVirtual:1551]:VCam_ShouldUseVirtual: false (desired=0 state=E_TRUE outputs=1)
09-14 12:54:56.516   532  2431 E android.hardware.camera.provider-V1-service: garyVCam [VCam_ShouldUseVirtual:1551]:VCam_ShouldUseVirtual: false (desired=0 state=E_TRUE outputs=1)
09-14 12:54:56.549   532  2431 E android.hardware.camera.provider-V1-service: garyVCam [VCam_ShouldUseVirtual:1551]:VCam_ShouldUseVirtual: false (desired=0 state=E_TRUE outputs=1)
09-14 12:54:56.586   532  2431 E android.hardware.camera.provider-V1-service: garyVCam [VCam_ShouldUseVirtual:1551]:VCam_ShouldUseVirtual: false (desired=0 state=E_TRUE outputs=1)
09-14 12:54:56.626   532  2431 E android.hardware.camera.provider-V1-service: garyVCam [VCam_ShouldUseVirtual:1551]:VCam_ShouldUseVirtual: false (desired=0 state=E_TRUE outputs=1)
09-14 12:54:56.666   532  2431 E android.hardware.camera.provider-V1-service: garyVCam [VCam_ShouldUseVirtual:1551]:VCam_ShouldUseVirtual: false (desired=0 state=E_TRUE outputs=1)
09-14 12:54:56.707   532  2431 E android.hardware.camera.provider-V1-service: garyVCam [VCam_ShouldUseVirtual:1551]:VCam_ShouldUseVirtual: false (desired=0 state=E_TRUE outputs=1)
09-14 12:54:56.747   532  2431 E android.hardware.camera.provider-V1-service: garyVCam [VCam_ShouldUseVirtual:1551]:VCam_ShouldUseVirtual: false (desired=0 state=E_TRUE outputs=1)
09-14 12:54:56.787   532  2431 E android.hardware.camera.provider-V1-service: garyVCam [VCam_ShouldUseVirtual:1551]:VCam_ShouldUseVirtual: false (desired=0 state=E_TRUE outputs=1)
09-14 12:54:56.828   532  2431 E android.hardware.camera.provider-V1-service: garyVCam [VCam_ShouldUseVirtual:1551]:VCam_ShouldUseVirtual: false (desired=0 state=E_TRUE outputs=1)
09-14 12:54:56.868   532  2431 E android.hardware.camera.provider-V1-service: garyVCam [VCam_ShouldUseVirtual:1551]:VCam_ShouldUseVirtual: false (desired=0 state=E_TRUE outputs=1)
09-14 12:54:56.908   532  2431 E android.hardware.camera.provider-V1-service: garyVCam [VCam_ShouldUseVirtual:1551]:VCam_ShouldUseVirtual: false (desired=0 state=E_TRUE outputs=1)
09-14 12:54:56.949   532  2431 E android.hardware.camera.provider-V1-service: garyVCam [VCam_ShouldUseVirtual:1551]:VCam_ShouldUseVirtual: false (desired=0 state=E_TRUE outputs=1)
09-14 12:54:56.989   532  2431 E android.hardware.camera.provider-V1-service: garyVCam [VCam_ShouldUseVirtual:1551]:VCam_ShouldUseVirtual: false (desired=0 state=E_TRUE outputs=1)
09-14 12:54:57.025   532  2431 E android.hardware.camera.provider-V1-service: garyVCam [VCam_ShouldUseVirtual:1551]:VCam_ShouldUseVirtual: false (desired=0 state=E_TRUE outputs=1)
09-14 12:54:57.059   532  2431 E android.hardware.camera.provider-V1-service: garyVCam [VCam_ShouldUseVirtual:1551]:VCam_ShouldUseVirtual: false (desired=0 state=E_TRUE outputs=1)
09-14 12:54:57.092   532  2431 E android.hardware.camera.provider-V1-service: garyVCam [VCam_ShouldUseVirtual:1551]:VCam_ShouldUseVirtual: false (desired=0 state=E_TRUE outputs=1)
09-14 12:54:57.125   532  2431 E android.hardware.camera.provider-V1-service: garyVCam [VCam_ShouldUseVirtual:1551]:VCam_ShouldUseVirtual: false (desired=0 state=E_TRUE outputs=1)
09-14 12:54:57.159   532  2431 E android.hardware.camera.provider-V1-service: garyVCam [VCam_ShouldUseVirtual:1551]:VCam_ShouldUseVirtual: false (desired=0 state=E_TRUE outputs=1)
09-14 12:54:57.192   532  2431 E android.hardware.camera.provider-V1-service: garyVCam [VCam_ShouldUseVirtual:1551]:VCam_ShouldUseVirtual: false (desired=0 state=E_TRUE outputs=1)
09-14 12:54:57.225   532  2431 E android.hardware.camera.provider-V1-service: garyVCam [VCam_ShouldUseVirtual:1551]:VCam_ShouldUseVirtual: false (desired=0 state=E_TRUE outputs=1)
09-14 12:54:57.259   532  2431 E android.hardware.camera.provider-V1-service: garyVCam [VCam_ShouldUseVirtual:1551]:VCam_ShouldUseVirtual: false (desired=0 state=E_TRUE outputs=1)
09-14 12:54:57.292   532  2431 E android.hardware.camera.provider-V1-service: garyVCam [VCam_ShouldUseVirtual:1551]:VCam_ShouldUseVirtual: false (desired=0 state=E_TRUE outputs=1)
09-14 12:54:57.325   532  2431 E android.hardware.camera.provider-V1-service: garyVCam [VCam_ShouldUseVirtual:1551]:VCam_ShouldUseVirtual: false (desired=0 state=E_TRUE outputs=1)
09-14 12:54:57.359   532  2431 E android.hardware.camera.provider-V1-service: garyVCam [VCam_ShouldUseVirtual:1551]:VCam_ShouldUseVirtual: false (desired=0 state=E_TRUE outputs=1)
09-14 12:54:57.392   532  2431 E android.hardware.camera.provider-V1-service: garyVCam [VCam_ShouldUseVirtual:1551]:VCam_ShouldUseVirtual: false (desired=0 state=E_TRUE outputs=1)
09-14 12:54:57.426   532  2431 E android.hardware.camera.provider-V1-service: garyVCam [VCam_ShouldUseVirtual:1551]:VCam_ShouldUseVirtual: false (desired=0 state=E_TRUE outputs=1)
09-14 12:54:57.459   532  2431 E android.hardware.camera.provider-V1-service: garyVCam [VCam_ShouldUseVirtual:1551]:VCam_ShouldUseVirtual: false (desired=0 state=E_TRUE outputs=1)
09-14 12:54:57.492   532  2431 E android.hardware.camera.provider-V1-service: garyVCam [VCam_ShouldUseVirtual:1551]:VCam_ShouldUseVirtual: false (desired=0 state=E_TRUE outputs=1)
09-14 12:54:57.526   532  2431 E android.hardware.camera.provider-V1-service: garyVCam [VCam_ShouldUseVirtual:1551]:VCam_ShouldUseVirtual: false (desired=0 state=E_TRUE outputs=1)
09-14 12:54:57.559   532  2431 E android.hardware.camera.provider-V1-service: garyVCam [VCam_ShouldUseVirtual:1551]:VCam_ShouldUseVirtual: false (desired=0 state=E_TRUE outputs=1)
09-14 12:54:57.592   532  2431 E android.hardware.camera.provider-V1-service: garyVCam [VCam_ShouldUseVirtual:1551]:VCam_ShouldUseVirtual: false (desired=0 state=E_TRUE outputs=1)
09-14 12:54:57.625   532  2431 E android.hardware.camera.provider-V1-service: garyVCam [VCam_ShouldUseVirtual:1551]:VCam_ShouldUseVirtual: false (desired=0 state=E_TRUE outputs=1)
09-14 12:54:57.659   532  2431 E android.hardware.camera.provider-V1-service: garyVCam [VCam_ShouldUseVirtual:1551]:VCam_ShouldUseVirtual: false (desired=0 state=E_TRUE outputs=1)
09-14 12:54:57.692   532  2431 E android.hardware.camera.provider-V1-service: garyVCam [VCam_ShouldUseVirtual:1551]:VCam_ShouldUseVirtual: false (desired=0 state=E_TRUE outputs=1)
09-14 12:54:57.726   532  2431 E android.hardware.camera.provider-V1-service: garyVCam [VCam_ShouldUseVirtual:1551]:VCam_ShouldUseVirtual: false (desired=0 state=E_TRUE outputs=1)
09-14 12:54:57.759   532  2431 E android.hardware.camera.provider-V1-service: garyVCam [VCam_ShouldUseVirtual:1551]:VCam_ShouldUseVirtual: false (desired=0 state=E_TRUE outputs=1)
09-14 12:54:57.793   532  2431 E android.hardware.camera.provider-V1-service: garyVCam [VCam_ShouldUseVirtual:1551]:VCam_ShouldUseVirtual: false (desired=0 state=E_TRUE outputs=1)
09-14 12:54:57.826   532  2431 E android.hardware.camera.provider-V1-service: garyVCam [VCam_ShouldUseVirtual:1551]:VCam_ShouldUseVirtual: false (desired=0 state=E_TRUE outputs=1)
09-14 12:54:57.859   532  2431 E android.hardware.camera.provider-V1-service: garyVCam [VCam_ShouldUseVirtual:1551]:VCam_ShouldUseVirtual: false (desired=0 state=E_TRUE outputs=1)
09-14 12:54:57.893   532  2431 E android.hardware.camera.provider-V1-service: garyVCam [VCam_ShouldUseVirtual:1551]:VCam_ShouldUseVirtual: false (desired=0 state=E_TRUE outputs=1)
09-14 12:54:57.926   532  2431 E android.hardware.camera.provider-V1-service: garyVCam [VCam_ShouldUseVirtual:1551]:VCam_ShouldUseVirtual: false (desired=0 state=E_TRUE outputs=1)
09-14 12:54:57.959   532  2431 E android.hardware.camera.provider-V1-service: garyVCam [VCam_ShouldUseVirtual:1551]:VCam_ShouldUseVirtual: false (desired=0 state=E_TRUE outputs=1)
09-14 12:54:57.992   532  2431 E android.hardware.camera.provider-V1-service: garyVCam [VCam_ShouldUseVirtual:1551]:VCam_ShouldUseVirtual: false (desired=0 state=E_TRUE outputs=1)
09-14 12:54:58.026   532  2431 E android.hardware.camera.provider-V1-service: garyVCam [VCam_ShouldUseVirtual:1551]:VCam_ShouldUseVirtual: false (desired=0 state=E_TRUE outputs=1)
09-14 12:54:58.059   532  2431 E android.hardware.camera.provider-V1-service: garyVCam [VCam_ShouldUseVirtual:1551]:VCam_ShouldUseVirtual: false (desired=0 state=E_TRUE outputs=1)
09-14 12:54:58.092   532  2431 E android.hardware.camera.provider-V1-service: garyVCam [VCam_ShouldUseVirtual:1551]:VCam_ShouldUseVirtual: false (desired=0 state=E_TRUE outputs=1)
09-14 12:54:58.126   532  2431 E android.hardware.camera.provider-V1-service: garyVCam [VCam_ShouldUseVirtual:1551]:VCam_ShouldUseVirtual: false (desired=0 state=E_TRUE outputs=1)
09-14 12:54:58.159   532  2431 E android.hardware.camera.provider-V1-service: garyVCam [VCam_ShouldUseVirtual:1551]:VCam_ShouldUseVirtual: false (desired=0 state=E_TRUE outputs=1)
09-14 12:54:58.195   532  2431 E android.hardware.camera.provider-V1-service: garyVCam [VCam_ShouldUseVirtual:1551]:VCam_ShouldUseVirtual: false (desired=0 state=E_TRUE outputs=1)
09-14 12:54:58.226   532  2431 E android.hardware.camera.provider-V1-service: garyVCam [VCam_ShouldUseVirtual:1551]:VCam_ShouldUseVirtual: false (desired=0 state=E_TRUE outputs=1)
09-14 12:54:58.260   532  2431 E android.hardware.camera.provider-V1-service: garyVCam [VCam_ShouldUseVirtual:1551]:VCam_ShouldUseVirtual: false (desired=0 state=E_TRUE outputs=1)
09-14 12:54:58.292   532  2431 E android.hardware.camera.provider-V1-service: garyVCam [VCam_ShouldUseVirtual:1551]:VCam_ShouldUseVirtual: false (desired=0 state=E_TRUE outputs=1)
09-14 12:54:58.327   532  2431 E android.hardware.camera.provider-V1-service: garyVCam [VCam_ShouldUseVirtual:1551]:VCam_ShouldUseVirtual: false (desired=0 state=E_TRUE outputs=1)
09-14 12:54:58.359   532  2431 E android.hardware.camera.provider-V1-service: garyVCam [VCam_ShouldUseVirtual:1551]:VCam_ShouldUseVirtual: false (desired=0 state=E_TRUE outputs=1)
09-14 12:54:58.392   532  2431 E android.hardware.camera.provider-V1-service: garyVCam [VCam_ShouldUseVirtual:1551]:VCam_ShouldUseVirtual: false (desired=0 state=E_TRUE outputs=1)
09-14 12:54:58.425   532  2431 E android.hardware.camera.provider-V1-service: garyVCam [VCam_ShouldUseVirtual:1551]:VCam_ShouldUseVirtual: false (desired=0 state=E_TRUE outputs=1)
09-14 12:54:58.459   532  2431 E android.hardware.camera.provider-V1-service: garyVCam [VCam_ShouldUseVirtual:1551]:VCam_ShouldUseVirtual: false (desired=0 state=E_TRUE outputs=1)
09-14 12:54:58.493   532  2431 E android.hardware.camera.provider-V1-service: garyVCam [VCam_ShouldUseVirtual:1551]:VCam_ShouldUseVirtual: false (desired=0 state=E_TRUE outputs=1)
09-14 12:54:58.525   532  2431 E android.hardware.camera.provider-V1-service: garyVCam [VCam_ShouldUseVirtual:1551]:VCam_ShouldUseVirtual: false (desired=0 state=E_TRUE outputs=1)
09-14 12:54:58.559   532  2431 E android.hardware.camera.provider-V1-service: garyVCam [VCam_ShouldUseVirtual:1551]:VCam_ShouldUseVirtual: false (desired=0 state=E_TRUE outputs=1)
09-14 12:54:58.596   532  2431 E android.hardware.camera.provider-V1-service: garyVCam [VCam_ShouldUseVirtual:1551]:VCam_ShouldUseVirtual: false (desired=0 state=E_TRUE outputs=1)
09-14 12:54:58.625   532  2431 E android.hardware.camera.provider-V1-service: garyVCam [VCam_ShouldUseVirtual:1551]:VCam_ShouldUseVirtual: false (desired=0 state=E_TRUE outputs=1)
09-14 12:54:58.660   532  2431 E android.hardware.camera.provider-V1-service: garyVCam [VCam_ShouldUseVirtual:1551]:VCam_ShouldUseVirtual: false (desired=0 state=E_TRUE outputs=1)
09-14 12:54:58.675   532  2462 E android.hardware.camera.provider-V1-service: garyVCam [client_thread_func:955]:client 42[0]> header cmdFlag=1 cmd=5 p1=0 p2=0 p3=0 p4=0 p5=0 p6=0
09-14 12:54:58.675   532  2462 E android.hardware.camera.provider-V1-service: garyVCam [client_thread_func:963]:client 42[0]> ping lastPingUs=1757825698675595
09-14 12:54:58.692   532  2431 E android.hardware.camera.provider-V1-service: garyVCam [VCam_ShouldUseVirtual:1551]:VCam_ShouldUseVirtual: false (desired=0 state=E_TRUE outputs=1)
09-14 12:54:58.726   532  2431 E android.hardware.camera.provider-V1-service: garyVCam [VCam_ShouldUseVirtual:1551]:VCam_ShouldUseVirtual: false (desired=0 state=E_TRUE outputs=1)
09-14 12:54:58.759   532  2431 E android.hardware.camera.provider-V1-service: garyVCam [VCam_ShouldUseVirtual:1551]:VCam_ShouldUseVirtual: false (desired=0 state=E_TRUE outputs=1)
09-14 12:54:58.792   532  2431 E android.hardware.camera.provider-V1-service: garyVCam [VCam_ShouldUseVirtual:1551]:VCam_ShouldUseVirtual: false (desired=0 state=E_TRUE outputs=1)
09-14 12:54:58.827   532  2431 E android.hardware.camera.provider-V1-service: garyVCam [VCam_ShouldUseVirtual:1551]:VCam_ShouldUseVirtual: false (desired=0 state=E_TRUE outputs=1)
09-14 12:54:58.859   532  2431 E android.hardware.camera.provider-V1-service: garyVCam [VCam_ShouldUseVirtual:1551]:VCam_ShouldUseVirtual: false (desired=0 state=E_TRUE outputs=1)
09-14 12:54:58.892   532  2431 E android.hardware.camera.provider-V1-service: garyVCam [VCam_ShouldUseVirtual:1551]:VCam_ShouldUseVirtual: false (desired=0 state=E_TRUE outputs=1)
09-14 12:54:58.926   532  2431 E android.hardware.camera.provider-V1-service: garyVCam [VCam_ShouldUseVirtual:1551]:VCam_ShouldUseVirtual: false (desired=0 state=E_TRUE outputs=1)
09-14 12:54:58.959   532  2431 E android.hardware.camera.provider-V1-service: garyVCam [VCam_ShouldUseVirtual:1551]:VCam_ShouldUseVirtual: false (desired=0 state=E_TRUE outputs=1)
09-14 12:54:58.993   532  2431 E android.hardware.camera.provider-V1-service: garyVCam [VCam_ShouldUseVirtual:1551]:VCam_ShouldUseVirtual: false (desired=0 state=E_TRUE outputs=1)
09-14 12:54:59.026   532  2431 E android.hardware.camera.provider-V1-service: garyVCam [VCam_ShouldUseVirtual:1551]:VCam_ShouldUseVirtual: false (desired=0 state=E_TRUE outputs=1)
09-14 12:54:59.059   532  2431 E android.hardware.camera.provider-V1-service: garyVCam [VCam_ShouldUseVirtual:1551]:VCam_ShouldUseVirtual: false (desired=0 state=E_TRUE outputs=1)
09-14 12:54:59.095   532  2431 E android.hardware.camera.provider-V1-service: garyVCam [VCam_ShouldUseVirtual:1551]:VCam_ShouldUseVirtual: false (desired=0 state=E_TRUE outputs=1)
09-14 12:54:59.126   532  2431 E android.hardware.camera.provider-V1-service: garyVCam [VCam_ShouldUseVirtual:1551]:VCam_ShouldUseVirtual: false (desired=0 state=E_TRUE outputs=1)
09-14 12:54:59.158   532  2431 E android.hardware.camera.provider-V1-service: garyVCam [VCam_ShouldUseVirtual:1551]:VCam_ShouldUseVirtual: false (desired=0 state=E_TRUE outputs=1)
09-14 12:54:59.192   532  2431 E android.hardware.camera.provider-V1-service: garyVCam [VCam_ShouldUseVirtual:1551]:VCam_ShouldUseVirtual: false (desired=0 state=E_TRUE outputs=1)
09-14 12:54:59.225   532  2431 E android.hardware.camera.provider-V1-service: garyVCam [VCam_ShouldUseVirtual:1551]:VCam_ShouldUseVirtual: false (desired=0 state=E_TRUE outputs=1)
09-14 12:54:59.253   532  2462 E android.hardware.camera.provider-V1-service: garyVCam [client_thread_func:955]:client 42[0]> header cmdFlag=1 cmd=2 p1=0 p2=0 p3=0 p4=0 p5=0 p6=0
09-14 12:54:59.253   532  2462 E android.hardware.camera.provider-V1-service: garyVCam [requestVirtual:388]:requestVirtual: desire=VIRTUAL (old=0) state=E_TRUE outputs=1
09-14 12:54:59.253   532  2462 E android.hardware.camera.provider-V1-service: garyVCam [changeState:424]:changeState: E_TRUE -> E_VIRTUAL_RESP_READY
09-14 12:54:59.253   532  2462 E android.hardware.camera.provider-V1-service: garyVCam [responseToClients:364]:server> broadcast to 1 clients: [2,0,0,0]
09-14 12:54:59.253   532  2462 E android.hardware.camera.provider-V1-service: garyVCam [responseToClient:356]:server>client 42 send OK [2,0,0,0]
09-14 12:54:59.253   532  2462 E android.hardware.camera.provider-V1-service: garyVCam [requestVirtual:396]:requestVirtual: -> RESP_READY (outputs pre-set) lastFrameUs=1757825699253755
09-14 12:54:59.261   532  2431 E android.hardware.camera.provider-V1-service: garyVCam [VCam_ShouldUseVirtual:1551]:VCam_ShouldUseVirtual: false (desired=1 state=E_VIRTUAL_RESP_READY outputs=1)
09-14 12:54:59.294   532  2431 E android.hardware.camera.provider-V1-service: garyVCam [VCam_ShouldUseVirtual:1551]:VCam_ShouldUseVirtual: false (desired=1 state=E_VIRTUAL_RESP_READY outputs=1)
09-14 12:54:59.328   532  2431 E android.hardware.camera.provider-V1-service: garyVCam [VCam_ShouldUseVirtual:1551]:VCam_ShouldUseVirtual: false (desired=1 state=E_VIRTUAL_RESP_READY outputs=1)
09-14 12:54:59.358   532  2431 E android.hardware.camera.provider-V1-service: garyVCam [VCam_ShouldUseVirtual:1551]:VCam_ShouldUseVirtual: false (desired=1 state=E_VIRTUAL_RESP_READY outputs=1)
09-14 12:54:59.392   532  2431 E android.hardware.camera.provider-V1-service: garyVCam [VCam_ShouldUseVirtual:1551]:VCam_ShouldUseVirtual: false (desired=1 state=E_VIRTUAL_RESP_READY outputs=1)
09-14 12:54:59.425   532  2431 E android.hardware.camera.provider-V1-service: garyVCam [VCam_ShouldUseVirtual:1551]:VCam_ShouldUseVirtual: false (desired=1 state=E_VIRTUAL_RESP_READY outputs=1)
09-14 12:54:59.461   532  2431 E android.hardware.camera.provider-V1-service: garyVCam [VCam_ShouldUseVirtual:1551]:VCam_ShouldUseVirtual: false (desired=1 state=E_VIRTUAL_RESP_READY outputs=1)
09-14 12:54:59.496   532  2431 E android.hardware.camera.provider-V1-service: garyVCam [VCam_ShouldUseVirtual:1551]:VCam_ShouldUseVirtual: false (desired=1 state=E_VIRTUAL_RESP_READY outputs=1)
09-14 12:54:59.526   532  2431 E android.hardware.camera.provider-V1-service: garyVCam [VCam_ShouldUseVirtual:1551]:VCam_ShouldUseVirtual: false (desired=1 state=E_VIRTUAL_RESP_READY outputs=1)
09-14 12:54:59.553   532  2462 E android.hardware.camera.provider-V1-service: garyVCam [client_thread_func:955]:client 42[0]> header cmdFlag=0 cmd=0 p1=1920 p2=1080 p3=19 p4=3110400 p5=1920 p6=1080
09-14 12:54:59.559   532  2431 E android.hardware.camera.provider-V1-service: garyVCam [VCam_ShouldUseVirtual:1551]:VCam_ShouldUseVirtual: false (desired=1 state=E_VIRTUAL_RESP_READY outputs=1)
09-14 12:54:59.560   532  2462 E android.hardware.camera.provider-V1-service: garyVCam [save_frame:832]:VCam save_frame: + width=1920 height=1080 fmt=19 len=3110400 yStride=1920 ySlice=1080 desired=1 state=E_VIRTUAL_RESP_READY outputs=1
09-14 12:54:59.560   532  2462 E android.hardware.camera.provider-V1-service: garyVCam [rga_init_src_if_needed:158]:VCam rga_init_src: dma_buf_alloc src ret=0 fd=122 ptr=0x742b105000
09-14 12:54:59.561   532  2462 E android.hardware.camera.provider-V1-service: garyVCam [rga_init_src_if_needed:168]:VCam rga_init_src_if_needed: importbuffer_fd src_handle=304
09-14 12:54:59.564   532  2462 E android.hardware.camera.provider-V1-service: garyVCam [save_frame:884]:VCam save_frame: updated lastFrameUs=1757825699564097
09-14 12:54:59.564   532  2462 E android.hardware.camera.provider-V1-service: garyVCam [onFirstFrameArrived:434]:onFirstFrameArrived: desired=1 state=E_VIRTUAL_RESP_READY
09-14 12:54:59.564   532  2462 E android.hardware.camera.provider-V1-service: garyVCam [changeState:424]:changeState: E_VIRTUAL_RESP_READY -> E_VIRTUAL_FIRST_FRAME
09-14 12:54:59.564   532  2462 E android.hardware.camera.provider-V1-service: garyVCam [responseToClients:364]:server> broadcast to 1 clients: [3,0,0,0]
09-14 12:54:59.564   532  2462 E android.hardware.camera.provider-V1-service: garyVCam [responseToClient:356]:server>client 42 send OK [3,0,0,0]
09-14 12:54:59.564   532  2462 E android.hardware.camera.provider-V1-service: garyVCam [rga_data_convert_transform:259]:VCam rga_data_convert_transform: enter
09-14 12:54:59.564   532  2462 E android.hardware.camera.provider-V1-service: garyVCam [rga_data_convert:217]:VCam rga_data_convert: 1920x1080 I420 -> 1920x1080 NV12 rot=0 flipH=0 flipV=0
09-14 12:54:59.565   532  2462 E android.hardware.camera.provider-V1-service: garyVCam [build_transform_flags:203]:VCam build_transform_flags: rot=0 flipH=0 flipV=0 -> tf=0x0
09-14 12:54:59.565   532  2462 E android.hardware.camera.provider-V1-service: garyVCam [rga_data_convert:239]:VCam rga_data_convert: improcess path usage=0x0
09-14 12:54:59.567   532  2462 E android.hardware.camera.provider-V1-service: garyVCam [rga_data_convert:251]:VCam rga_data_convert: success
09-14 12:54:59.567   532  2462 E android.hardware.camera.provider-V1-service: garyVCam [rga_data_convert_transform:263]:VCam rga_data_convert_transform: exit ok=1
09-14 12:54:59.567   532  2462 E android.hardware.camera.provider-V1-service: garyVCam [applyEffectsAll:790]:VCam applyEffectsAll: mask=0x1 fmt=NV12 w=1920 h=1080
09-14 12:54:59.595   532  2431 E android.hardware.camera.provider-V1-service: garyVCam [guessYuvLayout:1117]:VCam guessYuvLayout: fmt=0x22 -> NV12
09-14 12:54:59.639   532  2462 E android.hardware.camera.provider-V1-service: garyVCam [save_frame:920]:VCam save_frame: slot ready 1920x1080 NV12 stamp=1757825699639706
09-14 12:54:59.639   532  2462 E android.hardware.camera.provider-V1-service: garyVCam [onVirtualFrameRunning:444]:onVirtualFrameRunning: desired=1 state=E_VIRTUAL_FIRST_FRAME
09-14 12:54:59.639   532  2462 E android.hardware.camera.provider-V1-service: garyVCam [changeState:424]:changeState: E_VIRTUAL_FIRST_FRAME -> E_VIRTUAL_RUNNING
09-14 12:54:59.639   532  2462 E android.hardware.camera.provider-V1-service: garyVCam [responseToClients:364]:server> broadcast to 1 clients: [4,0,0,0]
09-14 12:54:59.639   532  2462 E android.hardware.camera.provider-V1-service: garyVCam [responseToClient:356]:server>client 42 send OK [4,0,0,0]
09-14 12:54:59.639   532  2462 E android.hardware.camera.provider-V1-service: garyVCam [save_frame:927]:VCam save_frame: -
09-14 12:54:59.640   532  2462 E android.hardware.camera.provider-V1-service: garyVCam [client_thread_func:955]:client 42[0]> header cmdFlag=0 cmd=0 p1=1920 p2=1080 p3=19 p4=3110400 p5=1920 p6=1080
09-14 12:54:59.643   532  2431 E android.hardware.camera.provider-V1-service: garyVCam [mapPixelFdFromHandle]: no mappable pixel fd (w=1920 h=1080)
09-14 12:54:59.647   532  2462 E android.hardware.camera.provider-V1-service: garyVCam [save_frame:832]:VCam save_frame: + width=1920 height=1080 fmt=19 len=3110400 yStride=1920 ySlice=1080 desired=1 state=E_VIRTUAL_RUNNING outputs=1
09-14 12:54:59.648   532  2462 E android.hardware.camera.provider-V1-service: garyVCam [save_frame:884]:VCam save_frame: updated lastFrameUs=1757825699648531
09-14 12:54:59.651   532  2431 E android.hardware.camera.provider-V1-service: garyVCam VCamMapper: lock failed w=1920 h=1080
09-14 12:54:59.653   532  2431 E android.hardware.camera.provider-V1-service: garyVCam [mapPixelFdFromHandle]: no mappable pixel fd (w=1920 h=1080)
09-14 12:54:59.653   532  2431 E android.hardware.camera.provider-V1-service: garyVCam VCamMapper: lock failed w=1920 h=1080
09-14 12:54:59.653   532  2431 E android.hardware.camera.provider-V1-service: garyVCam [VCam_CopyLatestTo:1631]:VCam_CopyLatestTo: still failed after fallbacks ret=-4
09-14 12:54:59.654   532  2462 E android.hardware.camera.provider-V1-service: garyVCam [rga_data_convert_transform:259]:VCam rga_data_convert_transform: enter
09-14 12:54:59.654   532  2462 E android.hardware.camera.provider-V1-service: garyVCam [rga_data_convert:217]:VCam rga_data_convert: 1920x1080 I420 -> 1920x1080 NV12 rot=0 flipH=0 flipV=0
09-14 12:54:59.654   532  2462 E android.hardware.camera.provider-V1-service: garyVCam [build_transform_flags:203]:VCam build_transform_flags: rot=0 flipH=0 flipV=0 -> tf=0x0
09-14 12:54:59.654   532  2462 E android.hardware.camera.provider-V1-service: garyVCam [rga_data_convert:239]:VCam rga_data_convert: improcess path usage=0x0
09-14 12:54:59.657   532  2462 E android.hardware.camera.provider-V1-service: garyVCam [rga_data_convert:251]:VCam rga_data_convert: success
09-14 12:54:59.657   532  2462 E android.hardware.camera.provider-V1-service: garyVCam [rga_data_convert_transform:263]:VCam rga_data_convert_transform: exit ok=1
09-14 12:54:59.657   532  2462 E android.hardware.camera.provider-V1-service: garyVCam [applyEffectsAll:790]:VCam applyEffectsAll: mask=0x1 fmt=NV12 w=1920 h=1080
09-14 12:54:59.657   532  2431 E android.hardware.camera.provider-V1-service: garyVCam [guessYuvLayout:1117]:VCam guessYuvLayout: fmt=0x22 -> NV12
09-14 12:54:59.692   532  2462 E android.hardware.camera.provider-V1-service: garyVCam [save_frame:920]:VCam save_frame: slot ready 1920x1080 NV12 stamp=1757825699692554
09-14 12:54:59.692   532  2462 E android.hardware.camera.provider-V1-service: garyVCam [save_frame:927]:VCam save_frame: -
09-14 12:54:59.693   532  2462 E android.hardware.camera.provider-V1-service: garyVCam [client_thread_func:955]:client 42[0]> header cmdFlag=0 cmd=0 p1=1920 p2=1080 p3=19 p4=3110400 p5=1920 p6=1080
09-14 12:54:59.693   532  2431 E android.hardware.camera.provider-V1-service: garyVCam [mapPixelFdFromHandle]: no mappable pixel fd (w=1920 h=1080)
09-14 12:54:59.693   532  2431 E android.hardware.camera.provider-V1-service: garyVCam VCamMapper: lock failed w=1920 h=1080
09-14 12:54:59.693   532  2431 E android.hardware.camera.provider-V1-service: garyVCam [mapPixelFdFromHandle]: no mappable pixel fd (w=1920 h=1080)
09-14 12:54:59.693   532  2431 E android.hardware.camera.provider-V1-service: garyVCam VCamMapper: lock failed w=1920 h=1080
09-14 12:54:59.693   532  2431 E android.hardware.camera.provider-V1-service: garyVCam [VCam_CopyLatestTo:1631]:VCam_CopyLatestTo: still failed after fallbacks ret=-4
09-14 12:54:59.695   532  2431 E android.hardware.camera.provider-V1-service: garyVCam [guessYuvLayout:1117]:VCam guessYuvLayout: fmt=0x22 -> NV12
09-14 12:54:59.696   532  2431 E android.hardware.camera.provider-V1-service: garyVCam VCamMapper: lock failed w=1920 h=1080
09-14 12:54:59.696   532  2431 E android.hardware.camera.provider-V1-service: garyVCam VCamMapper: lock failed w=1920 h=1080
09-14 12:54:59.696   532  2431 E android.hardware.camera.provider-V1-service: garyVCam [VCam_CopyLatestTo:1631]:VCam_CopyLatestTo: still failed after fallbacks ret=-4
09-14 12:54:59.698   532  2431 E android.hardware.camera.provider-V1-service: garyVCam [guessYuvLayout:1117]:VCam guessYuvLayout: fmt=0x22 -> NV12
09-14 12:54:59.699   532  2431 E android.hardware.camera.provider-V1-service: garyVCam [mapPixelFdFromHandle]: no mappable pixel fd (w=1920 h=1080)
09-14 12:54:59.699   532  2431 E android.hardware.camera.provider-V1-service: garyVCam VCamMapper: lock failed w=1920 h=1080
09-14 12:54:59.699   532  2431 E android.hardware.camera.provider-V1-service: garyVCam [mapPixelFdFromHandle]: no mappable pixel fd (w=1920 h=1080)
09-14 12:54:59.700   532  2462 E android.hardware.camera.provider-V1-service: garyVCam [save_frame:832]:VCam save_frame: + width=1920 height=1080 fmt=19 len=3110400 yStride=1920 ySlice=1080 desired=1 state=E_VIRTUAL_RUNNING outputs=1
09-14 12:54:59.701   532  2431 E android.hardware.camera.provider-V1-service: garyVCam VCamMapper: lock failed w=1920 h=1080
09-14 12:54:59.701   532  2431 E android.hardware.camera.provider-V1-service: garyVCam [VCam_CopyLatestTo:1631]:VCam_CopyLatestTo: still failed after fallbacks ret=-4
09-14 12:54:59.702   532  2462 E android.hardware.camera.provider-V1-service: garyVCam [save_frame:884]:VCam save_frame: updated lastFrameUs=1757825699702177
09-14 12:54:59.702   532  2462 E android.hardware.camera.provider-V1-service: garyVCam [rga_data_convert_transform:259]:VCam rga_data_convert_transform: enter
09-14 12:54:59.702   532  2462 E android.hardware.camera.provider-V1-service: garyVCam [rga_data_convert:217]:VCam rga_data_convert: 1920x1080 I420 -> 1920x1080 NV12 rot=0 flipH=0 flipV=0
09-14 12:54:59.702   532  2462 E android.hardware.camera.provider-V1-service: garyVCam [build_transform_flags:203]:VCam build_transform_flags: rot=0 flipH=0 flipV=0 -> tf=0x0
09-14 12:54:59.702   532  2462 E android.hardware.camera.provider-V1-service: garyVCam [rga_data_convert:239]:VCam rga_data_convert: improcess path usage=0x0
09-14 12:54:59.706   532  2462 E android.hardware.camera.provider-V1-service: garyVCam [rga_data_convert:251]:VCam rga_data_convert: success
09-14 12:54:59.706   532  2462 E android.hardware.camera.provider-V1-service: garyVCam [rga_data_convert_transform:263]:VCam rga_data_convert_transform: exit ok=1
09-14 12:54:59.706   532  2462 E android.hardware.camera.provider-V1-service: garyVCam [applyEffectsAll:790]:VCam applyEffectsAll: mask=0x1 fmt=NV12 w=1920 h=1080
09-14 12:54:59.729   532  2431 E android.hardware.camera.provider-V1-service: garyVCam [guessYuvLayout:1117]:VCam guessYuvLayout: fmt=0x22 -> NV12
09-14 12:54:59.737   532  2462 E android.hardware.camera.provider-V1-service: garyVCam [save_frame:920]:VCam save_frame: slot ready 1920x1080 NV12 stamp=1757825699737652
09-14 12:54:59.737   532  2462 E android.hardware.camera.provider-V1-service: garyVCam [save_frame:927]:VCam save_frame: -
09-14 12:54:59.738   532  2462 E android.hardware.camera.provider-V1-service: garyVCam [client_thread_func:955]:client 42[0]> header cmdFlag=0 cmd=0 p1=1920 p2=1080 p3=19 p4=3110400 p5=1920 p6=1080
09-14 12:54:59.741   532  2431 E android.hardware.camera.provider-V1-service: garyVCam [mapPixelFdFromHandle]: picked fd[42]=116 mappedLen=3317760 (st_size=4149248)
09-14 12:54:59.741   532  2431 E android.hardware.camera.provider-V1-service: garyVCam [dmaSync:1089]:VCam dmaSync: fd=104 start=1
09-14 12:54:59.742   532  2431 E android.hardware.camera.provider-V1-service: garyVCam [estimateStrideFromSize]: bestSize=3317760 w=1920 h=1080 -> stride=2048 need=3317760
09-14 12:54:59.746   532  2462 E android.hardware.camera.provider-V1-service: garyVCam [save_frame:832]:VCam save_frame: + width=1920 height=1080 fmt=19 len=3110400 yStride=1920 ySlice=1080 desired=1 state=E_VIRTUAL_RUNNING outputs=1
09-14 12:54:59.748   532  2462 E android.hardware.camera.provider-V1-service: garyVCam [save_frame:884]:VCam save_frame: updated lastFrameUs=1757825699748373
09-14 12:54:59.748   532  2431 E android.hardware.camera.provider-V1-service: garyVCam [dmaSync:1089]:VCam dmaSync: fd=104 start=0
09-14 12:54:59.749   532  2431 E android.hardware.camera.provider-V1-service: garyVCam [VCam_CopyLatestTo:1629]:VCam_CopyLatestTo: OK slot 1920x1080 NV12 lastPingUs=1757825699749927
09-14 12:54:59.750   532  2462 E android.hardware.camera.provider-V1-service: garyVCam [rga_data_convert_transform:259]:VCam rga_data_convert_transform: enter
09-14 12:54:59.750   532  2462 E android.hardware.camera.provider-V1-service: garyVCam [rga_data_convert:217]:VCam rga_data_convert: 1920x1080 I420 -> 1920x1080 NV12 rot=0 flipH=0 flipV=0
09-14 12:54:59.750   532  2462 E android.hardware.camera.provider-V1-service: garyVCam [build_transform_flags:203]:VCam build_transform_flags: rot=0 flipH=0 flipV=0 -> tf=0x0
09-14 12:54:59.750   532  2462 E android.hardware.camera.provider-V1-service: garyVCam [rga_data_convert:239]:VCam rga_data_convert: improcess path usage=0x0
09-14 12:54:59.754   532  2462 E android.hardware.camera.provider-V1-service: garyVCam [rga_data_convert:251]:VCam rga_data_convert: success
09-14 12:54:59.754   532  2462 E android.hardware.camera.provider-V1-service: garyVCam [rga_data_convert_transform:263]:VCam rga_data_convert_transform: exit ok=1
09-14 12:54:59.754   532  2462 E android.hardware.camera.provider-V1-service: garyVCam [applyEffectsAll:790]:VCam applyEffectsAll: mask=0x1 fmt=NV12 w=1920 h=1080
09-14 12:54:59.760   532  2431 E android.hardware.camera.provider-V1-service: garyVCam [guessYuvLayout:1117]:VCam guessYuvLayout: fmt=0x22 -> NV12
09-14 12:54:59.784   532  2462 E android.hardware.camera.provider-V1-service: garyVCam [save_frame:920]:VCam save_frame: slot ready 1920x1080 NV12 stamp=1757825699783996
09-14 12:54:59.784   532  2462 E android.hardware.camera.provider-V1-service: garyVCam [save_frame:927]:VCam save_frame: -
09-14 12:54:59.784   532  2462 E android.hardware.camera.provider-V1-service: garyVCam [client_thread_func:955]:client 42[0]> header cmdFlag=0 cmd=0 p1=1920 p2=1080 p3=19 p4=3110400 p5=1920 p6=1080
09-14 12:54:59.786   532  2431 E android.hardware.camera.provider-V1-service: garyVCam [mapPixelFdFromHandle]: no mappable pixel fd (w=1920 h=1080)
09-14 12:54:59.786   532  2431 E android.hardware.camera.provider-V1-service: garyVCam VCamMapper: lock failed w=1920 h=1080
09-14 12:54:59.789   532  2431 E android.hardware.camera.provider-V1-service: garyVCam [mapPixelFdFromHandle]: no mappable pixel fd (w=1920 h=1080)
09-14 12:54:59.789   532  2431 E android.hardware.camera.provider-V1-service: garyVCam VCamMapper: lock failed w=1920 h=1080
09-14 12:54:59.789   532  2431 E android.hardware.camera.provider-V1-service: garyVCam [VCam_CopyLatestTo:1631]:VCam_CopyLatestTo: still failed after fallbacks ret=-4
09-14 12:54:59.789   532  2462 E android.hardware.camera.provider-V1-service: garyVCam [save_frame:832]:VCam save_frame: + width=1920 height=1080 fmt=19 len=3110400 yStride=1920 ySlice=1080 desired=1 state=E_VIRTUAL_RUNNING outputs=1
09-14 12:54:59.792   532  2462 E android.hardware.camera.provider-V1-service: garyVCam [save_frame:884]:VCam save_frame: updated lastFrameUs=1757825699792560
09-14 12:54:59.792   532  2462 E android.hardware.camera.provider-V1-service: garyVCam [rga_data_convert_transform:259]:VCam rga_data_convert_transform: enter
09-14 12:54:59.792   532  2431 E android.hardware.camera.provider-V1-service: garyVCam [guessYuvLayout:1117]:VCam guessYuvLayout: fmt=0x22 -> NV12
09-14 12:54:59.792   532  2462 E android.hardware.camera.provider-V1-service: garyVCam [rga_data_convert:217]:VCam rga_data_convert: 1920x1080 I420 -> 1920x1080 NV12 rot=0 flipH=0 flipV=0
09-14 12:54:59.793   532  2462 E android.hardware.camera.provider-V1-service: garyVCam [build_transform_flags:203]:VCam build_transform_flags: rot=0 flipH=0 flipV=0 -> tf=0x0
09-14 12:54:59.793   532  2462 E android.hardware.camera.provider-V1-service: garyVCam [rga_data_convert:239]:VCam rga_data_convert: improcess path usage=0x0
09-14 12:54:59.796   532  2462 E android.hardware.camera.provider-V1-service: garyVCam [rga_data_convert:251]:VCam rga_data_convert: success
09-14 12:54:59.796   532  2462 E android.hardware.camera.provider-V1-service: garyVCam [rga_data_convert_transform:263]:VCam rga_data_convert_transform: exit ok=1
09-14 12:54:59.796   532  2462 E android.hardware.camera.provider-V1-service: garyVCam [applyEffectsAll:790]:VCam applyEffectsAll: mask=0x1 fmt=NV12 w=1920 h=1080
09-14 12:54:59.826   532  2462 E android.hardware.camera.provider-V1-service: garyVCam [save_frame:920]:VCam save_frame: slot ready 1920x1080 NV12 stamp=1757825699826263
09-14 12:54:59.826   532  2462 E android.hardware.camera.provider-V1-service: garyVCam [save_frame:927]:VCam save_frame: -
09-14 12:54:59.826   532  2462 E android.hardware.camera.provider-V1-service: garyVCam [client_thread_func:955]:client 42[0]> header cmdFlag=0 cmd=0 p1=1920 p2=1080 p3=19 p4=3110400 p5=1920 p6=1080
09-14 12:54:59.826   532  2431 E android.hardware.camera.provider-V1-service: garyVCam [mapPixelFdFromHandle]: no mappable pixel fd (w=1920 h=1080)
09-14 12:54:59.827   532  2431 E android.hardware.camera.provider-V1-service: garyVCam VCamMapper: lock failed w=1920 h=1080
09-14 12:54:59.827   532  2431 E android.hardware.camera.provider-V1-service: garyVCam [mapPixelFdFromHandle]: no mappable pixel fd (w=1920 h=1080)
09-14 12:54:59.827   532  2431 E android.hardware.camera.provider-V1-service: garyVCam VCamMapper: lock failed w=1920 h=1080
