09-07 20:57:30.379  1566  1566 D CompatibilityChangeReporter: Compat change id reported: 3400644; UID 10016; state: ENABLED
09-07 20:57:30.380   741  1117 D CompatibilityChangeReporter: Compat change id reported: 273509367; UID 10080; state: DISABLED
09-07 20:57:30.380   741  1117 D CompatibilityChangeReporter: Compat change id reported: 263259275; UID 10080; state: DISABLED
09-07 20:57:30.380   741  1117 D CompatibilityChangeReporter: Compat change id reported: 174042980; UID 10080; state: DISABLED
09-07 20:57:30.381   741  1117 D CompatibilityChangeReporter: Compat change id reported: 174042936; UID 10080; state: DISABLED
09-07 20:57:30.381   741  1117 D CompatibilityChangeReporter: Compat change id reported: 181136395; UID 10080; state: DISABLED
09-07 20:57:34.423     1     1 I init    : ... started service 'dmesgd' has pid 1612
09-07 20:57:34.425     1     1 I init    : processing action (sys.user.0.ce_available=true) from (/system/etc/init/wifi.rc:21)
09-07 20:57:34.427     1     1 I selinux : SELinux: Skipping restorecon on directory(/data/misc_ce/0/apexdata/com.android.wifi)
09-07 20:57:34.428     1     1 I init    : processing action (sys.boot_completed=1 && sys.wifitracing.started=1 && wifi.interface=*) from (/system/etc/init/wifi.rc:98)
09-07 20:57:30.385   741  1117 D CompatibilityChangeReporter: Compat change id reported: 184838306; UID 10080; state: DISABLED
09-07 20:57:30.386   741  1117 D CompatibilityChangeReporter: Compat change id reported: 185004937; UID 10080; state: DISABLED
09-07 20:57:30.386   741  1117 D CompatibilityChangeReporter: Compat change id reported: 194480991; UID 10080; state: ENABLED
09-07 20:57:30.388   741  1117 E CellBroadcastUtils: getDefaultCellBroadcastReceiverPackageName: no package found
09-07 20:57:30.391   741   766 I UsageStatsService: User[0] Flushing usage stats to disk
09-07 20:57:30.392   741  1117 D CompatibilityChangeReporter: Compat change id reported: 197654537; UID 10080; state: ENABLED
09-07 20:57:30.395   741  1117 I ActivityTaskManager: START u0 {act=android.intent.action.MAIN cat=[android.intent.category.HOME] flg=0x10000100 cmp=com.android.launcher3/.uioverrides.QuickstepLauncher (has extras)} with LAUNCH_SINGLE_TASK from uid 0 (BAL_ALLOW_ALLOWLISTED_UID) result code=0
09-07 20:57:30.401  1566  1566 D nativeloader: Configuring clns-shared-6 for other apk /system/priv-app/UserDictionaryProvider/UserDictionaryProvider.apk. target_sdk_version=34, uses_libraries=, library_path=/system/priv-app/UserDictionaryProvider/lib/arm64:/system/lib64:/system_ext/lib64, permitted_path=/data:/mnt/expand:/data/user/0/com.android.providers.userdictionary:/system/priv-app/UserDictionaryProvider:/system/lib64:/system_ext/lib64
09-07 20:57:30.402   741   754 D CompatibilityChangeReporter: Compat change id reported: 168419799; UID 10091; state: DISABLED
09-07 20:57:30.403   741   754 D CompatibilityChangeReporter: Compat change id reported: 273564678; UID 10091; state: DISABLED
09-07 20:57:30.409   741   825 D CompatibilityChangeReporter: Compat change id reported: 265195908; UID 10091; state: ENABLED
09-07 20:57:30.410   741  1110 D CompatibilityChangeReporter: Compat change id reported: 161252188; UID 1000; state: DISABLED
09-07 20:57:30.410   741  1587 I HealthConnectBackupRestore: Attempt to schedule download timeout job with state: 0
09-07 20:57:30.410   741  1587 I HealthConnectBackupRestore: Attempt to schedule staging timeout job with state: 0
09-07 20:57:30.410   741  1587 I HealthConnectBackupRestore: Attempt to schedule merging timeout job with state: 0
09-07 20:57:30.411  1576  1576 D CompatibilityChangeReporter: Compat change id reported: 171979766; UID 10091; state: ENABLED
09-07 20:57:30.411  1576  1576 D CompatibilityChangeReporter: Compat change id reported: 242716250; UID 10091; state: ENABLED
09-07 20:57:30.412   741  1110 D CompatibilityChangeReporter: Compat change id reported: 135754954; UID 1000; state: ENABLED
09-07 20:57:30.414   741  1117 D CompatibilityChangeReporter: Compat change id reported: 170503758; UID 10091; state: ENABLED
09-07 20:57:30.414  1566  1566 V GraphicsEnvironment: Currently set values for:
09-07 20:57:30.415  1566  1566 V GraphicsEnvironment:   angle_gl_driver_selection_pkgs=[]
09-07 20:57:30.415  1566  1566 V GraphicsEnvironment:   angle_gl_driver_selection_values=[]
09-07 20:57:30.416  1566  1566 V GraphicsEnvironment: ANGLE GameManagerService for com.android.providers.userdictionary: false
09-07 20:57:30.416  1576  1576 D CompatibilityChangeReporter: Compat change id reported: 3400644; UID 10091; state: ENABLED
09-07 20:57:30.416  1566  1566 V GraphicsEnvironment: com.android.providers.userdictionary is not listed in per-application setting
09-07 20:57:30.416  1566  1566 V GraphicsEnvironment: Neither updatable production driver nor prerelease driver is supported.
09-07 20:57:30.416   527   609 V ExtCamDev: index:0,ret:0, format:RG10
09-07 20:57:30.416   527   609 V ExtCamDev: index:1,ret:0, format:BA10
09-07 20:57:30.416   527   609 V ExtCamDev: index:2,ret:0, format:GB10
09-07 20:57:30.416   527   609 V ExtCamDev: index:3,ret:0, format:BG10
09-07 20:57:30.416   527   609 V ExtCamDev: index:4,ret:0, format:Y10
09-07 20:57:30.416   527   609 V ExtCamDev: index:5,ret:-1, format:Y10
09-07 20:57:30.416   527   609 E ExtCamDev: trimSupportedFormats: input format list is empty!
09-07 20:57:30.416   527   609 V ExtCamDev: index:0,ret:0, format:RG10
09-07 20:57:30.416   527   609 V ExtCamDev: index:1,ret:0, format:BA10
09-07 20:57:34.457   609   609 E rkcif-mipi-lvds3: rkcif_update_sensor_info: stream[0] get remote terminal sensor failed!
09-07 20:57:34.457   609   609 E rkcif_scale_ch0: update sensor info failed -19
09-07 20:57:30.416   527   609 V ExtCamDev: index:2,ret:0, format:GB10
09-07 20:57:30.416   527   609 V ExtCamDev: index:3,ret:0, format:BG10
09-07 20:57:30.416   527   609 V ExtCamDev: index:4,ret:0, format:Y10
09-07 20:57:30.416   527   609 V ExtCamDev: index:5,ret:-1, format:Y10
09-07 20:57:30.416   527   609 E ExtCamDev: trimSupportedFormats: input format list is empty!
09-07 20:57:30.416   527   609 E ExtCamDev: initSupportedFormatsLocked: cannot find suitable cropping type!
09-07 20:57:30.416   527   609 E ExtCamDev: initOutputCharsKeys: Init supported format list failed
09-07 20:57:30.416   527   609 E ExtCamDev: initCameraCharacteristics: init output characteristics key failed: errorno -2147483648
09-07 20:57:30.416   527   609 E ExtCamDev: isInitFailedLocked: init camera characteristics failed: errorno -2147483648
09-07 20:57:30.416   527   609 W ExtCamPrvdr: deviceAdded: Attempt to init camera device /dev/video11 failed!
09-07 20:57:30.417   527   609 V ExtCamDev: index:0,ret:0, format:UYVY
09-07 20:57:30.417   527   609 V ExtCamDev: index:1,ret:0, format:NV16
09-07 20:57:30.417   527   609 V ExtCamDev: index:2,ret:0, format:NV61
09-07 20:57:30.417   527   609 V ExtCamDev: index:3,ret:0, format:NV21
09-07 20:57:30.417   527   609 V ExtCamDev: index:4,ret:0, format:NV12
09-07 20:57:30.417   527   609 V ExtCamDev: index:5,ret:0, format:GREY
09-07 20:57:30.417   527   609 V ExtCamDev: index:6,ret:-1, format:GREY
09-07 20:57:30.417   527   609 E ExtCamDev: trimSupportedFormats: input format list is empty!
09-07 20:57:30.417  1585  1585 D CompatibilityChangeReporter: Compat change id reported: 171979766; UID 1000; state: DISABLED
09-07 20:57:30.417   527   609 V ExtCamDev: index:0,ret:0, format:UYVY
09-07 20:57:30.417   527   609 V ExtCamDev: index:1,ret:0, format:NV16
09-07 20:57:30.417   527   609 V ExtCamDev: index:2,ret:0, format:NV61
09-07 20:57:30.417   527   609 V ExtCamDev: index:3,ret:0, format:NV21
09-07 20:57:30.417   527   609 V ExtCamDev: index:4,ret:0, format:NV12
09-07 20:57:30.417   527   609 V ExtCamDev: index:5,ret:0, format:GREY
09-07 20:57:30.417   527   609 V ExtCamDev: index:6,ret:-1, format:GREY
09-07 20:57:30.417   527   609 E ExtCamDev: trimSupportedFormats: input format list is empty!
09-07 20:57:30.417   527   609 E ExtCamDev: initSupportedFormatsLocked: cannot find suitable cropping type!
09-07 20:57:30.417   741   773 W libprocessgroup: SetCgroup::ExecuteForProcess: failed to open /dev/stune/top-app/cgroup.procs: No such file or directory
09-07 20:57:30.417   527   609 E ExtCamDev: initOutputCharsKeys: Init supported format list failed
09-07 20:57:30.417  1585  1585 D CompatibilityChangeReporter: Compat change id reported: 242716250; UID 1000; state: DISABLED
09-07 20:57:30.417   527   609 E ExtCamDev: initCameraCharacteristics: init output characteristics key failed: errorno -2147483648
09-07 20:57:30.417   527   609 E ExtCamDev: isInitFailedLocked: init camera characteristics failed: errorno -2147483648
09-07 20:57:30.417   527   609 W ExtCamPrvdr: deviceAdded: Attempt to init camera device /dev/video35 failed!
09-07 20:57:30.417   527   609 E ExtCamPrvdr: deviceAdded open v4l2 device /dev/video26 failed:No such device
09-07 20:57:30.418   741   825 D AlarmManager: setImplLocked() callingPackage=android
09-07 20:57:30.419   741   767 D CompatibilityChangeReporter: Compat change id reported: 135634846; UID 10067; state: DISABLED
09-07 20:57:30.419   741   767 D CompatibilityChangeReporter: Compat change id reported: 177438394; UID 10067; state: DISABLED
09-07 20:57:30.419   741   767 D CompatibilityChangeReporter: Compat change id reported: 135772972; UID 10067; state: DISABLED
09-07 20:57:30.419   741   767 D CompatibilityChangeReporter: Compat change id reported: 135754954; UID 10067; state: ENABLED
09-07 20:57:30.420  1612  1612 E dmesgd  : /data/misc/dmesgd/sent_reports.txt is empty: No such file or directory
09-07 20:57:30.421   741   825 D AlarmManager: setImplLocked() callingPackage=android
09-07 20:57:30.421   967   995 E SingleInstanceRemoteListener: Failed remote call on null listener
09-07 20:57:30.422  1585  1585 D ApplicationLoaders: Returning zygote-cached class loader: /system/framework/android.test.base.jar
09-07 20:57:30.422   741   758 I AppWidgetServiceImpl: Processing of handleUserUnlocked u0 took 94 ms
09-07 20:57:30.422  1585  1585 D ApplicationLoaders: Returning zygote-cached class loader: /system/framework/android.hidl.manager-V1.0-java.jar
09-07 20:57:30.423  1585  1585 D ApplicationLoaders: Returning zygote-cached class loader: /system/framework/android.hidl.base-V1.0-java.jar
09-07 20:57:30.425  1247  1247 I OverviewComponentObserver: updateOverviewTargets: mIsHomeDisabled=false, isDefaultHomeNull=false, mIsDefaultHome=true
09-07 20:57:30.428   741   925 I BackupManagerService: isBackupEnabled() => false due to absent settings file
09-07 20:57:30.428   741   925 D BackupManagerService: user:0 readBackupEnableState enabled:false
09-07 20:57:30.429   741   925 I BackupManagerService: [UserID:0] Backup enabled => false
09-07 20:57:30.429   741   741 W WindowMagnificationMgr: requestConnection duplicated request: connect=false, mConnectionState=DISCONNECTED
09-07 20:57:30.430   519   519 D Zygote  : Forked child process 1620
09-07 20:57:30.431   741   768 I ActivityManager: Start proc 1620:com.android.keychain/1000 for service {com.android.keychain/com.android.keychain.KeyChainService}
09-07 20:57:30.431   741   741 V NotificationAssistants: disabling notification assistant for user 0: ComponentInfo{android.ext.services/android.ext.services.notification.Assistant}
09-07 20:57:30.432   741   741 D NotificationListeners: Removing active service ComponentInfo{android.ext.services/android.ext.services.notification.Assistant}
09-07 20:57:30.432   741   768 D CompatibilityChangeReporter: Compat change id reported: 143937733; UID 10067; state: ENABLED
09-07 20:57:30.434   741   773 W libprocessgroup: SetCgroup::ExecuteForProcess: failed to open /dev/stune/background/cgroup.procs: No such file or directory
09-07 20:57:30.436  1585  1585 D nativeloader: Configuring clns-shared-6 for other apk /system/framework/org.apache.http.legacy.jar. target_sdk_version=23, uses_libraries=ALL, library_path=/system/priv-app/StressTest/lib/arm64:/system/fake-libs64:/system/priv-app/StressTest/StressTest.apk!/lib/arm64-v8a:/system/lib64:/system_ext/lib64, permitted_path=/data:/mnt/expand:/data/user/0/com.cghs.stresstest:/system/priv-app/StressTest:/system/lib64:/system_ext/lib64
09-07 20:57:30.436   741   741 V NotificationAssistants: enabling notification assistant for 0: ComponentInfo{android.ext.services/android.ext.services.notification.Assistant}
09-07 20:57:30.436   741   741 V NotificationAssistants: binding: Intent { act=android.service.notification.NotificationAssistantService cmp=android.ext.services/.notification.Assistant (has extras) }
09-07 20:57:30.437  1620  1620 I Zygote  : seccomp disabled by setenforce 0
09-07 20:57:30.441   318   318 I BpBinder: onLastStrongRef automatically unlinking death recipients:
09-07 20:57:30.443  1620  1620 I ndroid.keychain: Using CollectorTypeCMC GC.
09-07 20:57:30.449   741   857 E BluetoothManagerService: MESSAGE_TIMEOUT_BIND
09-07 20:57:30.450  1620  1620 E ndroid.keychain: Not starting debugger since process cannot load the jdwp agent.
09-07 20:57:30.456   519   519 D Zygote  : Forked child process 1634
09-07 20:57:30.457   741   768 I ActivityManager: Start proc 1634:com.android.quicksearchbox/u0a67 for broadcast {com.android.quicksearchbox/com.android.quicksearchbox.SearchWidgetProvider}
09-07 20:57:30.458  1566  1566 D nativeloader: Configuring clns-shared-7 for other apk /system/priv-app/BlockedNumberProvider/BlockedNumberProvider.apk. target_sdk_version=34, uses_libraries=, library_path=/system/priv-app/BlockedNumberProvider/lib/arm64:/system/lib64:/system_ext/lib64, permitted_path=/data:/mnt/expand:/data/user_de/0/com.android.providers.blockednumber:/system/priv-app/BlockedNumberProvider:/system/lib64:/system_ext/lib64
09-07 20:57:30.464  1634  1634 I Zygote  : seccomp disabled by setenforce 0
09-07 20:57:30.467   741   811 D CompatibilityChangeReporter: Compat change id reported: 168419799; UID 1000; state: DISABLED
09-07 20:57:30.468   741   811 D CompatibilityChangeReporter: Compat change id reported: 273564678; UID 1000; state: DISABLED
09-07 20:57:30.470   741   741 I AccountManagerService: User 0 is unlocked - opening CE database
09-07 20:57:30.471  1634  1634 I .quicksearchbox: Using CollectorTypeCMC GC.
09-07 20:57:30.474  1620  1620 D CompatibilityChangeReporter: Compat change id reported: 171979766; UID 1000; state: ENABLED
09-07 20:57:30.474  1620  1620 D CompatibilityChangeReporter: Compat change id reported: 242716250; UID 1000; state: ENABLED
09-07 20:57:30.478  1634  1634 E .quicksearchbox: Not starting debugger since process cannot load the jdwp agent.
09-07 20:57:30.479  1620  1620 D CompatibilityChangeReporter: Compat change id reported: 3400644; UID 1000; state: ENABLED
09-07 20:57:30.482  1247  1649 D vulkan  : searching for layers in '/system/lib64'
09-07 20:57:30.483  1247  1649 D vulkan  : searching for layers in '/system_ext/lib64'
09-07 20:57:30.487  1247  1649 I mali_so : [File] : hardware/arm/mali_so/driver/product/base/src/mali_base_kbase.c; [Line] : 1403; [Func] : base_context_deal_with_version_affairs_rk_ext;
09-07 20:57:30.487  1247  1649 I mali_so : arm_release_ver of this mali_so is 'g15p0-01eac0', rk_so_ver is '4'.
09-07 20:57:30.487  1247  1649 I mali_so : [File] : hardware/arm/mali_so/driver/product/base/src/mali_base_kbase.c; [Line] : 1419; [Func] : base_context_deal_with_version_affairs_rk_ext;
09-07 20:57:30.487  1247  1649 I mali_so : arm_release_vers are match. to set the full mali_ver 'g15p0-01eac0-x-4' as value of 'sys.gmali.version'.
09-07 20:57:30.492   741   811 D CompatibilityChangeReporter: Compat change id reported: 168419799; UID 10067; state: DISABLED
09-07 20:57:30.492   741   811 D CompatibilityChangeReporter: Compat change id reported: 273564678; UID 10067; state: DISABLED
09-07 20:57:30.494  1576  1576 D nativeloader: Configuring clns-shared-6 for other apk /apex/com.android.mediaprovider/priv-app/MediaProvider@UQ1A.240205.004.B1/MediaProvider.apk. target_sdk_version=34, uses_libraries=, library_path=/apex/com.android.mediaprovider/priv-app/MediaProvider@UQ1A.240205.004.B1/lib/arm64:/apex/com.android.mediaprovider/priv-app/MediaProvider@UQ1A.240205.004.B1/MediaProvider.apk!/lib/arm64-v8a:/system/lib64:/system_ext/lib64, permitted_path=/data:/mnt/expand:/data/user/0/com.android.providers.media.module:/apex/com.android.mediaprovider/priv-app/MediaProvider@UQ1A.240205.004.B1:/system/lib64:/system_ext/lib64
09-07 20:57:30.496  1585  1585 D nativeloader: Configuring clns-shared-7 for other apk /system/priv-app/StressTest/StressTest.apk. target_sdk_version=23, uses_libraries=, library_path=/system/priv-app/StressTest/lib/arm64:/system/fake-libs64:/system/priv-app/StressTest/StressTest.apk!/lib/arm64-v8a:/system/lib64:/system_ext/lib64, permitted_path=/data:/mnt/expand:/data/user/0/com.cghs.stresstest:/system/priv-app/StressTest:/system/lib64:/system_ext/lib64
09-07 20:57:30.496  1247  1649 I mali_so : [File] : hardware/arm/mali_so/driver/product/base/src/mali_base_kbase.c; [Line] : 1403; [Func] : base_context_deal_with_version_affairs_rk_ext;
09-07 20:57:30.496  1247  1649 I mali_so : arm_release_ver of this mali_so is 'g15p0-01eac0', rk_so_ver is '4'.
09-07 20:57:30.497  1247  1649 I mali_so : [File] : hardware/arm/mali_so/driver/product/base/src/mali_base_kbase.c; [Line] : 1419; [Func] : base_context_deal_with_version_affairs_rk_ext;
09-07 20:57:30.497  1247  1649 I mali_so : arm_release_vers are match. to set the full mali_ver 'g15p0-01eac0-x-4' as value of 'sys.gmali.version'.
09-07 20:57:30.497  1576  1576 D nativeloader: InitApexLibraries:
09-07 20:57:30.497  1576  1576 D nativeloader:   com_android_adservices: libhpke_jni.so:libtflite_support_classifiers_native.so
09-07 20:57:30.497  1576  1576 D nativeloader:   com_android_appsearch: libicing.so
09-07 20:57:30.497  1576  1576 D nativeloader:   com_android_art: libartservice.so
09-07 20:57:30.497  1576  1576 D nativeloader:   com_android_btservices: libbluetooth_jni.so
09-07 20:57:30.497  1576  1576 D nativeloader:   com_android_conscrypt: libjavacrypto.so
09-07 20:57:30.497  1576  1576 D nativeloader:   com_android_extservices: libhpke_jni.so:libtflite_support_classifiers_native.so
09-07 20:57:30.497  1576  1576 D nativeloader:   com_android_os_statsd: libstats_jni.so
09-07 20:57:30.497  1576  1576 D nativeloader:   com_android_tethering: libcronet.114.0.5735.84.so:libframework-connectivity-jni.so:libframework-connectivity-tiramisu-jni.so:libandroid_net_connectivity_com_android_net_module_util_jni.so:libservice-connectivity.so
09-07 20:57:30.497  1576  1576 D nativeloader:   com_android_uwb: libuwb_uci_jni_rust.so
09-07 20:57:30.497  1576  1576 D nativeloader:   com_android_virt: libvirtualizationservice_jni.so:libvirtualmachine_jni.so
09-07 20:57:30.498   314   314 I android.hardware.graphics.allocator-V1-service: alloc_format: FMT:0x1,MOD:0x4190000
09-07 20:57:30.498   314   314 I android.hardware.graphics.allocator-V1-service: mali_gralloc_adjust_dimensions: alloc_format=FMT:0x1,MOD:0x4190000 usage=0xb00 alloc_width=1200, alloc_height=1920
09-07 20:57:30.498   741   825 D CompatibilityChangeReporter: Compat change id reported: 265195908; UID 10067; state: ENABLED
09-07 20:57:30.499  1634  1634 D CompatibilityChangeReporter: Compat change id reported: 171979766; UID 10067; state: DISABLED
09-07 20:57:30.499  1634  1634 D CompatibilityChangeReporter: Compat change id reported: 242716250; UID 10067; state: DISABLED
09-07 20:57:30.500   314   314 I android.hardware.graphics.allocator-V1-service: Writing AFBC header layout 0 for format 1, n_headers: 9120
09-07 20:57:30.501   314   314 D android.hardware.graphics.allocator-V1-service: got new private_handle_t instance for buffer 'VRI[NotificationShade]#2(BLAST Consumer)2'. share_fd : 8, share_attr_fd : 9, width : 1200, height : 1920, req_format : 0x1, producer_usage : 0xb00, consumer_usage : 0xb00, , stride : 0, alloc_format_base: 1, alloc_format_modifiers: 0x04190000, size : 9485312, layer_count : 1, backing_store_id: 0x13a00000013
09-07 20:57:30.501   314   314 D android.hardware.graphics.allocator-V1-service: plane_info[0]: offset : 0, byte_stride : 4864, alloc_width : 1216, alloc_height : 1920
09-07 20:57:30.501   314   314 D android.hardware.graphics.allocator-V1-service: plane_info[1]: offset : 0, byte_stride : 0, alloc_width : 0, alloc_height : 0
09-07 20:57:30.501   314   314 I android.hardware.graphics.allocator-V1-service: alloc_format: FMT:0x1,MOD:0x4190000
09-07 20:57:30.502   314   314 I android.hardware.graphics.allocator-V1-service: mali_gralloc_adjust_dimensions: alloc_format=FMT:0x1,MOD:0x4190000 usage=0xb00 alloc_width=1200, alloc_height=1920
09-07 20:57:30.502   967   995 E SingleInstanceRemoteListener: Failed remote call on null listener
09-07 20:57:30.503   314   314 I android.hardware.graphics.allocator-V1-service: Writing AFBC header layout 0 for format 1, n_headers: 9120
09-07 20:57:30.504   741   811 D CompatibilityChangeReporter: Compat change id reported: 170503758; UID 10067; state: DISABLED
09-07 20:57:30.504   314   314 D android.hardware.graphics.allocator-V1-service: got new private_handle_t instance for buffer 'VRI[NotificationShade]#2(BLAST Consumer)2'. share_fd : 8, share_attr_fd : 9, width : 1200, height : 1920, req_format : 0x1, producer_usage : 0xb00, consumer_usage : 0xb00, , stride : 0, alloc_format_base: 1, alloc_format_modifiers: 0x04190000, size : 9485312, layer_count : 1, backing_store_id: 0x13a00000014
09-07 20:57:30.504   314   314 D android.hardware.graphics.allocator-V1-service: plane_info[0]: offset : 0, byte_stride : 4864, alloc_width : 1216, alloc_height : 1920
09-07 20:57:30.504   314   314 D android.hardware.graphics.allocator-V1-service: plane_info[1]: offset : 0, byte_stride : 0, alloc_width : 0, alloc_height : 0
09-07 20:57:30.504   526  1380 I bt_hwcfg: Setting local bd addr to 22:22:5A:B3:0D:00
09-07 20:57:30.505   526  1380 I bt_hwcfg: vendor lib fwcfg completed
09-07 20:57:30.505   526  1380 E bt_hwcfg: wrong codec is use in hw_sco_i2spcm_config, goes default NBS
09-07 20:57:30.505   526  1380 I bt_hwcfg: I2SPCM config {0x0, 0x0, 0x0, 0x2}
09-07 20:57:30.505   526  1380 D android.hardware.bluetooth@1.0-impl: sco_config_cb result: 0
09-07 20:57:30.505   314   314 I android.hardware.graphics.allocator-V1-service: alloc_format: FMT:0x1,MOD:0x4190000
09-07 20:57:30.505   314   314 I android.hardware.graphics.allocator-V1-service: mali_gralloc_adjust_dimensions: alloc_format=FMT:0x1,MOD:0x4190000 usage=0xb00 alloc_width=1200, alloc_height=1920
09-07 20:57:30.506   526  1380 I bt_hwcfg: SCO PCM configure {0x0, 0x2, 0x0, 0x0, 0x0}
09-07 20:57:30.506  1634  1634 D CompatibilityChangeReporter: Compat change id reported: 3400644; UID 10067; state: DISABLED
09-07 20:57:30.506   526  1380 I bt_hwcfg: SCO PCM data format {0x0, 0x0, 0x0, 0x0, 0x0}
09-07 20:57:30.507   526  1380 I bt_hwcfg: sco I2S/PCM config result 0 [0-Success, 1-Fail]
09-07 20:57:30.507   526  1380 D android.hardware.bluetooth@1.0-impl: sco_audiostate_cb result: 0
09-07 20:57:30.508   314   314 I android.hardware.graphics.allocator-V1-service: Writing AFBC header layout 0 for format 1, n_headers: 9120
09-07 20:57:30.509   314   314 D android.hardware.graphics.allocator-V1-service: got new private_handle_t instance for buffer 'VRI[NotificationShade]#2(BLAST Consumer)2'. share_fd : 8, share_attr_fd : 9, width : 1200, height : 1920, req_format : 0x1, producer_usage : 0xb00, consumer_usage : 0xb00, , stride : 0, alloc_format_base: 1, alloc_format_modifiers: 0x04190000, size : 9485312, layer_count : 1, backing_store_id: 0x13a00000015
09-07 20:57:30.509   314   314 D android.hardware.graphics.allocator-V1-service: plane_info[0]: offset : 0, byte_stride : 4864, alloc_width : 1216, alloc_height : 1920
09-07 20:57:30.509   314   314 D android.hardware.graphics.allocator-V1-service: plane_info[1]: offset : 0, byte_stride : 0, alloc_width : 0, alloc_height : 0
09-07 20:57:30.519  1585  1585 V GraphicsEnvironment: Currently set values for:
09-07 20:57:30.520  1585  1585 V GraphicsEnvironment:   angle_gl_driver_selection_pkgs=[]
09-07 20:57:30.521  1585  1585 V GraphicsEnvironment:   angle_gl_driver_selection_values=[]
09-07 20:57:30.521  1585  1585 V GraphicsEnvironment: ANGLE GameManagerService for com.cghs.stresstest: false
09-07 20:57:30.521  1585  1585 V GraphicsEnvironment: com.cghs.stresstest is not listed in per-application setting
09-07 20:57:30.522  1585  1585 V GraphicsEnvironment: Neither updatable production driver nor prerelease driver is supported.
09-07 20:57:34.564   275   275 I servicemanager: Found android.hardware.graphics.allocator.IAllocator/default in device VINTF manifest.
09-07 20:57:30.529  1566  1566 D nativeloader: Configuring clns-shared-8 for other apk /system/priv-app/ContactsProvider/ContactsProvider.apk. target_sdk_version=34, uses_libraries=, library_path=/system/priv-app/ContactsProvider/lib/arm64:/system/lib64:/system_ext/lib64, permitted_path=/data:/mnt/expand:/data/user/0/com.android.providers.contacts:/system/priv-app/ContactsProvider:/system/lib64:/system_ext/lib64
09-07 20:57:30.532  1620  1620 D nativeloader: Configuring clns-shared-6 for other apk /system/app/KeyChain/KeyChain.apk. target_sdk_version=34, uses_libraries=, library_path=/system/app/KeyChain/lib/arm64:/system/app/KeyChain/KeyChain.apk!/lib/arm64-v8a:/system/lib64:/system_ext/lib64, permitted_path=/data:/mnt/expand:/data/user/0/com.android.keychain:/system/app/KeyChain:/system/lib64:/system_ext/lib64
09-07 20:57:30.532   276   276 I hwservicemanager: getTransport: Cannot find entry android.hardware.graphics.allocator@4.0::IAllocator/default in either framework or device VINTF manifest.
09-07 20:57:30.533   314   314 I android.hardware.graphics.allocator-V1-service: alloc_format: FMT:0x1,MOD:0
09-07 20:57:30.534   314   314 I android.hardware.graphics.allocator-V1-service: mali_gralloc_adjust_dimensions: alloc_format=FMT:0x1,MOD:0 usage=0xb00 alloc_width=26, alloc_height=26
09-07 20:57:30.534   314   314 D android.hardware.graphics.allocator-V1-service: got new private_handle_t instance for buffer 'ImageReader-26x26f1u2816m2-1247-0'. share_fd : 8, share_attr_fd : 9, width : 26, height : 26, req_format : 0x1, producer_usage : 0xb00, consumer_usage : 0xb00, , stride : 0, alloc_format_base: 1, alloc_format_modifiers: 0x00000000, size : 3328, layer_count : 1, backing_store_id: 0x13a00000016
09-07 20:57:30.534   314   314 D android.hardware.graphics.allocator-V1-service: plane_info[0]: offset : 0, byte_stride : 128, alloc_width : 26, alloc_height : 26
09-07 20:57:30.534   314   314 D android.hardware.graphics.allocator-V1-service: plane_info[1]: offset : 0, byte_stride : 0, alloc_width : 0, alloc_height : 0
09-07 20:57:30.535   741   766 I system_server: Using smaps_rollup for pss collection
09-07 20:57:34.572   275   275 I servicemanager: Found android.hardware.graphics.allocator.IAllocator/default in device VINTF manifest.
09-07 20:57:30.545   526  1668 D android.hardware.bluetooth@1.0-impl: OnFirmwareConfigured result: 0
09-07 20:57:30.546   526  1668 I android.hardware.bluetooth@1.0-impl: Firmware configured in 1.777s
09-07 20:57:30.546   526  1668 D android.hardware.bluetooth@1.0-impl: OnFirmwareConfigured OnFirmwareConfigured get lock
09-07 20:57:30.546  1052  1347 I bluetooth: packages/modules/Bluetooth/system/gd/hal/hci_hal_android_hidl.cc:107 initializationComplete: initialization complete with status: 0
09-07 20:57:30.546   526  1668 I android.hardware.bluetooth@1.0-impl: OnFirmwareConfigured: lpm_timeout_ms 1500
09-07 20:57:30.546  1052  1345 I BtGdModule: packages/modules/Bluetooth/system/gd/module.cc:99 Start: Started HciHalHidl
09-07 20:57:30.546  1052  1345 I BtGdModule: packages/modules/Bluetooth/system/gd/module.cc:85 Start: Constructing next module
09-07 20:57:30.546   526  1668 D android.hardware.bluetooth@1.0-impl: OnFirmwareConfigured Calling StartLowPowerWatchdog()
09-07 20:57:30.546  1052  1345 I BtGdModule: packages/modules/Bluetooth/system/gd/module.cc:89 Start: Starting dependencies of Hci Layer
09-07 20:57:30.547  1052  1345 I BtGdModule: packages/modules/Bluetooth/system/gd/module.cc:85 Start: Constructing next module
09-07 20:57:30.547  1052  1345 I BtGdModule: packages/modules/Bluetooth/system/gd/module.cc:89 Start: Starting dependencies of Storage Module
09-07 20:57:30.547  1052  1345 I BtGdModule: packages/modules/Bluetooth/system/gd/module.cc:93 Start: Finished starting dependencies and calling Start() of Storage Module
09-07 20:57:30.547   526  1380 D android.hardware.bluetooth@1.0-impl: low_power_mode_cb result: 0
09-07 20:57:30.552  1052  1345 W bluetooth: packages/modules/Bluetooth/system/gd/storage/storage_module.cc:168 Start: cannot load config at /data/misc/bluedroid/bt_config.conf, using backup at /data/misc/bluedroid/bt_config.bak.
09-07 20:57:30.555   741   741 V NotificationAssistants: 0 notification assistant service connected: ComponentInfo{android.ext.services/android.ext.services.notification.Assistant}
09-07 20:57:30.555   741   960 I SyncManager: Loaded persisted syncs: 0 periodic syncs, 0 oneshot syncs, 0 total system server jobs, JobStats: FirstLoad: 8/5/0 LastSave: -1/-1/-1
09-07 20:57:30.560   314   314 I android.hardware.graphics.allocator-V1-service: alloc_format: FMT:0x1,MOD:0
09-07 20:57:30.560   314   314 I android.hardware.graphics.allocator-V1-service: mali_gralloc_adjust_dimensions: alloc_format=FMT:0x1,MOD:0 usage=0x20001a00 alloc_width=1200, alloc_height=1920
09-07 20:57:30.563  1052  1345 W bluetooth: packages/modules/Bluetooth/system/gd/storage/storage_module.cc:175 Start: cannot load backup config at /data/misc/bluedroid/bt_config.bak; creating new empty ones
09-07 20:57:30.563  1052  1345 I droid.bluetooth: [0907/205730.563515:INFO:btif_keystore.cc(61)] ConvertEncryptOrDecryptKeyIfNeeded callback isn't ready.
09-07 20:57:30.563   314   314 D android.hardware.graphics.allocator-V1-service: got new private_handle_t instance for buffer 'FramebufferSurface'. share_fd : 8, share_attr_fd : 9, width : 1200, height : 1920, req_format : 0x1, producer_usage : 0x20001a00, consumer_usage : 0x20001a00, , stride : 0, alloc_format_base: 1, alloc_format_modifiers: 0x00000000, size : 9216000, layer_count : 1, backing_store_id: 0x13a00000017
09-07 20:57:30.563   314   314 D android.hardware.graphics.allocator-V1-service: plane_info[0]: offset : 0, byte_stride : 4800, alloc_width : 1200, alloc_height : 1920
09-07 20:57:30.563   314   314 D android.hardware.graphics.allocator-V1-service: plane_info[1]: offset : 0, byte_stride : 0, alloc_width : 0, alloc_height : 0
09-07 20:57:30.563  1052  1345 I BtGdModule: packages/modules/Bluetooth/system/gd/module.cc:99 Start: Started Storage Module
09-07 20:57:30.563  1052  1345 I BtGdModule: packages/modules/Bluetooth/system/gd/module.cc:93 Start: Finished starting dependencies and calling Start() of Hci Layer
09-07 20:57:30.565  1566  1566 I ContactsPerf: VoicemailContentProvider.onCreate start
09-07 20:57:30.565  1634  1634 D nativeloader: InitLlndkLibrariesProduct: libEGL.so:libGLESv1_CM.so:libGLESv2.so:libGLESv3.so:libRS.so:libandroid_net.so:libbinder_ndk.so:libc.so:libcgrouprc.so:libclang_rt.asan-aarch64-android.so:libclang_rt.asan-arm-android.so:libclang_rt.hwasan-aarch64-android.so:libcom.android.tethering.connectivity_native.so:libdl.so:libft2.so:liblog.so:libm.so:libmediandk.so:libnativewindow.so:libneuralnetworks.so:libselinux.so:libsync.so:libvndksupport.so:libvulkan.so
09-07 20:57:30.565  1634  1634 D nativeloader: Configuring product-clns-6 for unbundled product apk /product/app/QuickSearchBox/QuickSearchBox.apk. target_sdk_version=30, uses_libraries=, library_path=/product/app/QuickSearchBox/lib/arm64:/product/lib64:/system/product/lib64, permitted_path=/data:/mnt/expand:/data/user/0/com.android.quicksearchbox:/product/lib64:/system/product/lib64
09-07 20:57:30.567  1052  1345 I BtGdModule: packages/modules/Bluetooth/system/gd/module.cc:99 Start: Started Hci Layer
09-07 20:57:30.567  1052  1345 I BtGdModule: packages/modules/Bluetooth/system/gd/module.cc:85 Start: Constructing next module
09-07 20:57:30.567  1052  1345 I BtGdModule: packages/modules/Bluetooth/system/gd/module.cc:89 Start: Starting dependencies of shim::Dumpsys
09-07 20:57:30.567  1052  1345 I BtGdModule: packages/modules/Bluetooth/system/gd/module.cc:93 Start: Finished starting dependencies and calling Start() of shim::Dumpsys
09-07 20:57:30.567  1052  1345 I BtGdModule: packages/modules/Bluetooth/system/gd/module.cc:99 Start: Started shim::Dumpsys
09-07 20:57:30.567  1052  1345 I BtGdModule: packages/modules/Bluetooth/system/gd/module.cc:85 Start: Constructing next module
09-07 20:57:30.567  1052  1345 I BtGdModule: packages/modules/Bluetooth/system/gd/module.cc:89 Start: Starting dependencies of Vendor Specific Event Manager
09-07 20:57:30.567  1052  1345 I BtGdModule: packages/modules/Bluetooth/system/gd/module.cc:85 Start: Constructing next module
09-07 20:57:30.567   527   609 V ExtCamDev: index:0,ret:0, format:RGGB
09-07 20:57:30.570  1052  1345 I BtGdModule: packages/modules/Bluetooth/system/gd/module.cc:89 Start: Starting dependencies of Controller
09-07 20:57:30.571  1052  1345 I BtGdModule: packages/modules/Bluetooth/system/gd/module.cc:85 Start: Constructing next module
09-07 20:57:30.571  1052  1345 I BtGdModule: packages/modules/Bluetooth/system/gd/module.cc:89 Start: Starting dependencies of Sysprops Module
09-07 20:57:30.571  1052  1345 I BtGdModule: packages/modules/Bluetooth/system/gd/module.cc:93 Start: Finished starting dependencies and calling Start() of Sysprops Module
09-07 20:57:30.571  1052  1345 I BtGdModule: packages/modules/Bluetooth/system/gd/module.cc:99 Start: Started Sysprops Module
09-07 20:57:30.571  1052  1345 I BtGdModule: packages/modules/Bluetooth/system/gd/module.cc:93 Start: Finished starting dependencies and calling Start() of Controller
09-07 20:57:30.575   527   609 V ExtCamDev: index:1,ret:0, format:GRBG
09-07 20:57:30.575   527   609 V ExtCamDev: index:2,ret:0, format:GBRG
09-07 20:57:30.575   527   609 V ExtCamDev: index:3,ret:0, format:BA81
09-07 20:57:30.575   527   609 V ExtCamDev: index:4,ret:0, format:RG10
09-07 20:57:30.575   527   609 V ExtCamDev: index:5,ret:0, format:BA10
09-07 20:57:30.575   527   609 V ExtCamDev: index:6,ret:0, format:GB10
09-07 20:57:30.575   527   609 V ExtCamDev: index:7,ret:0, format:BG10
09-07 20:57:30.575   527   609 V ExtCamDev: index:8,ret:0, format:RG12
09-07 20:57:30.575   527   609 V ExtCamDev: index:9,ret:0, format:BA12
09-07 20:57:30.575   527   609 V ExtCamDev: index:10,ret:0, format:GB12
09-07 20:57:30.575   527   609 V ExtCamDev: index:11,ret:0, format:BG12
09-07 20:57:30.575   527   609 V ExtCamDev: index:12,ret:-1, format:BG12
09-07 20:57:30.575   527   609 E ExtCamDev: trimSupportedFormats: input format list is empty!
09-07 20:57:30.575   527   609 V ExtCamDev: index:0,ret:0, format:RGGB
09-07 20:57:30.575   527   609 V ExtCamDev: index:1,ret:0, format:GRBG
09-07 20:57:30.575   527   609 V ExtCamDev: index:2,ret:0, format:GBRG
09-07 20:57:30.575   527   609 V ExtCamDev: index:3,ret:0, format:BA81
09-07 20:57:30.575   527   609 V ExtCamDev: index:4,ret:0, format:RG10
09-07 20:57:30.575   527   609 V ExtCamDev: index:5,ret:0, format:BA10
09-07 20:57:30.575   527   609 V ExtCamDev: index:6,ret:0, format:GB10
09-07 20:57:30.575   527   609 V ExtCamDev: index:7,ret:0, format:BG10
09-07 20:57:30.575   527   609 V ExtCamDev: index:8,ret:0, format:RG12
09-07 20:57:30.575   527   609 V ExtCamDev: index:9,ret:0, format:BA12
09-07 20:57:30.575   527   609 V ExtCamDev: index:10,ret:0, format:GB12
09-07 20:57:30.575   527   609 V ExtCamDev: index:11,ret:0, format:BG12
09-07 20:57:30.575   527   609 V ExtCamDev: index:12,ret:-1, format:BG12
09-07 20:57:30.575   527   609 E ExtCamDev: trimSupportedFormats: input format list is empty!
09-07 20:57:30.575   527   609 E ExtCamDev: initSupportedFormatsLocked: cannot find suitable cropping type!
09-07 20:57:30.575   527   609 E ExtCamDev: initOutputCharsKeys: Init supported format list failed
09-07 20:57:30.575   527   609 E ExtCamDev: initCameraCharacteristics: init output characteristics key failed: errorno -2147483648
09-07 20:57:30.575   527   609 E ExtCamDev: isInitFailedLocked: init camera characteristics failed: errorno -2147483648
09-07 20:57:30.575   527   609 W ExtCamPrvdr: deviceAdded: Attempt to init camera device /dev/video20 failed!
09-07 20:57:30.577  1634  1634 D nativeloader: InitVndkspLibrariesProduct: android.hardware.common-V2-ndk.so:android.hardware.common.fmq-V1-ndk.so:android.hardware.graphics.allocator-V2-ndk.so:android.hardware.graphics.common-V4-ndk.so:android.hardware.graphics.common@1.0.so:android.hardware.graphics.common@1.1.so:android.hardware.graphics.common@1.2.so:android.hardware.graphics.composer3-V1-ndk.so:android.hardware.graphics.mapper@2.0.so:android.hardware.graphics.mapper@2.1.so:android.hardware.graphics.mapper@3.0.so:android.hardware.graphics.mapper@4.0.so:android.hardware.renderscript@1.0.so:android.hidl.memory.token@1.0.so:android.hidl.memory@1.0-impl.so:android.hidl.memory@1.0.so:android.hidl.safe_union@1.0.so:libRSCpuRef.so:libRSDriver.so:libRS_internal.so:libbase.so:libbcinfo.so:libblas.so:libc++.so:libcompiler_rt.so:libcutils.so:libdmabufheap.so:libgralloctypes.so:libhardware.so:libhidlbase.so:libhidlmemory.so:libion.so:libjsoncpp.so:liblzma.so:libprocessgroup.so:libunwindstack.so:libutils.so:libutilscallstack.so:libz.so
09-07 20:57:30.585  1247  1649 E FrameEvents: updateAcquireFence: Did not find frame.
09-07 20:57:30.594   741   947 D CompatibilityChangeReporter: Compat change id reported: 161145287; UID 10016; state: ENABLED
09-07 20:57:30.595  1247  1247 D b/254119092: destroyExistingTaskbar: null
09-07 20:57:30.595  1247  1247 D b/254119092: mActivity and mContext device profiles have different values, add more logs.
09-07 20:57:30.595  1247  1247 D b/254119092:   mActivity logs:
09-07 20:57:30.595  1247  1247 D b/254119092:           mActivity=null
09-07 20:57:30.595  1247  1247 D b/254119092:   mContext logs:
09-07 20:57:30.595  1247  1247 D b/254119092:           mContext=android.window.WindowContext@e63a674
09-07 20:57:30.595  1247  1247 D b/254119092:           mContext.getResources().getConfiguration()={1.0 ?mcc0mnc [zh_CN] ldltr sw738dp w738dp h1158dp 260dpi xlrg port finger -keyb/v/h -nav/h winConfig={ mBounds=Rect(0, 0 - 1200, 1920) mAppBounds=Rect(0, 0 - 1200, 1920) mMaxBounds=Rect(0, 0 - 1200, 1920) mDisplayRotation=ROTATION_0 mWindowingMode=fullscreen mDisplayWindowingMode=fullscreen mActivityType=undefined mAlwaysOnTop=undefined mRotation=ROTATION_0} s.10 fontWeightAdjustment=0}
09-07 20:57:30.595  1247  1247 D b/254119092:           LauncherAppState.getIDP().getDeviceProfile(mContext).isTaskbarPresent=true
09-07 20:57:30.595  1247  1247 D b/254119092: recreateTaskbar: isTaskbarEnabled=true [dp != null (i.e. mUserUnlocked)]=true FLAG_HIDE_NAVBAR_WINDOW=false dp.isTaskbarPresent=true
09-07 20:57:30.595  1247  1247 D b/254119092: mActivity and mContext device profiles have different values, add more logs.
09-07 20:57:30.595  1247  1247 D b/254119092:   mActivity logs:
09-07 20:57:30.595  1247  1247 D b/254119092:           mActivity=null
09-07 20:57:30.595  1247  1247 D b/254119092:   mContext logs:
09-07 20:57:30.595  1247  1247 D b/254119092:           mContext=android.window.WindowContext@e63a674
09-07 20:57:30.595  1247  1247 D b/254119092:           mContext.getResources().getConfiguration()={1.0 ?mcc0mnc [zh_CN] ldltr sw738dp w738dp h1158dp 260dpi xlrg port finger -keyb/v/h -nav/h winConfig={ mBounds=Rect(0, 0 - 1200, 1920) mAppBounds=Rect(0, 0 - 1200, 1920) mMaxBounds=Rect(0, 0 - 1200, 1920) mDisplayRotation=ROTATION_0 mWindowingMode=fullscreen mDisplayWindowingMode=fullscreen mActivityType=undefined mAlwaysOnTop=undefined mRotation=ROTATION_0} s.10 fontWeightAdjustment=0}
09-07 20:57:30.595  1247  1247 D b/254119092:           LauncherAppState.getIDP().getDeviceProfile(mContext).isTaskbarPresent=true
09-07 20:57:30.596   314   314 I android.hardware.graphics.allocator-V1-service: alloc_format: FMT:0x1,MOD:0
09-07 20:57:30.596   314   314 I android.hardware.graphics.allocator-V1-service: mali_gralloc_adjust_dimensions: alloc_format=FMT:0x1,MOD:0 usage=0x20001a00 alloc_width=1200, alloc_height=1920
09-07 20:57:30.599   314   314 D android.hardware.graphics.allocator-V1-service: got new private_handle_t instance for buffer 'FramebufferSurface'. share_fd : 8, share_attr_fd : 9, width : 1200, height : 1920, req_format : 0x1, producer_usage : 0x20001a00, consumer_usage : 0x20001a00, , stride : 0, alloc_format_base: 1, alloc_format_modifiers: 0x00000000, size : 9216000, layer_count : 1, backing_store_id: 0x13a00000018
09-07 20:57:30.599   314   314 D android.hardware.graphics.allocator-V1-service: plane_info[0]: offset : 0, byte_stride : 4800, alloc_width : 1200, alloc_height : 1920
09-07 20:57:30.599   314   314 D android.hardware.graphics.allocator-V1-service: plane_info[1]: offset : 0, byte_stride : 0, alloc_width : 0, alloc_height : 0
09-07 20:57:30.599  1566  1566 I ContactsPerf: VoicemailContentProvider.onCreate finish
09-07 20:57:30.600  1247  1247 E StrictMode: Tried to access UI related API:getWallpaperColors from a non-UI Context:android.app.Application@da2a44f getWallpaperColors should be accessed from Activity or other UI Contexts. Use an Activity or a Context created with Context#createWindowContext(int, Bundle), which are adjusted to the configuration and visual bounds of an area on screen.
09-07 20:57:30.600  1247  1247 E StrictMode: java.lang.IllegalAccessException: Tried to access UI related API:getWallpaperColors from a non-UI Context:android.app.Application@da2a44f
09-07 20:57:30.600  1247  1247 E StrictMode:    at android.os.StrictMode.assertUiContext(StrictMode.java:2358)
09-07 20:57:30.600  1247  1247 E StrictMode:    at android.app.WallpaperManager.getWallpaperColors(WallpaperManager.java:1629)
09-07 20:57:30.600  1247  1247 E StrictMode:    at android.app.WallpaperManager.getWallpaperColors(WallpaperManager.java:1615)
09-07 20:57:30.600  1247  1247 E StrictMode:    at com.android.launcher3.util.WallpaperColorHints.<init>(WallpaperColorHints.kt:44)
09-07 20:57:30.600  1247  1247 E StrictMode:    at com.android.launcher3.util.WallpaperColorHints$Companion$INSTANCE$1.get(WallpaperColorHints.kt:88)
09-07 20:57:30.600  1247  1247 E StrictMode:    at com.android.launcher3.util.WallpaperColorHints$Companion$INSTANCE$1.get(WallpaperColorHints.kt:88)
09-07 20:57:30.600  1247  1247 E StrictMode:    at com.android.launcher3.util.MainThreadInitializedObject.lambda$get$0(MainThreadInitializedObject.java:58)
09-07 20:57:30.600  1247  1247 E StrictMode:    at com.android.launcher3.util.MainThreadInitializedObject.$r8$lambda$xtvr3aByNYHC2nsBQ97HC1SKg4A(Unknown Source:0)
09-07 20:57:30.600  1247  1247 E StrictMode:    at com.android.launcher3.util.MainThreadInitializedObject$$ExternalSyntheticLambda0.get(Unknown Source:4)
09-07 20:57:30.600  1247  1247 E StrictMode:    at com.android.launcher3.util.TraceHelper.allowIpcs(TraceHelper.java:100)
09-07 20:57:30.600  1247  1247 E StrictMode:    at com.android.launcher3.util.MainThreadInitializedObject.get(MainThreadInitializedObject.java:57)
09-07 20:57:30.600  1247  1247 E StrictMode:    at com.android.launcher3.util.WallpaperColorHints$Companion.get(WallpaperColorHints.kt:89)
09-07 20:57:30.600  1247  1247 E StrictMode:    at com.android.launcher3.util.WallpaperColorHints.get(Unknown Source:2)
09-07 20:57:30.600  1247  1247 E StrictMode:    at com.android.launcher3.util.Themes.getActivityThemeRes(Themes.java:51)
09-07 20:57:30.600  1247  1247 E StrictMode:    at com.android.launcher3.taskbar.BaseTaskbarContext.<init>(BaseTaskbarContext.java:40)
09-07 20:57:30.600  1247  1247 E StrictMode:    at com.android.launcher3.taskbar.TaskbarActivityContext.<init>(TaskbarActivityContext.java:173)
09-07 20:57:30.600  1247  1247 E StrictMode:    at com.android.launcher3.taskbar.TaskbarManager.recreateTaskbar(TaskbarManager.java:429)
09-07 20:57:30.600  1247  1247 E StrictMode:    at com.android.launcher3.taskbar.TaskbarManager.onUserUnlocked(TaskbarManager.java:345)
09-07 20:57:30.600  1247  1247 E StrictMode:    at com.android.quickstep.TouchInteractionService$$ExternalSyntheticLambda7.run(Unknown Source:2)
09-07 20:57:30.600  1247  1247 E StrictMode:    at com.android.launcher3.util.RunnableList.executeAllAndClear(RunnableList.java:63)
09-07 20:57:30.600  1247  1247 E StrictMode:    at com.android.launcher3.util.RunnableList.executeAllAndDestroy(RunnableList.java:51)
09-07 20:57:30.600  1247  1247 E StrictMode:    at com.android.launcher3.util.LockedUserState.notifyUserUnlocked(LockedUserState.kt:58)
09-07 20:57:30.600  1247  1247 E StrictMode:    at com.android.launcher3.util.LockedUserState.access$notifyUserUnlocked(LockedUserState.kt:24)
09-07 20:57:30.600  1247  1247 E StrictMode:    at com.android.launcher3.util.LockedUserState$mUserUnlockedReceiver$1.accept(LockedUserState.kt:34)
09-07 20:57:30.600  1247  1247 E StrictMode:    at com.android.launcher3.util.LockedUserState$mUserUnlockedReceiver$1.accept(LockedUserState.kt:31)
09-07 20:57:30.600  1247  1247 E StrictMode:    at com.android.launcher3.util.SimpleBroadcastReceiver.onReceive(SimpleBroadcastReceiver.java:39)
09-07 20:57:30.600  1247  1247 E StrictMode:    at android.app.LoadedApk$ReceiverDispatcher$Args.lambda$getRunnable$0(LoadedApk.java:1811)
09-07 20:57:30.600  1247  1247 E StrictMode:    at android.app.LoadedApk$ReceiverDispatcher$Args.$r8$lambda$gDuJqgxY6Zb-ifyeubKeivTLAwk(Unknown Source:0)
09-07 20:57:30.600  1247  1247 E StrictMode:    at android.app.LoadedApk$ReceiverDispatcher$Args$$ExternalSyntheticLambda0.run(Unknown Source:2)
09-07 20:57:30.600  1247  1247 E StrictMode:    at android.os.Handler.handleCallback(Handler.java:958)
09-07 20:57:30.600  1247  1247 E StrictMode:    at android.os.Handler.dispatchMessage(Handler.java:99)
09-07 20:57:30.600  1247  1247 E StrictMode:    at android.os.Looper.loopOnce(Looper.java:205)
09-07 20:57:30.600  1247  1247 E StrictMode:    at android.os.Looper.loop(Looper.java:294)
09-07 20:57:30.600  1247  1247 E StrictMode:    at android.app.ActivityThread.main(ActivityThread.java:8248)
09-07 20:57:30.600  1247  1247 E StrictMode:    at java.lang.reflect.Method.invoke(Native Method)
09-07 20:57:30.600  1247  1247 E StrictMode:    at com.android.internal.os.RuntimeInit$MethodAndArgsCaller.run(RuntimeInit.java:552)
09-07 20:57:30.600  1247  1247 E StrictMode:    at com.android.internal.os.ZygoteInit.main(ZygoteInit.java:971)
09-07 20:57:30.602  1576  1576 V GraphicsEnvironment: Currently set values for:
09-07 20:57:30.602  1576  1576 V GraphicsEnvironment:   angle_gl_driver_selection_pkgs=[]
09-07 20:57:30.602  1576  1576 V GraphicsEnvironment:   angle_gl_driver_selection_values=[]
09-07 20:57:30.604  1576  1576 V GraphicsEnvironment: ANGLE GameManagerService for com.android.providers.media.module: false
09-07 20:57:30.605  1576  1576 V GraphicsEnvironment: com.android.providers.media.module is not listed in per-application setting
09-07 20:57:30.605  1576  1576 V GraphicsEnvironment: Neither updatable production driver nor prerelease driver is supported.
09-07 20:57:30.610   741   760 I DropBoxManagerService: add tag=system_app_strictmode isTagEnabled=true flags=0x2
09-07 20:57:30.612   314   314 I android.hardware.graphics.allocator-V1-service: alloc_format: FMT:0x1,MOD:0
09-07 20:57:30.612   314   314 I android.hardware.graphics.allocator-V1-service: mali_gralloc_adjust_dimensions: alloc_format=FMT:0x1,MOD:0 usage=0xb00 alloc_width=22, alloc_height=22
09-07 20:57:30.612   314   314 D android.hardware.graphics.allocator-V1-service: got new private_handle_t instance for buffer 'ImageReader-22x22f1u2816m2-1247-1'. share_fd : 8, share_attr_fd : 9, width : 22, height : 22, req_format : 0x1, producer_usage : 0xb00, consumer_usage : 0xb00, , stride : 0, alloc_format_base: 1, alloc_format_modifiers: 0x00000000, size : 2816, layer_count : 1, backing_store_id: 0x13a00000019
09-07 20:57:30.612   314   314 D android.hardware.graphics.allocator-V1-service: plane_info[0]: offset : 0, byte_stride : 128, alloc_width : 22, alloc_height : 22
09-07 20:57:30.612   314   314 D android.hardware.graphics.allocator-V1-service: plane_info[1]: offset : 0, byte_stride : 0, alloc_width : 0, alloc_height : 0
09-07 20:57:30.614   314   314 I android.hardware.graphics.allocator-V1-service: alloc_format: FMT:0x1,MOD:0
09-07 20:57:30.614   314   314 I android.hardware.graphics.allocator-V1-service: mali_gralloc_adjust_dimensions: alloc_format=FMT:0x1,MOD:0 usage=0x20001a00 alloc_width=1200, alloc_height=1920
09-07 20:57:30.615  1247  1649 E FrameEvents: updateAcquireFence: Did not find frame.
09-07 20:57:30.617  1634  1634 V GraphicsEnvironment: Currently set values for:
09-07 20:57:30.617   314   314 D android.hardware.graphics.allocator-V1-service: got new private_handle_t instance for buffer 'FramebufferSurface'. share_fd : 8, share_attr_fd : 9, width : 1200, height : 1920, req_format : 0x1, producer_usage : 0x20001a00, consumer_usage : 0x20001a00, , stride : 0, alloc_format_base: 1, alloc_format_modifiers: 0x00000000, size : 9216000, layer_count : 1, backing_store_id: 0x13a0000001a
09-07 20:57:30.617   314   314 D android.hardware.graphics.allocator-V1-service: plane_info[0]: offset : 0, byte_stride : 4800, alloc_width : 1200, alloc_height : 1920
09-07 20:57:30.617   314   314 D android.hardware.graphics.allocator-V1-service: plane_info[1]: offset : 0, byte_stride : 0, alloc_width : 0, alloc_height : 0
09-07 20:57:30.617  1634  1634 V GraphicsEnvironment:   angle_gl_driver_selection_pkgs=[]
09-07 20:57:30.617  1634  1634 V GraphicsEnvironment:   angle_gl_driver_selection_values=[]
09-07 20:57:30.618  1634  1634 V GraphicsEnvironment: ANGLE GameManagerService for com.android.quicksearchbox: false
