09-07 20:57:30.338   741   767 D SystemServerTimingAsync: ssm.onUnlockedUser-0_com.android.server.am.ActivityManagerService$Lifecycle
09-07 20:57:30.338   741   767 V SystemServerTimingAsync: ssm.onUnlockedUser-0_com.android.server.am.ActivityManagerService$Lifecycle took to complete: 0ms
09-07 20:57:30.338   741   767 D SystemServerTimingAsync: ssm.onUnlockedUser-0_com.android.server.pm.DataLoaderManagerService
09-07 20:57:30.338   741   767 V SystemServerTimingAsync: ssm.onUnlockedUser-0_com.android.server.pm.DataLoaderManagerService took to complete: 0ms
09-07 20:57:30.338   741   767 D SystemServerTimingAsync: ssm.onUnlockedUser-0_com.android.server.power.PowerManagerService
09-07 20:57:30.338   741   767 V SystemServerTimingAsync: ssm.onUnlockedUser-0_com.android.server.power.PowerManagerService took to complete: 0ms
09-07 20:57:30.338   741   767 D SystemServerTimingAsync: ssm.onUnlockedUser-0_com.android.server.power.ThermalManagerService
09-07 20:57:30.338   741   758 D AppWidgetServiceImpl: Unable to load widget provider info from xml for ComponentInfo{com.android.systemui/com.android.systemui.people.widget.PeopleSpaceWidgetProvider}
09-07 20:57:30.338   741   767 V SystemServerTimingAsync: ssm.onUnlockedUser-0_com.android.server.power.ThermalManagerService took to complete: 0ms
09-07 20:57:30.338   741   767 D SystemServerTimingAsync: ssm.onUnlockedUser-0_com.android.server.power.hint.HintManagerService
09-07 20:57:30.338   741   767 V SystemServerTimingAsync: ssm.onUnlockedUser-0_com.android.server.power.hint.HintManagerService took to complete: 0ms
09-07 20:57:30.338   741   767 D SystemServerTimingAsync: ssm.onUnlockedUser-0_com.android.server.recoverysystem.RecoverySystemService$Lifecycle
09-07 20:57:30.338   741   767 V SystemServerTimingAsync: ssm.onUnlockedUser-0_com.android.server.recoverysystem.RecoverySystemService$Lifecycle took to complete: 0ms
09-07 20:57:30.338   741   767 D SystemServerTimingAsync: ssm.onUnlockedUser-0_com.android.server.lights.LightsService
09-07 20:57:30.338   741   767 V SystemServerTimingAsync: ssm.onUnlockedUser-0_com.android.server.lights.LightsService took to complete: 0ms
09-07 20:57:30.338   741   767 D SystemServerTimingAsync: ssm.onUnlockedUser-0_com.android.server.display.DisplayManagerService
09-07 20:57:30.338   741   767 V SystemServerTimingAsync: ssm.onUnlockedUser-0_com.android.server.display.DisplayManagerService took to complete: 0ms
09-07 20:57:30.338   741   767 D SystemServerTimingAsync: ssm.onUnlockedUser-0_com.android.server.pm.verify.domain.DomainVerificationService
09-07 20:57:30.339   741   767 V SystemServerTimingAsync: ssm.onUnlockedUser-0_com.android.server.pm.verify.domain.DomainVerificationService took to complete: 1ms
09-07 20:57:30.338   519   519 D Zygote  : Forked child process 1585
09-07 20:57:30.339   741   767 D SystemServerTimingAsync: ssm.onUnlockedUser-0_com.android.server.pm.PackageInstallerService$Lifecycle
09-07 20:57:30.339   741   767 V SystemServerTimingAsync: ssm.onUnlockedUser-0_com.android.server.pm.PackageInstallerService$Lifecycle took to complete: 0ms
09-07 20:57:30.339   741   767 D SystemServerTimingAsync: ssm.onUnlockedUser-0_com.android.server.pm.UserManagerService$LifeCycle
09-07 20:57:30.339   741   767 V SystemServerTimingAsync: ssm.onUnlockedUser-0_com.android.server.pm.UserManagerService$LifeCycle took to complete: 0ms
09-07 20:57:30.339   741   767 D SystemServerTimingAsync: ssm.onUnlockedUser-0_com.android.server.om.OverlayManagerService
09-07 20:57:30.339   741   767 V SystemServerTimingAsync: ssm.onUnlockedUser-0_com.android.server.om.OverlayManagerService took to complete: 0ms
09-07 20:57:30.339   741   767 D SystemServerTimingAsync: ssm.onUnlockedUser-0_com.android.server.resources.ResourcesManagerService
09-07 20:57:30.339   741   767 V SystemServerTimingAsync: ssm.onUnlockedUser-0_com.android.server.resources.ResourcesManagerService took to complete: 0ms
09-07 20:57:30.339   741   767 D SystemServerTimingAsync: ssm.onUnlockedUser-0_com.android.server.sensorprivacy.SensorPrivacyService
09-07 20:57:30.339   741   767 V SystemServerTimingAsync: ssm.onUnlockedUser-0_com.android.server.sensorprivacy.SensorPrivacyService took to complete: 0ms
09-07 20:57:30.339   741   767 D SystemServerTimingAsync: ssm.onUnlockedUser-0_com.android.server.sensors.SensorService
09-07 20:57:30.339   741   767 V SystemServerTimingAsync: ssm.onUnlockedUser-0_com.android.server.sensors.SensorService took to complete: 0ms
09-07 20:57:30.339   741   767 D SystemServerTimingAsync: ssm.onUnlockedUser-0_com.android.server.SystemConfigService
09-07 20:57:30.339   741   767 V SystemServerTimingAsync: ssm.onUnlockedUser-0_com.android.server.SystemConfigService took to complete: 0ms
09-07 20:57:30.339   741   767 D SystemServerTimingAsync: ssm.onUnlockedUser-0_com.android.server.BatteryService
09-07 20:57:30.339   741   767 V SystemServerTimingAsync: ssm.onUnlockedUser-0_com.android.server.BatteryService took to complete: 0ms
09-07 20:57:30.339   741   767 D SystemServerTimingAsync: ssm.onUnlockedUser-0_com.android.server.usage.UsageStatsService
09-07 20:57:30.339   741   767 V SystemServerTimingAsync: ssm.onUnlockedUser-0_com.android.server.usage.UsageStatsService took to complete: 0ms
09-07 20:57:30.339   741   767 D SystemServerTimingAsync: ssm.onUnlockedUser-0_com.android.server.webkit.WebViewUpdateService
09-07 20:57:30.339   741   767 V SystemServerTimingAsync: ssm.onUnlockedUser-0_com.android.server.webkit.WebViewUpdateService took to complete: 0ms
09-07 20:57:30.339   741   767 D SystemServerTimingAsync: ssm.onUnlockedUser-0_com.android.server.CachedDeviceStateService
09-07 20:57:30.339   741   767 V SystemServerTimingAsync: ssm.onUnlockedUser-0_com.android.server.CachedDeviceStateService took to complete: 0ms
09-07 20:57:30.339   741   767 D SystemServerTimingAsync: ssm.onUnlockedUser-0_com.android.server.BinderCallsStatsService$LifeCycle
09-07 20:57:30.339   741   767 V SystemServerTimingAsync: ssm.onUnlockedUser-0_com.android.server.BinderCallsStatsService$LifeCycle took to complete: 0ms
09-07 20:57:30.339   741   767 D SystemServerTimingAsync: ssm.onUnlockedUser-0_com.android.server.LooperStatsService$Lifecycle
09-07 20:57:30.339   741   767 V SystemServerTimingAsync: ssm.onUnlockedUser-0_com.android.server.LooperStatsService$Lifecycle took to complete: 0ms
09-07 20:57:30.339   741   767 D SystemServerTimingAsync: ssm.onUnlockedUser-0_com.android.server.rollback.RollbackManagerService
09-07 20:57:30.339   741   767 V SystemServerTimingAsync: ssm.onUnlockedUser-0_com.android.server.rollback.RollbackManagerService took to complete: 0ms
09-07 20:57:30.339   741   767 D SystemServerTimingAsync: ssm.onUnlockedUser-0_com.android.server.os.NativeTombstoneManagerService
09-07 20:57:30.339   741   768 I ActivityManager: Start proc 1585:com.cghs.stresstest/1000 for added application com.cghs.stresstest
09-07 20:57:30.339   741   767 V SystemServerTimingAsync: ssm.onUnlockedUser-0_com.android.server.os.NativeTombstoneManagerService took to complete: 0ms
09-07 20:57:30.339   741   767 D SystemServerTimingAsync: ssm.onUnlockedUser-0_com.android.server.os.BugreportManagerService
09-07 20:57:30.340   741   767 V SystemServerTimingAsync: ssm.onUnlockedUser-0_com.android.server.os.BugreportManagerService took to complete: 0ms
09-07 20:57:30.340   741   767 D SystemServerTimingAsync: ssm.onUnlockedUser-0_com.android.server.gpu.GpuService
09-07 20:57:30.340   741   767 V SystemServerTimingAsync: ssm.onUnlockedUser-0_com.android.server.gpu.GpuService took to complete: 0ms
09-07 20:57:30.340   741   767 D SystemServerTimingAsync: ssm.onUnlockedUser-0_com.android.server.security.rkp.RemoteProvisioningService
09-07 20:57:30.340   741   767 V SystemServerTimingAsync: ssm.onUnlockedUser-0_com.android.server.security.rkp.RemoteProvisioningService took to complete: 0ms
09-07 20:57:30.340   741   767 D SystemServerTimingAsync: ssm.onUnlockedUser-0_com.android.server.cpu.CpuMonitorService
09-07 20:57:30.340   741   767 V SystemServerTimingAsync: ssm.onUnlockedUser-0_com.android.server.cpu.CpuMonitorService took to complete: 0ms
09-07 20:57:30.340   741   767 D SystemServerTimingAsync: ssm.onUnlockedUser-0_com.android.server.security.KeyChainSystemService
09-07 20:57:30.340   741   767 V SystemServerTimingAsync: ssm.onUnlockedUser-0_com.android.server.security.KeyChainSystemService took to complete: 0ms
09-07 20:57:30.340   741   767 D SystemServerTimingAsync: ssm.onUnlockedUser-0_com.android.server.BinaryTransparencyService
09-07 20:57:30.340   741   767 V SystemServerTimingAsync: ssm.onUnlockedUser-0_com.android.server.BinaryTransparencyService took to complete: 0ms
09-07 20:57:30.340   741   767 D SystemServerTimingAsync: ssm.onUnlockedUser-0_com.android.server.telecom.TelecomLoaderService
09-07 20:57:30.340   741   767 V SystemServerTimingAsync: ssm.onUnlockedUser-0_com.android.server.telecom.TelecomLoaderService took to complete: 0ms
09-07 20:57:30.340   741   767 D SystemServerTimingAsync: ssm.onUnlockedUser-0_com.android.server.accounts.AccountManagerService$Lifecycle
09-07 20:57:30.340   741   767 V SystemServerTimingAsync: ssm.onUnlockedUser-0_com.android.server.accounts.AccountManagerService$Lifecycle took to complete: 0ms
09-07 20:57:30.340   741   767 D SystemServerTimingAsync: ssm.onUnlockedUser-0_com.android.server.content.ContentService$Lifecycle
09-07 20:57:30.340   741   767 V SystemServerTimingAsync: ssm.onUnlockedUser-0_com.android.server.content.ContentService$Lifecycle took to complete: 0ms
09-07 20:57:30.340   741   767 D SystemServerTimingAsync: ssm.onUnlockedUser-0_com.android.server.deviceconfig.DeviceConfigInit$Lifecycle
09-07 20:57:30.340   741   767 V SystemServerTimingAsync: ssm.onUnlockedUser-0_com.android.server.deviceconfig.DeviceConfigInit$Lifecycle took to complete: 0ms
09-07 20:57:30.340   741   767 D SystemServerTimingAsync: ssm.onUnlockedUser-0_com.android.server.DropBoxManagerService
09-07 20:57:30.340   741   767 V SystemServerTimingAsync: ssm.onUnlockedUser-0_com.android.server.DropBoxManagerService took to complete: 0ms
09-07 20:57:30.340   741   767 D SystemServerTimingAsync: ssm.onUnlockedUser-0_com.android.role.RoleService
09-07 20:57:30.340   741   767 V SystemServerTimingAsync: ssm.onUnlockedUser-0_com.android.role.RoleService took to complete: 0ms
09-07 20:57:30.340   741   767 D SystemServerTimingAsync: ssm.onUnlockedUser-0_com.android.server.vibrator.VibratorManagerService$Lifecycle
09-07 20:57:30.340   741   767 V SystemServerTimingAsync: ssm.onUnlockedUser-0_com.android.server.vibrator.VibratorManagerService$Lifecycle took to complete: 0ms
09-07 20:57:30.340   741   767 D SystemServerTimingAsync: ssm.onUnlockedUser-0_com.android.server.tare.InternalResourceService
09-07 20:57:30.340   741   767 V SystemServerTimingAsync: ssm.onUnlockedUser-0_com.android.server.tare.InternalResourceService took to complete: 0ms
09-07 20:57:30.340   741   767 D SystemServerTimingAsync: ssm.onUnlockedUser-0_com.android.server.alarm.AlarmManagerService
09-07 20:57:30.340   741   767 V SystemServerTimingAsync: ssm.onUnlockedUser-0_com.android.server.alarm.AlarmManagerService took to complete: 0ms
09-07 20:57:30.340   741   767 D SystemServerTimingAsync: ssm.onUnlockedUser-0_com.android.server.devicestate.DeviceStateManagerService
09-07 20:57:30.340   741   767 V SystemServerTimingAsync: ssm.onUnlockedUser-0_com.android.server.devicestate.DeviceStateManagerService took to complete: 0ms
09-07 20:57:30.340   741   767 D SystemServerTimingAsync: ssm.onUnlockedUser-0_com.android.server.camera.CameraServiceProxy
09-07 20:57:30.340   741   767 V SystemServerTimingAsync: ssm.onUnlockedUser-0_com.android.server.camera.CameraServiceProxy took to complete: 0ms
09-07 20:57:30.340   741   767 D SystemServerTimingAsync: ssm.onUnlockedUser-0_com.android.server.bluetooth.BluetoothService
09-07 20:57:30.340   741   767 V SystemServerTimingAsync: ssm.onUnlockedUser-0_com.android.server.bluetooth.BluetoothService took to complete: 0ms
09-07 20:57:30.340   741   767 D SystemServerTimingAsync: ssm.onUnlockedUser-0_com.android.server.connectivity.IpConnectivityMetrics
09-07 20:57:30.340   741   767 V SystemServerTimingAsync: ssm.onUnlockedUser-0_com.android.server.connectivity.IpConnectivityMetrics took to complete: 1ms
09-07 20:57:30.341   741   767 D SystemServerTimingAsync: ssm.onUnlockedUser-0_com.android.server.net.watchlist.NetworkWatchlistService$Lifecycle
09-07 20:57:30.341   741   767 V SystemServerTimingAsync: ssm.onUnlockedUser-0_com.android.server.net.watchlist.NetworkWatchlistService$Lifecycle took to complete: 0ms
09-07 20:57:30.341   741   767 D SystemServerTimingAsync: ssm.onUnlockedUser-0_com.android.server.PinnerService
09-07 20:57:30.341   741   767 V SystemServerTimingAsync: ssm.onUnlockedUser-0_com.android.server.PinnerService took to complete: 0ms
09-07 20:57:30.341   741   767 D SystemServerTimingAsync: ssm.onUnlockedUser-0_com.android.server.integrity.AppIntegrityManagerService
09-07 20:57:30.341   741   767 V SystemServerTimingAsync: ssm.onUnlockedUser-0_com.android.server.integrity.AppIntegrityManagerService took to complete: 0ms
09-07 20:57:30.341   741   767 D SystemServerTimingAsync: ssm.onUnlockedUser-0_com.android.server.logcat.LogcatManagerService
09-07 20:57:30.341   741   767 V SystemServerTimingAsync: ssm.onUnlockedUser-0_com.android.server.logcat.LogcatManagerService took to complete: 0ms
09-07 20:57:30.341   741   767 D SystemServerTimingAsync: ssm.onUnlockedUser-0_com.android.server.inputmethod.InputMethodManagerService$Lifecycle
09-07 20:57:30.341   741   767 V SystemServerTimingAsync: ssm.onUnlockedUser-0_com.android.server.inputmethod.InputMethodManagerService$Lifecycle took to complete: 0ms
09-07 20:57:30.341   741   767 D SystemServerTimingAsync: ssm.onUnlockedUser-0_com.android.server.accessibility.AccessibilityManagerService$Lifecycle
09-07 20:57:30.341   741   767 V SystemServerTimingAsync: ssm.onUnlockedUser-0_com.android.server.accessibility.AccessibilityManagerService$Lifecycle took to complete: 0ms
09-07 20:57:30.341   741   767 D SystemServerTimingAsync: ssm.onUnlockedUser-0_com.android.server.StorageManagerService$Lifecycle
09-07 20:57:30.341   741   767 V SystemServerTimingAsync: ssm.onUnlockedUser-0_com.android.server.StorageManagerService$Lifecycle took to complete: 0ms
09-07 20:57:30.341   741   767 D SystemServerTimingAsync: ssm.onUnlockedUser-0_com.android.server.usage.StorageStatsService$Lifecycle
09-07 20:57:30.341   741   767 V SystemServerTimingAsync: ssm.onUnlockedUser-0_com.android.server.usage.StorageStatsService$Lifecycle took to complete: 0ms
09-07 20:57:30.341   741   767 D SystemServerTimingAsync: ssm.onUnlockedUser-0_com.android.server.UiModeManagerService
09-07 20:57:30.341   741   767 V SystemServerTimingAsync: ssm.onUnlockedUser-0_com.android.server.UiModeManagerService took to complete: 0ms
09-07 20:57:30.341   741   767 D SystemServerTimingAsync: ssm.onUnlockedUser-0_com.android.server.locales.LocaleManagerService
09-07 20:57:30.341   741   767 V SystemServerTimingAsync: ssm.onUnlockedUser-0_com.android.server.locales.LocaleManagerService took to complete: 0ms
09-07 20:57:30.341   741   767 D SystemServerTimingAsync: ssm.onUnlockedUser-0_com.android.server.grammaticalinflection.GrammaticalInflectionService
09-07 20:57:30.341   741   767 V SystemServerTimingAsync: ssm.onUnlockedUser-0_com.android.server.grammaticalinflection.GrammaticalInflectionService took to complete: 0ms
09-07 20:57:30.341   741   767 D SystemServerTimingAsync: ssm.onUnlockedUser-0_com.android.server.apphibernation.AppHibernationService
09-07 20:57:30.341   741   767 V SystemServerTimingAsync: ssm.onUnlockedUser-0_com.android.server.apphibernation.AppHibernationService took to complete: 0ms
09-07 20:57:30.341   741   767 D SystemServerTimingAsync: ssm.onUnlockedUser-0_com.android.server.locksettings.LockSettingsService$Lifecycle
09-07 20:57:30.341   741   767 V SystemServerTimingAsync: ssm.onUnlockedUser-0_com.android.server.locksettings.LockSettingsService$Lifecycle took to complete: 0ms
09-07 20:57:30.341   741   767 D SystemServerTimingAsync: ssm.onUnlockedUser-0_com.android.server.PersistentDataBlockService
09-07 20:57:30.341   741   767 V SystemServerTimingAsync: ssm.onUnlockedUser-0_com.android.server.PersistentDataBlockService took to complete: 0ms
09-07 20:57:30.341   741   767 D SystemServerTimingAsync: ssm.onUnlockedUser-0_com.android.server.testharness.TestHarnessModeService
09-07 20:57:30.341   741   767 V SystemServerTimingAsync: ssm.onUnlockedUser-0_com.android.server.testharness.TestHarnessModeService took to complete: 0ms
09-07 20:57:30.341   741   767 D SystemServerTimingAsync: ssm.onUnlockedUser-0_com.android.server.oemlock.OemLockService
09-07 20:57:30.341   741   767 V SystemServerTimingAsync: ssm.onUnlockedUser-0_com.android.server.oemlock.OemLockService took to complete: 0ms
09-07 20:57:30.341   741   767 D SystemServerTimingAsync: ssm.onUnlockedUser-0_com.android.server.DeviceIdleController
09-07 20:57:30.341   741   767 V SystemServerTimingAsync: ssm.onUnlockedUser-0_com.android.server.DeviceIdleController took to complete: 0ms
09-07 20:57:30.341   741   767 D SystemServerTimingAsync: ssm.onUnlockedUser-0_com.android.server.devicepolicy.DevicePolicyManagerService$Lifecycle
09-07 20:57:30.342   741   767 V SystemServerTimingAsync: ssm.onUnlockedUser-0_com.android.server.devicepolicy.DevicePolicyManagerService$Lifecycle took to complete: 0ms
09-07 20:57:30.342   741   767 D SystemServerTimingAsync: ssm.onUnlockedUser-0_com.android.server.texttospeech.TextToSpeechManagerService
09-07 20:57:30.342   741   767 V SystemServerTimingAsync: ssm.onUnlockedUser-0_com.android.server.texttospeech.TextToSpeechManagerService took to complete: 0ms
09-07 20:57:30.342   741   767 D SystemServerTimingAsync: ssm.onUnlockedUser-0_com.android.server.ambientcontext.AmbientContextManagerService
09-07 20:57:30.342   741   767 V SystemServerTimingAsync: ssm.onUnlockedUser-0_com.android.server.ambientcontext.AmbientContextManagerService took to complete: 0ms
09-07 20:57:30.342   741   767 D SystemServerTimingAsync: ssm.onUnlockedUser-0_com.android.server.wearable.WearableSensingManagerService
09-07 20:57:30.342   741   767 V SystemServerTimingAsync: ssm.onUnlockedUser-0_com.android.server.wearable.WearableSensingManagerService took to complete: 0ms
09-07 20:57:30.342   741   767 D SystemServerTimingAsync: ssm.onUnlockedUser-0_com.android.server.speech.SpeechRecognitionManagerService
09-07 20:57:30.342   741   767 V SystemServerTimingAsync: ssm.onUnlockedUser-0_com.android.server.speech.SpeechRecognitionManagerService took to complete: 0ms
09-07 20:57:30.342   741   767 D SystemServerTimingAsync: ssm.onUnlockedUser-0_com.android.server.searchui.SearchUiManagerService
09-07 20:57:30.342   741   767 V SystemServerTimingAsync: ssm.onUnlockedUser-0_com.android.server.searchui.SearchUiManagerService took to complete: 0ms
09-07 20:57:30.342   741   767 D SystemServerTimingAsync: ssm.onUnlockedUser-0_com.android.server.smartspace.SmartspaceManagerService
09-07 20:57:30.342   741   767 V SystemServerTimingAsync: ssm.onUnlockedUser-0_com.android.server.smartspace.SmartspaceManagerService took to complete: 0ms
09-07 20:57:30.342   741   767 D SystemServerTimingAsync: ssm.onUnlockedUser-0_com.android.server.graphics.fonts.FontManagerService$Lifecycle
09-07 20:57:30.342   741   767 V SystemServerTimingAsync: ssm.onUnlockedUser-0_com.android.server.graphics.fonts.FontManagerService$Lifecycle took to complete: 0ms
09-07 20:57:30.342   741   767 D SystemServerTimingAsync: ssm.onUnlockedUser-0_com.android.server.textservices.TextServicesManagerService$Lifecycle
09-07 20:57:30.342   741   767 V SystemServerTimingAsync: ssm.onUnlockedUser-0_com.android.server.textservices.TextServicesManagerService$Lifecycle took to complete: 0ms
09-07 20:57:30.342   741   767 D SystemServerTimingAsync: ssm.onUnlockedUser-0_com.android.server.textclassifier.TextClassificationManagerService$Lifecycle
09-07 20:57:30.342   741   767 V SystemServerTimingAsync: ssm.onUnlockedUser-0_com.android.server.textclassifier.TextClassificationManagerService$Lifecycle took to complete: 0ms
09-07 20:57:30.342   741   767 D SystemServerTimingAsync: ssm.onUnlockedUser-0_com.android.server.NetworkScoreService$Lifecycle
09-07 20:57:30.342   741   767 V SystemServerTimingAsync: ssm.onUnlockedUser-0_com.android.server.NetworkScoreService$Lifecycle took to complete: 0ms
09-07 20:57:30.342   741   767 D SystemServerTimingAsync: ssm.onUnlockedUser-0_com.android.server.NetworkStatsServiceInitializer
09-07 20:57:30.342   741   767 V SystemServerTimingAsync: ssm.onUnlockedUser-0_com.android.server.NetworkStatsServiceInitializer took to complete: 0ms
09-07 20:57:30.342   741   767 D SystemServerTimingAsync: ssm.onUnlockedUser-0_com.android.server.wifi.WifiService
09-07 20:57:30.342   741   767 V SystemServerTimingAsync: ssm.onUnlockedUser-0_com.android.server.wifi.WifiService took to complete: 0ms
09-07 20:57:30.342   741   767 D SystemServerTimingAsync: ssm.onUnlockedUser-0_com.android.server.wifi.scanner.WifiScanningService
09-07 20:57:30.342   741   767 V SystemServerTimingAsync: ssm.onUnlockedUser-0_com.android.server.wifi.scanner.WifiScanningService took to complete: 0ms
09-07 20:57:30.342   741   767 D SystemServerTimingAsync: ssm.onUnlockedUser-0_com.android.server.wifi.p2p.WifiP2pService
09-07 20:57:30.342   741   767 V SystemServerTimingAsync: ssm.onUnlockedUser-0_com.android.server.wifi.p2p.WifiP2pService took to complete: 0ms
09-07 20:57:30.342   741   767 D SystemServerTimingAsync: ssm.onUnlockedUser-0_com.android.server.ConnectivityServiceInitializer
09-07 20:57:30.342   741   767 V SystemServerTimingAsync: ssm.onUnlockedUser-0_com.android.server.ConnectivityServiceInitializer took to complete: 0ms
09-07 20:57:30.342   741   767 D SystemServerTimingAsync: ssm.onUnlockedUser-0_com.android.server.notification.NotificationManagerService
09-07 20:57:30.343   741   767 V SystemServerTimingAsync: ssm.onUnlockedUser-0_com.android.server.notification.NotificationManagerService took to complete: 1ms
09-07 20:57:30.343   741   767 D SystemServerTimingAsync: ssm.onUnlockedUser-0_com.android.server.storage.DeviceStorageMonitorService
09-07 20:57:30.343   741   767 V SystemServerTimingAsync: ssm.onUnlockedUser-0_com.android.server.storage.DeviceStorageMonitorService took to complete: 0ms
09-07 20:57:30.343   741   767 D SystemServerTimingAsync: ssm.onUnlockedUser-0_com.android.server.timedetector.TimeDetectorService$Lifecycle
09-07 20:57:30.343   741   767 V SystemServerTimingAsync: ssm.onUnlockedUser-0_com.android.server.timedetector.TimeDetectorService$Lifecycle took to complete: 0ms
09-07 20:57:30.343   741   767 D SystemServerTimingAsync: ssm.onUnlockedUser-0_com.android.server.location.LocationManagerService$Lifecycle
09-07 20:57:30.343   741   741 I NotificationHistory: Attempted to unlock gone/disabled user 0
09-07 20:57:30.343   741   767 V SystemServerTimingAsync: ssm.onUnlockedUser-0_com.android.server.location.LocationManagerService$Lifecycle took to complete: 0ms
09-07 20:57:30.343   741   767 D SystemServerTimingAsync: ssm.onUnlockedUser-0_com.android.server.timezonedetector.TimeZoneDetectorService$Lifecycle
09-07 20:57:30.343   741   767 V SystemServerTimingAsync: ssm.onUnlockedUser-0_com.android.server.timezonedetector.TimeZoneDetectorService$Lifecycle took to complete: 0ms
09-07 20:57:30.343   741   767 D SystemServerTimingAsync: ssm.onUnlockedUser-0_com.android.server.location.altitude.AltitudeService$Lifecycle
09-07 20:57:30.343   741   767 V SystemServerTimingAsync: ssm.onUnlockedUser-0_com.android.server.location.altitude.AltitudeService$Lifecycle took to complete: 0ms
09-07 20:57:30.343   741   767 D SystemServerTimingAsync: ssm.onUnlockedUser-0_com.android.server.timezonedetector.location.LocationTimeZoneManagerService$Lifecycle
09-07 20:57:30.343   741   767 V SystemServerTimingAsync: ssm.onUnlockedUser-0_com.android.server.timezonedetector.location.LocationTimeZoneManagerService$Lifecycle took to complete: 0ms
09-07 20:57:30.343   741   767 D SystemServerTimingAsync: ssm.onUnlockedUser-0_com.android.server.search.SearchManagerService$Lifecycle
09-07 20:57:30.343   741   767 V SystemServerTimingAsync: ssm.onUnlockedUser-0_com.android.server.search.SearchManagerService$Lifecycle took to complete: 0ms
09-07 20:57:30.343   741   767 D SystemServerTimingAsync: ssm.onUnlockedUser-0_com.android.server.wallpaper.WallpaperManagerService$Lifecycle
09-07 20:57:30.343   741   767 V SystemServerTimingAsync: ssm.onUnlockedUser-0_com.android.server.wallpaper.WallpaperManagerService$Lifecycle took to complete: 0ms
09-07 20:57:30.343   741   767 D SystemServerTimingAsync: ssm.onUnlockedUser-0_com.android.server.wallpapereffectsgeneration.WallpaperEffectsGenerationManagerService
09-07 20:57:30.343   741   767 V SystemServerTimingAsync: ssm.onUnlockedUser-0_com.android.server.wallpapereffectsgeneration.WallpaperEffectsGenerationManagerService took to complete: 0ms
09-07 20:57:30.343   741   767 D SystemServerTimingAsync: ssm.onUnlockedUser-0_com.android.server.audio.AudioService$Lifecycle
09-07 20:57:30.343   741   767 V SystemServerTimingAsync: ssm.onUnlockedUser-0_com.android.server.audio.AudioService$Lifecycle took to complete: 0ms
09-07 20:57:30.343   741   767 D SystemServerTimingAsync: ssm.onUnlockedUser-0_com.android.server.soundtrigger_middleware.SoundTriggerMiddlewareService$Lifecycle
09-07 20:57:30.343   741   767 V SystemServerTimingAsync: ssm.onUnlockedUser-0_com.android.server.soundtrigger_middleware.SoundTriggerMiddlewareService$Lifecycle took to complete: 0ms
09-07 20:57:30.343   741   767 D SystemServerTimingAsync: ssm.onUnlockedUser-0_com.android.server.DockObserver
09-07 20:57:30.343   741   767 V SystemServerTimingAsync: ssm.onUnlockedUser-0_com.android.server.DockObserver took to complete: 0ms
09-07 20:57:30.343   741   767 D SystemServerTimingAsync: ssm.onUnlockedUser-0_com.android.server.adb.AdbService$Lifecycle
09-07 20:57:30.343   741   767 V SystemServerTimingAsync: ssm.onUnlockedUser-0_com.android.server.adb.AdbService$Lifecycle took to complete: 0ms
09-07 20:57:30.343   741   767 D SystemServerTimingAsync: ssm.onUnlockedUser-0_com.android.server.usb.UsbService$Lifecycle
09-07 20:57:30.343   741   767 V SystemServerTimingAsync: ssm.onUnlockedUser-0_com.android.server.usb.UsbService$Lifecycle took to complete: 0ms
09-07 20:57:30.344   741   767 D SystemServerTimingAsync: ssm.onUnlockedUser-0_com.android.server.twilight.TwilightService
09-07 20:57:30.344   741   767 V SystemServerTimingAsync: ssm.onUnlockedUser-0_com.android.server.twilight.TwilightService took to complete: 0ms
09-07 20:57:30.344   741   767 D SystemServerTimingAsync: ssm.onUnlockedUser-0_com.android.server.display.color.ColorDisplayService
09-07 20:57:30.344   741   767 V SystemServerTimingAsync: ssm.onUnlockedUser-0_com.android.server.display.color.ColorDisplayService took to complete: 0ms
09-07 20:57:30.344   741   767 D SystemServerTimingAsync: ssm.onUnlockedUser-0_com.android.server.job.JobSchedulerService
09-07 20:57:30.344   741   767 V SystemServerTimingAsync: ssm.onUnlockedUser-0_com.android.server.job.JobSchedulerService took to complete: 0ms
09-07 20:57:30.344   741   767 D SystemServerTimingAsync: ssm.onUnlockedUser-0_com.android.server.soundtrigger.SoundTriggerService
09-07 20:57:30.344   741   767 V SystemServerTimingAsync: ssm.onUnlockedUser-0_com.android.server.soundtrigger.SoundTriggerService took to complete: 0ms
09-07 20:57:30.344   741   767 D SystemServerTimingAsync: ssm.onUnlockedUser-0_com.android.server.trust.TrustManagerService
09-07 20:57:30.344   741   767 V SystemServerTimingAsync: ssm.onUnlockedUser-0_com.android.server.trust.TrustManagerService took to complete: 0ms
09-07 20:57:30.344   741   767 D SystemServerTimingAsync: ssm.onUnlockedUser-0_com.android.server.backup.BackupManagerService$Lifecycle
09-07 20:57:30.344   741   767 V SystemServerTimingAsync: ssm.onUnlockedUser-0_com.android.server.backup.BackupManagerService$Lifecycle took to complete: 0ms
09-07 20:57:30.344   741   767 D SystemServerTimingAsync: ssm.onUnlockedUser-0_com.android.server.appwidget.AppWidgetService
09-07 20:57:30.344   741   767 V SystemServerTimingAsync: ssm.onUnlockedUser-0_com.android.server.appwidget.AppWidgetService took to complete: 0ms
09-07 20:57:30.344   741   767 D SystemServerTimingAsync: ssm.onUnlockedUser-0_com.android.server.voiceinteraction.VoiceInteractionManagerService
09-07 20:57:30.344   741   767 V SystemServerTimingAsync: ssm.onUnlockedUser-0_com.android.server.voiceinteraction.VoiceInteractionManagerService took to complete: 0ms
09-07 20:57:30.344   741   767 D SystemServerTimingAsync: ssm.onUnlockedUser-0_com.android.server.GestureLauncherService
09-07 20:57:30.344   741   767 V SystemServerTimingAsync: ssm.onUnlockedUser-0_com.android.server.GestureLauncherService took to complete: 0ms
09-07 20:57:30.344   741   767 D SystemServerTimingAsync: ssm.onUnlockedUser-0_com.android.server.SensorNotificationService
09-07 20:57:30.344   741   767 V SystemServerTimingAsync: ssm.onUnlockedUser-0_com.android.server.SensorNotificationService took to complete: 0ms
09-07 20:57:30.344   741   767 D SystemServerTimingAsync: ssm.onUnlockedUser-0_com.android.server.emergency.EmergencyAffordanceService
09-07 20:57:30.344   741   767 V SystemServerTimingAsync: ssm.onUnlockedUser-0_com.android.server.emergency.EmergencyAffordanceService took to complete: 0ms
09-07 20:57:30.344   741   767 D SystemServerTimingAsync: ssm.onUnlockedUser-0_com.android.server.blob.BlobStoreManagerService
09-07 20:57:30.344   741   767 V SystemServerTimingAsync: ssm.onUnlockedUser-0_com.android.server.blob.BlobStoreManagerService took to complete: 0ms
09-07 20:57:30.344   741   767 D SystemServerTimingAsync: ssm.onUnlockedUser-0_com.android.server.dreams.DreamManagerService
09-07 20:57:30.344   741   767 V SystemServerTimingAsync: ssm.onUnlockedUser-0_com.android.server.dreams.DreamManagerService took to complete: 0ms
09-07 20:57:30.344   741   767 D SystemServerTimingAsync: ssm.onUnlockedUser-0_com.android.server.print.PrintManagerService
09-07 20:57:30.344   741   767 V SystemServerTimingAsync: ssm.onUnlockedUser-0_com.android.server.print.PrintManagerService took to complete: 0ms
09-07 20:57:30.344   741   767 D SystemServerTimingAsync: ssm.onUnlockedUser-0_com.android.server.security.AttestationVerificationManagerService
09-07 20:57:30.344   741   767 V SystemServerTimingAsync: ssm.onUnlockedUser-0_com.android.server.security.AttestationVerificationManagerService took to complete: 0ms
09-07 20:57:30.344   741   767 D SystemServerTimingAsync: ssm.onUnlockedUser-0_com.android.server.companion.CompanionDeviceManagerService
09-07 20:57:30.345   741   767 V SystemServerTimingAsync: ssm.onUnlockedUser-0_com.android.server.companion.CompanionDeviceManagerService took to complete: 1ms
09-07 20:57:30.345   741   767 D SystemServerTimingAsync: ssm.onUnlockedUser-0_com.android.server.companion.virtual.VirtualDeviceManagerService
09-07 20:57:30.345   741   767 V SystemServerTimingAsync: ssm.onUnlockedUser-0_com.android.server.companion.virtual.VirtualDeviceManagerService took to complete: 0ms
09-07 20:57:30.345   741   767 D SystemServerTimingAsync: ssm.onUnlockedUser-0_com.android.server.restrictions.RestrictionsManagerService
09-07 20:57:30.345   741   767 V SystemServerTimingAsync: ssm.onUnlockedUser-0_com.android.server.restrictions.RestrictionsManagerService took to complete: 0ms
09-07 20:57:30.345   741   767 D SystemServerTimingAsync: ssm.onUnlockedUser-0_com.android.server.media.MediaSessionService
09-07 20:57:30.345   741   767 V SystemServerTimingAsync: ssm.onUnlockedUser-0_com.android.server.media.MediaSessionService took to complete: 0ms
09-07 20:57:30.345   741   767 D SystemServerTimingAsync: ssm.onUnlockedUser-0_com.android.server.media.MediaResourceMonitorService
09-07 20:57:30.345   741   767 V SystemServerTimingAsync: ssm.onUnlockedUser-0_com.android.server.media.MediaResourceMonitorService took to complete: 0ms
09-07 20:57:30.345   741  1560 V BackupManagerConstants: getKeyValueBackupIntervalMilliseconds(...) returns 14400000
09-07 20:57:30.345   741  1560 V BackupManagerConstants: getKeyValueBackupFuzzMilliseconds(...) returns 600000
09-07 20:57:30.345   741  1560 V BackupManagerConstants: getKeyValueBackupRequiredNetworkType(...) returns 1
09-07 20:57:30.345   741  1560 V BackupManagerConstants: getKeyValueBackupRequireCharging(...) returns true
09-07 20:57:30.345   741  1560 V KeyValueBackupJob: Scheduling k/v pass in 249 minutes
09-07 20:57:30.346   741   767 D SystemServerTimingAsync: ssm.onUnlockedUser-0_com.android.server.biometrics.BiometricService
09-07 20:57:30.346   741   767 V SystemServerTimingAsync: ssm.onUnlockedUser-0_com.android.server.biometrics.BiometricService took to complete: 0ms
09-07 20:57:30.346   741   767 D SystemServerTimingAsync: ssm.onUnlockedUser-0_com.android.server.biometrics.AuthService
09-07 20:57:30.346   741   767 V SystemServerTimingAsync: ssm.onUnlockedUser-0_com.android.server.biometrics.AuthService took to complete: 0ms
09-07 20:57:30.346   741   767 D SystemServerTimingAsync: ssm.onUnlockedUser-0_com.android.server.pm.ShortcutService$Lifecycle
09-07 20:57:30.346   741   767 V SystemServerTimingAsync: ssm.onUnlockedUser-0_com.android.server.pm.ShortcutService$Lifecycle took to complete: 0ms
09-07 20:57:30.346   741   767 D SystemServerTimingAsync: ssm.onUnlockedUser-0_com.android.server.pm.LauncherAppsService
09-07 20:57:30.346   741   767 V SystemServerTimingAsync: ssm.onUnlockedUser-0_com.android.server.pm.LauncherAppsService took to complete: 0ms
09-07 20:57:30.346   741   767 D SystemServerTimingAsync: ssm.onUnlockedUser-0_com.android.server.pm.CrossProfileAppsService
09-07 20:57:30.347   741   767 V SystemServerTimingAsync: ssm.onUnlockedUser-0_com.android.server.pm.CrossProfileAppsService took to complete: 1ms
09-07 20:57:30.347   741   767 D SystemServerTimingAsync: ssm.onUnlockedUser-0_com.android.server.people.PeopleService
09-07 20:57:30.347   741  1110 D CompatibilityChangeReporter: Compat change id reported: 168419799; UID 10016; state: DISABLED
09-07 20:57:30.348   741  1560 D CompatibilityChangeReporter: Compat change id reported: 271850009; UID 1000; state: DISABLED
09-07 20:57:30.348  1576  1576 I Zygote  : seccomp disabled by setenforce 0
09-07 20:57:30.348   741  1560 D CompatibilityChangeReporter: Compat change id reported: 271850009; UID 1000; state: ENABLED
09-07 20:57:30.348   741  1110 D CompatibilityChangeReporter: Compat change id reported: 273564678; UID 10016; state: DISABLED
09-07 20:57:30.350   741  1584 E TaskPersister: File error accessing recents directory (directory doesn't exist?).
09-07 20:57:30.350   741   767 V SystemServerTimingAsync: ssm.onUnlockedUser-0_com.android.server.people.PeopleService took to complete: 1ms
09-07 20:57:30.350   741  1560 D ConnectivityService: requestNetwork for uid/pid:1000/741 activeRequest: null callbackRequest: 38 [NetworkRequest [ REQUEST id=39, [ Capabilities: INTERNET&NOT_RESTRICTED&TRUSTED&NOT_VCN_MANAGED Uid: 1000 RequestorUid: 1000 RequestorPkg: android UnderlyingNetworks: Null] ]] callback flags: 0 order: 2147483647
09-07 20:57:30.351   741   767 D SystemServerTimingAsync: ssm.onUnlockedUser-0_com.android.server.media.metrics.MediaMetricsManagerService
09-07 20:57:30.351   741   767 V SystemServerTimingAsync: ssm.onUnlockedUser-0_com.android.server.media.metrics.MediaMetricsManagerService took to complete: 0ms
09-07 20:57:30.351   741   767 D SystemServerTimingAsync: ssm.onUnlockedUser-0_com.android.server.pm.BackgroundInstallControlService
09-07 20:57:30.351   741   767 V SystemServerTimingAsync: ssm.onUnlockedUser-0_com.android.server.pm.BackgroundInstallControlService took to complete: 0ms
09-07 20:57:30.351   741   767 D SystemServerTimingAsync: ssm.onUnlockedUser-0_com.android.server.media.projection.MediaProjectionManagerService
09-07 20:57:30.351   741   767 V SystemServerTimingAsync: ssm.onUnlockedUser-0_com.android.server.media.projection.MediaProjectionManagerService took to complete: 0ms
09-07 20:57:30.351   741   767 D SystemServerTimingAsync: ssm.onUnlockedUser-0_com.android.server.slice.SliceManagerService$Lifecycle
09-07 20:57:30.351   741   767 V SystemServerTimingAsync: ssm.onUnlockedUser-0_com.android.server.slice.SliceManagerService$Lifecycle took to complete: 0ms
09-07 20:57:30.351   741   767 D SystemServerTimingAsync: ssm.onUnlockedUser-0_com.android.server.stats.StatsCompanion$Lifecycle
09-07 20:57:30.351   741   767 V SystemServerTimingAsync: ssm.onUnlockedUser-0_com.android.server.stats.StatsCompanion$Lifecycle took to complete: 0ms
09-07 20:57:30.351   741   767 D SystemServerTimingAsync: ssm.onUnlockedUser-0_com.android.server.scheduling.RebootReadinessManagerService$Lifecycle
09-07 20:57:30.351   741   767 V SystemServerTimingAsync: ssm.onUnlockedUser-0_com.android.server.scheduling.RebootReadinessManagerService$Lifecycle took to complete: 0ms
09-07 20:57:30.351   741   767 D SystemServerTimingAsync: ssm.onUnlockedUser-0_com.android.server.stats.pull.StatsPullAtomService
09-07 20:57:30.351   741   767 V SystemServerTimingAsync: ssm.onUnlockedUser-0_com.android.server.stats.pull.StatsPullAtomService took to complete: 0ms
09-07 20:57:30.351   741   767 D SystemServerTimingAsync: ssm.onUnlockedUser-0_com.android.server.stats.bootstrap.StatsBootstrapAtomService$Lifecycle
09-07 20:57:30.351   741   767 V SystemServerTimingAsync: ssm.onUnlockedUser-0_com.android.server.stats.bootstrap.StatsBootstrapAtomService$Lifecycle took to complete: 0ms
09-07 20:57:30.351   741   767 D SystemServerTimingAsync: ssm.onUnlockedUser-0_com.android.server.incident.IncidentCompanionService
09-07 20:57:30.351   741   767 V SystemServerTimingAsync: ssm.onUnlockedUser-0_com.android.server.incident.IncidentCompanionService took to complete: 0ms
09-07 20:57:30.351   741   767 D SystemServerTimingAsync: ssm.onUnlockedUser-0_com.android.server.sdksandbox.SdkSandboxManagerService$Lifecycle
09-07 20:57:30.351   741   767 V SystemServerTimingAsync: ssm.onUnlockedUser-0_com.android.server.sdksandbox.SdkSandboxManagerService$Lifecycle took to complete: 0ms
09-07 20:57:30.351   741   767 D SystemServerTimingAsync: ssm.onUnlockedUser-0_com.android.server.adservices.AdServicesManagerService$Lifecycle
09-07 20:57:30.351   741   767 V SystemServerTimingAsync: ssm.onUnlockedUser-0_com.android.server.adservices.AdServicesManagerService$Lifecycle took to complete: 0ms
09-07 20:57:30.351   741   767 D SystemServerTimingAsync: ssm.onUnlockedUser-0_com.android.server.ondevicepersonalization.OnDevicePersonalizationSystemService$Lifecycle
09-07 20:57:30.351   741   767 V SystemServerTimingAsync: ssm.onUnlockedUser-0_com.android.server.ondevicepersonalization.OnDevicePersonalizationSystemService$Lifecycle took to complete: 0ms
09-07 20:57:30.351   741   767 D SystemServerTimingAsync: ssm.onUnlockedUser-0_com.android.server.autofill.AutofillManagerService
09-07 20:57:30.351   741   767 V SystemServerTimingAsync: ssm.onUnlockedUser-0_com.android.server.autofill.AutofillManagerService took to complete: 0ms
09-07 20:57:30.351   741   767 D SystemServerTimingAsync: ssm.onUnlockedUser-0_com.android.server.credentials.CredentialManagerService
09-07 20:57:30.351   741   767 V SystemServerTimingAsync: ssm.onUnlockedUser-0_com.android.server.credentials.CredentialManagerService took to complete: 0ms
09-07 20:57:30.351   741   767 D SystemServerTimingAsync: ssm.onUnlockedUser-0_com.android.server.clipboard.ClipboardService
09-07 20:57:30.351   741   767 V SystemServerTimingAsync: ssm.onUnlockedUser-0_com.android.server.clipboard.ClipboardService took to complete: 0ms
09-07 20:57:30.351   741   767 D SystemServerTimingAsync: ssm.onUnlockedUser-0_com.android.server.appbinding.AppBindingService$Lifecycle
09-07 20:57:30.351   741   767 V SystemServerTimingAsync: ssm.onUnlockedUser-0_com.android.server.appbinding.AppBindingService$Lifecycle took to complete: 0ms
09-07 20:57:30.351   741   767 D SystemServerTimingAsync: ssm.onUnlockedUser-0_com.android.server.tracing.TracingServiceProxy
09-07 20:57:30.351   741   767 V SystemServerTimingAsync: ssm.onUnlockedUser-0_com.android.server.tracing.TracingServiceProxy took to complete: 0ms
09-07 20:57:30.351   741   767 D SystemServerTimingAsync: ssm.onUnlockedUser-0_com.android.server.policy.PermissionPolicyService
09-07 20:57:30.351   741   767 V SystemServerTimingAsync: ssm.onUnlockedUser-0_com.android.server.policy.PermissionPolicyService took to complete: 0ms
09-07 20:57:30.351   741   767 D SystemServerTimingAsync: ssm.onUnlockedUser-0_com.android.server.pm.StagingManager$Lifecycle
09-07 20:57:30.351   741   767 V SystemServerTimingAsync: ssm.onUnlockedUser-0_com.android.server.pm.StagingManager$Lifecycle took to complete: 0ms
09-07 20:57:30.351   741   767 D SystemServerTimingAsync: ssm.onUnlockedUser-0_com.android.server.app.GameManagerService$Lifecycle
09-07 20:57:30.351  1585  1585 I Zygote  : seccomp disabled by setenforce 0
09-07 20:57:30.351   741   767 V SystemServerTimingAsync: ssm.onUnlockedUser-0_com.android.server.app.GameManagerService$Lifecycle took to complete: 0ms
09-07 20:57:30.351   741   767 D SystemServerTimingAsync: ssm.onUnlockedUser-0_com.android.safetycenter.SafetyCenterService
09-07 20:57:30.351   741   767 V SystemServerTimingAsync: ssm.onUnlockedUser-0_com.android.safetycenter.SafetyCenterService took to complete: 0ms
09-07 20:57:30.351   741   767 D SystemServerTimingAsync: ssm.onUnlockedUser-0_com.android.server.appsearch.AppSearchModule$Lifecycle
09-07 20:57:30.351   741   767 V SystemServerTimingAsync: ssm.onUnlockedUser-0_com.android.server.appsearch.AppSearchModule$Lifecycle took to complete: 0ms
09-07 20:57:30.351   741   767 D SystemServerTimingAsync: ssm.onUnlockedUser-0_com.android.server.media.MediaCommunicationService
09-07 20:57:30.351   741   767 V SystemServerTimingAsync: ssm.onUnlockedUser-0_com.android.server.media.MediaCommunicationService took to complete: 0ms
09-07 20:57:30.351   741   767 D SystemServerTimingAsync: ssm.onUnlockedUser-0_com.android.server.compat.overrides.AppCompatOverridesService$Lifecycle
09-07 20:57:30.352   741   767 V SystemServerTimingAsync: ssm.onUnlockedUser-0_com.android.server.compat.overrides.AppCompatOverridesService$Lifecycle took to complete: 0ms
09-07 20:57:30.352   741   767 D SystemServerTimingAsync: ssm.onUnlockedUser-0_com.android.server.healthconnect.HealthConnectManagerService
09-07 20:57:30.352   741   767 D HealthConnectManagerService: switchToSetupForUser: UserHandle{0}
09-07 20:57:30.352  1585  1585 I libc    : SetHeapTaggingLevel: tag level set to 0
09-07 20:57:30.352   741   767 D HealthConnectBackupRestore: Performing user switch operations.
09-07 20:57:30.354   741   901 D ConnectivityService: NetReassign [no changes] [c 0] [a 0] [i 1]
09-07 20:57:30.354   741   900 D EthernetNetworkFactory: usb0: onNetworkNeeded for request: NetworkRequest [ REQUEST id=39, [ Capabilities: INTERNET&NOT_RESTRICTED&TRUSTED&NOT_VCN_MANAGED Uid: 1000 RequestorUid: 1000 RequestorPkg: android UnderlyingNetworks: Null] ]
09-07 20:57:30.355   741   900 D EthernetNetworkFactory: IpClient already started
09-07 20:57:30.355   741   893 D WifiNetworkFactory: got request NetworkRequest [ REQUEST id=39, [ Capabilities: INTERNET&NOT_RESTRICTED&TRUSTED&NOT_VCN_MANAGED Uid: 1000 RequestorUid: 1000 RequestorPkg: android UnderlyingNetworks: Null] ]
09-07 20:57:30.355   741   893 D UntrustedWifiNetworkFactory: got request NetworkRequest [ REQUEST id=39, [ Capabilities: INTERNET&NOT_RESTRICTED&TRUSTED&NOT_VCN_MANAGED Uid: 1000 RequestorUid: 1000 RequestorPkg: android UnderlyingNetworks: Null] ]
09-07 20:57:30.355   741   893 D OemPaidWifiNetworkFactory: got request NetworkRequest [ REQUEST id=39, [ Capabilities: INTERNET&NOT_RESTRICTED&TRUSTED&NOT_VCN_MANAGED Uid: 1000 RequestorUid: 1000 RequestorPkg: android UnderlyingNetworks: Null] ]
09-07 20:57:30.355   741   893 D MultiInternetWifiNetworkFactory: got request NetworkRequest [ REQUEST id=39, [ Capabilities: INTERNET&NOT_RESTRICTED&TRUSTED&NOT_VCN_MANAGED Uid: 1000 RequestorUid: 1000 RequestorPkg: android UnderlyingNetworks: Null] ]
09-07 20:57:30.355  1576  1576 I rs.media.module: Using CollectorTypeCMC GC.
09-07 20:57:30.356   741   758 I AppWidgetServiceImpl: Widget update scheduled on unlock AppWidgetId{2:Host{HostId{user:0, app:10080, hostId:1026, pkg:com.android.launcher3}}:Provider{ProviderId{user:0, app:10067, cmp:ComponentInfo{com.android.quicksearchbox/com.android.quicksearchbox.SearchWidgetProvider}}}}
09-07 20:57:34.400     1     1 I mkswap  : Swapspace size: 1990712k, UUID=1731fc34-20fb-43eb-b14b-cd1c66cce2af
09-07 20:57:34.401     1     1 I         : Adding 1990712k swap on /dev/block/zram0.  Priority:-2 extents:1 across:1990712k SS
09-07 20:57:34.407     1     1 I init    : Command 'swapon_all /vendor/etc/fstab_swap.ext${vendor.ext_ram}' action=persist.sys.zram_enabled=1 && sys-boot-completed-set (/vendor/etc/init/hw/init.rk30board.rc:255) took 55ms and succeeded
09-07 20:57:34.408     1     1 I init    : processing action (bootreceiver.enable=1 && dmesgd.start=1 && ro.product.cpu.abilist64=*) from (/system/etc/init/dmesgd.rc:12)
09-07 20:57:34.408     1     1 I init    : starting service 'dmesgd'...
09-07 20:57:30.358   741   767 V SystemServerTimingAsync: ssm.onUnlockedUser-0_com.android.server.healthconnect.HealthConnectManagerService took to complete: 6ms
09-07 20:57:30.358   741   767 D SystemServerTimingAsync: ssm.onUnlockedUser-0_com.android.server.devicelock.DeviceLockService
09-07 20:57:30.358   741   767 V SystemServerTimingAsync: ssm.onUnlockedUser-0_com.android.server.devicelock.DeviceLockService took to complete: 0ms
09-07 20:57:30.358   741   767 V SystemServerTimingAsync: ssm.UnlockedUser-0 took to complete: 28ms
09-07 20:57:30.359   741   760 I DropBoxManagerService: add tag=system_server_strictmode isTagEnabled=true flags=0x2
09-07 20:57:30.360   741   825 D CompatibilityChangeReporter: Compat change id reported: 265195908; UID 10016; state: ENABLED
09-07 20:57:30.361  1585  1585 I cghs.stresstest: Using CollectorTypeCMC GC.
09-07 20:57:30.363  1576  1576 E rs.media.module: Not starting debugger since process cannot load the jdwp agent.
09-07 20:57:30.364  1155  1155 D FallbackHome: User unlocked and real home found; let's go!
09-07 20:57:30.365  1566  1566 D CompatibilityChangeReporter: Compat change id reported: 171979766; UID 10016; state: ENABLED
09-07 20:57:30.365  1566  1566 D CompatibilityChangeReporter: Compat change id reported: 242716250; UID 10016; state: ENABLED
09-07 20:57:30.366  1585  1585 E cghs.stresstest: Not starting debugger since process cannot load the jdwp agent.
09-07 20:57:30.374   741   812 D CompatibilityChangeReporter: Compat change id reported: 170503758; UID 10016; state: ENABLED
09-07 20:57:30.376   967   995 V WindowManagerShell: Transition requested: android.os.BinderProxy@944c5ea TransitionRequestInfo { type = 2, triggerTask = TaskInfo{userId=0 taskId=5 displayId=0 isRunning=false baseIntent=Intent { act=android.intent.action.MAIN cat=[android.intent.category.HOME] flg=0x10800100 cmp=com.android.settings/.FallbackHome } baseActivity=null topActivity=null origActivity=null realActivity=ComponentInfo{com.android.settings/com.android.settings.FallbackHome} numActivities=0 lastActiveTime=16016 supportsMultiWindow=true resizeMode=0 isResizeable=false minWidth=-1 minHeight=-1 defaultMinSize=220 token=WCT{android.window.IWindowContainerToken$Stub$Proxy@391c0db} topActivityType=2 pictureInPictureParams=null shouldDockBigOverlays=false launchIntoPipHostTaskId=-1 lastParentTaskIdBeforePip=-1 displayCutoutSafeInsets=null topActivityInfo=null launchCookies=[] positionInParent=Point(0, 0) parentTaskId=-1 isFocused=true isVisible=true isVisibleRequested=true isSleeping=false topActivityInSizeCompat=false topActivityEligibleForLetterboxEducation= false isLetterboxDoubleTapEnabled= false topActivityEligibleForUserAspectRatioButton= false topActivityBoundsLetterboxed= false isFromLetterboxDoubleTap= false topActivityLetterboxVerticalPosition= -1 topActivityLetterboxHorizontalPosition= -1 topActivityLetterboxWidth=-1 topActivityLetterboxHeight=-1 isUserFullscreenOverrideEnabled=false isTopActivityTransparent=false locusId=null displayAreaFeatureId=1 cameraCompatControlState=hidden}, remoteTransition = null, displayChange = null, flags = 0 }
09-07 20:57:30.377   741  1117 D CompatibilityChangeReporter: Compat change id reported: 265464455; UID 10080; state: DISABLED
09-07 20:57:30.377   741  1117 D CompatibilityChangeReporter: Compat change id reported: 265452344; UID 10080; state: DISABLED
09-07 20:57:30.377   741  1117 D CompatibilityChangeReporter: Compat change id reported: 266124927; UID 10080; state: DISABLED
09-07 20:57:30.377   741  1117 D CompatibilityChangeReporter: Compat change id reported: 265451093; UID 10080; state: DISABLED
09-07 20:57:30.378   741  1117 D CompatibilityChangeReporter: Compat change id reported: 265456536; UID 10080; state: DISABLED
09-07 20:57:30.378   741  1117 D CompatibilityChangeReporter: Compat change id reported: 255940284; UID 10080; state: DISABLED
09-07 20:57:30.378   741  1117 D CompatibilityChangeReporter: Compat change id reported: 236283604; UID 10080; state: DISABLED
09-07 20:57:30.378   741  1117 D CompatibilityChangeReporter: Compat change id reported: 263959004; UID 10080; state: DISABLED
09-07 20:57:30.379   741  1117 D CompatibilityChangeReporter: Compat change id reported: 264304459; UID 10080; state: DISABLED
09-07 20:57:30.379   741  1117 D CompatibilityChangeReporter: Compat change id reported: 264301586; UID 10080; state: DISABLED
09-07 20:57:30.379   741  1117 D CompatibilityChangeReporter: Compat change id reported: 254631730; UID 10080; state: DISABLED
