09-07 20:57:31.564   527   609 E ExtCamDev: trimSupportedFormats: input format list is empty!
09-07 20:57:31.564   527   609 E ExtCamDev: initSupportedFormatsLocked: cannot find suitable cropping type!
09-07 20:57:31.564   527   609 E ExtCamDev: initOutputCharsKeys: Init supported format list failed
09-07 20:57:31.564   527   609 E ExtCamDev: initCameraCharacteristics: init output characteristics key failed: errorno -2147483648
09-07 20:57:31.565   527   609 E ExtCamDev: isInitFailedLocked: init camera characteristics failed: errorno -2147483648
09-07 20:57:31.565   967  1168 W KeyguardUpdateMonitorLog: invalid subId in handleSimStateChange()
09-07 20:57:31.565   527   609 W ExtCamPrvdr: deviceAdded: Attempt to init camera device /dev/video19 failed!
09-07 20:57:31.566  1152  1152 D CarrierConfigLoader: Update config for phoneId: 0 simState: ABSENT
09-07 20:57:31.566  1152  1152 D CarrierSvcBindHelper: update binding for phoneId: 0 simState: ABSENT
09-07 20:57:31.584  1155  1155 D BootBroadcastReceiver: refresh periodic job from action=android.intent.action.BOOT_COMPLETED
09-07 20:57:31.584   741   811 I ImeTracker: com.android.launcher3:3092b4a8: onRequestHide at ORIGIN_SERVER_HIDE_INPUT reason HIDE_SAME_WINDOW_FOCUSED_WITHOUT_EDITOR
09-07 20:57:31.584   741   755 D CompatibilityChangeReporter: Compat change id reported: 168419799; UID 10061; state: DISABLED
09-07 20:57:31.584   741   811 I ImeTracker: com.android.launcher3:3092b4a8: onCancelled at PHASE_SERVER_SHOULD_HIDE
09-07 20:57:31.585   741   755 D CompatibilityChangeReporter: Compat change id reported: 273564678; UID 10061; state: DISABLED
09-07 20:57:31.586  1155  1155 D CompatibilityChangeReporter: Compat change id reported: 160794467; UID 1000; state: ENABLED
09-07 20:57:31.588  1856  1856 W downloader:live: ClassLoaderContext shared library size mismatch. Expected=1, found=4 (PCL[]{PCL[/system/framework/android.test.base.jar*836642756]} | PCL[]{PCL[/system/framework/android.test.base.jar*836642756]#PCL[/system/framework/org.apache.http.legacy.jar*365604908]#PCL[/system_ext/framework/androidx.window.extensions.jar*1340154767]#PCL[/system_ext/framework/androidx.window.sidecar.jar*592720882]})
09-07 20:57:31.587  1152  1152 I Telephony: handleVideoCapabilitesChanged. Video capability - false
09-07 20:57:31.592  1876  1876 D CompatibilityChangeReporter: Compat change id reported: 171979766; UID 10061; state: ENABLED
09-07 20:57:31.592   741  1117 D CompatibilityChangeReporter: Compat change id reported: 218533173; UID 1000; state: ENABLED
09-07 20:57:31.592  1876  1876 D CompatibilityChangeReporter: Compat change id reported: 242716250; UID 10061; state: ENABLED
09-07 20:57:31.592  1152  1152 D Telephony: isEmergencyPreferredAccount: subId=-1, activeData=-1
09-07 20:57:31.592  1152  1152 D Telephony: isEmergencyPreferredAccount: Device does not require preference.
09-07 20:57:31.592  1152  1152 I Telephony: isRttCurrentlySupported -- emergency acct and no device support
09-07 20:57:31.592   741  1117 D AlarmManager: setImplLocked() callingPackage=com.android.settings
09-07 20:57:31.594  1152  1152 I Telephony: AccountEntry: registerPstnPhoneAccount: Registering account=[[ ] PhoneAccount: ComponentInfo{com.android.phone/com.android.services.telephony.TelephonyConnectionService}, E, UserHandle{0} Capabilities: CallProvider MultiUser PlaceEmerg SimSub  Audio Routes: BESW Schemes: tel voicemail  Extras: Bundle[{android.telecom.extra.SUPPORTS_VIDEO_CALLING_FALLBACK=true}] GroupId: ***] with Telecom. subId=-1
09-07 20:57:31.595   741  1117 I Telecom : : registerPhoneAccount: account=[[ ] PhoneAccount: ComponentInfo{com.android.phone/com.android.services.telephony.TelephonyConnectionService}, E, UserHandle{0} Capabilities: CallProvider MultiUser PlaceEmerg SimSub  Audio Routes: BESW Schemes: tel voicemail  Extras: Bundle[{android.telecom.extra.SUPPORTS_VIDEO_CALLING_FALLBACK=true}] GroupId: ***]: TSI.rPA(cap)@ACA
09-07 20:57:31.595   741   754 D CompatibilityChangeReporter: Compat change id reported: 170503758; UID 10061; state: ENABLED
09-07 20:57:31.596   741  1117 I Telecom : PhoneAccountRegistrar: Modify account: [ComponentInfo{com.android.phone/com.android.services.telephony.TelephonyConnectionService}, E, UserHandle{0}]: TSI.rPA(cap)@ACA
09-07 20:57:31.596  1453  1453 I HibernationPolicy: scheduleHibernationJob with frequency 1296000000ms and threshold 7776000000ms
09-07 20:57:31.597   741  1113 D CompatibilityChangeReporter: Compat change id reported: 161145287; UID 10015; state: ENABLED
09-07 20:57:31.598   741  1117 I Telecom : CallsManager: handlePhoneAccountChanged: phoneAccount=[[X] PhoneAccount: ComponentInfo{com.android.phone/com.android.services.telephony.TelephonyConnectionService}, E, UserHandle{0} Capabilities: CallProvider MultiUser PlaceEmerg SimSub  Audio Routes: BESW Schemes: tel voicemail  Extras: Bundle[{android.telecom.extra.SUPPORTS_VIDEO_CALLING_FALLBACK=true}] GroupId: ***]: TSI.rPA(cap)@ACA
09-07 20:57:31.598  1876  1876 D CompatibilityChangeReporter: Compat change id reported: 3400644; UID 10061; state: ENABLED
09-07 20:57:31.601   314   314 I android.hardware.graphics.allocator-V1-service: alloc_format: FMT:0x1,MOD:0
09-07 20:57:31.601   314   314 I android.hardware.graphics.allocator-V1-service: mali_gralloc_adjust_dimensions: alloc_format=FMT:0x1,MOD:0 usage=0x20001a00 alloc_width=1200, alloc_height=1920
09-07 20:57:31.602   741  1117 I Telecom : PhoneAccountRegistrar: getSimCallManager: SimCallManager for subId -1 queried, returning: null: TSI.rPA(cap)@ACA
09-07 20:57:31.602   741  1117 I Telecom : PhoneAccountRegistrar: Notifying telephony of voice service override change for 1 SIMs, hasService = false: TSI.rPA(cap)@ACA
09-07 20:57:31.602   741  1117 I Telecom : PhoneAccountRegistrar: maybeNotifyTelephonyForVoiceServiceState: simTm is null.: TSI.rPA(cap)@ACA
09-07 20:57:31.603  1155  1155 D CompatibilityChangeReporter: Compat change id reported: 170233598; UID 1000; state: ENABLED
09-07 20:57:31.604   314   314 D android.hardware.graphics.allocator-V1-service: got new private_handle_t instance for buffer 'FramebufferSurface'. share_fd : 9, share_attr_fd : 10, width : 1200, height : 1920, req_format : 0x1, producer_usage : 0x20001a00, consumer_usage : 0x20001a00, , stride : 0, alloc_format_base: 1, alloc_format_modifiers: 0x00000000, size : 9216000, layer_count : 1, backing_store_id: 0x13a0000002e
09-07 20:57:31.604   314   314 D android.hardware.graphics.allocator-V1-service: plane_info[0]: offset : 0, byte_stride : 4800, alloc_width : 1200, alloc_height : 1920
09-07 20:57:31.604   314   314 D android.hardware.graphics.allocator-V1-service: plane_info[1]: offset : 0, byte_stride : 0, alloc_width : 0, alloc_height : 0
09-07 20:57:31.609  1453  1453 I HibernationPolicy: user 0 is a profileowner. Running hibernation job.
09-07 20:57:31.613  1152  1152 D CarrierConfigLoader: mHandler: EVENT_CLEAR_CONFIG phoneId: 0
09-07 20:57:31.613  1152  1152 D CarrierSvcBindHelper: mHandler: 0
09-07 20:57:31.613  1453  1453 I HibernationPolicy: Job already scheduled.
09-07 20:57:31.613  1152  1152 D CarrierSvcBindHelper: Rebinding if necessary for phoneId: 0
09-07 20:57:31.613  1152  1152 D CarrierSvcBindHelper: No carrier app for: 0
09-07 20:57:31.614  1876  1876 D nativeloader: Configuring clns-shared-6 for other apk /system/framework/org.apache.http.legacy.jar. target_sdk_version=1000, uses_libraries=ALL, library_path=/system/app/Camera2/lib/arm64:/system/app/Camera2/Camera2.apk!/lib/arm64-v8a:/system/lib64:/system_ext/lib64, permitted_path=/data:/mnt/expand:/data/user/0/com.android.camera2:/system/app/Camera2:/system/lib64:/system_ext/lib64
09-07 20:57:31.615   314   314 I android.hardware.graphics.allocator-V1-service: alloc_format: FMT:0x1,MOD:0
09-07 20:57:31.615   314   314 I android.hardware.graphics.allocator-V1-service: mali_gralloc_adjust_dimensions: alloc_format=FMT:0x1,MOD:0 usage=0x100 alloc_width=98, alloc_height=98
09-07 20:57:31.616   314   314 D android.hardware.graphics.allocator-V1-service: got new private_handle_t instance for buffer 'AHardwareBuffer pid [1247]'. share_fd : 9, share_attr_fd : 10, width : 98, height : 98, req_format : 0x1, producer_usage : 0x100, consumer_usage : 0x100, , stride : 0, alloc_format_base: 1, alloc_format_modifiers: 0x00000000, size : 43904, layer_count : 1, backing_store_id: 0x13a0000002f
09-07 20:57:31.616   314   314 D android.hardware.graphics.allocator-V1-service: plane_info[0]: offset : 0, byte_stride : 448, alloc_width : 98, alloc_height : 98
09-07 20:57:31.616   314   314 D android.hardware.graphics.allocator-V1-service: plane_info[1]: offset : 0, byte_stride : 0, alloc_width : 0, alloc_height : 0
09-07 20:57:31.620   314   314 I android.hardware.graphics.allocator-V1-service: alloc_format: FMT:0x1,MOD:0
09-07 20:57:31.620   314   314 I android.hardware.graphics.allocator-V1-service: mali_gralloc_adjust_dimensions: alloc_format=FMT:0x1,MOD:0 usage=0x100 alloc_width=98, alloc_height=98
09-07 20:57:31.621   314   314 D android.hardware.graphics.allocator-V1-service: got new private_handle_t instance for buffer 'AHardwareBuffer pid [1247]'. share_fd : 9, share_attr_fd : 10, width : 98, height : 98, req_format : 0x1, producer_usage : 0x100, consumer_usage : 0x100, , stride : 0, alloc_format_base: 1, alloc_format_modifiers: 0x00000000, size : 43904, layer_count : 1, backing_store_id: 0x13a00000030
09-07 20:57:31.621   314   314 D android.hardware.graphics.allocator-V1-service: plane_info[0]: offset : 0, byte_stride : 448, alloc_width : 98, alloc_height : 98
09-07 20:57:31.621   314   314 D android.hardware.graphics.allocator-V1-service: plane_info[1]: offset : 0, byte_stride : 0, alloc_width : 0, alloc_height : 0
09-07 20:57:31.624  1155  1155 D PeriodicJobManager: schedule next alarm job at 9 07, 2025, 22:00:00
09-07 20:57:31.625   314   314 I android.hardware.graphics.allocator-V1-service: alloc_format: FMT:0x1,MOD:0
09-07 20:57:31.625   314   314 I android.hardware.graphics.allocator-V1-service: mali_gralloc_adjust_dimensions: alloc_format=FMT:0x1,MOD:0 usage=0x100 alloc_width=98, alloc_height=98
09-07 20:57:31.626   314   314 D android.hardware.graphics.allocator-V1-service: got new private_handle_t instance for buffer 'AHardwareBuffer pid [1247]'. share_fd : 9, share_attr_fd : 10, width : 98, height : 98, req_format : 0x1, producer_usage : 0x100, consumer_usage : 0x100, , stride : 0, alloc_format_base: 1, alloc_format_modifiers: 0x00000000, size : 43904, layer_count : 1, backing_store_id: 0x13a00000031
09-07 20:57:31.626   314   314 D android.hardware.graphics.allocator-V1-service: plane_info[0]: offset : 0, byte_stride : 448, alloc_width : 98, alloc_height : 98
09-07 20:57:31.626   314   314 D android.hardware.graphics.allocator-V1-service: plane_info[1]: offset : 0, byte_stride : 0, alloc_width : 0, alloc_height : 0
09-07 20:57:31.627  1792  1901 D CompatibilityChangeReporter: Compat change id reported: 194532703; UID 10015; state: ENABLED
09-07 20:57:31.627  1792  1901 D CompatibilityChangeReporter: Compat change id reported: 253665015; UID 10015; state: ENABLED
09-07 20:57:31.628   741  1113 D CompatibilityChangeReporter: Compat change id reported: 253665015; UID 10015; state: ENABLED
09-07 20:57:31.628   741  1113 D CompatibilityChangeReporter: Compat change id reported: 194532703; UID 10015; state: ENABLED
09-07 20:57:31.629   314   314 I android.hardware.graphics.allocator-V1-service: alloc_format: FMT:0x1,MOD:0
09-07 20:57:31.629   314   314 I android.hardware.graphics.allocator-V1-service: mali_gralloc_adjust_dimensions: alloc_format=FMT:0x1,MOD:0 usage=0x100 alloc_width=98, alloc_height=98
09-07 20:57:31.630   314   314 D android.hardware.graphics.allocator-V1-service: got new private_handle_t instance for buffer 'AHardwareBuffer pid [1247]'. share_fd : 9, share_attr_fd : 10, width : 98, height : 98, req_format : 0x1, producer_usage : 0x100, consumer_usage : 0x100, , stride : 0, alloc_format_base: 1, alloc_format_modifiers: 0x00000000, size : 43904, layer_count : 1, backing_store_id: 0x13a00000032
09-07 20:57:31.630   314   314 D android.hardware.graphics.allocator-V1-service: plane_info[0]: offset : 0, byte_stride : 448, alloc_width : 98, alloc_height : 98
09-07 20:57:31.630   314   314 D android.hardware.graphics.allocator-V1-service: plane_info[1]: offset : 0, byte_stride : 0, alloc_width : 0, alloc_height : 0
09-07 20:57:31.631   741   893 D WifiService: resetting networks because SIM was removed
09-07 20:57:31.631   741   893 D WifiService: resetting carrier networks since SIM was changed
09-07 20:57:31.634   314   314 I android.hardware.graphics.allocator-V1-service: alloc_format: FMT:0x1,MOD:0
09-07 20:57:31.634   314   314 I android.hardware.graphics.allocator-V1-service: mali_gralloc_adjust_dimensions: alloc_format=FMT:0x1,MOD:0 usage=0x100 alloc_width=98, alloc_height=98
09-07 20:57:31.636   314   314 D android.hardware.graphics.allocator-V1-service: got new private_handle_t instance for buffer 'AHardwareBuffer pid [1247]'. share_fd : 9, share_attr_fd : 10, width : 98, height : 98, req_format : 0x1, producer_usage : 0x100, consumer_usage : 0x100, , stride : 0, alloc_format_base: 1, alloc_format_modifiers: 0x00000000, size : 43904, layer_count : 1, backing_store_id: 0x13a00000033
09-07 20:57:31.636   314   314 D android.hardware.graphics.allocator-V1-service: plane_info[0]: offset : 0, byte_stride : 448, alloc_width : 98, alloc_height : 98
09-07 20:57:31.636   314   314 D android.hardware.graphics.allocator-V1-service: plane_info[1]: offset : 0, byte_stride : 0, alloc_width : 0, alloc_height : 0
09-07 20:57:31.640   314   314 I android.hardware.graphics.allocator-V1-service: alloc_format: FMT:0x1,MOD:0
09-07 20:57:31.641   314   314 I android.hardware.graphics.allocator-V1-service: mali_gralloc_adjust_dimensions: alloc_format=FMT:0x1,MOD:0 usage=0x100 alloc_width=98, alloc_height=98
09-07 20:57:31.641   314   314 D android.hardware.graphics.allocator-V1-service: got new private_handle_t instance for buffer 'AHardwareBuffer pid [1247]'. share_fd : 9, share_attr_fd : 10, width : 98, height : 98, req_format : 0x1, producer_usage : 0x100, consumer_usage : 0x100, , stride : 0, alloc_format_base: 1, alloc_format_modifiers: 0x00000000, size : 43904, layer_count : 1, backing_store_id: 0x13a00000034
09-07 20:57:31.641   314   314 D android.hardware.graphics.allocator-V1-service: plane_info[0]: offset : 0, byte_stride : 448, alloc_width : 98, alloc_height : 98
09-07 20:57:31.641   314   314 D android.hardware.graphics.allocator-V1-service: plane_info[1]: offset : 0, byte_stride : 0, alloc_width : 0, alloc_height : 0
09-07 20:57:31.644   314   314 I android.hardware.graphics.allocator-V1-service: alloc_format: FMT:0x1,MOD:0
09-07 20:57:31.644   314   314 I android.hardware.graphics.allocator-V1-service: mali_gralloc_adjust_dimensions: alloc_format=FMT:0x1,MOD:0 usage=0x100 alloc_width=98, alloc_height=98
09-07 20:57:31.644  1152  1152 D CarrierConfigLoader: mHandler: EVENT_DO_FETCH_DEFAULT_FOR_NO_SIM_CONFIG phoneId: 0
09-07 20:57:31.645   314   314 D android.hardware.graphics.allocator-V1-service: got new private_handle_t instance for buffer 'AHardwareBuffer pid [1247]'. share_fd : 9, share_attr_fd : 10, width : 98, height : 98, req_format : 0x1, producer_usage : 0x100, consumer_usage : 0x100, , stride : 0, alloc_format_base: 1, alloc_format_modifiers: 0x00000000, size : 43904, layer_count : 1, backing_store_id: 0x13a00000035
09-07 20:57:31.645   314   314 D android.hardware.graphics.allocator-V1-service: plane_info[0]: offset : 0, byte_stride : 448, alloc_width : 98, alloc_height : 98
09-07 20:57:31.645   314   314 D android.hardware.graphics.allocator-V1-service: plane_info[1]: offset : 0, byte_stride : 0, alloc_width : 0, alloc_height : 0
09-07 20:57:31.646  1152  1152 D CarrierConfigLoader: File not found: /data/user_de/0/com.android.phone/files/carrierconfig-com.android.carrierconfig-nosim.xml
09-07 20:57:31.646  1152  1152 D CarrierConfigLoader: Binding to com.android.carrierconfig for phone 0
09-07 20:57:31.649   314   314 I android.hardware.graphics.allocator-V1-service: alloc_format: FMT:0x1,MOD:0
09-07 20:57:31.649   314   314 I android.hardware.graphics.allocator-V1-service: mali_gralloc_adjust_dimensions: alloc_format=FMT:0x1,MOD:0 usage=0x100 alloc_width=98, alloc_height=98
09-07 20:57:31.649   741  1117 D CompatibilityChangeReporter: Compat change id reported: 135634846; UID 10081; state: DISABLED
09-07 20:57:31.649   314   314 D android.hardware.graphics.allocator-V1-service: got new private_handle_t instance for buffer 'AHardwareBuffer pid [1247]'. share_fd : 9, share_attr_fd : 10, width : 98, height : 98, req_format : 0x1, producer_usage : 0x100, consumer_usage : 0x100, , stride : 0, alloc_format_base: 1, alloc_format_modifiers: 0x00000000, size : 43904, layer_count : 1, backing_store_id: 0x13a00000036
09-07 20:57:31.649   741  1117 D CompatibilityChangeReporter: Compat change id reported: 177438394; UID 10081; state: DISABLED
09-07 20:57:31.649   314   314 D android.hardware.graphics.allocator-V1-service: plane_info[0]: offset : 0, byte_stride : 448, alloc_width : 98, alloc_height : 98
09-07 20:57:31.649   314   314 D android.hardware.graphics.allocator-V1-service: plane_info[1]: offset : 0, byte_stride : 0, alloc_width : 0, alloc_height : 0
09-07 20:57:31.649  1856  1856 D nativeloader: Configuring clns-shared-7 for other apk /system/app/YingYongBao/YingYongBao.apk. target_sdk_version=29, uses_libraries=, library_path=/system/app/YingYongBao/lib/arm64:/system/app/YingYongBao/YingYongBao.apk!/lib/arm64-v8a:/system/lib64:/system_ext/lib64, permitted_path=/data:/mnt/expand:/data/user/0/com.tencent.android.qqdownloader:/system/app/YingYongBao:/system/lib64:/system_ext/lib64
09-07 20:57:31.650   741  1117 D CompatibilityChangeReporter: Compat change id reported: 135772972; UID 10081; state: DISABLED
09-07 20:57:31.650   741  1117 D CompatibilityChangeReporter: Compat change id reported: 135754954; UID 10081; state: ENABLED
09-07 20:57:31.651   741   768 D CompatibilityChangeReporter: Compat change id reported: 143937733; UID 10081; state: ENABLED
09-07 20:57:31.651  1876  1876 D nativeloader: Configuring clns-shared-7 for other apk /system/app/Camera2/Camera2.apk. target_sdk_version=1000, uses_libraries=, library_path=/system/app/Camera2/lib/arm64:/system/app/Camera2/Camera2.apk!/lib/arm64-v8a:/system/lib64:/system_ext/lib64, permitted_path=/data:/mnt/expand:/data/user/0/com.android.camera2:/system/app/Camera2:/system/lib64:/system_ext/lib64
09-07 20:57:31.651  1152  1152 I PhoneGlobals: Dismissing depersonal panelABSENT
09-07 20:57:31.653   314   314 I android.hardware.graphics.allocator-V1-service: alloc_format: FMT:0x1,MOD:0
09-07 20:57:31.653   314   314 I android.hardware.graphics.allocator-V1-service: mali_gralloc_adjust_dimensions: alloc_format=FMT:0x1,MOD:0 usage=0x100 alloc_width=98, alloc_height=98
09-07 20:57:31.654   314   314 D android.hardware.graphics.allocator-V1-service: got new private_handle_t instance for buffer 'AHardwareBuffer pid [1247]'. share_fd : 9, share_attr_fd : 10, width : 98, height : 98, req_format : 0x1, producer_usage : 0x100, consumer_usage : 0x100, , stride : 0, alloc_format_base: 1, alloc_format_modifiers: 0x00000000, size : 43904, layer_count : 1, backing_store_id: 0x13a00000037
09-07 20:57:31.654   314   314 D android.hardware.graphics.allocator-V1-service: plane_info[0]: offset : 0, byte_stride : 448, alloc_width : 98, alloc_height : 98
09-07 20:57:31.654   314   314 D android.hardware.graphics.allocator-V1-service: plane_info[1]: offset : 0, byte_stride : 0, alloc_width : 0, alloc_height : 0
09-07 20:57:31.654  1152  1152 I Telephony: Locale change; re-registering phone accounts.
09-07 20:57:31.654  1152  1152 I Telephony: PstnIncomingCallNotifier: Unregistering: [0]
09-07 20:57:31.654  1152  1152 D Telephony: Unregistering: Handler (com.android.internal.telephony.GsmCdmaPhone) {da52f2a}
09-07 20:57:31.655  1152  1152 I Telephony: TelecomAccountRegistry: setupAccounts: Found 1 phones.  Attempting to register.
09-07 20:57:31.655  1152  1152 I Telephony: TelecomAccountRegistry: setupAccounts: Phone with subscription id -1
09-07 20:57:31.655  1152  1152 D Telephony: TelecomAccountRegistry: setupAccounts: skipping invalid subid -1
09-07 20:57:31.655  1152  1152 I Telephony: setupAccounts: adding default
09-07 20:57:31.657   314   314 I android.hardware.graphics.allocator-V1-service: alloc_format: FMT:0x1,MOD:0
09-07 20:57:31.657  1152  1152 D Telephony: isEmergencyPreferredAccount: subId=-1, activeData=-1
09-07 20:57:31.657  1152  1152 D Telephony: isEmergencyPreferredAccount: Device does not require preference.
09-07 20:57:31.657   314   314 I android.hardware.graphics.allocator-V1-service: mali_gralloc_adjust_dimensions: alloc_format=FMT:0x1,MOD:0 usage=0x100 alloc_width=98, alloc_height=98
09-07 20:57:31.657  1152  1152 I Telephony: isRttCurrentlySupported -- emergency acct and no device support
09-07 20:57:31.657   314   314 D android.hardware.graphics.allocator-V1-service: got new private_handle_t instance for buffer 'AHardwareBuffer pid [1247]'. share_fd : 9, share_attr_fd : 10, width : 98, height : 98, req_format : 0x1, producer_usage : 0x100, consumer_usage : 0x100, , stride : 0, alloc_format_base: 1, alloc_format_modifiers: 0x00000000, size : 43904, layer_count : 1, backing_store_id: 0x13a00000038
09-07 20:57:31.657   314   314 D android.hardware.graphics.allocator-V1-service: plane_info[0]: offset : 0, byte_stride : 448, alloc_width : 98, alloc_height : 98
09-07 20:57:31.657   314   314 D android.hardware.graphics.allocator-V1-service: plane_info[1]: offset : 0, byte_stride : 0, alloc_width : 0, alloc_height : 0
09-07 20:57:31.658  1152  1152 I Telephony: AccountEntry: registerPstnPhoneAccount: Registering account=[[ ] PhoneAccount: ComponentInfo{com.android.phone/com.android.services.telephony.TelephonyConnectionService}, E, UserHandle{0} Capabilities: CallProvider MultiUser PlaceEmerg SimSub  Audio Routes: BESW Schemes: tel voicemail  Extras: Bundle[{android.telecom.extra.SUPPORTS_VIDEO_CALLING_FALLBACK=true}] GroupId: ***] with Telecom. subId=-1
09-07 20:57:31.660   741  1117 I Telecom : : registerPhoneAccount: account=[[ ] PhoneAccount: ComponentInfo{com.android.phone/com.android.services.telephony.TelephonyConnectionService}, E, UserHandle{0} Capabilities: CallProvider MultiUser PlaceEmerg SimSub  Audio Routes: BESW Schemes: tel voicemail  Extras: Bundle[{android.telecom.extra.SUPPORTS_VIDEO_CALLING_FALLBACK=true}] GroupId: ***]: TSI.rPA(cap)@ACE
09-07 20:57:31.660   314   314 I android.hardware.graphics.allocator-V1-service: alloc_format: FMT:0x1,MOD:0
09-07 20:57:31.660   314   314 I android.hardware.graphics.allocator-V1-service: mali_gralloc_adjust_dimensions: alloc_format=FMT:0x1,MOD:0 usage=0x100 alloc_width=98, alloc_height=98
09-07 20:57:31.660   314   314 D android.hardware.graphics.allocator-V1-service: got new private_handle_t instance for buffer 'AHardwareBuffer pid [1247]'. share_fd : 9, share_attr_fd : 10, width : 98, height : 98, req_format : 0x1, producer_usage : 0x100, consumer_usage : 0x100, , stride : 0, alloc_format_base: 1, alloc_format_modifiers: 0x00000000, size : 43904, layer_count : 1, backing_store_id: 0x13a00000039
09-07 20:57:31.660   314   314 D android.hardware.graphics.allocator-V1-service: plane_info[0]: offset : 0, byte_stride : 448, alloc_width : 98, alloc_height : 98
09-07 20:57:31.660   314   314 D android.hardware.graphics.allocator-V1-service: plane_info[1]: offset : 0, byte_stride : 0, alloc_width : 0, alloc_height : 0
09-07 20:57:31.662   741  1117 I Telecom : PhoneAccountRegistrar: Modify account: [ComponentInfo{com.android.phone/com.android.services.telephony.TelephonyConnectionService}, E, UserHandle{0}]: TSI.rPA(cap)@ACE
09-07 20:57:31.663   314   314 I android.hardware.graphics.allocator-V1-service: alloc_format: FMT:0x1,MOD:0
09-07 20:57:31.663   314   314 I android.hardware.graphics.allocator-V1-service: mali_gralloc_adjust_dimensions: alloc_format=FMT:0x1,MOD:0 usage=0x100 alloc_width=98, alloc_height=98
09-07 20:57:31.664   741  1117 I Telecom : CallsManager: handlePhoneAccountChanged: phoneAccount=[[X] PhoneAccount: ComponentInfo{com.android.phone/com.android.services.telephony.TelephonyConnectionService}, E, UserHandle{0} Capabilities: CallProvider MultiUser PlaceEmerg SimSub  Audio Routes: BESW Schemes: tel voicemail  Extras: Bundle[{android.telecom.extra.SUPPORTS_VIDEO_CALLING_FALLBACK=true}] GroupId: ***]: TSI.rPA(cap)@ACE
09-07 20:57:31.664   314   314 D android.hardware.graphics.allocator-V1-service: got new private_handle_t instance for buffer 'AHardwareBuffer pid [1247]'. share_fd : 9, share_attr_fd : 10, width : 98, height : 98, req_format : 0x1, producer_usage : 0x100, consumer_usage : 0x100, , stride : 0, alloc_format_base: 1, alloc_format_modifiers: 0x00000000, size : 43904, layer_count : 1, backing_store_id: 0x13a0000003a
09-07 20:57:31.664   314   314 D android.hardware.graphics.allocator-V1-service: plane_info[0]: offset : 0, byte_stride : 448, alloc_width : 98, alloc_height : 98
09-07 20:57:31.664   314   314 D android.hardware.graphics.allocator-V1-service: plane_info[1]: offset : 0, byte_stride : 0, alloc_width : 0, alloc_height : 0
09-07 20:57:31.667  1453  1906 D CompatibilityChangeReporter: Compat change id reported: 183155436; UID 10093; state: ENABLED
09-07 20:57:31.667   314   314 I android.hardware.graphics.allocator-V1-service: alloc_format: FMT:0x1,MOD:0
09-07 20:57:31.668   314   314 I android.hardware.graphics.allocator-V1-service: mali_gralloc_adjust_dimensions: alloc_format=FMT:0x1,MOD:0 usage=0x100 alloc_width=98, alloc_height=98
09-07 20:57:31.668  1453  1908 D CompatibilityChangeReporter: Compat change id reported: 160794467; UID 10093; state: ENABLED
09-07 20:57:31.668   314   314 D android.hardware.graphics.allocator-V1-service: got new private_handle_t instance for buffer 'AHardwareBuffer pid [1247]'. share_fd : 9, share_attr_fd : 10, width : 98, height : 98, req_format : 0x1, producer_usage : 0x100, consumer_usage : 0x100, , stride : 0, alloc_format_base: 1, alloc_format_modifiers: 0x00000000, size : 43904, layer_count : 1, backing_store_id: 0x13a0000003b
09-07 20:57:31.668   314   314 D android.hardware.graphics.allocator-V1-service: plane_info[0]: offset : 0, byte_stride : 448, alloc_width : 98, alloc_height : 98
09-07 20:57:31.668   314   314 D android.hardware.graphics.allocator-V1-service: plane_info[1]: offset : 0, byte_stride : 0, alloc_width : 0, alloc_height : 0
09-07 20:57:31.672   741  1117 I Telecom : PhoneAccountRegistrar: getSimCallManager: SimCallManager for subId -1 queried, returning: null: TSI.rPA(cap)@ACE
09-07 20:57:31.672   314   314 I android.hardware.graphics.allocator-V1-service: alloc_format: FMT:0x1,MOD:0
09-07 20:57:31.672   314   314 I android.hardware.graphics.allocator-V1-service: mali_gralloc_adjust_dimensions: alloc_format=FMT:0x1,MOD:0 usage=0x100 alloc_width=98, alloc_height=98
09-07 20:57:31.672   741  1117 I Telecom : PhoneAccountRegistrar: Notifying telephony of voice service override change for 1 SIMs, hasService = false: TSI.rPA(cap)@ACE
09-07 20:57:31.673   741  1117 I Telecom : PhoneAccountRegistrar: maybeNotifyTelephonyForVoiceServiceState: simTm is null.: TSI.rPA(cap)@ACE
09-07 20:57:31.673   741  1113 D SafetySourceDataValidator: No cert check requested for package com.android.permissioncontroller
09-07 20:57:31.673  1152  1152 I Telephony: AccountEntry: Registered phoneAccount: [[ ] PhoneAccount: ComponentInfo{com.android.phone/com.android.services.telephony.TelephonyConnectionService}, E, UserHandle{0} Capabilities: CallProvider MultiUser PlaceEmerg SimSub  Audio Routes: BESW Schemes: tel voicemail  Extras: Bundle[{android.telecom.extra.SUPPORTS_VIDEO_CALLING_FALLBACK=true}] GroupId: ***] with handle: ComponentInfo{com.android.phone/com.android.services.telephony.TelephonyConnectionService}, E, UserHandle{0}
09-07 20:57:31.673  1152  1152 I Telephony: PstnIncomingCallNotifier: Registering: [0]
09-07 20:57:31.673   314   314 D android.hardware.graphics.allocator-V1-service: got new private_handle_t instance for buffer 'AHardwareBuffer pid [1247]'. share_fd : 9, share_attr_fd : 10, width : 98, height : 98, req_format : 0x1, producer_usage : 0x100, consumer_usage : 0x100, , stride : 0, alloc_format_base: 1, alloc_format_modifiers: 0x00000000, size : 43904, layer_count : 1, backing_store_id: 0x13a0000003c
09-07 20:57:31.673   314   314 D android.hardware.graphics.allocator-V1-service: plane_info[0]: offset : 0, byte_stride : 448, alloc_width : 98, alloc_height : 98
09-07 20:57:31.673   314   314 D android.hardware.graphics.allocator-V1-service: plane_info[1]: offset : 0, byte_stride : 0, alloc_width : 0, alloc_height : 0
09-07 20:57:31.673  1152  1152 D Telephony: Registering: Handler (com.android.internal.telephony.GsmCdmaPhone) {da52f2a}
09-07 20:57:31.673  1155  1155 D BatterySettingsMigrateChecker: onReceive: Intent { act=android.intent.action.BOOT_COMPLETED flg=0x89000010 cmp=com.android.settings/.fuelgauge.BatterySettingsMigrateChecker (has extras) } owner: true
09-07 20:57:31.673  1155  1155 D BatterySettingsMigrateChecker: invoke verifySaverConfiguration()
09-07 20:57:31.673   519   519 D Zygote  : Forked child process 1909
09-07 20:57:31.676   741   768 I ActivityManager: Start proc 1909:com.android.carrierconfig/u0a81 for service {com.android.carrierconfig/com.android.carrierconfig.DefaultCarrierConfigService}
09-07 20:57:31.676  1453  1453 V SafetyCenterBackgroundR: Scheduling a periodic background refresh with , interval=86400000requires charging=true
09-07 20:57:31.680   314   314 I android.hardware.graphics.allocator-V1-service: alloc_format: FMT:0x1,MOD:0
09-07 20:57:31.680   314   314 I android.hardware.graphics.allocator-V1-service: mali_gralloc_adjust_dimensions: alloc_format=FMT:0x1,MOD:0 usage=0x100 alloc_width=98, alloc_height=98
09-07 20:57:31.680   314   314 D android.hardware.graphics.allocator-V1-service: got new private_handle_t instance for buffer 'AHardwareBuffer pid [1247]'. share_fd : 9, share_attr_fd : 10, width : 98, height : 98, req_format : 0x1, producer_usage : 0x100, consumer_usage : 0x100, , stride : 0, alloc_format_base: 1, alloc_format_modifiers: 0x00000000, size : 43904, layer_count : 1, backing_store_id: 0x13a0000003d
09-07 20:57:31.680   314   314 D android.hardware.graphics.allocator-V1-service: plane_info[0]: offset : 0, byte_stride : 448, alloc_width : 98, alloc_height : 98
09-07 20:57:31.680   314   314 D android.hardware.graphics.allocator-V1-service: plane_info[1]: offset : 0, byte_stride : 0, alloc_width : 0, alloc_height : 0
09-07 20:57:31.684   314   314 I android.hardware.graphics.allocator-V1-service: alloc_format: FMT:0x1,MOD:0
09-07 20:57:31.684   314   314 I android.hardware.graphics.allocator-V1-service: mali_gralloc_adjust_dimensions: alloc_format=FMT:0x1,MOD:0 usage=0x100 alloc_width=98, alloc_height=98
09-07 20:57:31.684   314   314 D android.hardware.graphics.allocator-V1-service: got new private_handle_t instance for buffer 'AHardwareBuffer pid [1247]'. share_fd : 9, share_attr_fd : 10, width : 98, height : 98, req_format : 0x1, producer_usage : 0x100, consumer_usage : 0x100, , stride : 0, alloc_format_base: 1, alloc_format_modifiers: 0x00000000, size : 43904, layer_count : 1, backing_store_id: 0x13a0000003e
09-07 20:57:31.685   314   314 D android.hardware.graphics.allocator-V1-service: plane_info[0]: offset : 0, byte_stride : 448, alloc_width : 98, alloc_height : 98
09-07 20:57:31.685   314   314 D android.hardware.graphics.allocator-V1-service: plane_info[1]: offset : 0, byte_stride : 0, alloc_width : 0, alloc_height : 0
09-07 20:57:31.684  1909  1909 I Zygote  : seccomp disabled by setenforce 0
09-07 20:57:31.686  1155  1155 D BatterySettingsMigrateChecker: invoke verifyOptimizationModes()
09-07 20:57:31.689   314   314 I android.hardware.graphics.allocator-V1-service: alloc_format: FMT:0x1,MOD:0
09-07 20:57:31.689   314   314 I android.hardware.graphics.allocator-V1-service: mali_gralloc_adjust_dimensions: alloc_format=FMT:0x1,MOD:0 usage=0x100 alloc_width=98, alloc_height=98
09-07 20:57:31.689   314   314 D android.hardware.graphics.allocator-V1-service: got new private_handle_t instance for buffer 'AHardwareBuffer pid [1247]'. share_fd : 9, share_attr_fd : 10, width : 98, height : 98, req_format : 0x1, producer_usage : 0x100, consumer_usage : 0x100, , stride : 0, alloc_format_base: 1, alloc_format_modifiers: 0x00000000, size : 43904, layer_count : 1, backing_store_id: 0x13a0000003f
09-07 20:57:31.689   314   314 D android.hardware.graphics.allocator-V1-service: plane_info[0]: offset : 0, byte_stride : 448, alloc_width : 98, alloc_height : 98
09-07 20:57:31.689   314   314 D android.hardware.graphics.allocator-V1-service: plane_info[1]: offset : 0, byte_stride : 0, alloc_width : 0, alloc_height : 0
09-07 20:57:31.690   741   754 D SafetySourceDataValidator: No cert check requested for package com.android.permissioncontroller
09-07 20:57:31.691   741   811 D SafetySourceDataValidator: No cert check requested for package com.android.permissioncontroller
09-07 20:57:31.692  1909  1909 I d.carrierconfig: Using CollectorTypeCMC GC.
09-07 20:57:31.693   314   314 I android.hardware.graphics.allocator-V1-service: alloc_format: FMT:0x1,MOD:0
09-07 20:57:31.693   314   314 I android.hardware.graphics.allocator-V1-service: mali_gralloc_adjust_dimensions: alloc_format=FMT:0x1,MOD:0 usage=0x100 alloc_width=98, alloc_height=98
09-07 20:57:31.693   741  1035 D SafetySourceDataValidator: No cert check requested for package com.android.permissioncontroller
09-07 20:57:31.694   314   314 D android.hardware.graphics.allocator-V1-service: got new private_handle_t instance for buffer 'AHardwareBuffer pid [1247]'. share_fd : 9, share_attr_fd : 10, width : 98, height : 98, req_format : 0x1, producer_usage : 0x100, consumer_usage : 0x100, , stride : 0, alloc_format_base: 1, alloc_format_modifiers: 0x00000000, size : 43904, layer_count : 1, backing_store_id: 0x13a00000040
09-07 20:57:31.694   314   314 D android.hardware.graphics.allocator-V1-service: plane_info[0]: offset : 0, byte_stride : 448, alloc_width : 98, alloc_height : 98
09-07 20:57:31.694   314   314 D android.hardware.graphics.allocator-V1-service: plane_info[1]: offset : 0, byte_stride : 0, alloc_width : 0, alloc_height : 0
09-07 20:57:31.700   967   995 V WindowManagerShell: Transition animation finished (aborted=false), notifying core (#4)android.os.BinderProxy@944c5ea@0
09-07 20:57:31.701  1152  1152 I Telephony: handleVideoCapabilitesChanged. Video capability - false
09-07 20:57:31.702  1909  1909 E d.carrierconfig: Not starting debugger since process cannot load the jdwp agent.
09-07 20:57:31.702  1453  1453 D SafetyLabelChangesJobService: Received broadcast with intent action 'android.intent.action.BOOT_COMPLETED'
09-07 20:57:31.702  1152  1152 D Telephony: isEmergencyPreferredAccount: subId=-1, activeData=-1
09-07 20:57:31.702  1152  1152 D Telephony: isEmergencyPreferredAccount: Device does not require preference.
09-07 20:57:31.703  1152  1152 I Telephony: isRttCurrentlySupported -- emergency acct and no device support
09-07 20:57:31.703  1453  1906 W System  : ClassLoader referenced unknown path:
09-07 20:57:31.704   527   609 V ExtCamDev: index:0,ret:0, format:RG10
09-07 20:57:31.704   527   609 V ExtCamDev: index:1,ret:0, format:BA10
09-07 20:57:31.704  1453  1906 D nativeloader: Configuring clns-shared-8 for other apk . target_sdk_version=34, uses_libraries=, library_path=/apex/com.android.permission/priv-app/PermissionController@UQ1A.240205.004.B1/lib/arm64:/system/lib64:/system_ext/lib64, permitted_path=/data:/mnt/expand:/data/user_de/0/com.android.permissioncontroller:/apex/com.android.permission/priv-app/PermissionController@UQ1A.240205.004.B1:/system/lib64:/system_ext/lib64
09-07 20:57:31.704   527   609 V ExtCamDev: index:2,ret:0, format:GB10
09-07 20:57:31.704   527   609 V ExtCamDev: index:3,ret:0, format:BG10
09-07 20:57:31.704  1152  1152 I Telephony: AccountEntry: registerPstnPhoneAccount: Registering account=[[ ] PhoneAccount: ComponentInfo{com.android.phone/com.android.services.telephony.TelephonyConnectionService}, E, UserHandle{0} Capabilities: CallProvider MultiUser PlaceEmerg SimSub  Audio Routes: BESW Schemes: tel voicemail  Extras: Bundle[{android.telecom.extra.SUPPORTS_VIDEO_CALLING_FALLBACK=true}] GroupId: ***] with Telecom. subId=-1
09-07 20:57:31.704   527   609 V ExtCamDev: index:4,ret:0, format:Y10
09-07 20:57:31.704   527   609 V ExtCamDev: index:5,ret:-1, format:Y10
09-07 20:57:31.704   527   609 E ExtCamDev: trimSupportedFormats: input format list is empty!
09-07 20:57:31.704   527   609 V ExtCamDev: index:0,ret:0, format:RG10
09-07 20:57:31.704   527   609 V ExtCamDev: index:1,ret:0, format:BA10
09-07 20:57:31.704   527   609 V ExtCamDev: index:2,ret:0, format:GB10
09-07 20:57:31.704   527   609 V ExtCamDev: index:3,ret:0, format:BG10
09-07 20:57:31.704   527   609 V ExtCamDev: index:4,ret:0, format:Y10
09-07 20:57:31.704   527   609 V ExtCamDev: index:5,ret:-1, format:Y10
09-07 20:57:31.704   527   609 E ExtCamDev: trimSupportedFormats: input format list is empty!
09-07 20:57:31.704   527   609 E ExtCamDev: initSupportedFormatsLocked: cannot find suitable cropping type!
09-07 20:57:31.704   527   609 E ExtCamDev: initOutputCharsKeys: Init supported format list failed
09-07 20:57:31.704   527   609 E ExtCamDev: initCameraCharacteristics: init output characteristics key failed: errorno -2147483648
09-07 20:57:31.704   527   609 E ExtCamDev: isInitFailedLocked: init camera characteristics failed: errorno -2147483648
09-07 20:57:31.704   527   609 W ExtCamPrvdr: deviceAdded: Attempt to init camera device /dev/video13 failed!
09-07 20:57:31.705   741   758 V WindowManager: Finish Transition #4: created at 09-07 20:57:30.368 collect-started=0.114ms request-sent=0.66ms started=33.506ms ready=33.439ms sent=1135.31ms finished=1335.217ms
09-07 20:57:31.706   314   314 I android.hardware.graphics.allocator-V1-service: alloc_format: FMT:0x1,MOD:0
09-07 20:57:31.706   314   314 I android.hardware.graphics.allocator-V1-service: mali_gralloc_adjust_dimensions: alloc_format=FMT:0x1,MOD:0 usage=0x100 alloc_width=98, alloc_height=98
09-07 20:57:31.707   314   314 D android.hardware.graphics.allocator-V1-service: got new private_handle_t instance for buffer 'AHardwareBuffer pid [1247]'. share_fd : 9, share_attr_fd : 10, width : 98, height : 98, req_format : 0x1, producer_usage : 0x100, consumer_usage : 0x100, , stride : 0, alloc_format_base: 1, alloc_format_modifiers: 0x00000000, size : 43904, layer_count : 1, backing_store_id: 0x13a00000041
09-07 20:57:31.707   314   314 D android.hardware.graphics.allocator-V1-service: plane_info[0]: offset : 0, byte_stride : 448, alloc_width : 98, alloc_height : 98
09-07 20:57:31.707   314   314 D android.hardware.graphics.allocator-V1-service: plane_info[1]: offset : 0, byte_stride : 0, alloc_width : 0, alloc_height : 0
09-07 20:57:31.707   741  1744 I Telecom : : registerPhoneAccount: account=[[ ] PhoneAccount: ComponentInfo{com.android.phone/com.android.services.telephony.TelephonyConnectionService}, E, UserHandle{0} Capabilities: CallProvider MultiUser PlaceEmerg SimSub  Audio Routes: BESW Schemes: tel voicemail  Extras: Bundle[{android.telecom.extra.SUPPORTS_VIDEO_CALLING_FALLBACK=true}] GroupId: ***]: TSI.rPA(cap)@ACM
09-07 20:57:31.708   741   893 D WifiConfigStore: Writing to stores completed in 76 ms.
09-07 20:57:31.708  1453  1453 I SafetyLabelChangesJobService: Detect updates job scheduled successfully.
09-07 20:57:31.709  1453  1453 I SafetyLabelChangesJobService: Not scheduling notification job: already scheduled.
09-07 20:57:31.710   741  1744 I Telecom : PhoneAccountRegistrar: Modify account: [ComponentInfo{com.android.phone/com.android.services.telephony.TelephonyConnectionService}, E, UserHandle{0}]: TSI.rPA(cap)@ACM
09-07 20:57:31.714   314   314 I android.hardware.graphics.allocator-V1-service: alloc_format: FMT:0x1,MOD:0
09-07 20:57:31.714   314   314 I android.hardware.graphics.allocator-V1-service: mali_gralloc_adjust_dimensions: alloc_format=FMT:0x1,MOD:0 usage=0x100 alloc_width=98, alloc_height=98
09-07 20:57:31.715   314   314 D android.hardware.graphics.allocator-V1-service: got new private_handle_t instance for buffer 'AHardwareBuffer pid [1247]'. share_fd : 9, share_attr_fd : 10, width : 98, height : 98, req_format : 0x1, producer_usage : 0x100, consumer_usage : 0x100, , stride : 0, alloc_format_base: 1, alloc_format_modifiers: 0x00000000, size : 43904, layer_count : 1, backing_store_id: 0x13a00000042
09-07 20:57:31.715   314   314 D android.hardware.graphics.allocator-V1-service: plane_info[0]: offset : 0, byte_stride : 448, alloc_width : 98, alloc_height : 98
09-07 20:57:31.715   314   314 D android.hardware.graphics.allocator-V1-service: plane_info[1]: offset : 0, byte_stride : 0, alloc_width : 0, alloc_height : 0
09-07 20:57:31.716   967   995 V WindowManagerShell: Track 0 became idle
09-07 20:57:31.716   967   995 V WindowManagerShell: All active transition animations finished
09-07 20:57:31.718   741  1744 I Telecom : CallsManager: handlePhoneAccountChanged: phoneAccount=[[X] PhoneAccount: ComponentInfo{com.android.phone/com.android.services.telephony.TelephonyConnectionService}, E, UserHandle{0} Capabilities: CallProvider MultiUser PlaceEmerg SimSub  Audio Routes: BESW Schemes: tel voicemail  Extras: Bundle[{android.telecom.extra.SUPPORTS_VIDEO_CALLING_FALLBACK=true}] GroupId: ***]: TSI.rPA(cap)@ACM
09-07 20:57:31.721   314   314 I android.hardware.graphics.allocator-V1-service: alloc_format: FMT:0x1,MOD:0
09-07 20:57:31.721   314   314 I android.hardware.graphics.allocator-V1-service: mali_gralloc_adjust_dimensions: alloc_format=FMT:0x1,MOD:0 usage=0x100 alloc_width=98, alloc_height=98
09-07 20:57:31.721   314   314 D android.hardware.graphics.allocator-V1-service: got new private_handle_t instance for buffer 'AHardwareBuffer pid [1247]'. share_fd : 9, share_attr_fd : 10, width : 98, height : 98, req_format : 0x1, producer_usage : 0x100, consumer_usage : 0x100, , stride : 0, alloc_format_base: 1, alloc_format_modifiers: 0x00000000, size : 43904, layer_count : 1, backing_store_id: 0x13a00000043
09-07 20:57:31.722   314   314 D android.hardware.graphics.allocator-V1-service: plane_info[0]: offset : 0, byte_stride : 448, alloc_width : 98, alloc_height : 98
09-07 20:57:31.722   314   314 D android.hardware.graphics.allocator-V1-service: plane_info[1]: offset : 0, byte_stride : 0, alloc_width : 0, alloc_height : 0
09-07 20:57:31.722   741  1744 I Telecom : PhoneAccountRegistrar: getSimCallManager: SimCallManager for subId -1 queried, returning: null: TSI.rPA(cap)@ACM
09-07 20:57:31.722   741  1117 D CompatibilityChangeReporter: Compat change id reported: 168419799; UID 10081; state: DISABLED
09-07 20:57:31.722   741  1744 I Telecom : PhoneAccountRegistrar: Notifying telephony of voice service override change for 1 SIMs, hasService = false: TSI.rPA(cap)@ACM
09-07 20:57:31.723   741  1744 I Telecom : PhoneAccountRegistrar: maybeNotifyTelephonyForVoiceServiceState: simTm is null.: TSI.rPA(cap)@ACM
09-07 20:57:31.723   741  1117 D CompatibilityChangeReporter: Compat change id reported: 273564678; UID 10081; state: DISABLED
09-07 20:57:31.726   741   825 D CompatibilityChangeReporter: Compat change id reported: 265195908; UID 10081; state: ENABLED
09-07 20:57:31.728  1909  1909 D CompatibilityChangeReporter: Compat change id reported: 171979766; UID 10081; state: ENABLED
09-07 20:57:31.729  1909  1909 D CompatibilityChangeReporter: Compat change id reported: 242716250; UID 10081; state: ENABLED
09-07 20:57:31.730  1247  1350 D LoaderTask: loadAllApps
09-07 20:57:31.733  1247  1247 D StatsLog: LAUNCHER_ALLAPPS_COUNT
09-07 20:57:31.733   741   893 D WifiConfigStore: Writing to stores completed in 22 ms.
09-07 20:57:31.735   741   893 D WifiService: Country code changed to :cn
09-07 20:57:31.735   741   893 D WifiCountryCode: Set telephony country code to: cn
09-07 20:57:31.735   741  1035 D CompatibilityChangeReporter: Compat change id reported: 170503758; UID 10081; state: ENABLED
09-07 20:57:31.736   741   893 D WifiCountryCode: updateCountryCode to CN
09-07 20:57:31.736   741   893 D WifiCountryCode: skip update supplicant not ready yet
09-07 20:57:31.736  1247  1350 D LoaderTask: bindAllApps
09-07 20:57:31.737   741   893 D WifiCountryCode: setCountryCodeNative: CN, isClientModeOnly: false mDriverCountryCode: null
09-07 20:57:31.738  1909  1909 D CompatibilityChangeReporter: Compat change id reported: 3400644; UID 10081; state: ENABLED
09-07 20:57:31.738   741  1117 D SafetySourceDataValidator: No cert check requested for package com.android.permissioncontroller
09-07 20:57:31.734  1453  1453 I PermissionEventCleanupJobService: Job already scheduled.
09-07 20:57:31.739  1876  1876 V GraphicsEnvironment: Currently set values for:
09-07 20:57:31.739  1876  1876 V GraphicsEnvironment:   angle_gl_driver_selection_pkgs=[]
09-07 20:57:31.739  1876  1876 V GraphicsEnvironment:   angle_gl_driver_selection_values=[]
09-07 20:57:31.740  1453  1453 D PermissionStorageTimeChangeReceiver: systemTimeSnapshot set to 1757249851740
09-07 20:57:31.740  1453  1453 D PermissionStorageTimeChangeReceiver: realtimeSnapshot set to 19696
09-07 20:57:31.744   741   766 E PackageManager: Optimistic bind failed.
09-07 20:57:31.744   741   766 E PackageManager: java.util.concurrent.TimeoutException: [Optimistic Bind] Didn't bind to resolver in time!
09-07 20:57:31.744   741   766 E PackageManager:        at com.android.server.pm.InstantAppResolverConnection.waitForBindLocked(InstantAppResolverConnection.java:160)
09-07 20:57:31.744   741   766 E PackageManager:        at com.android.server.pm.InstantAppResolverConnection.bind(InstantAppResolverConnection.java:225)
09-07 20:57:31.744   741   766 E PackageManager:        at com.android.server.pm.InstantAppResolverConnection.lambda$optimisticBind$0(InstantAppResolverConnection.java:255)
09-07 20:57:31.744   741   766 E PackageManager:        at com.android.server.pm.InstantAppResolverConnection.$r8$lambda$kGQeuNdbvFwGn-CghEuSr5znX00(InstantAppResolverConnection.java:0)
09-07 20:57:31.744   741   766 E PackageManager:        at com.android.server.pm.InstantAppResolverConnection$$ExternalSyntheticLambda0.run(R8$$SyntheticClass:0)
09-07 20:57:31.744   741   766 E PackageManager:        at android.os.Handler.handleCallback(Handler.java:958)
09-07 20:57:31.744   741   766 E PackageManager:        at android.os.Handler.dispatchMessage(Handler.java:99)
09-07 20:57:31.744   741   766 E PackageManager:        at android.os.Looper.loopOnce(Looper.java:205)
09-07 20:57:31.744   741   766 E P