09-07 20:57:30.248   741   767 D SystemServerTimingAsync: ssm.onUnlockingUser-0_com.android.server.tare.InternalResourceService
09-07 20:57:30.248   741   767 V SystemServerTimingAsync: ssm.onUnlockingUser-0_com.android.server.tare.InternalResourceService took to complete: 0ms
09-07 20:57:30.248   741   767 D SystemServerTimingAsync: ssm.onUnlockingUser-0_com.android.server.alarm.AlarmManagerService
09-07 20:57:30.248   741   767 V SystemServerTimingAsync: ssm.onUnlockingUser-0_com.android.server.alarm.AlarmManagerService took to complete: 0ms
09-07 20:57:30.248   741   767 D SystemServerTimingAsync: ssm.onUnlockingUser-0_com.android.server.devicestate.DeviceStateManagerService
09-07 20:57:30.249   741   767 V SystemServerTimingAsync: ssm.onUnlockingUser-0_com.android.server.devicestate.DeviceStateManagerService took to complete: 0ms
09-07 20:57:30.249   741   767 D SystemServerTimingAsync: ssm.onUnlockingUser-0_com.android.server.camera.CameraServiceProxy
09-07 20:57:30.249   741   767 V SystemServerTimingAsync: ssm.onUnlockingUser-0_com.android.server.camera.CameraServiceProxy took to complete: 0ms
09-07 20:57:30.249   741   767 D SystemServerTimingAsync: ssm.onUnlockingUser-0_com.android.server.bluetooth.BluetoothService
09-07 20:57:30.249   741   767 D BluetoothManagerService: User UserHandle{0} unlocked
09-07 20:57:30.249   741   767 V SystemServerTimingAsync: ssm.onUnlockingUser-0_com.android.server.bluetooth.BluetoothService took to complete: 0ms
09-07 20:57:30.249   741   767 D SystemServerTimingAsync: ssm.onUnlockingUser-0_com.android.server.connectivity.IpConnectivityMetrics
09-07 20:57:30.249   741   767 V SystemServerTimingAsync: ssm.onUnlockingUser-0_com.android.server.connectivity.IpConnectivityMetrics took to complete: 0ms
09-07 20:57:30.249   741   767 D SystemServerTimingAsync: ssm.onUnlockingUser-0_com.android.server.net.watchlist.NetworkWatchlistService$Lifecycle
09-07 20:57:30.249   741   767 V SystemServerTimingAsync: ssm.onUnlockingUser-0_com.android.server.net.watchlist.NetworkWatchlistService$Lifecycle took to complete: 0ms
09-07 20:57:30.249   741   767 D SystemServerTimingAsync: ssm.onUnlockingUser-0_com.android.server.PinnerService
09-07 20:57:30.249   741   767 V SystemServerTimingAsync: ssm.onUnlockingUser-0_com.android.server.PinnerService took to complete: 0ms
09-07 20:57:30.249   741   767 D SystemServerTimingAsync: ssm.onUnlockingUser-0_com.android.server.integrity.AppIntegrityManagerService
09-07 20:57:30.249   741   767 V SystemServerTimingAsync: ssm.onUnlockingUser-0_com.android.server.integrity.AppIntegrityManagerService took to complete: 0ms
09-07 20:57:30.249   741   767 D SystemServerTimingAsync: ssm.onUnlockingUser-0_com.android.server.logcat.LogcatManagerService
09-07 20:57:30.249   741   767 V SystemServerTimingAsync: ssm.onUnlockingUser-0_com.android.server.logcat.LogcatManagerService took to complete: 0ms
09-07 20:57:30.249   741   767 D SystemServerTimingAsync: ssm.onUnlockingUser-0_com.android.server.inputmethod.InputMethodManagerService$Lifecycle
09-07 20:57:30.249   741   767 V SystemServerTimingAsync: ssm.onUnlockingUser-0_com.android.server.inputmethod.InputMethodManagerService$Lifecycle took to complete: 0ms
09-07 20:57:30.249   741   767 D SystemServerTimingAsync: ssm.onUnlockingUser-0_com.android.server.accessibility.AccessibilityManagerService$Lifecycle
09-07 20:57:30.249   741   767 V SystemServerTimingAsync: ssm.onUnlockingUser-0_com.android.server.accessibility.AccessibilityManagerService$Lifecycle took to complete: 0ms
09-07 20:57:30.249   741   767 D SystemServerTimingAsync: ssm.onUnlockingUser-0_com.android.server.StorageManagerService$Lifecycle
09-07 20:57:30.249   741   767 D StorageManagerService: onUnlockUser 0
09-07 20:57:30.249   741   767 I StorageSessionController: On user unlock 0
09-07 20:57:30.249   741   767 I StorageSessionController: Initialialising...
09-07 20:57:30.250   293   293 I vold    : onUserStarted: 0
09-07 20:57:30.250   741   857 D BluetoothManagerService: MESSAGE_USER_UNLOCKED
09-07 20:57:30.251   741   741 W NotificationHistory: Attempted to add notif for locked/gone/disabled user 0
09-07 20:57:30.254   741  1106 D CompatibilityChangeReporter: Compat change id reported: 161145287; UID 10076; state: DISABLED
09-07 20:57:30.255   741   754 V StorageManagerService: Found primary storage at VolumeInfo{emulated;0}:
09-07 20:57:30.255   741   754 V StorageManagerService:     type=EMULATED diskId=null partGuid= mountFlags=0 mountUserId=0
09-07 20:57:30.255   741   754 V StorageManagerService:     state=UNMOUNTED
09-07 20:57:30.255   741   754 V StorageManagerService:     fsType=null fsUuid=null fsLabel=null
09-07 20:57:30.255   741   754 V StorageManagerService:     path=null internalPath=null
09-07 20:57:30.255   741   767 V SystemServerTimingAsync: ssm.onUnlockingUser-0_com.android.server.StorageManagerService$Lifecycle took to complete: 6ms
09-07 20:57:30.255   741   767 D SystemServerTimingAsync: ssm.onUnlockingUser-0_com.android.server.usage.StorageStatsService$Lifecycle
09-07 20:57:30.255   741   767 V SystemServerTimingAsync: ssm.onUnlockingUser-0_com.android.server.usage.StorageStatsService$Lifecycle took to complete: 0ms
09-07 20:57:30.255   741   767 D SystemServerTimingAsync: ssm.onUnlockingUser-0_com.android.server.UiModeManagerService
09-07 20:57:30.255   741   767 V SystemServerTimingAsync: ssm.onUnlockingUser-0_com.android.server.UiModeManagerService took to complete: 0ms
09-07 20:57:30.255   741   767 D SystemServerTimingAsync: ssm.onUnlockingUser-0_com.android.server.locales.LocaleManagerService
09-07 20:57:30.255   741   767 V SystemServerTimingAsync: ssm.onUnlockingUser-0_com.android.server.locales.LocaleManagerService took to complete: 0ms
09-07 20:57:30.255   741   767 D SystemServerTimingAsync: ssm.onUnlockingUser-0_com.android.server.grammaticalinflection.GrammaticalInflectionService
09-07 20:57:30.255   741   767 V SystemServerTimingAsync: ssm.onUnlockingUser-0_com.android.server.grammaticalinflection.GrammaticalInflectionService took to complete: 0ms
09-07 20:57:30.255   741   767 D SystemServerTimingAsync: ssm.onUnlockingUser-0_com.android.server.apphibernation.AppHibernationService
09-07 20:57:34.288   492   492 I apexd   : destroyCeSnapshotsNotSpecified() received by ApexService user_id : 0 retain_rollback_ids : []
09-07 20:57:30.255   741   767 V SystemServerTimingAsync: ssm.onUnlockingUser-0_com.android.server.apphibernation.AppHibernationService took to complete: 0ms
09-07 20:57:30.255   741   767 D SystemServerTimingAsync: ssm.onUnlockingUser-0_com.android.server.locksettings.LockSettingsService$Lifecycle
09-07 20:57:30.256   741   767 V SystemServerTimingAsync: ssm.onUnlockingUser-0_com.android.server.locksettings.LockSettingsService$Lifecycle took to complete: 0ms
09-07 20:57:30.256   741   767 D SystemServerTimingAsync: ssm.onUnlockingUser-0_com.android.server.PersistentDataBlockService
09-07 20:57:30.256   741   767 V SystemServerTimingAsync: ssm.onUnlockingUser-0_com.android.server.PersistentDataBlockService took to complete: 0ms
09-07 20:57:30.256   741   767 D SystemServerTimingAsync: ssm.onUnlockingUser-0_com.android.server.testharness.TestHarnessModeService
09-07 20:57:30.256   741   767 V SystemServerTimingAsync: ssm.onUnlockingUser-0_com.android.server.testharness.TestHarnessModeService took to complete: 0ms
09-07 20:57:30.256   741   767 D SystemServerTimingAsync: ssm.onUnlockingUser-0_com.android.server.oemlock.OemLockService
09-07 20:57:30.256   741   767 V SystemServerTimingAsync: ssm.onUnlockingUser-0_com.android.server.oemlock.OemLockService took to complete: 0ms
09-07 20:57:30.256   741   767 D SystemServerTimingAsync: ssm.onUnlockingUser-0_com.android.server.DeviceIdleController
09-07 20:57:30.256   741   767 V SystemServerTimingAsync: ssm.onUnlockingUser-0_com.android.server.DeviceIdleController took to complete: 0ms
09-07 20:57:30.256   741   767 D SystemServerTimingAsync: ssm.onUnlockingUser-0_com.android.server.devicepolicy.DevicePolicyManagerService$Lifecycle
09-07 20:57:30.256   741   775 W BatteryExternalStatsWorker: error reading Bluetooth stats: 9
09-07 20:57:30.256   741   767 V SystemServerTimingAsync: ssm.onUnlockingUser-0_com.android.server.devicepolicy.DevicePolicyManagerService$Lifecycle took to complete: 0ms
09-07 20:57:30.257   741   767 D SystemServerTimingAsync: ssm.onUnlockingUser-0_com.android.server.texttospeech.TextToSpeechManagerService
09-07 20:57:30.257   741   767 V SystemServerTimingAsync: ssm.onUnlockingUser-0_com.android.server.texttospeech.TextToSpeechManagerService took to complete: 0ms
09-07 20:57:30.257   741   767 D SystemServerTimingAsync: ssm.onUnlockingUser-0_com.android.server.ambientcontext.AmbientContextManagerService
09-07 20:57:30.257   741   767 I AmbientContextManagerService: serviceNames sent in newServiceListLocked is null, or empty
09-07 20:57:30.257   741   767 V SystemServerTimingAsync: ssm.onUnlockingUser-0_com.android.server.ambientcontext.AmbientContextManagerService took to complete: 0ms
09-07 20:57:30.257   741   767 D SystemServerTimingAsync: ssm.onUnlockingUser-0_com.android.server.wearable.WearableSensingManagerService
09-07 20:57:30.258   741   767 D WearableSensingManagerService: onServiceRemoved
09-07 20:57:30.258   741   767 D WearableSensingManagerPerUserService: Trying to cancel the remote request. Reason: Service destroyed.
09-07 20:57:30.258   741   767 V SystemServerTimingAsync: ssm.onUnlockingUser-0_com.android.server.wearable.WearableSensingManagerService took to complete: 1ms
09-07 20:57:30.258   741   767 D SystemServerTimingAsync: ssm.onUnlockingUser-0_com.android.server.speech.SpeechRecognitionManagerService
09-07 20:57:30.258   741   767 V SystemServerTimingAsync: ssm.onUnlockingUser-0_com.android.server.speech.SpeechRecognitionManagerService took to complete: 0ms
09-07 20:57:30.258   741   767 D SystemServerTimingAsync: ssm.onUnlockingUser-0_com.android.server.searchui.SearchUiManagerService
09-07 20:57:30.258  1485  1557 I LatinIME:LogUtils: Dictionary info: dictionary = UserHistoryDictionary.en_US ; version = 1757249850 ; date = ?
09-07 20:57:30.259   741   767 V SystemServerTimingAsync: ssm.onUnlockingUser-0_com.android.server.searchui.SearchUiManagerService took to complete: 1ms
09-07 20:57:30.259   741   767 D SystemServerTimingAsync: ssm.onUnlockingUser-0_com.android.server.smartspace.SmartspaceManagerService
09-07 20:57:30.259   741   767 V SystemServerTimingAsync: ssm.onUnlockingUser-0_com.android.server.smartspace.SmartspaceManagerService took to complete: 0ms
09-07 20:57:30.259   741   767 D SystemServerTimingAsync: ssm.onUnlockingUser-0_com.android.server.graphics.fonts.FontManagerService$Lifecycle
09-07 20:57:30.259   741   767 V SystemServerTimingAsync: ssm.onUnlockingUser-0_com.android.server.graphics.fonts.FontManagerService$Lifecycle took to complete: 0ms
09-07 20:57:30.259   741   767 D SystemServerTimingAsync: ssm.onUnlockingUser-0_com.android.server.textservices.TextServicesManagerService$Lifecycle
09-07 20:57:30.259  1485  1557 I LatinIME:LogUtils: Dictionary info: dictionary = userunigram.en_US ; version = 1757249850 ; date = ?
09-07 20:57:30.260   741   869 D LockSettingsService: Hiding encryption notification for user 0
09-07 20:57:30.261   741   766 D AlarmManager: setImplLocked() callingPackage=android
09-07 20:57:30.261   741   864 I StorageManagerService: Mounting volume VolumeInfo{emulated;0}:
09-07 20:57:30.261   741   864 I StorageManagerService:     type=EMULATED diskId=null partGuid= mountFlags=PRIMARY|VISIBLE_FOR_WRITE
09-07 20:57:30.261   741   864 I StorageManagerService:     mountUserId=0 state=UNMOUNTED
09-07 20:57:30.261   741   864 I StorageManagerService:     fsType=null fsUuid=null fsLabel=null
09-07 20:57:30.261   741   864 I StorageManagerService:     path=null internalPath=null
09-07 20:57:30.262   741  1481 I HibernationStateDiskStore: No hibernation file on disk for file /data/system_ce/0/hibernation/states
09-07 20:57:30.262   741  1110 D CompatibilityChangeReporter: Compat change id reported: 135634846; UID 10016; state: DISABLED
09-07 20:57:30.262   741  1110 D CompatibilityChangeReporter: Compat change id reported: 177438394; UID 10016; state: DISABLED
09-07 20:57:30.262   741   766 D AlarmManager: setImplLocked() callingPackage=android
09-07 20:57:30.262   741  1110 D CompatibilityChangeReporter: Compat change id reported: 135772972; UID 10016; state: DISABLED
09-07 20:57:30.262   741   767 V SystemServerTimingAsync: ssm.onUnlockingUser-0_com.android.server.textservices.TextServicesManagerService$Lifecycle took to complete: 3ms
09-07 20:57:30.262   741   767 D SystemServerTimingAsync: ssm.onUnlockingUser-0_com.android.server.textclassifier.TextClassificationManagerService$Lifecycle
09-07 20:57:30.263   741  1110 D CompatibilityChangeReporter: Compat change id reported: 135754954; UID 10016; state: ENABLED
09-07 20:57:30.263   741   767 V SystemServerTimingAsync: ssm.onUnlockingUser-0_com.android.server.textclassifier.TextClassificationManagerService$Lifecycle took to complete: 1ms
09-07 20:57:30.263   741   767 D SystemServerTimingAsync: ssm.onUnlockingUser-0_com.android.server.NetworkScoreService$Lifecycle
09-07 20:57:30.263   293   293 I vold    : Mounting emulated fuse volume
09-07 20:57:30.263   741   767 V SystemServerTimingAsync: ssm.onUnlockingUser-0_com.android.server.NetworkScoreService$Lifecycle took to complete: 0ms
09-07 20:57:30.263   741   767 D SystemServerTimingAsync: ssm.onUnlockingUser-0_com.android.server.NetworkStatsServiceInitializer
09-07 20:57:30.263   741   767 V SystemServerTimingAsync: ssm.onUnlockingUser-0_com.android.server.NetworkStatsServiceInitializer took to complete: 0ms
09-07 20:57:30.263   741   767 D SystemServerTimingAsync: ssm.onUnlockingUser-0_com.android.server.wifi.WifiService
09-07 20:57:30.263   741   767 D WifiService: Handle user unlock 0
09-07 20:57:30.263   741   767 V SystemServerTimingAsync: ssm.onUnlockingUser-0_com.android.server.wifi.WifiService took to complete: 0ms
09-07 20:57:30.263   741   767 D SystemServerTimingAsync: ssm.onUnlockingUser-0_com.android.server.wifi.scanner.WifiScanningService
09-07 20:57:30.263   741   767 V SystemServerTimingAsync: ssm.onUnlockingUser-0_com.android.server.wifi.scanner.WifiScanningService took to complete: 0ms
09-07 20:57:30.263   741   767 D SystemServerTimingAsync: ssm.onUnlockingUser-0_com.android.server.wifi.p2p.WifiP2pService
09-07 20:57:30.265   741   768 D CompatibilityChangeReporter: Compat change id reported: 143937733; UID 10016; state: ENABLED
09-07 20:57:30.266   741   825 D CompatibilityChangeReporter: Compat change id reported: 289878283; UID 1000; state: ENABLED
09-07 20:57:30.266   741   767 V SystemServerTimingAsync: ssm.onUnlockingUser-0_com.android.server.wifi.p2p.WifiP2pService took to complete: 0ms
09-07 20:57:30.267   741   767 D SystemServerTimingAsync: ssm.onUnlockingUser-0_com.android.server.ConnectivityServiceInitializer
09-07 20:57:30.267   741   767 V SystemServerTimingAsync: ssm.onUnlockingUser-0_com.android.server.ConnectivityServiceInitializer took to complete: 0ms
09-07 20:57:30.267   741   767 D SystemServerTimingAsync: ssm.onUnlockingUser-0_com.android.server.notification.NotificationManagerService
09-07 20:57:30.267   741   767 V SystemServerTimingAsync: ssm.onUnlockingUser-0_com.android.server.notification.NotificationManagerService took to complete: 0ms
09-07 20:57:30.267   741   767 D SystemServerTimingAsync: ssm.onUnlockingUser-0_com.android.server.storage.DeviceStorageMonitorService
09-07 20:57:30.267   741   767 V SystemServerTimingAsync: ssm.onUnlockingUser-0_com.android.server.storage.DeviceStorageMonitorService took to complete: 0ms
09-07 20:57:30.267   741   767 D SystemServerTimingAsync: ssm.onUnlockingUser-0_com.android.server.timedetector.TimeDetectorService$Lifecycle
09-07 20:57:30.267   741   767 V SystemServerTimingAsync: ssm.onUnlockingUser-0_com.android.server.timedetector.TimeDetectorService$Lifecycle took to complete: 0ms
09-07 20:57:30.267   741   767 D SystemServerTimingAsync: ssm.onUnlockingUser-0_com.android.server.location.LocationManagerService$Lifecycle
09-07 20:57:30.267   741   767 V SystemServerTimingAsync: ssm.onUnlockingUser-0_com.android.server.location.LocationManagerService$Lifecycle took to complete: 0ms
09-07 20:57:30.267   741   767 D SystemServerTimingAsync: ssm.onUnlockingUser-0_com.android.server.timezonedetector.TimeZoneDetectorService$Lifecycle
09-07 20:57:30.267   741   767 V SystemServerTimingAsync: ssm.onUnlockingUser-0_com.android.server.timezonedetector.TimeZoneDetectorService$Lifecycle took to complete: 0ms
09-07 20:57:30.267   741   767 D SystemServerTimingAsync: ssm.onUnlockingUser-0_com.android.server.location.altitude.AltitudeService$Lifecycle
09-07 20:57:30.267   741   767 V SystemServerTimingAsync: ssm.onUnlockingUser-0_com.android.server.location.altitude.AltitudeService$Lifecycle took to complete: 0ms
09-07 20:57:30.267   741   767 D SystemServerTimingAsync: ssm.onUnlockingUser-0_com.android.server.timezonedetector.location.LocationTimeZoneManagerService$Lifecycle
09-07 20:57:30.267   741   767 V SystemServerTimingAsync: ssm.onUnlockingUser-0_com.android.server.timezonedetector.location.LocationTimeZoneManagerService$Lifecycle took to complete: 0ms
09-07 20:57:30.267   741   767 D SystemServerTimingAsync: ssm.onUnlockingUser-0_com.android.server.search.SearchManagerService$Lifecycle
09-07 20:57:30.268   741   767 V SystemServerTimingAsync: ssm.onUnlockingUser-0_com.android.server.search.SearchManagerService$Lifecycle took to complete: 1ms
09-07 20:57:30.268   741   767 D SystemServerTimingAsync: ssm.onUnlockingUser-0_com.android.server.wallpaper.WallpaperManagerService$Lifecycle
09-07 20:57:30.268   741   767 V SystemServerTimingAsync: ssm.onUnlockingUser-0_com.android.server.wallpaper.WallpaperManagerService$Lifecycle took to complete: 0ms
09-07 20:57:30.268   741   767 D SystemServerTimingAsync: ssm.onUnlockingUser-0_com.android.server.wallpapereffectsgeneration.WallpaperEffectsGenerationManagerService
09-07 20:57:30.269   741   893 D WakeupConfigStoreData: WifiWake user data has been read
09-07 20:57:30.269   741   767 V SystemServerTimingAsync: ssm.onUnlockingUser-0_com.android.server.wallpapereffectsgeneration.WallpaperEffectsGenerationManagerService took to complete: 1ms
09-07 20:57:30.269   741   767 D SystemServerTimingAsync: ssm.onUnlockingUser-0_com.android.server.audio.AudioService$Lifecycle
09-07 20:57:30.269   741   767 V SystemServerTimingAsync: ssm.onUnlockingUser-0_com.android.server.audio.AudioService$Lifecycle took to complete: 0ms
09-07 20:57:30.269   741   767 D SystemServerTimingAsync: ssm.onUnlockingUser-0_com.android.server.soundtrigger_middleware.SoundTriggerMiddlewareService$Lifecycle
09-07 20:57:30.269   741   767 V SystemServerTimingAsync: ssm.onUnlockingUser-0_com.android.server.soundtrigger_middleware.SoundTriggerMiddlewareService$Lifecycle took to complete: 0ms
09-07 20:57:30.269   741   767 D SystemServerTimingAsync: ssm.onUnlockingUser-0_com.android.server.DockObserver
09-07 20:57:30.269   741   767 V SystemServerTimingAsync: ssm.onUnlockingUser-0_com.android.server.DockObserver took to complete: 0ms
09-07 20:57:30.269   741   767 D SystemServerTimingAsync: ssm.onUnlockingUser-0_com.android.server.adb.AdbService$Lifecycle
09-07 20:57:30.269   741   767 V SystemServerTimingAsync: ssm.onUnlockingUser-0_com.android.server.adb.AdbService$Lifecycle took to complete: 0ms
09-07 20:57:30.269   741   767 D SystemServerTimingAsync: ssm.onUnlockingUser-0_com.android.server.usb.UsbService$Lifecycle
09-07 20:57:30.270   741   767 V SystemServerTimingAsync: ssm.onUnlockingUser-0_com.android.server.usb.UsbService$Lifecycle took to complete: 1ms
09-07 20:57:30.270   741   767 D SystemServerTimingAsync: ssm.onUnlockingUser-0_com.android.server.twilight.TwilightService
09-07 20:57:30.270   741   767 V SystemServerTimingAsync: ssm.onUnlockingUser-0_com.android.server.twilight.TwilightService took to complete: 0ms
09-07 20:57:30.270   741   767 D SystemServerTimingAsync: ssm.onUnlockingUser-0_com.android.server.display.color.ColorDisplayService
09-07 20:57:30.270   741   767 V SystemServerTimingAsync: ssm.onUnlockingUser-0_com.android.server.display.color.ColorDisplayService took to complete: 0ms
09-07 20:57:30.270   741   767 D SystemServerTimingAsync: ssm.onUnlockingUser-0_com.android.server.job.JobSchedulerService
09-07 20:57:30.270   741   767 V SystemServerTimingAsync: ssm.onUnlockingUser-0_com.android.server.job.JobSchedulerService took to complete: 0ms
09-07 20:57:30.270   741   767 D SystemServerTimingAsync: ssm.onUnlockingUser-0_com.android.server.soundtrigger.SoundTriggerService
09-07 20:57:30.270   741   767 V SystemServerTimingAsync: ssm.onUnlockingUser-0_com.android.server.soundtrigger.SoundTriggerService took to complete: 0ms
09-07 20:57:30.270   741   767 D SystemServerTimingAsync: ssm.onUnlockingUser-0_com.android.server.trust.TrustManagerService
09-07 20:57:30.270   741   767 V SystemServerTimingAsync: ssm.onUnlockingUser-0_com.android.server.trust.TrustManagerService took to complete: 0ms
09-07 20:57:30.270   741   767 D SystemServerTimingAsync: ssm.onUnlockingUser-0_com.android.server.backup.BackupManagerService$Lifecycle
09-07 20:57:30.270   527   609 W ExtCamPrvdr: deviceAdded device /dev/video48 does not support VIDEO_CAPTURE
09-07 20:57:30.270   741   767 V SystemServerTimingAsync: ssm.onUnlockingUser-0_com.android.server.backup.BackupManagerService$Lifecycle took to complete: 0ms
09-07 20:57:30.270   741   767 D SystemServerTimingAsync: ssm.onUnlockingUser-0_com.android.server.appwidget.AppWidgetService
09-07 20:57:30.270   741   767 V SystemServerTimingAsync: ssm.onUnlockingUser-0_com.android.server.appwidget.AppWidgetService took to complete: 0ms
09-07 20:57:30.270   741   893 D WifiConfigStore: Reading from user stores completed in 5 ms.
09-07 20:57:30.271   741   767 D SystemServerTimingAsync: ssm.onUnlockingUser-0_com.android.server.voiceinteraction.VoiceInteractionManagerService
09-07 20:57:30.271   741   767 W VoiceInteractionManager: Parse error in getAvailableServices: No android.speech meta-data for com.tencent.android.qqdownloader
09-07 20:57:30.271   293   293 I vold    : Bind mounting /data/media to /mnt/pass_through/0/emulated
09-07 20:57:30.272   741   767 V SystemServerTimingAsync: ssm.onUnlockingUser-0_com.android.server.voiceinteraction.VoiceInteractionManagerService took to complete: 1ms
09-07 20:57:30.272   741   767 D SystemServerTimingAsync: ssm.onUnlockingUser-0_com.android.server.GestureLauncherService
09-07 20:57:30.272   741   767 V SystemServerTimingAsync: ssm.onUnlockingUser-0_com.android.server.GestureLauncherService took to complete: 0ms
09-07 20:57:30.272   741   767 D SystemServerTimingAsync: ssm.onUnlockingUser-0_com.android.server.SensorNotificationService
09-07 20:57:30.272   741   767 V SystemServerTimingAsync: ssm.onUnlockingUser-0_com.android.server.SensorNotificationService took to complete: 0ms
09-07 20:57:30.272   741   767 D SystemServerTimingAsync: ssm.onUnlockingUser-0_com.android.server.emergency.EmergencyAffordanceService
09-07 20:57:30.272   741   767 V SystemServerTimingAsync: ssm.onUnlockingUser-0_com.android.server.emergency.EmergencyAffordanceService took to complete: 0ms
09-07 20:57:30.272   741   767 D SystemServerTimingAsync: ssm.onUnlockingUser-0_com.android.server.blob.BlobStoreManagerService
09-07 20:57:30.272   741   767 V SystemServerTimingAsync: ssm.onUnlockingUser-0_com.android.server.blob.BlobStoreManagerService took to complete: 0ms
09-07 20:57:30.272   741   767 D SystemServerTimingAsync: ssm.onUnlockingUser-0_com.android.server.dreams.DreamManagerService
09-07 20:57:30.272   741   767 V SystemServerTimingAsync: ssm.onUnlockingUser-0_com.android.server.dreams.DreamManagerService took to complete: 0ms
09-07 20:57:30.272   741   767 D SystemServerTimingAsync: ssm.onUnlockingUser-0_com.android.server.print.PrintManagerService
09-07 20:57:30.273   741   767 V SystemServerTimingAsync: ssm.onUnlockingUser-0_com.android.server.print.PrintManagerService took to complete: 0ms
09-07 20:57:30.273   741   767 D SystemServerTimingAsync: ssm.onUnlockingUser-0_com.android.server.security.AttestationVerificationManagerService
09-07 20:57:30.273   741   767 V SystemServerTimingAsync: ssm.onUnlockingUser-0_com.android.server.security.AttestationVerificationManagerService took to complete: 0ms
09-07 20:57:30.273   741   864 I StorageSessionController: On volume mount VolumeInfo{emulated;0}:
09-07 20:57:30.273   741   864 I StorageSessionController:     type=EMULATED diskId=null partGuid= mountFlags=PRIMARY|VISIBLE_FOR_WRITE
09-07 20:57:30.273   741   864 I StorageSessionController:     mountUserId=0 state=CHECKING
09-07 20:57:30.273   741   864 I StorageSessionController:     fsType=null fsUuid=null fsLabel=null
09-07 20:57:30.273   741   864 I StorageSessionController:     path=/storage/emulated internalPath=/data/media
09-07 20:57:30.273   741   925 I BackupManagerService: Starting service for user: 0
09-07 20:57:30.273   741   767 D SystemServerTimingAsync: ssm.onUnlockingUser-0_com.android.server.companion.CompanionDeviceManagerService
09-07 20:57:30.273   741   767 V SystemServerTimingAsync: ssm.onUnlockingUser-0_com.android.server.companion.CompanionDeviceManagerService took to complete: 0ms
09-07 20:57:30.273   741   767 D SystemServerTimingAsync: ssm.onUnlockingUser-0_com.android.server.companion.virtual.VirtualDeviceManagerService
09-07 20:57:30.273   741   767 V SystemServerTimingAsync: ssm.onUnlockingUser-0_com.android.server.companion.virtual.VirtualDeviceManagerService took to complete: 0ms
09-07 20:57:30.273   741   767 D SystemServerTimingAsync: ssm.onUnlockingUser-0_com.android.server.restrictions.RestrictionsManagerService
09-07 20:57:30.273   741   767 V SystemServerTimingAsync: ssm.onUnlockingUser-0_com.android.server.restrictions.RestrictionsManagerService took to complete: 0ms
09-07 20:57:30.273   741   767 D SystemServerTimingAsync: ssm.onUnlockingUser-0_com.android.server.media.MediaSessionService
09-07 20:57:30.273   741   767 V SystemServerTimingAsync: ssm.onUnlockingUser-0_com.android.server.media.MediaSessionService took to complete: 0ms
09-07 20:57:30.273   741   767 D SystemServerTimingAsync: ssm.onUnlockingUser-0_com.android.server.media.MediaResourceMonitorService
09-07 20:57:30.273   741   767 V SystemServerTimingAsync: ssm.onUnlockingUser-0_com.android.server.media.MediaResourceMonitorService took to complete: 0ms
09-07 20:57:30.273   741   767 D SystemServerTimingAsync: ssm.onUnlockingUser-0_com.android.server.biometrics.BiometricService
09-07 20:57:30.273   741   767 V SystemServerTimingAsync: ssm.onUnlockingUser-0_com.android.server.biometrics.BiometricService took to complete: 0ms
09-07 20:57:30.273   741   767 D SystemServerTimingAsync: ssm.onUnlockingUser-0_com.android.server.biometrics.AuthService
09-07 20:57:30.274   741   767 V SystemServerTimingAsync: ssm.onUnlockingUser-0_com.android.server.biometrics.AuthService took to complete: 0ms
09-07 20:57:30.274   741   767 D SystemServerTimingAsync: ssm.onUnlockingUser-0_com.android.server.pm.ShortcutService$Lifecycle
09-07 20:57:30.274   741   925 V BackupManagerService: [UserID:0] Starting with transport com.android.localtransport/.LocalTransport
09-07 20:57:30.274   741   864 I StorageSessionController: Creating connection for user: 0
09-07 20:57:30.274   741   767 V SystemServerTimingAsync: ssm.onUnlockingUser-0_com.android.server.pm.ShortcutService$Lifecycle took to complete: 0ms
09-07 20:57:30.274   741   767 D SystemServerTimingAsync: ssm.onUnlockingUser-0_com.android.server.pm.LauncherAppsService
09-07 20:57:30.274   741   767 V SystemServerTimingAsync: ssm.onUnlockingUser-0_com.android.server.pm.LauncherAppsService took to complete: 0ms
09-07 20:57:30.274   741   767 D SystemServerTimingAsync: ssm.onUnlockingUser-0_com.android.server.pm.CrossProfileAppsService
09-07 20:57:30.274   741   767 V SystemServerTimingAsync: ssm.onUnlockingUser-0_com.android.server.pm.CrossProfileAppsService took to complete: 0ms
09-07 20:57:30.274   741   767 D SystemServerTimingAsync: ssm.onUnlockingUser-0_com.android.server.people.PeopleService
09-07 20:57:30.274   741   767 V SystemServerTimingAsync: ssm.onUnlockingUser-0_com.android.server.people.PeopleService took to complete: 0ms
09-07 20:57:30.274   741   767 D SystemServerTimingAsync: ssm.onUnlockingUser-0_com.android.server.media.metrics.MediaMetricsManagerService
09-07 20:57:30.274   741   767 V SystemServerTimingAsync: ssm.onUnlockingUser-0_com.android.server.media.metrics.MediaMetricsManagerService took to complete: 0ms
09-07 20:57:30.274   741   767 D SystemServerTimingAsync: ssm.onUnlockingUser-0_com.android.server.pm.BackgroundInstallControlService
09-07 20:57:30.274   741   767 V SystemServerTimingAsync: ssm.onUnlockingUser-0_com.android.server.pm.BackgroundInstallControlService took to complete: 0ms
09-07 20:57:30.274   741   864 I StorageSessionController: Creating and starting session with id: emulated;0
09-07 20:57:30.275   741   864 I StorageUserConnection: Binding to the ExternalStorageService for user 0
09-07 20:57:30.275   967  1053 D LocalImageResolver: Couldn't use ImageDecoder for drawable, falling back to non-resized load.
09-07 20:57:30.276   741   925 D BackupManagerService: [UserID:0] Started thread backup-0
09-07 20:57:30.276   741   767 D SystemServerTimingAsync: ssm.onUnlockingUser-0_com.android.server.media.projection.MediaProjectionManagerService
09-07 20:57:30.276   741   767 V SystemServerTimingAsync: ssm.onUnlockingUser-0_com.android.server.media.projection.MediaProjectionManagerService took to complete: 0ms
09-07 20:57:30.276   741   767 D SystemServerTimingAsync: ssm.onUnlockingUser-0_com.android.server.slice.SliceManagerService$Lifecycle
09-07 20:57:30.276   741   767 V SystemServerTimingAsync: ssm.onUnlockingUser-0_com.android.server.slice.SliceManagerService$Lifecycle took to complete: 0ms
09-07 20:57:30.276   741   767 D SystemServerTimingAsync: ssm.onUnlockingUser-0_com.android.server.stats.StatsCompanion$Lifecycle
09-07 20:57:30.276   741   767 V SystemServerTimingAsync: ssm.onUnlockingUser-0_com.android.server.stats.StatsCompanion$Lifecycle took to complete: 0ms
09-07 20:57:30.276   741   767 D SystemServerTimingAsync: ssm.onUnlockingUser-0_com.android.server.scheduling.RebootReadinessManagerService$Lifecycle
09-07 20:57:30.276   741   767 V SystemServerTimingAsync: ssm.onUnlockingUser-0_com.android.server.scheduling.RebootReadinessManagerService$Lifecycle took to complete: 0ms
09-07 20:57:30.276   741   767 D SystemServerTimingAsync: ssm.onUnlockingUser-0_com.android.server.stats.pull.StatsPullAtomService
09-07 20:57:30.276   741   767 V SystemServerTimingAsync: ssm.onUnlockingUser-0_com.android.server.stats.pull.StatsPullAtomService took to complete: 0ms
09-07 20:57:30.276   741   767 D SystemServerTimingAsync: ssm.onUnlockingUser-0_com.android.server.stats.bootstrap.StatsBootstrapAtomService$Lifecycle
09-07 20:57:30.276   741   767 V SystemServerTimingAsync: ssm.onUnlockingUser-0_com.android.server.stats.bootstrap.StatsBootstrapAtomService$Lifecycle took to complete: 0ms
09-07 20:57:30.276   741   767 D SystemServerTimingAsync: ssm.onUnlockingUser-0_com.android.server.incident.IncidentCompanionService
09-07 20:57:30.276   741   767 V SystemServerTimingAsync: ssm.onUnlockingUser-0_com.android.server.incident.IncidentCompanionService took to complete: 0ms
09-07 20:57:30.276   741   767 D SystemServerTimingAsync: ssm.onUnlockingUser-0_com.android.server.sdksandbox.SdkSandboxManagerService$Lifecycle
09-07 20:57:30.277   741   767 I SdkSandboxManager: onUserUnlocking 0
09-07 20:57:30.277   741   767 V SystemServerTimingAsync: ssm.onUnlockingUser-0_com.android.server.sdksandbox.SdkSandboxManagerService$Lifecycle took to complete: 0ms
09-07 20:57:30.277   741   767 D SystemServerTimingAsync: ssm.onUnlockingUser-0_com.android.server.adservices.AdServicesManagerService$Lifecycle
09-07 20:57:30.277   741   767 V SystemServerTimingAsync: ssm.onUnlockingUser-0_com.android.server.adservices.AdServicesManagerService$Lifecycle took to complete: 0ms
09-07 20:57:30.277   741   767 D SystemServerTimingAsync: ssm.onUnlockingUser-0_com.android.server.ondevicepersonalization.OnDevicePersonalizationSystemService$Lifecycle
09-07 20:57:30.277   741   767 V SystemServerTimingAsync: ssm.onUnlockingUser-0_com.android.server.ondevicepersonalization.OnDevicePersonalizationSystemService$Lifecycle took to complete: 0ms
09-07 20:57:30.277   741   767 D SystemServerTimingAsync: ssm.onUnlockingUser-0_com.android.server.autofill.AutofillManagerService
09-07 20:57:30.277  1485  1485 D CompatibilityChangeReporter: Compat change id reported: 237531167; UID 10076; state: DISABLED
09-07 20:57:30.277   741   767 D AutofillManagerServiceImpl: Reset component for user 0:null
09-07 20:57:30.277   741   767 D FieldClassificationStrategy: reset(): service is not bound. Do nothing.
09-07 20:57:30.278   741   767 V SystemServerTimingAsync: ssm.onUnlockingUser-0_com.android.server.autofill.AutofillManagerService took to complete: 0ms
09-07 20:57:30.278   741   767 D SystemServerTimingAsync: ssm.onUnlockingUser-0_com.android.server.credentials.CredentialManagerService
09-07 20:57:30.278   741   767 V SystemServerTimingAsync: ssm.onUnlockingUser-0_com.android.server.credentials.CredentialManagerService took to complete: 0ms
09-07 20:57:30.278   741   758 D AlarmManager: setImplLocked() callingPackage=android
09-07 20:57:30.278   741   759 D AutofillUI: destroySaveUiUiThread(): already destroyed
09-07 20:57:30.279  1485  1485 W OpenGLRenderer: Unknown dataspace 0
09-07 20:57:30.279   741   767 D SystemServerTimingAsync: ssm.onUnlockingUser-0_com.android.server.clipboard.ClipboardService
09-07 20:57:30.279   741   767 V SystemServerTimingAsync: ssm.onUnlockingUser-0_com.android.server.clipboard.ClipboardService took to complete: 0ms
09-07 20:57:30.279   741   767 D SystemServerTimingAsync: ssm.onUnlockingUser-0_com.android.server.appbinding.AppBindingService$Lifecycle
09-07 20:57:30.279   741   767 W AppBindingService: [Default SMS app] u0 Target package not found
09-07 20:57:30.279   741   767 V SystemServerTimingAsync: ssm.onUnlockingUser-0_com.android.server.appbinding.AppBindingService$Lifecycle took to complete: 0ms
09-07 20:57:30.279   741   767 D SystemServerTimingAsync: ssm.onUnlockingUser-0_com.android.server.tracing.TracingServiceProxy
09-07 20:57:30.279   741   767 V SystemServerTimingAsync: ssm.onUnlockingUser-0_com.android.server.tracing.TracingServiceProxy took to complete: 0ms
09-07 20:57:30.279   741   767 D SystemServerTimingAsync: ssm.onUnlockingUser-0_com.android.server.policy.PermissionPolicyService
09-07 20:57:30.279   741   767 V SystemServerTimingAsync: ssm.onUnlockingUser-0_com.android.server.policy.PermissionPolicyService took to complete: 0ms
09-07 20:57:30.280   741   767 D SystemServerTimingAsync: ssm.onUnlockingUser-0_com.android.server.pm.StagingManager$Lifecycle
09-07 20:57:30.280   741   767 V SystemServerTimingAsync: ssm.onUnlockingUser-0_com.android.server.pm.StagingManager$Lifecycle took to complete: 0ms
09-07 20:57:30.280   741   767 D SystemServerTimingAsync: ssm.onUnlockingUser-0_com.android.server.app.GameManagerService$Lifecycle
09-07 20:57:30.280   741   767 V SystemServerTimingAsync: ssm.onUnlockingUser-0_com.android.server.app.GameManagerService$Lifecycle took to complete: 0ms
09-07 20:57:30.280   741   767 D SystemServerTimingAsync: ssm.onUnlockingUser-0_com.android.safetycenter.SafetyCenterService
09-07 20:57:30.280   741   767 V SystemServerTimingAsync: ssm.onUnlockingUser-0_com.android.safetycenter.SafetyCenterService took to complete: 0ms
09-07 20:57:30.280   741   767 D SystemServerTimingAsync: ssm.onUnlockingUser-0_com.android.server.appsearch.AppSearchModule$Lifecycle
09-07 20:57:30.280   741   864 D CompatibilityChangeReporter: Compat change id reported: 135634846; UID 10091; state: DISABLED
09-07 20:57:30.280   741   864 D CompatibilityChangeReporter: Compat change id reported: 177438394; UID 10091; state: DISABLED
09-07 20:57:30.280   741   864 D CompatibilityChangeReporter: Compat change id reported: 135772972; UID 10091; state: DISABLED
09-07 20:57:30.281   741   864 D CompatibilityChangeReporter: Compat change id reported: 135754954; UID 10091; state: ENABLED
09-07 20:57:30.281   741   864 I StorageUserConnection: Bound to the ExternalStorageService for user 0
09-07 20:57:30.282   741  1562 I AppSearchUserInstanceMa: Creating new AppSearch instance at: /data/system_ce/0/appsearch/icing
09-07 20:57:30.282   741   741 D AlarmManager: setImplLocked() callingPackage=android
09-07 20:57:30.283   741   925 E BackupPasswordManager: Unable to read backup pw version
09-07 20:57:30.284   741   925 E BackupPasswordManager: Unable to read saved backup pw hash
09-07 20:57:30.287   741   767 V SystemServerTimingAsync: ssm.onUnlockingUser-0_com.android.server.appsearch.AppSearchModule$Lifecycle took to complete: 7ms
09-07 20:57:30.287   741   767 D SystemServerTimingAsync: ssm.onUnlockingUser-0_com.android.server.media.MediaCommunicationService
09-07 20:57:30.287   741   767 V SystemServerTimingAsync: ssm.onUnlockingUser-0_com.android.server.media.MediaCommunicationService took to complete: 0ms
09-07 20:57:30.287   741   767 D SystemServerTimingAsync: ssm.onUnlockingUser-0_com.android.server.compat.overrides.AppCompatOverridesService$Lifecycle
09-07 20:57:30.287   741   767 V SystemServerTimingAsync: ssm.onUnlockingUser-0_com.android.server.compat.overrides.AppCompatOverridesService$Lifecycle took to complete: 0ms
09-07 20:57:30.287   741   767 D SystemServerTimingAsync: ssm.onUnlockingUser-0_com.android.server.healthconnect.HealthConnectManagerService
09-07 20:57:30.287   741   767 V SystemServerTimingAsync: ssm.onUnlockingUser-0_com.android.server.healthconnect.HealthConnectManagerService took to complete: 0ms
09-07 20:57:30.287   741   767 D SystemServerTimingAsync: ssm.onUnlockingUser-0_com.android.server.devicelock.DeviceLockService
09-07 20:57:30.288   741   767 D DeviceLockService: onUserUnlocking
09-07 20:57:30.288   741   767 V SystemServerTimingAsync: ssm.onUnlockingUser-0_com.android.server.devicelock.DeviceLockService took to complete: 0ms
09-07 20:57:30.288   741   767 V SystemServerTimingAsync: ssm.UnlockingUser-0 took to complete: 43ms
09-07 20:57:30.288   741   893 D WifiConfigStore: Writing to stores completed in 17 ms.
09-07 20:57:34.326     1     1 I init    : Command 'mkdir /sys/kernel/debug/tracing/instances/wifi 711' action=sys.boot_completed=1 && sys.wifitracing.started=0 (/system/etc/init/wifi.rc:30) took 162ms and succeeded
09-07 20:57:30.289   741   758 I ActivityTaskManager: Loading recents for user 0 into memory.
09-07 20:57:30.289   741   767 D SystemServerTiming: finishUserUnlocked-0
09-07 20:57:30.289   741   767 I ActivityManager: User 0 state changed from RUNNING_UNLOCKING to RUNNING_UNLOCKED
09-07 20:57:30.289   519   519 D Zygote  : Forked child process 1566
09-07 20:57:30.290   741   768 I ActivityManager: Start proc 1566:android.process.acore/u0a16 for content provider {com.android.providers.userdictionary/com.android.providers.userdictionary.UserDictionaryProvider}
09-07 20:57:30.291   741   767 V SystemServerTiming: SystemUserUnlock took to complete: 267ms
09-07 20:57:30.294   741  1562 W system_server: Core platform API violation: Llibcore/io/Memory;->pokeByte(JB)V from Lcom/android/server/appsearch/protobuf/UnsafeUtil; using reflection
09-07 20:57:30.294   741  1562 W system_server: Core platform API violation: Llibcore/io/Memory;->peekByte(J)B from Lcom/android/server/appsearch/protobuf/UnsafeUtil; using reflection
09-07 20:57:30.298  1566  1566 I Zygote  : seccomp disabled by setenforce 0
09-07 20:57:30.302   741   758 V PackageConfigPersister: loadPackages: empty list files from /data/system_ce/0/package_configs
09-07 20:57:30.304   526  1380 I bt_hwcfg: bt vendor lib: set UART baud 1500000
09-07 20:57:30.304   543   543 I PowerAIDL: version 13.0, add support for UFS/VOP
09-07 20:57:30.305   543   543 I PowerAIDL: Registered policy4 as CPU
09-07 20:57:30.305   543   543 I PowerAIDL: min: 408000
09-07 20:57:30.305   543   543 I PowerAIDL: max: 2208000
09-07 20:57:30.305   741  1110 W ActivityTaskManager: Current config: {1.0 ?mcc0mnc [zh_CN] ldltr sw738dp w738dp h1158dp 260dpi xlrg port finger -keyb/v/h -nav/h winConfig={ mBounds=Rect(0, 0 - 1200, 1920) mAppBounds=Rect(0, 0 - 1200, 1920) mMaxBounds=Rect(0, 0 - 1200, 1920) mDisplayRotation=ROTATION_0 mWindowingMode=fullscreen mDisplayWindowingMode=fullscreen mActivityType=undefined mAlwaysOnTop=undefined mRotation=ROTATION_0} s.10 fontWeightAdjustment=0} unchanged for IME proc com.android.inputmethod.latin
09-07 20:57:34.345     1     1 I init    : processing action (sys.boot_completed=1) from (/vendor/etc/init/init.tune_io.rc:12)
09-07 20:57:30.305   741  1110 W ActivityTaskManager: Current config: {1.0 ?mcc0mnc [zh_CN] ldltr sw738dp w738dp h1158dp 260dpi xlrg port finger -keyb/v/h -nav/h winConfig={ mBounds=Rect(0, 0 - 1200, 1920) mAppBounds=Rect(0, 0 - 1200, 1920) mMaxBounds=Rect(0, 0 - 1200, 1920) mDisplayRotation=ROTATION_0 mWindowingMode=fullscreen mDisplayWindowingMode=fullscreen mActivityType=undefined mAlwaysOnTop=undefined mRotation=ROTATION_0} s.10 fontWeightAdjustment=0} unchanged for IME proc com.android.inputmethod.latin
09-07 20:57:30.305   543   543 I PowerAIDL: Registered policy0 as CPU
09-07 20:57:30.305   543   543 I PowerAIDL: min: 408000
09-07 20:57:30.305   543   543 I PowerAIDL: max: 2016000
09-07 20:57:30.305   543   543 I PowerAIDL: Registered /sys/class/devfreq/27800000.gpu as GPU
09-07 20:57:30.305   543   543 I PowerAIDL: min: 300000000
09-07 20:57:30.305   543   543 I PowerAIDL: max: 900000000
09-07 20:57:30.306   543   543 I PowerAIDL: Registered /sys/class/devfreq/27d00000.vop as VOP
09-07 20:57:30.306   543   543 I PowerAIDL: min: 500000000
09-07 20:57:30.306   543   543 I PowerAIDL: max: 702000000
09-07 20:57:30.306   543   543 E PowerAIDL: Error to open /sys/class/devfreq/dmc/system_status
09-07 20:57:30.306   543   543 I PowerAIDL: Trying read from realpath: /sys/system_monitor/system_status
09-07 20:57:30.306   543   543 I PowerAIDL: Registered /sys/class/devfreq/dmc as DDR
09-07 20:57:30.306   543   543 I PowerAIDL: min: 528000000
09-07 20:57:30.306   543   543 I PowerAIDL: max: 1800000000
09-07 20:57:30.308   741   768 D CompatibilityChangeReporter: Compat change id reported: 143937733; UID 10091; state: ENABLED
09-07 20:57:30.307  1566  1566 I d.process.acore: Using CollectorTypeCMC GC.
09-07 20:57:30.310  1485  1485 D WindowTokenClient: Configuration not dispatch to IME because configuration is up to date. Current config={1.0 ?mcc0mnc [zh_CN] ldltr sw738dp w738dp h1158dp 260dpi xlrg port finger -keyb/v/h -nav/h winConfig={ mBounds=Rect(0, 0 - 1200, 1920) mAppBounds=Rect(0, 0 - 1200, 1920) mMaxBounds=Rect(0, 0 - 1200, 1920) mDisplayRotation=ROTATION_0 mWindowingMode=fullscreen mDisplayWindowingMode=fullscreen mActivityType=undefined mAlwaysOnTop=undefined mRotation=ROTATION_0} s.10 fontWeightAdjustment=0}, reported config={1.0 ?mcc0mnc [zh_CN] ldltr sw738dp w738dp h1158dp 260dpi xlrg port finger -keyb/v/h -nav/h winConfig={ mBounds=Rect(0, 0 - 1200, 1920) mAppBounds=Rect(0, 0 - 1200, 1920) mMaxBounds=Rect(0, 0 - 1200, 1920) mDisplayRotation=ROTATION_0 mWindowingMode=fullscreen mDisplayWindowingMode=fullscreen mActivityType=undefined mAlwaysOnTop=undefined mRotation=ROTATION_0} s.10 fontWeightAdjustment=0}, updated config={1.0 ?mcc0mnc [zh_CN] ldltr sw738dp w738dp h1158dp 260dpi xlrg port finger -keyb/v/h -nav/h winConfig={ mBounds=Rect(0, 0 - 1200, 1920) mAppBounds=Rect(0, 0 - 1200, 1920) mMaxBounds=Rect(0, 0 - 1200, 1920) mDisplayRotation=ROTATION_0 mWindowingMode=fullscreen mDisplayWindowingMode=fullscreen mActivityType=undefined mAlwaysOnTop=undefined mRotation=ROTATION_0} s.10 fontWeightAdjustment=0}
09-07 20:57:30.312   741   767 D CompatibilityChangeReporter: Compat change id reported: 135634846; UID 1000; state: DISABLED
09-07 20:57:30.312   741   767 D CompatibilityChangeReporter: Compat change id reported: 177438394; UID 1000; state: DISABLED
09-07 20:57:30.312   741   767 D CompatibilityChangeReporter: Compat change id reported: 135772972; UID 1000; state: DISABLED
09-07 20:57:30.312   741   767 D CompatibilityChangeReporter: Compat change id reported: 135754954; UID 1000; state: DISABLED
09-07 20:57:30.313   967   967 W TouchableRegionManager: onHeadsUpPinnedModeChanged
09-07 20:57:34.352     1     1 I init    : processing action (persist.sys.zram_enabled=1 && sys-boot-completed-set) from (/vendor/etc/init/hw/init.rk30board.rc:254)
09-07 20:57:30.317   741   767 V ContentProviderHelper: Installing ContentProviderInfo{name=com.android.launcher3 className=com.android.quickstep.LauncherSearchIndexablesProvider}
09-07 20:57:30.318   967   967 W WindowOnBackDispatcher: OnBackInvokedCallback is not enabled for the application.
09-07 20:57:30.318   967   967 W WindowOnBackDispatcher: Set 'android:enableOnBackInvokedCallback="true"' in the application manifest.
09-07 20:57:30.318  1566  1566 E d.process.acore: Not starting debugger since process cannot load the jdwp agent.
09-07 20:57:30.320   741   754 D CoreBackPreview: Window{1e33635 u0 InputMethod}: Setting back callback OnBackInvokedCallbackInfo{mCallback=android.window.IOnBackInvokedCallback$Stub$Proxy@f311a7a, mPriority=0, mIsAnimationCallback=false}
09-07 20:57:30.320   741   925 V BackupManagerService: [UserID:0] No ancestral data
09-07 20:57:34.360     1     1 I zram0   : detected capacity change from 0 to 3981432
09-07 20:57:30.323   741   767 V ContentProviderHelper: Installing ContentProviderInfo{name=com.android.launcher3.overview.fileprovider className=androidx.core.content.FileProvider}
09-07 20:57:30.323   741   767 V ContentProviderHelper: Installing ContentProviderInfo{name=com.android.launcher3.settings className=com.android.launcher3.LauncherProvider}
09-07 20:57:30.323   741   767 V ContentProviderHelper: Installing ContentProviderInfo{name=com.android.launcher3.grid_control className=com.android.launcher3.graphics.GridCustomizationsProvider}
09-07 20:57:30.323   519   519 D Zygote  : Forked child process 1576
09-07 20:57:30.324   741   773 W libprocessgroup: SetCgroup::ExecuteForProcess: failed to open /dev/stune/top-app/cgroup.procs: No such file or directory
09-07 20:57:30.325   741   768 I Watchdog: Interesting Java process com.android.providers.media.module started. Pid 1576
09-07 20:57:30.325   741   768 I ActivityManager: Start proc 1576:com.android.providers.media.module/u0a91 for service {com.android.providers.media.module/com.android.providers.media.fuse.ExternalStorageServiceImpl}
09-07 20:57:30.326   741   767 W BroadcastLoopers: Found previously unknown looper Thread[ActivityManager,5,main]
09-07 20:57:30.328   741   767 I ActivityManager: Posting BOOT_COMPLETED user #0
09-07 20:57:30.329   741   767 V SystemServerTiming: finishUserUnlocked-0 took to complete: 40ms
09-07 20:57:30.330   741   767 D SystemServerTimingAsync: ssm.UnlockedUser-0
09-07 20:57:30.330   741   767 I SystemServiceManager: Calling onUnlockedUser 0
09-07 20:57:30.330   741   767 D SystemServerTimingAsync: ssm.onUnlockedUser-0_com.android.server.security.FileIntegrityService
09-07 20:57:30.330   741   767 V SystemServerTimingAsync: ssm.onUnlockedUser-0_com.android.server.security.FileIntegrityService took to complete: 0ms
09-07 20:57:30.330   741   767 D SystemServerTimingAsync: ssm.onUnlockedUser-0_com.android.server.pm.Installer
09-07 20:57:30.330   741   767 V SystemServerTimingAsync: ssm.onUnlockedUser-0_com.android.server.pm.Installer took to complete: 0ms
09-07 20:57:30.330   741   767 D SystemServerTimingAsync: ssm.onUnlockedUser-0_com.android.server.os.DeviceIdentifiersPolicyService
09-07 20:57:30.330   741   767 V SystemServerTimingAsync: ssm.onUnlockedUser-0_com.android.server.os.DeviceIdentifiersPolicyService took to complete: 0ms
09-07 20:57:30.330   741   767 D SystemServerTimingAsync: ssm.onUnlockedUser-0_com.android.server.flags.FeatureFlagsService
09-07 20:57:30.330   741   767 V SystemServerTimingAsync: ssm.onUnlockedUser-0_com.android.server.flags.FeatureFlagsService took to complete: 0ms
09-07 20:57:30.330   741   767 D SystemServerTimingAsync: ssm.onUnlockedUser-0_com.android.server.uri.UriGrantsManagerService$Lifecycle
09-07 20:57:30.330   741   767 V SystemServerTimingAsync: ssm.onUnlockedUser-0_com.android.server.uri.UriGrantsManagerService$Lifecycle took to complete: 0ms
09-07 20:57:30.330   741   767 D SystemServerTimingAsync: ssm.onUnlockedUser-0_com.android.server.powerstats.PowerStatsService
09-07 20:57:30.330   741   767 V SystemServerTimingAsync: ssm.onUnlockedUser-0_com.android.server.powerstats.PowerStatsService took to complete: 0ms
09-07 20:57:30.330   741   767 D SystemServerTimingAsync: ssm.onUnlockedUser-0_com.android.server.permission.access.AccessCheckingService
09-07 20:57:30.330   741   767 V SystemServerTimingAsync: ssm.onUnlockedUser-0_com.android.server.permission.access.AccessCheckingService took to complete: 0ms
09-07 20:57:30.330   741   767 D SystemServerTimingAsync: ssm.onUnlockedUser-0_com.android.server.wm.ActivityTaskManagerService$Lifecycle
09-07 20:57:30.335  1247  1247 D CompatibilityChangeReporter: Compat change id reported: 183155436; UID 10080; state: ENABLED
09-07 20:57:30.337   741   767 I LaunchParamsPersister: Didn't find launch param folder for user 0
09-07 20:57:30.337   741   766 I UsageStatsService: User[0] Rollover scheduled @ 2025-09-08 19:41:00(1757331660692)
09-07 20:57:30.338   741   767 V SystemServerTimingAsync: ssm.onUnlockedUser-0_com.android.server.wm.ActivityTaskManagerService$Lifecycle took to complete: 7ms
